[2022-12-28T16:36:28.966+0000][169][gc] Using G1
[2022-12-28T16:36:28.971+0000][169][gc,init] Version: 15.0.1+9 (release)
[2022-12-28T16:36:28.972+0000][169][gc,init] CPUs: 12 total, 12 available
[2022-12-28T16:36:28.972+0000][169][gc,init] Memory: 12647M
[2022-12-28T16:36:28.973+0000][169][gc,init] Large Page Support: Disabled
[2022-12-28T16:36:28.973+0000][169][gc,init] NUMA Support: Disabled
[2022-12-28T16:36:28.974+0000][169][gc,init] Compressed Oops: Enabled (32-bit)
[2022-12-28T16:36:28.974+0000][169][gc,init] Heap Region Size: 1M
[2022-12-28T16:36:28.974+0000][169][gc,init] Heap Min Capacity: 512M
[2022-12-28T16:36:28.975+0000][169][gc,init] Heap Initial Capacity: 512M
[2022-12-28T16:36:28.975+0000][169][gc,init] Heap Max Capacity: 512M
[2022-12-28T16:36:28.976+0000][169][gc,init] Pre-touch: Disabled
[2022-12-28T16:36:28.976+0000][169][gc,init] Parallel Workers: 10
[2022-12-28T16:36:28.977+0000][169][gc,init] Concurrent Workers: 3
[2022-12-28T16:36:28.977+0000][169][gc,init] Concurrent Refinement Workers: 10
[2022-12-28T16:36:28.977+0000][169][gc,init] Periodic GC: Disabled
[2022-12-28T16:36:28.978+0000][169][gc,metaspace] CDS disabled.
[2022-12-28T16:36:28.978+0000][169][gc,metaspace] Compressed class space mapped at: 0x0000000100000000-0x0000000140000000, size: 1073741824
[2022-12-28T16:36:28.978+0000][169][gc,metaspace] Narrow klass base: 0x0000000000000000, Narrow klass shift: 3, Narrow klass range: 0x140000000
[2022-12-28T16:36:29.064+0000][169][gc,heap,exit] Heap
[2022-12-28T16:36:29.065+0000][169][gc,heap,exit]  garbage-first heap   total 524288K, used 1024K [0x00000000e0000000, 0x0000000100000000)
[2022-12-28T16:36:29.065+0000][169][gc,heap,exit]   region size 1024K, 2 young (2048K), 0 survivors (0K)
[2022-12-28T16:36:29.066+0000][169][gc,heap,exit]  Metaspace       used 3405K, capacity 4480K, committed 4480K, reserved 1056768K
[2022-12-28T16:36:29.066+0000][169][gc,heap,exit]   class space    used 278K, capacity 384K, committed 384K, reserved 1048576K
