[2022-12-28T16:36:29.189+0000][8][gc] Using G1
[2022-12-28T16:36:29.416+0000][8][gc,init] Version: 15.0.1+9 (release)
[2022-12-28T16:36:29.416+0000][8][gc,init] CPUs: 12 total, 12 available
[2022-12-28T16:36:29.417+0000][8][gc,init] Memory: 12647M
[2022-12-28T16:36:29.417+0000][8][gc,init] Large Page Support: Disabled
[2022-12-28T16:36:29.417+0000][8][gc,init] NUMA Support: Disabled
[2022-12-28T16:36:29.417+0000][8][gc,init] Compressed Oops: Enabled (32-bit)
[2022-12-28T16:36:29.418+0000][8][gc,init] Heap Region Size: 4M
[2022-12-28T16:36:29.418+0000][8][gc,init] Heap Min Capacity: 512M
[2022-12-28T16:36:29.418+0000][8][gc,init] Heap Initial Capacity: 512M
[2022-12-28T16:36:29.419+0000][8][gc,init] Heap Max Capacity: 512M
[2022-12-28T16:36:29.419+0000][8][gc,init] Pre-touch: Enabled
[2022-12-28T16:36:29.419+0000][8][gc,init] Parallel Workers: 10
[2022-12-28T16:36:29.420+0000][8][gc,init] Concurrent Workers: 3
[2022-12-28T16:36:29.420+0000][8][gc,init] Concurrent Refinement Workers: 10
[2022-12-28T16:36:29.420+0000][8][gc,init] Periodic GC: Disabled
[2022-12-28T16:36:29.421+0000][8][gc,cds ] Mark closed archive regions in map: [0x00000000ffc00000, 0x00000000ffc7bff8]
[2022-12-28T16:36:29.421+0000][8][gc,cds ] Mark open archive regions in map: [0x00000000ffb00000, 0x00000000ffb51ff8]
[2022-12-28T16:36:29.421+0000][8][gc,metaspace] CDS archive(s) mapped at: [0x0000000800000000-0x0000000800b2a000-0x0000000800b2a000), size 11706368, SharedBaseAddress: 0x0000000800000000, ArchiveRelocationMode: 0.
[2022-12-28T16:36:29.421+0000][8][gc,metaspace] Compressed class space mapped at: 0x0000000800b2c000-0x0000000840b2c000, size: 1073741824
[2022-12-28T16:36:29.422+0000][8][gc,metaspace] Narrow klass base: 0x0000000800000000, Narrow klass shift: 3, Narrow klass range: 0x100000000
[2022-12-28T16:36:29.962+0000][8][safepoint   ] Safepoint "ICBufferFull", Time since last: 524222300 ns, Reaching safepoint: 391400 ns, At safepoint: 81800 ns, Total: 473200 ns
[2022-12-28T16:36:30.398+0000][8][gc,start    ] GC(0) Pause Young (Normal) (G1 Evacuation Pause)
[2022-12-28T16:36:30.400+0000][8][gc,task     ] GC(0) Using 10 workers of 10 for evacuation
[2022-12-28T16:36:30.401+0000][8][gc,age      ] GC(0) Desired survivor size 2097152 bytes, new threshold 15 (max threshold 15)
[2022-12-28T16:36:30.405+0000][8][gc,age      ] GC(0) Age table with threshold 15 (max threshold 15)
[2022-12-28T16:36:30.405+0000][8][gc,age      ] GC(0) - age   1:    4170536 bytes,    4170536 total
[2022-12-28T16:36:30.406+0000][8][gc,phases   ] GC(0)   Pre Evacuate Collection Set: 0.3ms
[2022-12-28T16:36:30.406+0000][8][gc,phases   ] GC(0)   Merge Heap Roots: 0.3ms
[2022-12-28T16:36:30.406+0000][8][gc,phases   ] GC(0)   Evacuate Collection Set: 2.1ms
[2022-12-28T16:36:30.406+0000][8][gc,phases   ] GC(0)   Post Evacuate Collection Set: 1.1ms
[2022-12-28T16:36:30.407+0000][8][gc,phases   ] GC(0)   Other: 3.9ms
[2022-12-28T16:36:30.407+0000][8][gc,heap     ] GC(0) Eden regions: 6->0(6)
[2022-12-28T16:36:30.407+0000][8][gc,heap     ] GC(0) Survivor regions: 0->1(1)
[2022-12-28T16:36:30.408+0000][8][gc,heap     ] GC(0) Old regions: 0->1
[2022-12-28T16:36:30.408+0000][8][gc,heap     ] GC(0) Archive regions: 2->2
[2022-12-28T16:36:30.408+0000][8][gc,heap     ] GC(0) Humongous regions: 0->0
[2022-12-28T16:36:30.408+0000][8][gc,metaspace] GC(0) Metaspace: 8287K(9216K)->8287K(9216K) NonClass: 7355K(8192K)->7355K(8192K) Class: 932K(1024K)->932K(1024K)
[2022-12-28T16:36:30.408+0000][8][gc          ] GC(0) Pause Young (Normal) (G1 Evacuation Pause) 27M->7M(512M) 10.595ms
[2022-12-28T16:36:30.409+0000][8][gc,cpu      ] GC(0) User=0.03s Sys=0.00s Real=0.01s
[2022-12-28T16:36:30.409+0000][8][safepoint   ] Safepoint "G1CollectForAllocation", Time since last: 435973400 ns, Reaching safepoint: 254800 ns, At safepoint: 11129100 ns, Total: 11383900 ns
[2022-12-28T16:36:31.563+0000][8][safepoint   ] Safepoint "Cleanup", Time since last: 1153434500 ns, Reaching safepoint: 293300 ns, At safepoint: 31000 ns, Total: 324300 ns
[2022-12-28T16:36:31.566+0000][8][gc,start    ] GC(1) Pause Young (Normal) (G1 Evacuation Pause)
[2022-12-28T16:36:31.566+0000][8][gc,task     ] GC(1) Using 10 workers of 10 for evacuation
[2022-12-28T16:36:31.566+0000][8][gc,age      ] GC(1) Desired survivor size 2097152 bytes, new threshold 1 (max threshold 15)
[2022-12-28T16:36:31.572+0000][8][gc,age      ] GC(1) Age table with threshold 1 (max threshold 15)
[2022-12-28T16:36:31.573+0000][8][gc,age      ] GC(1) - age   1:    2056152 bytes,    2056152 total
[2022-12-28T16:36:31.573+0000][8][gc,phases   ] GC(1)   Pre Evacuate Collection Set: 0.3ms
[2022-12-28T16:36:31.573+0000][8][gc,phases   ] GC(1)   Merge Heap Roots: 0.2ms
[2022-12-28T16:36:31.574+0000][8][gc,phases   ] GC(1)   Evacuate Collection Set: 3.8ms
[2022-12-28T16:36:31.574+0000][8][gc,phases   ] GC(1)   Post Evacuate Collection Set: 1.2ms
[2022-12-28T16:36:31.574+0000][8][gc,phases   ] GC(1)   Other: 2.0ms
[2022-12-28T16:36:31.575+0000][8][gc,heap     ] GC(1) Eden regions: 6->0(12)
[2022-12-28T16:36:31.575+0000][8][gc,heap     ] GC(1) Survivor regions: 1->1(1)
[2022-12-28T16:36:31.575+0000][8][gc,heap     ] GC(1) Old regions: 1->2
[2022-12-28T16:36:31.575+0000][8][gc,heap     ] GC(1) Archive regions: 2->2
[2022-12-28T16:36:31.576+0000][8][gc,heap     ] GC(1) Humongous regions: 0->0
[2022-12-28T16:36:31.577+0000][8][gc,metaspace] GC(1) Metaspace: 12840K(13184K)->12840K(13184K) NonClass: 11333K(11520K)->11333K(11520K) Class: 1507K(1664K)->1507K(1664K)
[2022-12-28T16:36:31.577+0000][8][gc          ] GC(1) Pause Young (Normal) (G1 Evacuation Pause) 31M->9M(512M) 11.480ms
[2022-12-28T16:36:31.578+0000][8][gc,cpu      ] GC(1) User=0.04s Sys=0.01s Real=0.01s
[2022-12-28T16:36:31.578+0000][8][safepoint   ] Safepoint "G1CollectForAllocation", Time since last: 2589000 ns, Reaching safepoint: 304100 ns, At safepoint: 12527600 ns, Total: 12831700 ns
[2022-12-28T16:36:32.409+0000][8][safepoint   ] Safepoint "ICBufferFull", Time since last: 830891000 ns, Reaching safepoint: 255300 ns, At safepoint: 27700 ns, Total: 283000 ns
[2022-12-28T16:36:32.465+0000][8][gc,start    ] GC(2) Pause Young (Normal) (G1 Evacuation Pause)
[2022-12-28T16:36:32.465+0000][8][gc,task     ] GC(2) Using 10 workers of 10 for evacuation
[2022-12-28T16:36:32.465+0000][8][gc,age      ] GC(2) Desired survivor size 4194304 bytes, new threshold 15 (max threshold 15)
[2022-12-28T16:36:32.471+0000][8][gc,age      ] GC(2) Age table with threshold 15 (max threshold 15)
[2022-12-28T16:36:32.471+0000][8][gc,age      ] GC(2) - age   1:    1167464 bytes,    1167464 total
[2022-12-28T16:36:32.472+0000][8][gc,age      ] GC(2) - age   2:    2035576 bytes,    3203040 total
[2022-12-28T16:36:32.472+0000][8][gc,phases   ] GC(2)   Pre Evacuate Collection Set: 0.2ms
[2022-12-28T16:36:32.472+0000][8][gc,phases   ] GC(2)   Merge Heap Roots: 0.3ms
[2022-12-28T16:36:32.472+0000][8][gc,phases   ] GC(2)   Evacuate Collection Set: 2.6ms
[2022-12-28T16:36:32.473+0000][8][gc,phases   ] GC(2)   Post Evacuate Collection Set: 2.2ms
[2022-12-28T16:36:32.473+0000][8][gc,phases   ] GC(2)   Other: 1.6ms
[2022-12-28T16:36:32.473+0000][8][gc,heap     ] GC(2) Eden regions: 12->0(71)
[2022-12-28T16:36:32.473+0000][8][gc,heap     ] GC(2) Survivor regions: 1->1(2)
[2022-12-28T16:36:32.474+0000][8][gc,heap     ] GC(2) Old regions: 2->2
[2022-12-28T16:36:32.474+0000][8][gc,heap     ] GC(2) Archive regions: 2->2
[2022-12-28T16:36:32.474+0000][8][gc,heap     ] GC(2) Humongous regions: 0->0
[2022-12-28T16:36:32.474+0000][8][gc,metaspace] GC(2) Metaspace: 14797K(15488K)->14797K(15488K) NonClass: 13106K(13568K)->13106K(13568K) Class: 1690K(1920K)->1690K(1920K)
[2022-12-28T16:36:32.474+0000][8][gc          ] GC(2) Pause Young (Normal) (G1 Evacuation Pause) 57M->11M(512M) 9.512ms
[2022-12-28T16:36:32.475+0000][8][gc,cpu      ] GC(2) User=0.05s Sys=0.00s Real=0.01s
[2022-12-28T16:36:32.475+0000][8][safepoint   ] Safepoint "G1CollectForAllocation", Time since last: 55377800 ns, Reaching safepoint: 294100 ns, At safepoint: 10210800 ns, Total: 10504900 ns
[2022-12-28T16:36:32.645+0000][8][safepoint   ] Safepoint "ICBufferFull", Time since last: 169755100 ns, Reaching safepoint: 316600 ns, At safepoint: 35800 ns, Total: 352400 ns
[2022-12-28T16:36:32.654+0000][8][safepoint   ] Safepoint "ICBufferFull", Time since last: 8559900 ns, Reaching safepoint: 247400 ns, At safepoint: 28100 ns, Total: 275500 ns
[2022-12-28T16:36:32.659+0000][8][safepoint   ] Safepoint "ICBufferFull", Time since last: 4391900 ns, Reaching safepoint: 276600 ns, At safepoint: 31300 ns, Total: 307900 ns
[2022-12-28T16:36:32.664+0000][8][safepoint   ] Safepoint "ICBufferFull", Time since last: 4521900 ns, Reaching safepoint: 237800 ns, At safepoint: 27600 ns, Total: 265400 ns
[2022-12-28T16:36:32.669+0000][8][safepoint   ] Safepoint "ICBufferFull", Time since last: 5467400 ns, Reaching safepoint: 274700 ns, At safepoint: 29400 ns, Total: 304100 ns
[2022-12-28T16:36:32.674+0000][8][safepoint   ] Safepoint "ICBufferFull", Time since last: 4758800 ns, Reaching safepoint: 271200 ns, At safepoint: 29300 ns, Total: 300500 ns
[2022-12-28T16:36:32.680+0000][8][safepoint   ] Safepoint "ICBufferFull", Time since last: 5701600 ns, Reaching safepoint: 246400 ns, At safepoint: 22500 ns, Total: 268900 ns
[2022-12-28T16:36:32.685+0000][8][safepoint   ] Safepoint "ICBufferFull", Time since last: 3974200 ns, Reaching safepoint: 273700 ns, At safepoint: 29900 ns, Total: 303600 ns
[2022-12-28T16:36:32.690+0000][8][safepoint   ] Safepoint "ICBufferFull", Time since last: 4996700 ns, Reaching safepoint: 324700 ns, At safepoint: 34900 ns, Total: 359600 ns
[2022-12-28T16:36:32.699+0000][8][safepoint   ] Safepoint "ICBufferFull", Time since last: 9176600 ns, Reaching safepoint: 303400 ns, At safepoint: 51100 ns, Total: 354500 ns
[2022-12-28T16:36:32.705+0000][8][safepoint   ] Safepoint "ICBufferFull", Time since last: 5544500 ns, Reaching safepoint: 279700 ns, At safepoint: 75200 ns, Total: 354900 ns
[2022-12-28T16:36:32.711+0000][8][safepoint   ] Safepoint "ICBufferFull", Time since last: 4864200 ns, Reaching safepoint: 263500 ns, At safepoint: 24500 ns, Total: 288000 ns
[2022-12-28T16:36:32.715+0000][8][safepoint   ] Safepoint "ICBufferFull", Time since last: 4121500 ns, Reaching safepoint: 221800 ns, At safepoint: 22900 ns, Total: 244700 ns
[2022-12-28T16:36:32.720+0000][8][safepoint   ] Safepoint "ICBufferFull", Time since last: 4599100 ns, Reaching safepoint: 248800 ns, At safepoint: 26200 ns, Total: 275000 ns
[2022-12-28T16:36:32.725+0000][8][safepoint   ] Safepoint "ICBufferFull", Time since last: 5278400 ns, Reaching safepoint: 245300 ns, At safepoint: 27200 ns, Total: 272500 ns
[2022-12-28T16:36:32.728+0000][8][safepoint   ] Safepoint "ICBufferFull", Time since last: 2857400 ns, Reaching safepoint: 235300 ns, At safepoint: 26000 ns, Total: 261300 ns
[2022-12-28T16:36:32.731+0000][8][safepoint   ] Safepoint "ICBufferFull", Time since last: 2603100 ns, Reaching safepoint: 208300 ns, At safepoint: 29800 ns, Total: 238100 ns
[2022-12-28T16:36:32.737+0000][8][safepoint   ] Safepoint "ICBufferFull", Time since last: 5866200 ns, Reaching safepoint: 266600 ns, At safepoint: 48000 ns, Total: 314600 ns
[2022-12-28T16:36:32.743+0000][8][safepoint   ] Safepoint "ICBufferFull", Time since last: 5493500 ns, Reaching safepoint: 257800 ns, At safepoint: 24300 ns, Total: 282100 ns
[2022-12-28T16:36:32.745+0000][8][safepoint   ] Safepoint "ICBufferFull", Time since last: 1202400 ns, Reaching safepoint: 233500 ns, At safepoint: 23600 ns, Total: 257100 ns
[2022-12-28T16:36:32.746+0000][8][safepoint   ] Safepoint "ICBufferFull", Time since last: 1126900 ns, Reaching safepoint: 209700 ns, At safepoint: 25300 ns, Total: 235000 ns
[2022-12-28T16:36:32.748+0000][8][safepoint   ] Safepoint "ICBufferFull", Time since last: 1247000 ns, Reaching safepoint: 224200 ns, At safepoint: 47900 ns, Total: 272100 ns
[2022-12-28T16:36:32.749+0000][8][safepoint   ] Safepoint "ICBufferFull", Time since last: 1508100 ns, Reaching safepoint: 323600 ns, At safepoint: 29600 ns, Total: 353200 ns
[2022-12-28T16:36:32.751+0000][8][safepoint   ] Safepoint "ICBufferFull", Time since last: 1526000 ns, Reaching safepoint: 198800 ns, At safepoint: 25900 ns, Total: 224700 ns
[2022-12-28T16:36:32.753+0000][8][safepoint   ] Safepoint "ICBufferFull", Time since last: 1109400 ns, Reaching safepoint: 211300 ns, At safepoint: 25000 ns, Total: 236300 ns
[2022-12-28T16:36:32.754+0000][8][safepoint   ] Safepoint "ICBufferFull", Time since last: 1434000 ns, Reaching safepoint: 255900 ns, At safepoint: 50700 ns, Total: 306600 ns
[2022-12-28T16:36:32.756+0000][8][safepoint   ] Safepoint "ICBufferFull", Time since last: 1340600 ns, Reaching safepoint: 233000 ns, At safepoint: 53200 ns, Total: 286200 ns
[2022-12-28T16:36:32.757+0000][8][safepoint   ] Safepoint "ICBufferFull", Time since last: 1130000 ns, Reaching safepoint: 217800 ns, At safepoint: 39400 ns, Total: 257200 ns
[2022-12-28T16:36:32.759+0000][8][safepoint   ] Safepoint "ICBufferFull", Time since last: 1154000 ns, Reaching safepoint: 265800 ns, At safepoint: 52500 ns, Total: 318300 ns
[2022-12-28T16:36:32.761+0000][8][safepoint   ] Safepoint "ICBufferFull", Time since last: 1340300 ns, Reaching safepoint: 378900 ns, At safepoint: 75200 ns, Total: 454100 ns
[2022-12-28T16:36:32.763+0000][8][safepoint   ] Safepoint "ICBufferFull", Time since last: 1562500 ns, Reaching safepoint: 327100 ns, At safepoint: 55100 ns, Total: 382200 ns
[2022-12-28T16:36:32.764+0000][8][safepoint   ] Safepoint "ICBufferFull", Time since last: 1209900 ns, Reaching safepoint: 220100 ns, At safepoint: 37800 ns, Total: 257900 ns
[2022-12-28T16:36:32.766+0000][8][safepoint   ] Safepoint "ICBufferFull", Time since last: 1291400 ns, Reaching safepoint: 275800 ns, At safepoint: 46700 ns, Total: 322500 ns
[2022-12-28T16:36:32.767+0000][8][safepoint   ] Safepoint "ICBufferFull", Time since last: 1210100 ns, Reaching safepoint: 278100 ns, At safepoint: 84500 ns, Total: 362600 ns
[2022-12-28T16:36:33.282+0000][8][safepoint   ] Safepoint "ICBufferFull", Time since last: 514630400 ns, Reaching safepoint: 343600 ns, At safepoint: 61700 ns, Total: 405300 ns
[2022-12-28T16:36:33.588+0000][8][gc,start    ] GC(3) Pause Young (Normal) (G1 Evacuation Pause)
[2022-12-28T16:36:33.588+0000][8][gc,task     ] GC(3) Using 10 workers of 10 for evacuation
[2022-12-28T16:36:33.588+0000][8][gc,age      ] GC(3) Desired survivor size 18874368 bytes, new threshold 15 (max threshold 15)
[2022-12-28T16:36:33.595+0000][8][gc,age      ] GC(3) Age table with threshold 15 (max threshold 15)
[2022-12-28T16:36:33.595+0000][8][gc,age      ] GC(3) - age   1:    5911144 bytes,    5911144 total
[2022-12-28T16:36:33.596+0000][8][gc,age      ] GC(3) - age   2:    1141904 bytes,    7053048 total
[2022-12-28T16:36:33.596+0000][8][gc,age      ] GC(3) - age   3:    2021384 bytes,    9074432 total
[2022-12-28T16:36:33.596+0000][8][gc,phases   ] GC(3)   Pre Evacuate Collection Set: 0.3ms
[2022-12-28T16:36:33.597+0000][8][gc,phases   ] GC(3)   Merge Heap Roots: 0.4ms
[2022-12-28T16:36:33.597+0000][8][gc,phases   ] GC(3)   Evacuate Collection Set: 3.9ms
[2022-12-28T16:36:33.597+0000][8][gc,phases   ] GC(3)   Post Evacuate Collection Set: 1.7ms
[2022-12-28T16:36:33.598+0000][8][gc,phases   ] GC(3)   Other: 2.3ms
[2022-12-28T16:36:33.598+0000][8][gc,heap     ] GC(3) Eden regions: 71->0(73)
[2022-12-28T16:36:33.598+0000][8][gc,heap     ] GC(3) Survivor regions: 1->3(9)
[2022-12-28T16:36:33.599+0000][8][gc,heap     ] GC(3) Old regions: 2->2
[2022-12-28T16:36:33.599+0000][8][gc,heap     ] GC(3) Archive regions: 2->2
[2022-12-28T16:36:33.600+0000][8][gc,heap     ] GC(3) Humongous regions: 0->0
[2022-12-28T16:36:33.600+0000][8][gc,metaspace] GC(3) Metaspace: 18349K(19072K)->18349K(19072K) NonClass: 16160K(16640K)->16160K(16640K) Class: 2188K(2432K)->2188K(2432K)
[2022-12-28T16:36:33.600+0000][8][gc          ] GC(3) Pause Young (Normal) (G1 Evacuation Pause) 295M->16M(512M) 12.711ms
[2022-12-28T16:36:33.601+0000][8][gc,cpu      ] GC(3) User=0.05s Sys=0.02s Real=0.01s
[2022-12-28T16:36:33.601+0000][8][safepoint   ] Safepoint "G1CollectForAllocation", Time since last: 305194300 ns, Reaching safepoint: 265600 ns, At safepoint: 13359900 ns, Total: 13625500 ns
[2022-12-28T16:36:34.291+0000][8][gc,start    ] GC(4) Pause Young (Normal) (G1 Evacuation Pause)
[2022-12-28T16:36:34.292+0000][8][gc,task     ] GC(4) Using 10 workers of 10 for evacuation
[2022-12-28T16:36:34.292+0000][8][gc,age      ] GC(4) Desired survivor size 20971520 bytes, new threshold 15 (max threshold 15)
[2022-12-28T16:36:34.299+0000][8][gc,age      ] GC(4) Age table with threshold 15 (max threshold 15)
[2022-12-28T16:36:34.299+0000][8][gc,age      ] GC(4) - age   1:    4335424 bytes,    4335424 total
[2022-12-28T16:36:34.299+0000][8][gc,age      ] GC(4) - age   2:    4655632 bytes,    8991056 total
[2022-12-28T16:36:34.300+0000][8][gc,age      ] GC(4) - age   3:    1141904 bytes,   10132960 total
[2022-12-28T16:36:34.300+0000][8][gc,age      ] GC(4) - age   4:    2021384 bytes,   12154344 total
[2022-12-28T16:36:34.301+0000][8][gc,phases   ] GC(4)   Pre Evacuate Collection Set: 0.3ms
[2022-12-28T16:36:34.301+0000][8][gc,phases   ] GC(4)   Merge Heap Roots: 0.3ms
[2022-12-28T16:36:34.302+0000][8][gc,phases   ] GC(4)   Evacuate Collection Set: 4.0ms
[2022-12-28T16:36:34.302+0000][8][gc,phases   ] GC(4)   Post Evacuate Collection Set: 1.1ms
[2022-12-28T16:36:34.303+0000][8][gc,phases   ] GC(4)   Other: 3.4ms
[2022-12-28T16:36:34.303+0000][8][gc,heap     ] GC(4) Eden regions: 73->0(72)
[2022-12-28T16:36:34.303+0000][8][gc,heap     ] GC(4) Survivor regions: 3->4(10)
[2022-12-28T16:36:34.304+0000][8][gc,heap     ] GC(4) Old regions: 2->2
[2022-12-28T16:36:34.304+0000][8][gc,heap     ] GC(4) Archive regions: 2->2
[2022-12-28T16:36:34.305+0000][8][gc,heap     ] GC(4) Humongous regions: 0->0
[2022-12-28T16:36:34.305+0000][8][gc,metaspace] GC(4) Metaspace: 19115K(20224K)->19115K(20224K) NonClass: 16820K(17664K)->16820K(17664K) Class: 2294K(2560K)->2294K(2560K)
[2022-12-28T16:36:34.305+0000][8][gc          ] GC(4) Pause Young (Normal) (G1 Evacuation Pause) 308M->20M(512M) 14.000ms
[2022-12-28T16:36:34.306+0000][8][gc,cpu      ] GC(4) User=0.08s Sys=0.02s Real=0.02s
[2022-12-28T16:36:34.306+0000][8][safepoint   ] Safepoint "G1CollectForAllocation", Time since last: 690000300 ns, Reaching safepoint: 345800 ns, At safepoint: 14925500 ns, Total: 15271300 ns
[2022-12-28T16:36:34.834+0000][8][gc,start    ] GC(5) Pause Young (Normal) (G1 Evacuation Pause)
[2022-12-28T16:36:34.834+0000][8][gc,task     ] GC(5) Using 10 workers of 10 for evacuation
[2022-12-28T16:36:34.835+0000][8][gc,age      ] GC(5) Desired survivor size 20971520 bytes, new threshold 15 (max threshold 15)
[2022-12-28T16:36:34.842+0000][8][gc,age      ] GC(5) Age table with threshold 15 (max threshold 15)
[2022-12-28T16:36:34.842+0000][8][gc,age      ] GC(5) - age   1:    1037736 bytes,    1037736 total
[2022-12-28T16:36:34.842+0000][8][gc,age      ] GC(5) - age   2:    2750544 bytes,    3788280 total
[2022-12-28T16:36:34.843+0000][8][gc,age      ] GC(5) - age   3:    4651744 bytes,    8440024 total
[2022-12-28T16:36:34.843+0000][8][gc,age      ] GC(5) - age   4:    1141904 bytes,    9581928 total
[2022-12-28T16:36:34.843+0000][8][gc,age      ] GC(5) - age   5:    2021384 bytes,   11603312 total
[2022-12-28T16:36:34.844+0000][8][gc,phases   ] GC(5)   Pre Evacuate Collection Set: 0.3ms
[2022-12-28T16:36:34.844+0000][8][gc,phases   ] GC(5)   Merge Heap Roots: 0.3ms
[2022-12-28T16:36:34.844+0000][8][gc,phases   ] GC(5)   Evacuate Collection Set: 4.4ms
[2022-12-28T16:36:34.845+0000][8][gc,phases   ] GC(5)   Post Evacuate Collection Set: 1.6ms
[2022-12-28T16:36:34.845+0000][8][gc,phases   ] GC(5)   Other: 3.1ms
[2022-12-28T16:36:34.845+0000][8][gc,heap     ] GC(5) Eden regions: 72->0(73)
[2022-12-28T16:36:34.846+0000][8][gc,heap     ] GC(5) Survivor regions: 4->3(10)
[2022-12-28T16:36:34.846+0000][8][gc,heap     ] GC(5) Old regions: 2->2
[2022-12-28T16:36:34.846+0000][8][gc,heap     ] GC(5) Archive regions: 2->2
[2022-12-28T16:36:34.847+0000][8][gc,heap     ] GC(5) Humongous regions: 0->0
[2022-12-28T16:36:34.847+0000][8][gc,metaspace] GC(5) Metaspace: 19502K(20608K)->19502K(20608K) NonClass: 17135K(17920K)->17135K(17920K) Class: 2367K(2688K)->2367K(2688K)
[2022-12-28T16:36:34.847+0000][8][gc          ] GC(5) Pause Young (Normal) (G1 Evacuation Pause) 308M->19M(512M) 13.142ms
[2022-12-28T16:36:34.848+0000][8][gc,cpu      ] GC(5) User=0.05s Sys=0.00s Real=0.01s
[2022-12-28T16:36:34.848+0000][8][safepoint   ] Safepoint "G1CollectForAllocation", Time since last: 527416300 ns, Reaching safepoint: 289600 ns, At safepoint: 13831000 ns, Total: 14120600 ns
[2022-12-28T16:36:35.376+0000][8][gc,start    ] GC(6) Pause Young (Normal) (G1 Evacuation Pause)
[2022-12-28T16:36:35.376+0000][8][gc,task     ] GC(6) Using 10 workers of 10 for evacuation
[2022-12-28T16:36:35.378+0000][8][gc,age      ] GC(6) Desired survivor size 20971520 bytes, new threshold 15 (max threshold 15)
[2022-12-28T16:36:35.386+0000][8][gc,age      ] GC(6) Age table with threshold 15 (max threshold 15)
[2022-12-28T16:36:35.386+0000][8][gc,age      ] GC(6) - age   1:    2566016 bytes,    2566016 total
[2022-12-28T16:36:35.387+0000][8][gc,age      ] GC(6) - age   2:     560704 bytes,    3126720 total
[2022-12-28T16:36:35.387+0000][8][gc,age      ] GC(6) - age   3:    2748768 bytes,    5875488 total
[2022-12-28T16:36:35.388+0000][8][gc,age      ] GC(6) - age   4:    4651224 bytes,   10526712 total
[2022-12-28T16:36:35.388+0000][8][gc,age      ] GC(6) - age   5:    1141728 bytes,   11668440 total
[2022-12-28T16:36:35.388+0000][8][gc,age      ] GC(6) - age   6:    2021384 bytes,   13689824 total
[2022-12-28T16:36:35.389+0000][8][gc,phases   ] GC(6)   Pre Evacuate Collection Set: 0.3ms
[2022-12-28T16:36:35.389+0000][8][gc,phases   ] GC(6)   Merge Heap Roots: 0.4ms
[2022-12-28T16:36:35.390+0000][8][gc,phases   ] GC(6)   Evacuate Collection Set: 4.8ms
[2022-12-28T16:36:35.390+0000][8][gc,phases   ] GC(6)   Post Evacuate Collection Set: 1.6ms
[2022-12-28T16:36:35.391+0000][8][gc,phases   ] GC(6)   Other: 6.1ms
[2022-12-28T16:36:35.391+0000][8][gc,heap     ] GC(6) Eden regions: 73->0(72)
[2022-12-28T16:36:35.391+0000][8][gc,heap     ] GC(6) Survivor regions: 3->4(10)
[2022-12-28T16:36:35.391+0000][8][gc,heap     ] GC(6) Old regions: 2->2
[2022-12-28T16:36:35.392+0000][8][gc,heap     ] GC(6) Archive regions: 2->2
[2022-12-28T16:36:35.392+0000][8][gc,heap     ] GC(6) Humongous regions: 0->0
[2022-12-28T16:36:35.392+0000][8][gc,metaspace] GC(6) Metaspace: 19909K(21248K)->19909K(21248K) NonClass: 17473K(18432K)->17473K(18432K) Class: 2435K(2816K)->2435K(2816K)
[2022-12-28T16:36:35.393+0000][8][gc          ] GC(6) Pause Young (Normal) (G1 Evacuation Pause) 311M->21M(512M) 17.104ms
[2022-12-28T16:36:35.393+0000][8][gc,cpu      ] GC(6) User=0.06s Sys=0.00s Real=0.02s
[2022-12-28T16:36:35.393+0000][8][safepoint   ] Safepoint "G1CollectForAllocation", Time since last: 527026400 ns, Reaching safepoint: 639000 ns, At safepoint: 17865800 ns, Total: 18504800 ns
[2022-12-28T16:36:35.734+0000][8][gc,start    ] GC(7) Pause Young (Concurrent Start) (Metadata GC Threshold)
[2022-12-28T16:36:35.735+0000][8][gc,task     ] GC(7) Using 10 workers of 10 for evacuation
[2022-12-28T16:36:35.735+0000][8][gc,age      ] GC(7) Desired survivor size 20971520 bytes, new threshold 15 (max threshold 15)
[2022-12-28T16:36:35.743+0000][8][gc,age      ] GC(7) Age table with threshold 15 (max threshold 15)
[2022-12-28T16:36:35.744+0000][8][gc,age      ] GC(7) - age   1:     747776 bytes,     747776 total
[2022-12-28T16:36:35.744+0000][8][gc,age      ] GC(7) - age   2:    2059680 bytes,    2807456 total
[2022-12-28T16:36:35.745+0000][8][gc,age      ] GC(7) - age   3:     560096 bytes,    3367552 total
[2022-12-28T16:36:35.745+0000][8][gc,age      ] GC(7) - age   4:    2748768 bytes,    6116320 total
[2022-12-28T16:36:35.745+0000][8][gc,age      ] GC(7) - age   5:    4650904 bytes,   10767224 total
[2022-12-28T16:36:35.746+0000][8][gc,age      ] GC(7) - age   6:    1141728 bytes,   11908952 total
[2022-12-28T16:36:35.746+0000][8][gc,age      ] GC(7) - age   7:    2021384 bytes,   13930336 total
[2022-12-28T16:36:35.746+0000][8][gc,phases   ] GC(7)   Pre Evacuate Collection Set: 0.4ms
[2022-12-28T16:36:35.747+0000][8][gc,phases   ] GC(7)   Merge Heap Roots: 0.3ms
[2022-12-28T16:36:35.747+0000][8][gc,phases   ] GC(7)   Evacuate Collection Set: 5.0ms
[2022-12-28T16:36:35.747+0000][8][gc,phases   ] GC(7)   Post Evacuate Collection Set: 2.0ms
[2022-12-28T16:36:35.748+0000][8][gc,phases   ] GC(7)   Other: 4.5ms
[2022-12-28T16:36:35.748+0000][8][gc,heap     ] GC(7) Eden regions: 54->0(72)
[2022-12-28T16:36:35.749+0000][8][gc,heap     ] GC(7) Survivor regions: 4->4(10)
[2022-12-28T16:36:35.749+0000][8][gc,heap     ] GC(7) Old regions: 2->2
[2022-12-28T16:36:35.749+0000][8][gc,heap     ] GC(7) Archive regions: 2->2
[2022-12-28T16:36:35.750+0000][8][gc,heap     ] GC(7) Humongous regions: 0->0
[2022-12-28T16:36:35.750+0000][8][gc,metaspace] GC(7) Metaspace: 19973K(21248K)->19973K(21248K) NonClass: 17524K(18432K)->17524K(18432K) Class: 2448K(2816K)->2448K(2816K)
[2022-12-28T16:36:35.750+0000][8][gc          ] GC(7) Pause Young (Concurrent Start) (Metadata GC Threshold) 235M->22M(512M) 15.967ms
[2022-12-28T16:36:35.751+0000][8][gc,cpu      ] GC(7) User=0.05s Sys=0.01s Real=0.01s
[2022-12-28T16:36:35.751+0000][8][gc          ] GC(8) Concurrent Cycle
[2022-12-28T16:36:35.751+0000][8][safepoint   ] Safepoint "CollectForMetadataAllocation", Time since last: 340631600 ns, Reaching safepoint: 239900 ns, At safepoint: 16983000 ns, Total: 17222900 ns
[2022-12-28T16:36:35.751+0000][8][gc,marking  ] GC(8) Concurrent Clear Claimed Marks
[2022-12-28T16:36:35.752+0000][8][gc,marking  ] GC(8) Concurrent Clear Claimed Marks 0.624ms
[2022-12-28T16:36:35.752+0000][8][gc,marking  ] GC(8) Concurrent Scan Root Regions
[2022-12-28T16:36:35.756+0000][8][gc,marking  ] GC(8) Concurrent Scan Root Regions 4.057ms
[2022-12-28T16:36:35.757+0000][8][gc,marking  ] GC(8) Concurrent Mark (6.640s)
[2022-12-28T16:36:35.757+0000][8][gc,marking  ] GC(8) Concurrent Mark From Roots
[2022-12-28T16:36:35.757+0000][8][gc,task     ] GC(8) Using 3 workers of 3 for marking
[2022-12-28T16:36:35.764+0000][8][gc,marking  ] GC(8) Concurrent Mark From Roots 7.014ms
[2022-12-28T16:36:35.765+0000][8][gc,marking  ] GC(8) Concurrent Preclean
[2022-12-28T16:36:35.765+0000][8][gc,marking  ] GC(8) Concurrent Preclean 0.694ms
[2022-12-28T16:36:35.766+0000][8][gc,marking  ] GC(8) Concurrent Mark (6.640s, 6.649s) 9.058ms
[2022-12-28T16:36:35.767+0000][8][gc,start    ] GC(8) Pause Remark
[2022-12-28T16:36:35.769+0000][8][gc          ] GC(8) Pause Remark 32M->32M(512M) 2.927ms
[2022-12-28T16:36:35.770+0000][8][gc,cpu      ] GC(8) User=0.01s Sys=0.00s Real=0.00s
[2022-12-28T16:36:35.771+0000][8][safepoint   ] Safepoint "G1Concurrent", Time since last: 15044000 ns, Reaching safepoint: 271900 ns, At safepoint: 4090400 ns, Total: 4362300 ns
[2022-12-28T16:36:35.771+0000][8][gc,marking  ] GC(8) Concurrent Rebuild Remembered Sets
[2022-12-28T16:36:35.775+0000][8][gc,marking  ] GC(8) Concurrent Rebuild Remembered Sets 3.542ms
[2022-12-28T16:36:35.776+0000][8][gc,start    ] GC(8) Pause Cleanup
[2022-12-28T16:36:35.777+0000][8][gc          ] GC(8) Pause Cleanup 36M->36M(512M) 0.790ms
[2022-12-28T16:36:35.778+0000][8][gc,cpu      ] GC(8) User=0.00s Sys=0.00s Real=0.00s
[2022-12-28T16:36:35.778+0000][8][safepoint   ] Safepoint "G1Concurrent", Time since last: 4657300 ns, Reaching safepoint: 1003500 ns, At safepoint: 1719900 ns, Total: 2723400 ns
[2022-12-28T16:36:35.779+0000][8][gc,marking  ] GC(8) Concurrent Cleanup for Next Mark
[2022-12-28T16:36:35.779+0000][8][gc,marking  ] GC(8) Concurrent Cleanup for Next Mark 0.831ms
[2022-12-28T16:36:35.780+0000][8][gc          ] GC(8) Concurrent Cycle 28.784ms
[2022-12-28T16:36:36.835+0000][8][safepoint   ] Safepoint "ICBufferFull", Time since last: 1056512000 ns, Reaching safepoint: 244900 ns, At safepoint: 45400 ns, Total: 290300 ns
[2022-12-28T16:36:37.641+0000][8][safepoint   ] Safepoint "ICBufferFull", Time since last: 805945500 ns, Reaching safepoint: 339300 ns, At safepoint: 67500 ns, Total: 406800 ns
[2022-12-28T16:36:38.782+0000][8][gc,start    ] GC(9) Pause Young (Normal) (G1 Evacuation Pause)
[2022-12-28T16:36:38.782+0000][8][gc,task     ] GC(9) Using 10 workers of 10 for evacuation
[2022-12-28T16:36:38.782+0000][8][gc,age      ] GC(9) Desired survivor size 20971520 bytes, new threshold 15 (max threshold 15)
[2022-12-28T16:36:38.802+0000][8][gc,age      ] GC(9) Age table with threshold 15 (max threshold 15)
[2022-12-28T16:36:38.802+0000][8][gc,age      ] GC(9) - age   1:   26040296 bytes,   26040296 total
[2022-12-28T16:36:38.803+0000][8][gc,age      ] GC(9) - age   2:     708272 bytes,   26748568 total
[2022-12-28T16:36:38.803+0000][8][gc,age      ] GC(9) - age   3:    2041672 bytes,   28790240 total
[2022-12-28T16:36:38.803+0000][8][gc,age      ] GC(9) - age   4:     542408 bytes,   29332648 total
[2022-12-28T16:36:38.804+0000][8][gc,age      ] GC(9) - age   5:    2731760 bytes,   32064408 total
[2022-12-28T16:36:38.804+0000][8][gc,age      ] GC(9) - age   6:    4599960 bytes,   36664368 total
[2022-12-28T16:36:38.804+0000][8][gc,age      ] GC(9) - age   7:    1099432 bytes,   37763800 total
[2022-12-28T16:36:38.805+0000][8][gc,age      ] GC(9) - age   8:    2011024 bytes,   39774824 total
[2022-12-28T16:36:38.805+0000][8][gc,phases   ] GC(9)   Pre Evacuate Collection Set: 0.4ms
[2022-12-28T16:36:38.806+0000][8][gc,phases   ] GC(9)   Merge Heap Roots: 0.3ms
[2022-12-28T16:36:38.806+0000][8][gc,phases   ] GC(9)   Evacuate Collection Set: 16.8ms
[2022-12-28T16:36:38.806+0000][8][gc,phases   ] GC(9)   Post Evacuate Collection Set: 2.0ms
[2022-12-28T16:36:38.807+0000][8][gc,phases   ] GC(9)   Other: 4.1ms
[2022-12-28T16:36:38.807+0000][8][gc,heap     ] GC(9) Eden regions: 72->0(66)
[2022-12-28T16:36:38.808+0000][8][gc,heap     ] GC(9) Survivor regions: 4->10(10)
[2022-12-28T16:36:38.808+0000][8][gc,heap     ] GC(9) Old regions: 2->2
[2022-12-28T16:36:38.809+0000][8][gc,heap     ] GC(9) Archive regions: 2->2
[2022-12-28T16:36:38.809+0000][8][gc,heap     ] GC(9) Humongous regions: 0->0
[2022-12-28T16:36:38.810+0000][8][gc,metaspace] GC(9) Metaspace: 29984K(32000K)->29984K(32000K) NonClass: 26236K(27648K)->26236K(27648K) Class: 3747K(4352K)->3747K(4352K)
[2022-12-28T16:36:38.810+0000][8][gc          ] GC(9) Pause Young (Normal) (G1 Evacuation Pause) 310M->46M(512M) 28.116ms
[2022-12-28T16:36:38.810+0000][8][gc,cpu      ] GC(9) User=0.21s Sys=0.02s Real=0.03s
[2022-12-28T16:36:38.811+0000][8][safepoint   ] Safepoint "G1CollectForAllocation", Time since last: 1140045700 ns, Reaching safepoint: 415800 ns, At safepoint: 28999900 ns, Total: 29415700 ns
[2022-12-28T16:36:39.661+0000][8][gc,start    ] GC(10) Pause Young (Concurrent Start) (Metadata GC Threshold)
[2022-12-28T16:36:39.661+0000][8][gc,task     ] GC(10) Using 10 workers of 10 for evacuation
[2022-12-28T16:36:39.662+0000][8][gc,age      ] GC(10) Desired survivor size 20971520 bytes, new threshold 1 (max threshold 15)
[2022-12-28T16:36:39.685+0000][8][gc,age      ] GC(10) Age table with threshold 1 (max threshold 15)
[2022-12-28T16:36:39.685+0000][8][gc,age      ] GC(10) - age   1:   12753048 bytes,   12753048 total
[2022-12-28T16:36:39.685+0000][8][gc,phases   ] GC(10)   Pre Evacuate Collection Set: 0.2ms
[2022-12-28T16:36:39.685+0000][8][gc,phases   ] GC(10)   Merge Heap Roots: 0.2ms
[2022-12-28T16:36:39.686+0000][8][gc,phases   ] GC(10)   Evacuate Collection Set: 20.9ms
[2022-12-28T16:36:39.686+0000][8][gc,phases   ] GC(10)   Post Evacuate Collection Set: 1.2ms
[2022-12-28T16:36:39.686+0000][8][gc,phases   ] GC(10)   Other: 1.4ms
[2022-12-28T16:36:39.686+0000][8][gc,heap     ] GC(10) Eden regions: 21->0(72)
[2022-12-28T16:36:39.686+0000][8][gc,heap     ] GC(10) Survivor regions: 10->4(10)
[2022-12-28T16:36:39.687+0000][8][gc,heap     ] GC(10) Old regions: 2->11
[2022-12-28T16:36:39.687+0000][8][gc,heap     ] GC(10) Archive regions: 2->2
[2022-12-28T16:36:39.687+0000][8][gc,heap     ] GC(10) Humongous regions: 0->0
[2022-12-28T16:36:39.687+0000][8][gc,metaspace] GC(10) Metaspace: 33606K(35840K)->33606K(35840K) NonClass: 29264K(30848K)->29264K(30848K) Class: 4342K(4992K)->4342K(4992K)
[2022-12-28T16:36:39.688+0000][8][gc          ] GC(10) Pause Young (Concurrent Start) (Metadata GC Threshold) 130M->61M(512M) 26.476ms
[2022-12-28T16:36:39.688+0000][8][gc,cpu      ] GC(10) User=0.23s Sys=0.00s Real=0.03s
[2022-12-28T16:36:39.688+0000][8][gc          ] GC(11) Concurrent Cycle
[2022-12-28T16:36:39.688+0000][8][safepoint   ] Safepoint "CollectForMetadataAllocation", Time since last: 850216200 ns, Reaching safepoint: 289000 ns, At safepoint: 27280500 ns, Total: 27569500 ns
[2022-12-28T16:36:39.688+0000][8][gc,marking  ] GC(11) Concurrent Clear Claimed Marks
[2022-12-28T16:36:39.689+0000][8][gc,marking  ] GC(11) Concurrent Clear Claimed Marks 0.841ms
[2022-12-28T16:36:39.690+0000][8][gc,marking  ] GC(11) Concurrent Scan Root Regions
[2022-12-28T16:36:39.703+0000][8][gc,marking  ] GC(11) Concurrent Scan Root Regions 13.574ms
[2022-12-28T16:36:39.704+0000][8][gc,marking  ] GC(11) Concurrent Mark (10.587s)
[2022-12-28T16:36:39.704+0000][8][gc,marking  ] GC(11) Concurrent Mark From Roots
[2022-12-28T16:36:39.704+0000][8][gc,task     ] GC(11) Using 3 workers of 3 for marking
[2022-12-28T16:36:39.709+0000][8][safepoint   ] Safepoint "CollectForMetadataAllocation", Time since last: 20050400 ns, Reaching safepoint: 262700 ns, At safepoint: 217800 ns, Total: 480500 ns
[2022-12-28T16:36:39.710+0000][8][gc,marking  ] GC(11) Concurrent Mark From Roots 6.274ms
[2022-12-28T16:36:39.710+0000][8][gc,marking  ] GC(11) Concurrent Preclean
[2022-12-28T16:36:39.711+0000][8][gc,marking  ] GC(11) Concurrent Preclean 0.339ms
[2022-12-28T16:36:39.711+0000][8][gc,marking  ] GC(11) Concurrent Mark (10.587s, 10.594s) 7.287ms
[2022-12-28T16:36:39.711+0000][8][gc,start    ] GC(11) Pause Remark
[2022-12-28T16:36:39.714+0000][8][gc          ] GC(11) Pause Remark 63M->63M(512M) 2.487ms
[2022-12-28T16:36:39.714+0000][8][gc,cpu      ] GC(11) User=0.02s Sys=0.00s Real=0.01s
[2022-12-28T16:36:39.714+0000][8][safepoint   ] Safepoint "G1Concurrent", Time since last: 2162100 ns, Reaching safepoint: 305400 ns, At safepoint: 2966100 ns, Total: 3271500 ns
[2022-12-28T16:36:39.715+0000][8][gc,marking  ] GC(11) Concurrent Rebuild Remembered Sets
[2022-12-28T16:36:39.730+0000][8][gc,marking  ] GC(11) Concurrent Rebuild Remembered Sets 15.321ms
[2022-12-28T16:36:39.731+0000][8][gc,start    ] GC(11) Pause Cleanup
[2022-12-28T16:36:39.731+0000][8][gc          ] GC(11) Pause Cleanup 65M->65M(512M) 0.421ms
[2022-12-28T16:36:39.731+0000][8][gc,cpu      ] GC(11) User=0.00s Sys=0.00s Real=0.00s
[2022-12-28T16:36:39.732+0000][8][safepoint   ] Safepoint "G1Concurrent", Time since last: 15914800 ns, Reaching safepoint: 434600 ns, At safepoint: 1032400 ns, Total: 1467000 ns
[2022-12-28T16:36:39.732+0000][8][gc,marking  ] GC(11) Concurrent Cleanup for Next Mark
[2022-12-28T16:36:39.733+0000][8][gc,marking  ] GC(11) Concurrent Cleanup for Next Mark 0.523ms
[2022-12-28T16:36:39.733+0000][8][gc          ] GC(11) Concurrent Cycle 44.674ms
[2022-12-28T16:36:40.401+0000][8][safepoint   ] Safepoint "ICBufferFull", Time since last: 668988800 ns, Reaching safepoint: 318400 ns, At safepoint: 36000 ns, Total: 354400 ns
[2022-12-28T16:36:41.651+0000][8][safepoint   ] Safepoint "Cleanup", Time since last: 1249041100 ns, Reaching safepoint: 425200 ns, At safepoint: 61900 ns, Total: 487100 ns
[2022-12-28T16:36:42.098+0000][8][gc,start    ] GC(12) Pause Young (Concurrent Start) (G1 Evacuation Pause)
[2022-12-28T16:36:42.098+0000][8][gc,task     ] GC(12) Using 10 workers of 10 for evacuation
[2022-12-28T16:36:42.099+0000][8][gc,age      ] GC(12) Desired survivor size 20971520 bytes, new threshold 15 (max threshold 15)
[2022-12-28T16:36:42.116+0000][8][gc,age      ] GC(12) Age table with threshold 15 (max threshold 15)
[2022-12-28T16:36:42.117+0000][8][gc,age      ] GC(12) - age   1:    6420968 bytes,    6420968 total
[2022-12-28T16:36:42.117+0000][8][gc,age      ] GC(12) - age   2:   12644528 bytes,   19065496 total
[2022-12-28T16:36:42.118+0000][8][gc,phases   ] GC(12)   Pre Evacuate Collection Set: 0.4ms
[2022-12-28T16:36:42.118+0000][8][gc,phases   ] GC(12)   Merge Heap Roots: 0.3ms
[2022-12-28T16:36:42.118+0000][8][gc,phases   ] GC(12)   Evacuate Collection Set: 13.2ms
[2022-12-28T16:36:42.118+0000][8][gc,phases   ] GC(12)   Post Evacuate Collection Set: 2.9ms
[2022-12-28T16:36:42.119+0000][8][gc,phases   ] GC(12)   Other: 3.2ms
[2022-12-28T16:36:42.119+0000][8][gc,heap     ] GC(12) Eden regions: 72->0(71)
[2022-12-28T16:36:42.120+0000][8][gc,heap     ] GC(12) Survivor regions: 4->5(10)
[2022-12-28T16:36:42.120+0000][8][gc,heap     ] GC(12) Old regions: 11->11
[2022-12-28T16:36:42.120+0000][8][gc,heap     ] GC(12) Archive regions: 2->2
[2022-12-28T16:36:42.121+0000][8][gc,heap     ] GC(12) Humongous regions: 0->0
[2022-12-28T16:36:42.121+0000][8][gc,metaspace] GC(12) Metaspace: 51721K(54912K)->51721K(54912K) NonClass: 44807K(47104K)->44807K(47104K) Class: 6914K(7808K)->6914K(7808K)
[2022-12-28T16:36:42.121+0000][8][gc          ] GC(12) Pause Young (Concurrent Start) (G1 Evacuation Pause) 349M->65M(512M) 23.593ms
[2022-12-28T16:36:42.122+0000][8][gc,cpu      ] GC(12) User=0.16s Sys=0.01s Real=0.02s
[2022-12-28T16:36:42.122+0000][8][gc          ] GC(13) Concurrent Cycle
[2022-12-28T16:36:42.122+0000][8][safepoint   ] Safepoint "G1CollectForAllocation", Time since last: 446646900 ns, Reaching safepoint: 343500 ns, At safepoint: 24461800 ns, Total: 24805300 ns
[2022-12-28T16:36:42.122+0000][8][gc,marking  ] GC(13) Concurrent Clear Claimed Marks
[2022-12-28T16:36:42.123+0000][8][gc,marking  ] GC(13) Concurrent Clear Claimed Marks 0.800ms
[2022-12-28T16:36:42.124+0000][8][gc,marking  ] GC(13) Concurrent Scan Root Regions
[2022-12-28T16:36:42.137+0000][8][gc,marking  ] GC(13) Concurrent Scan Root Regions 13.665ms
[2022-12-28T16:36:42.138+0000][8][gc,marking  ] GC(13) Concurrent Mark (13.021s)
[2022-12-28T16:36:42.138+0000][8][gc,marking  ] GC(13) Concurrent Mark From Roots
[2022-12-28T16:36:42.139+0000][8][gc,task     ] GC(13) Using 3 workers of 3 for marking
[2022-12-28T16:36:42.192+0000][8][gc,marking  ] GC(13) Concurrent Mark From Roots 53.919ms
[2022-12-28T16:36:42.192+0000][8][gc,marking  ] GC(13) Concurrent Preclean
[2022-12-28T16:36:42.193+0000][8][gc,marking  ] GC(13) Concurrent Preclean 0.773ms
[2022-12-28T16:36:42.193+0000][8][gc,marking  ] GC(13) Concurrent Mark (13.021s, 13.076s) 55.640ms
[2022-12-28T16:36:42.195+0000][8][gc,start    ] GC(13) Pause Remark
[2022-12-28T16:36:42.199+0000][8][gc          ] GC(13) Pause Remark 71M->71M(512M) 3.978ms
[2022-12-28T16:36:42.199+0000][8][gc,cpu      ] GC(13) User=0.02s Sys=0.00s Real=0.00s
[2022-12-28T16:36:42.199+0000][8][safepoint   ] Safepoint "G1Concurrent", Time since last: 71883800 ns, Reaching safepoint: 625100 ns, At safepoint: 4840200 ns, Total: 5465300 ns
[2022-12-28T16:36:42.200+0000][8][gc,marking  ] GC(13) Concurrent Rebuild Remembered Sets
[2022-12-28T16:36:42.237+0000][8][gc,marking  ] GC(13) Concurrent Rebuild Remembered Sets 36.720ms
[2022-12-28T16:36:42.238+0000][8][gc,start    ] GC(13) Pause Cleanup
[2022-12-28T16:36:42.239+0000][8][gc          ] GC(13) Pause Cleanup 71M->71M(512M) 0.636ms
[2022-12-28T16:36:42.240+0000][8][gc,cpu      ] GC(13) User=0.00s Sys=0.00s Real=0.00s
[2022-12-28T16:36:42.240+0000][8][safepoint   ] Safepoint "G1Concurrent", Time since last: 37630500 ns, Reaching safepoint: 1085800 ns, At safepoint: 2092000 ns, Total: 3177800 ns
[2022-12-28T16:36:42.241+0000][8][gc,marking  ] GC(13) Concurrent Cleanup for Next Mark
[2022-12-28T16:36:42.243+0000][8][gc,marking  ] GC(13) Concurrent Cleanup for Next Mark 2.272ms
[2022-12-28T16:36:42.243+0000][8][gc          ] GC(13) Concurrent Cycle 121.424ms
[2022-12-28T16:36:43.319+0000][8][safepoint   ] Safepoint "ICBufferFull", Time since last: 1077880000 ns, Reaching safepoint: 438900 ns, At safepoint: 35300 ns, Total: 474200 ns
[2022-12-28T16:36:44.488+0000][8][safepoint   ] Safepoint "Cleanup", Time since last: 1167969400 ns, Reaching safepoint: 1039300 ns, At safepoint: 39500 ns, Total: 1078800 ns
[2022-12-28T16:36:45.741+0000][8][safepoint   ] Safepoint "Cleanup", Time since last: 1253242700 ns, Reaching safepoint: 262400 ns, At safepoint: 30300 ns, Total: 292700 ns
[2022-12-28T16:36:46.481+0000][8][safepoint   ] Safepoint "ICBufferFull", Time since last: 739731400 ns, Reaching safepoint: 279600 ns, At safepoint: 32600 ns, Total: 312200 ns
[2022-12-28T16:36:47.187+0000][8][safepoint   ] Safepoint "ICBufferFull", Time since last: 705146000 ns, Reaching safepoint: 465200 ns, At safepoint: 99300 ns, Total: 564500 ns
[2022-12-28T16:36:47.961+0000][8][gc,start    ] GC(14) Pause Young (Concurrent Start) (Metadata GC Threshold)
[2022-12-28T16:36:47.961+0000][8][gc,task     ] GC(14) Using 10 workers of 10 for evacuation
[2022-12-28T16:36:47.962+0000][8][gc,age      ] GC(14) Desired survivor size 20971520 bytes, new threshold 15 (max threshold 15)
[2022-12-28T16:36:47.982+0000][8][gc,age      ] GC(14) Age table with threshold 15 (max threshold 15)
[2022-12-28T16:36:47.982+0000][8][gc,age      ] GC(14) - age   1:   14127848 bytes,   14127848 total
[2022-12-28T16:36:47.982+0000][8][gc,age      ] GC(14) - age   2:    6056040 bytes,   20183888 total
[2022-12-28T16:36:47.983+0000][8][gc,age      ] GC(14) - age   3:   12626088 bytes,   32809976 total
[2022-12-28T16:36:47.983+0000][8][gc,phases   ] GC(14)   Pre Evacuate Collection Set: 0.3ms
[2022-12-28T16:36:47.983+0000][8][gc,phases   ] GC(14)   Merge Heap Roots: 0.3ms
[2022-12-28T16:36:47.983+0000][8][gc,phases   ] GC(14)   Evacuate Collection Set: 16.8ms
[2022-12-28T16:36:47.984+0000][8][gc,phases   ] GC(14)   Post Evacuate Collection Set: 2.4ms
[2022-12-28T16:36:47.984+0000][8][gc,phases   ] GC(14)   Other: 2.2ms
[2022-12-28T16:36:47.985+0000][8][gc,heap     ] GC(14) Eden regions: 61->0(67)
[2022-12-28T16:36:47.985+0000][8][gc,heap     ] GC(14) Survivor regions: 5->9(10)
[2022-12-28T16:36:47.985+0000][8][gc,heap     ] GC(14) Old regions: 11->11
[2022-12-28T16:36:47.986+0000][8][gc,heap     ] GC(14) Archive regions: 2->2
[2022-12-28T16:36:47.986+0000][8][gc,heap     ] GC(14) Humongous regions: 2->2
[2022-12-28T16:36:47.986+0000][8][gc,metaspace] GC(14) Metaspace: 87647K(91904K)->87647K(91904K) NonClass: 75775K(78848K)->75775K(78848K) Class: 11872K(13056K)->11872K(13056K)
[2022-12-28T16:36:47.986+0000][8][gc          ] GC(14) Pause Young (Concurrent Start) (Metadata GC Threshold) 315M->86M(512M) 25.412ms
[2022-12-28T16:36:47.987+0000][8][gc,cpu      ] GC(14) User=0.13s Sys=0.04s Real=0.03s
[2022-12-28T16:36:47.987+0000][8][gc          ] GC(15) Concurrent Cycle
[2022-12-28T16:36:47.988+0000][8][gc,marking  ] GC(15) Concurrent Clear Claimed Marks
[2022-12-28T16:36:47.987+0000][8][safepoint   ] Safepoint "CollectForMetadataAllocation", Time since last: 773623100 ns, Reaching safepoint: 314500 ns, At safepoint: 26581000 ns, Total: 26895500 ns
[2022-12-28T16:36:47.988+0000][8][gc,marking  ] GC(15) Concurrent Clear Claimed Marks 0.373ms
[2022-12-28T16:36:47.988+0000][8][gc,marking  ] GC(15) Concurrent Scan Root Regions
[2022-12-28T16:36:48.004+0000][8][gc,marking  ] GC(15) Concurrent Scan Root Regions 15.877ms
[2022-12-28T16:36:48.005+0000][8][gc,marking  ] GC(15) Concurrent Mark (18.888s)
[2022-12-28T16:36:48.005+0000][8][gc,marking  ] GC(15) Concurrent Mark From Roots
[2022-12-28T16:36:48.005+0000][8][gc,task     ] GC(15) Using 3 workers of 3 for marking
[2022-12-28T16:36:48.045+0000][8][gc,marking  ] GC(15) Concurrent Mark From Roots 40.287ms
[2022-12-28T16:36:48.046+0000][8][gc,marking  ] GC(15) Concurrent Preclean
[2022-12-28T16:36:48.046+0000][8][gc,marking  ] GC(15) Concurrent Preclean 0.515ms
[2022-12-28T16:36:48.046+0000][8][gc,marking  ] GC(15) Concurrent Mark (18.888s, 18.929s) 41.729ms
[2022-12-28T16:36:48.047+0000][8][gc,start    ] GC(15) Pause Remark
[2022-12-28T16:36:48.050+0000][8][gc          ] GC(15) Pause Remark 90M->90M(512M) 3.265ms
[2022-12-28T16:36:48.051+0000][8][gc,cpu      ] GC(15) User=0.02s Sys=0.01s Real=0.00s
[2022-12-28T16:36:48.051+0000][8][safepoint   ] Safepoint "G1Concurrent", Time since last: 59203300 ns, Reaching safepoint: 255000 ns, At safepoint: 3965000 ns, Total: 4220000 ns
[2022-12-28T16:36:48.051+0000][8][gc,marking  ] GC(15) Concurrent Rebuild Remembered Sets
[2022-12-28T16:36:48.082+0000][8][gc,marking  ] GC(15) Concurrent Rebuild Remembered Sets 30.608ms
[2022-12-28T16:36:48.083+0000][8][gc,start    ] GC(15) Pause Cleanup
[2022-12-28T16:36:48.084+0000][8][gc          ] GC(15) Pause Cleanup 90M->90M(512M) 0.576ms
[2022-12-28T16:36:48.084+0000][8][gc,cpu      ] GC(15) User=0.00s Sys=0.00s Real=0.00s
[2022-12-28T16:36:48.084+0000][8][safepoint   ] Safepoint "G1Concurrent", Time since last: 31502300 ns, Reaching safepoint: 673900 ns, At safepoint: 1270200 ns, Total: 1944100 ns
[2022-12-28T16:36:48.085+0000][8][gc,marking  ] GC(15) Concurrent Cleanup for Next Mark
[2022-12-28T16:36:48.086+0000][8][gc,marking  ] GC(15) Concurrent Cleanup for Next Mark 1.260ms
[2022-12-28T16:36:48.086+0000][8][gc          ] GC(15) Concurrent Cycle 99.019ms
[2022-12-28T16:36:49.085+0000][8][safepoint   ] Safepoint "Cleanup", Time since last: 1000322800 ns, Reaching safepoint: 298600 ns, At safepoint: 8100 ns, Total: 306700 ns
[2022-12-28T16:36:50.086+0000][8][safepoint   ] Safepoint "Cleanup", Time since last: 1000566500 ns, Reaching safepoint: 364300 ns, At safepoint: 34100 ns, Total: 398400 ns
[2022-12-28T16:36:51.087+0000][8][safepoint   ] Safepoint "Cleanup", Time since last: 1000531900 ns, Reaching safepoint: 272500 ns, At safepoint: 27000 ns, Total: 299500 ns
[2022-12-28T16:36:53.088+0000][8][safepoint   ] Safepoint "Cleanup", Time since last: 2000615800 ns, Reaching safepoint: 345000 ns, At safepoint: 33100 ns, Total: 378100 ns
[2022-12-28T16:36:54.089+0000][8][safepoint   ] Safepoint "Cleanup", Time since last: 1000448300 ns, Reaching safepoint: 423700 ns, At safepoint: 30500 ns, Total: 454200 ns
[2022-12-28T16:36:58.090+0000][8][safepoint   ] Safepoint "Cleanup", Time since last: 4001095600 ns, Reaching safepoint: 339400 ns, At safepoint: 28800 ns, Total: 368200 ns
[2022-12-28T16:37:03.092+0000][8][safepoint   ] Safepoint "Cleanup", Time since last: 5001050700 ns, Reaching safepoint: 401800 ns, At safepoint: 33400 ns, Total: 435200 ns
[2022-12-28T16:37:05.092+0000][8][safepoint   ] Safepoint "Cleanup", Time since last: 2000505700 ns, Reaching safepoint: 263000 ns, At safepoint: 32700 ns, Total: 295700 ns
[2022-12-28T16:37:08.093+0000][8][safepoint   ] Safepoint "Cleanup", Time since last: 3000660600 ns, Reaching safepoint: 317800 ns, At safepoint: 38500 ns, Total: 356300 ns
[2022-12-28T16:37:09.094+0000][8][safepoint   ] Safepoint "Cleanup", Time since last: 1000411700 ns, Reaching safepoint: 250700 ns, At safepoint: 24700 ns, Total: 275400 ns
[2022-12-28T16:37:10.096+0000][8][safepoint   ] Safepoint "Cleanup", Time since last: 1000609300 ns, Reaching safepoint: 882300 ns, At safepoint: 96000 ns, Total: 978300 ns
[2022-12-28T16:37:14.098+0000][8][safepoint   ] Safepoint "Cleanup", Time since last: 4001834400 ns, Reaching safepoint: 292100 ns, At safepoint: 44500 ns, Total: 336600 ns
[2022-12-28T16:37:17.100+0000][8][safepoint   ] Safepoint "Cleanup", Time since last: 3000929700 ns, Reaching safepoint: 705700 ns, At safepoint: 71900 ns, Total: 777600 ns
[2022-12-28T16:37:18.101+0000][8][safepoint   ] Safepoint "Cleanup", Time since last: 1001249400 ns, Reaching safepoint: 498000 ns, At safepoint: 25000 ns, Total: 523000 ns
[2022-12-28T16:37:20.103+0000][8][safepoint   ] Safepoint "Cleanup", Time since last: 2001067700 ns, Reaching safepoint: 315500 ns, At safepoint: 24900 ns, Total: 340400 ns
[2022-12-28T16:37:30.105+0000][8][safepoint   ] Safepoint "Cleanup", Time since last: 10001763100 ns, Reaching safepoint: 296700 ns, At safepoint: 47500 ns, Total: 344200 ns
[2022-12-28T16:37:32.106+0000][8][safepoint   ] Safepoint "Cleanup", Time since last: 2000597600 ns, Reaching safepoint: 255200 ns, At safepoint: 24900 ns, Total: 280100 ns
[2022-12-28T16:37:33.106+0000][8][safepoint   ] Safepoint "Cleanup", Time since last: 1000391500 ns, Reaching safepoint: 277000 ns, At safepoint: 23400 ns, Total: 300400 ns
[2022-12-28T16:37:40.109+0000][8][safepoint   ] Safepoint "Cleanup", Time since last: 7001822800 ns, Reaching safepoint: 494000 ns, At safepoint: 43500 ns, Total: 537500 ns
[2022-12-28T16:37:41.110+0000][8][safepoint   ] Safepoint "Cleanup", Time since last: 1000908800 ns, Reaching safepoint: 293100 ns, At safepoint: 27400 ns, Total: 320500 ns
[2022-12-28T16:37:42.111+0000][8][safepoint   ] Safepoint "Cleanup", Time since last: 1000503900 ns, Reaching safepoint: 292600 ns, At safepoint: 43800 ns, Total: 336400 ns
[2022-12-28T16:37:47.112+0000][8][safepoint   ] Safepoint "Cleanup", Time since last: 5001186100 ns, Reaching safepoint: 388900 ns, At safepoint: 25600 ns, Total: 414500 ns
[2022-12-28T16:37:49.113+0000][8][safepoint   ] Safepoint "Cleanup", Time since last: 2000617000 ns, Reaching safepoint: 320900 ns, At safepoint: 25200 ns, Total: 346100 ns
[2022-12-28T16:37:51.114+0000][8][safepoint   ] Safepoint "Cleanup", Time since last: 2000677000 ns, Reaching safepoint: 322700 ns, At safepoint: 25500 ns, Total: 348200 ns
[2022-12-28T16:37:52.115+0000][8][safepoint   ] Safepoint "Cleanup", Time since last: 1000491300 ns, Reaching safepoint: 412700 ns, At safepoint: 48600 ns, Total: 461300 ns
[2022-12-28T16:37:56.117+0000][8][safepoint   ] Safepoint "Cleanup", Time since last: 4000963000 ns, Reaching safepoint: 336600 ns, At safepoint: 46100 ns, Total: 382700 ns
[2022-12-28T16:38:23.121+0000][8][safepoint   ] Safepoint "Cleanup", Time since last: 27003933200 ns, Reaching safepoint: 341100 ns, At safepoint: 28200 ns, Total: 369300 ns
[2022-12-28T16:38:29.123+0000][8][safepoint   ] Safepoint "Cleanup", Time since last: 6001245800 ns, Reaching safepoint: 304100 ns, At safepoint: 36500 ns, Total: 340600 ns
[2022-12-28T16:38:30.123+0000][8][safepoint   ] Safepoint "Cleanup", Time since last: 1000408500 ns, Reaching safepoint: 252400 ns, At safepoint: 27600 ns, Total: 280000 ns
[2022-12-28T16:38:31.124+0000][8][safepoint   ] Safepoint "Cleanup", Time since last: 1000523200 ns, Reaching safepoint: 307500 ns, At safepoint: 27900 ns, Total: 335400 ns
[2022-12-28T16:38:33.125+0000][8][safepoint   ] Safepoint "Cleanup", Time since last: 2000554100 ns, Reaching safepoint: 321600 ns, At safepoint: 35700 ns, Total: 357300 ns
[2022-12-28T16:38:42.127+0000][8][safepoint   ] Safepoint "Cleanup", Time since last: 9001553000 ns, Reaching safepoint: 509800 ns, At safepoint: 54200 ns, Total: 564000 ns
[2022-12-28T16:38:52.130+0000][8][safepoint   ] Safepoint "Cleanup", Time since last: 10002152400 ns, Reaching safepoint: 349900 ns, At safepoint: 34000 ns, Total: 383900 ns
[2022-12-28T16:38:53.131+0000][8][safepoint   ] Safepoint "Cleanup", Time since last: 1000680300 ns, Reaching safepoint: 496100 ns, At safepoint: 28000 ns, Total: 524100 ns
[2022-12-28T16:39:14.136+0000][8][safepoint   ] Safepoint "Cleanup", Time since last: 21004823800 ns, Reaching safepoint: 355100 ns, At safepoint: 29800 ns, Total: 384900 ns
[2022-12-28T16:39:23.139+0000][8][safepoint   ] Safepoint "Cleanup", Time since last: 9001962800 ns, Reaching safepoint: 791100 ns, At safepoint: 85400 ns, Total: 876500 ns
[2022-12-28T16:39:45.145+0000][8][safepoint   ] Safepoint "Cleanup", Time since last: 22005270300 ns, Reaching safepoint: 342100 ns, At safepoint: 29500 ns, Total: 371600 ns
[2022-12-28T16:39:56.148+0000][8][safepoint   ] Safepoint "Cleanup", Time since last: 11003102100 ns, Reaching safepoint: 392500 ns, At safepoint: 40200 ns, Total: 432700 ns
[2022-12-28T16:39:57.149+0000][8][safepoint   ] Safepoint "Cleanup", Time since last: 1000697400 ns, Reaching safepoint: 417000 ns, At safepoint: 22200 ns, Total: 439200 ns
[2022-12-28T16:40:01.152+0000][8][safepoint   ] Safepoint "Cleanup", Time since last: 4001538000 ns, Reaching safepoint: 595600 ns, At safepoint: 56800 ns, Total: 652400 ns
[2022-12-28T16:40:16.158+0000][8][safepoint   ] Safepoint "Cleanup", Time since last: 15005345100 ns, Reaching safepoint: 571800 ns, At safepoint: 56300 ns, Total: 628100 ns
[2022-12-28T16:40:18.159+0000][8][safepoint   ] Safepoint "Cleanup", Time since last: 2001182300 ns, Reaching safepoint: 258200 ns, At safepoint: 36700 ns, Total: 294900 ns
[2022-12-28T16:40:25.161+0000][8][safepoint   ] Safepoint "Cleanup", Time since last: 7001971100 ns, Reaching safepoint: 266500 ns, At safepoint: 24900 ns, Total: 291400 ns
[2022-12-28T16:40:43.165+0000][8][safepoint   ] Safepoint "Cleanup", Time since last: 18002971300 ns, Reaching safepoint: 386300 ns, At safepoint: 27700 ns, Total: 414000 ns
[2022-12-28T16:40:46.166+0000][8][safepoint   ] Safepoint "Cleanup", Time since last: 3000699600 ns, Reaching safepoint: 313700 ns, At safepoint: 26500 ns, Total: 340200 ns
[2022-12-28T16:40:47.166+0000][8][safepoint   ] Safepoint "Cleanup", Time since last: 1000453200 ns, Reaching safepoint: 298900 ns, At safepoint: 30700 ns, Total: 329600 ns
[2022-12-28T16:40:48.167+0000][8][safepoint   ] Safepoint "Cleanup", Time since last: 1000369600 ns, Reaching safepoint: 306600 ns, At safepoint: 28000 ns, Total: 334600 ns
[2022-12-28T16:40:57.169+0000][8][safepoint   ] Safepoint "Cleanup", Time since last: 9001427300 ns, Reaching safepoint: 304800 ns, At safepoint: 23900 ns, Total: 328700 ns
[2022-12-28T16:40:58.170+0000][8][safepoint   ] Safepoint "Cleanup", Time since last: 1000642900 ns, Reaching safepoint: 310800 ns, At safepoint: 27900 ns, Total: 338700 ns
[2022-12-28T16:40:59.171+0000][8][safepoint   ] Safepoint "Cleanup", Time since last: 1000536900 ns, Reaching safepoint: 284800 ns, At safepoint: 25700 ns, Total: 310500 ns
[2022-12-28T16:41:03.172+0000][8][safepoint   ] Safepoint "Cleanup", Time since last: 4000954400 ns, Reaching safepoint: 453000 ns, At safepoint: 90800 ns, Total: 543800 ns
[2022-12-28T16:41:08.175+0000][8][safepoint   ] Safepoint "Cleanup", Time since last: 5001970000 ns, Reaching safepoint: 523800 ns, At safepoint: 39400 ns, Total: 563200 ns
[2022-12-28T16:41:17.178+0000][8][safepoint   ] Safepoint "Cleanup", Time since last: 9002560000 ns, Reaching safepoint: 324700 ns, At safepoint: 27400 ns, Total: 352100 ns
[2022-12-28T16:41:23.180+0000][8][safepoint   ] Safepoint "Cleanup", Time since last: 6001640400 ns, Reaching safepoint: 335600 ns, At safepoint: 57100 ns, Total: 392700 ns
[2022-12-28T16:41:27.182+0000][8][safepoint   ] Safepoint "Cleanup", Time since last: 4001294800 ns, Reaching safepoint: 744500 ns, At safepoint: 73700 ns, Total: 818200 ns
[2022-12-28T16:41:59.191+0000][8][safepoint   ] Safepoint "Cleanup", Time since last: 32008851500 ns, Reaching safepoint: 450900 ns, At safepoint: 43000 ns, Total: 493900 ns
[2022-12-28T16:42:19.198+0000][8][safepoint   ] Safepoint "Cleanup", Time since last: 20006322700 ns, Reaching safepoint: 334300 ns, At safepoint: 23400 ns, Total: 357700 ns
[2022-12-28T16:42:20.199+0000][8][safepoint   ] Safepoint "Cleanup", Time since last: 1000511500 ns, Reaching safepoint: 319000 ns, At safepoint: 34100 ns, Total: 353100 ns
[2022-12-28T16:42:28.201+0000][8][safepoint   ] Safepoint "Cleanup", Time since last: 8001534900 ns, Reaching safepoint: 498400 ns, At safepoint: 49000 ns, Total: 547400 ns
[2022-12-28T16:42:47.205+0000][8][safepoint   ] Safepoint "Cleanup", Time since last: 19003527400 ns, Reaching safepoint: 270200 ns, At safepoint: 38800 ns, Total: 309000 ns
[2022-12-28T16:43:11.209+0000][8][safepoint   ] Safepoint "Cleanup", Time since last: 24003696800 ns, Reaching safepoint: 381100 ns, At safepoint: 25000 ns, Total: 406100 ns
[2022-12-28T16:43:12.210+0000][8][safepoint   ] Safepoint "Cleanup", Time since last: 1000593400 ns, Reaching safepoint: 284300 ns, At safepoint: 64500 ns, Total: 348800 ns
[2022-12-28T16:43:13.211+0000][8][safepoint   ] Safepoint "Cleanup", Time since last: 1000536700 ns, Reaching safepoint: 337900 ns, At safepoint: 27300 ns, Total: 365200 ns
[2022-12-28T16:43:58.219+0000][8][safepoint   ] Safepoint "Cleanup", Time since last: 45007540200 ns, Reaching safepoint: 707200 ns, At safepoint: 66200 ns, Total: 773400 ns
[2022-12-28T16:44:18.224+0000][8][safepoint   ] Safepoint "Cleanup", Time since last: 20004656600 ns, Reaching safepoint: 480300 ns, At safepoint: 41500 ns, Total: 521800 ns
[2022-12-28T16:44:59.233+0000][8][safepoint   ] Safepoint "Cleanup", Time since last: 41008569600 ns, Reaching safepoint: 524000 ns, At safepoint: 42600 ns, Total: 566600 ns
[2022-12-28T16:45:20.239+0000][8][safepoint   ] Safepoint "Cleanup", Time since last: 21005278500 ns, Reaching safepoint: 648400 ns, At safepoint: 83700 ns, Total: 732100 ns
[2022-12-28T16:45:21.241+0000][8][safepoint   ] Safepoint "Cleanup", Time since last: 1001011800 ns, Reaching safepoint: 367400 ns, At safepoint: 61400 ns, Total: 428800 ns
[2022-12-28T16:45:32.243+0000][8][safepoint   ] Safepoint "Cleanup", Time since last: 11002313500 ns, Reaching safepoint: 457500 ns, At safepoint: 43500 ns, Total: 501000 ns
[2022-12-28T16:46:46.260+0000][8][safepoint   ] Safepoint "Cleanup", Time since last: 74016547500 ns, Reaching safepoint: 392300 ns, At safepoint: 30000 ns, Total: 422300 ns
[2022-12-28T16:46:47.261+0000][8][safepoint   ] Safepoint "Cleanup", Time since last: 1000511300 ns, Reaching safepoint: 352200 ns, At safepoint: 2900 ns, Total: 355100 ns
[2022-12-28T16:46:48.262+0000][8][safepoint   ] Safepoint "Cleanup", Time since last: 1000613300 ns, Reaching safepoint: 240100 ns, At safepoint: 22800 ns, Total: 262900 ns
[2022-12-28T16:47:15.268+0000][8][safepoint   ] Safepoint "Cleanup", Time since last: 27005011200 ns, Reaching safepoint: 357300 ns, At safepoint: 37300 ns, Total: 394600 ns
[2022-12-28T16:47:16.269+0000][8][safepoint   ] Safepoint "Cleanup", Time since last: 1000562200 ns, Reaching safepoint: 772600 ns, At safepoint: 54600 ns, Total: 827200 ns
[2022-12-28T16:48:48.289+0000][8][safepoint   ] Safepoint "Cleanup", Time since last: 92019938200 ns, Reaching safepoint: 497400 ns, At safepoint: 54700 ns, Total: 552100 ns
[2022-12-28T16:49:18.297+0000][8][safepoint   ] Safepoint "Cleanup", Time since last: 30007410300 ns, Reaching safepoint: 385900 ns, At safepoint: 36300 ns, Total: 422200 ns
[2022-12-28T16:49:51.305+0000][8][safepoint   ] Safepoint "Cleanup", Time since last: 33007696700 ns, Reaching safepoint: 285600 ns, At safepoint: 26700 ns, Total: 312300 ns
[2022-12-28T16:50:48.317+0000][8][safepoint   ] Safepoint "Cleanup", Time since last: 57011349700 ns, Reaching safepoint: 333700 ns, At safepoint: 48500 ns, Total: 382200 ns
[2022-12-28T16:51:17.323+0000][8][safepoint   ] Safepoint "Cleanup", Time since last: 29005715500 ns, Reaching safepoint: 333500 ns, At safepoint: 31200 ns, Total: 364700 ns
[2022-12-28T16:51:18.324+0000][8][safepoint   ] Safepoint "Cleanup", Time since last: 1000426600 ns, Reaching safepoint: 268800 ns, At safepoint: 28000 ns, Total: 296800 ns
[2022-12-28T16:51:47.328+0000][8][safepoint   ] Safepoint "Cleanup", Time since last: 29004275700 ns, Reaching safepoint: 316500 ns, At safepoint: 32200 ns, Total: 348700 ns
[2022-12-28T16:51:56.330+0000][8][safepoint   ] Safepoint "Cleanup", Time since last: 9001536300 ns, Reaching safepoint: 316300 ns, At safepoint: 8400 ns, Total: 324700 ns
[2022-12-28T16:51:57.331+0000][8][safepoint   ] Safepoint "Cleanup", Time since last: 1000582100 ns, Reaching safepoint: 287500 ns, At safepoint: 26300 ns, Total: 313800 ns
[2022-12-28T16:53:07.340+0000][8][safepoint   ] Safepoint "Cleanup", Time since last: 70008927100 ns, Reaching safepoint: 260400 ns, At safepoint: 27300 ns, Total: 287700 ns
[2022-12-28T16:53:17.342+0000][8][safepoint   ] Safepoint "Cleanup", Time since last: 10001427300 ns, Reaching safepoint: 290000 ns, At safepoint: 33500 ns, Total: 323500 ns
[2022-12-28T16:54:43.356+0000][8][safepoint   ] Safepoint "Cleanup", Time since last: 86013116000 ns, Reaching safepoint: 673700 ns, At safepoint: 64800 ns, Total: 738500 ns
[2022-12-28T16:54:47.359+0000][8][safepoint   ] Safepoint "Cleanup", Time since last: 4002352800 ns, Reaching safepoint: 326600 ns, At safepoint: 38800 ns, Total: 365400 ns
[2022-12-28T16:55:17.367+0000][8][safepoint   ] Safepoint "Cleanup", Time since last: 30007711300 ns, Reaching safepoint: 331200 ns, At safepoint: 34900 ns, Total: 366100 ns
[2022-12-28T16:55:42.373+0000][8][safepoint   ] Safepoint "Cleanup", Time since last: 25005706400 ns, Reaching safepoint: 492000 ns, At safepoint: 42000 ns, Total: 534000 ns
[2022-12-28T16:55:57.377+0000][8][safepoint   ] Safepoint "Cleanup", Time since last: 15003409000 ns, Reaching safepoint: 389200 ns, At safepoint: 42800 ns, Total: 432000 ns
[2022-12-28T16:56:32.383+0000][8][safepoint   ] Safepoint "Cleanup", Time since last: 35005764700 ns, Reaching safepoint: 366500 ns, At safepoint: 27100 ns, Total: 393600 ns
[2022-12-28T16:57:17.390+0000][8][safepoint   ] Safepoint "Cleanup", Time since last: 45006361000 ns, Reaching safepoint: 361600 ns, At safepoint: 28600 ns, Total: 390200 ns
[2022-12-28T16:57:46.395+0000][8][safepoint   ] Safepoint "Cleanup", Time since last: 29004353500 ns, Reaching safepoint: 681900 ns, At safepoint: 69100 ns, Total: 751000 ns
[2022-12-28T16:58:07.402+0000][8][safepoint   ] Safepoint "Cleanup", Time since last: 21006369800 ns, Reaching safepoint: 809900 ns, At safepoint: 73800 ns, Total: 883700 ns
[2022-12-28T16:58:12.405+0000][8][safepoint   ] Safepoint "Cleanup", Time since last: 5002396400 ns, Reaching safepoint: 497800 ns, At safepoint: 53000 ns, Total: 550800 ns
[2022-12-28T17:00:47.443+0000][8][safepoint   ] Safepoint "Cleanup", Time since last: 155037330900 ns, Reaching safepoint: 336000 ns, At safepoint: 32600 ns, Total: 368600 ns
[2022-12-28T17:00:52.444+0000][8][safepoint   ] Safepoint "Cleanup", Time since last: 5001144900 ns, Reaching safepoint: 304600 ns, At safepoint: 30200 ns, Total: 334800 ns
[2022-12-28T17:00:56.448+0000][8][safepoint   ] Safepoint "Cleanup", Time since last: 4002933300 ns, Reaching safepoint: 301200 ns, At safepoint: 82300 ns, Total: 383500 ns
[2022-12-28T17:01:17.451+0000][8][safepoint   ] Safepoint "Cleanup", Time since last: 21003013800 ns, Reaching safepoint: 364600 ns, At safepoint: 31100 ns, Total: 395700 ns
[2022-12-28T17:02:18.458+0000][8][safepoint   ] Safepoint "Cleanup", Time since last: 61007017000 ns, Reaching safepoint: 325300 ns, At safepoint: 34500 ns, Total: 359800 ns
[2022-12-28T17:02:48.463+0000][8][safepoint   ] Safepoint "Cleanup", Time since last: 30004795300 ns, Reaching safepoint: 270200 ns, At safepoint: 24300 ns, Total: 294500 ns
[2022-12-28T17:03:29.472+0000][8][safepoint   ] Safepoint "Cleanup", Time since last: 41008527300 ns, Reaching safepoint: 328300 ns, At safepoint: 31300 ns, Total: 359600 ns
[2022-12-28T17:03:47.476+0000][8][safepoint   ] Safepoint "Cleanup", Time since last: 18002838200 ns, Reaching safepoint: 271700 ns, At safepoint: 21500 ns, Total: 293200 ns
[2022-12-28T17:04:47.488+0000][8][safepoint   ] Safepoint "Cleanup", Time since last: 60011867000 ns, Reaching safepoint: 675100 ns, At safepoint: 67200 ns, Total: 742300 ns
[2022-12-28T17:05:07.494+0000][8][safepoint   ] Safepoint "Cleanup", Time since last: 20006010100 ns, Reaching safepoint: 249700 ns, At safepoint: 23700 ns, Total: 273400 ns
[2022-12-28T17:05:26.501+0000][8][safepoint   ] Safepoint "Cleanup", Time since last: 19005227100 ns, Reaching safepoint: 814600 ns, At safepoint: 84300 ns, Total: 898900 ns
[2022-12-28T17:05:48.506+0000][8][safepoint   ] Safepoint "Cleanup", Time since last: 22005017500 ns, Reaching safepoint: 621700 ns, At safepoint: 26800 ns, Total: 648500 ns
[2022-12-28T17:07:17.527+0000][8][safepoint   ] Safepoint "Cleanup", Time since last: 89020730400 ns, Reaching safepoint: 370700 ns, At safepoint: 36200 ns, Total: 406900 ns
[2022-12-28T17:07:20.529+0000][8][safepoint   ] Safepoint "Cleanup", Time since last: 3001079200 ns, Reaching safepoint: 223800 ns, At safepoint: 20700 ns, Total: 244500 ns
[2022-12-28T17:08:17.542+0000][8][safepoint   ] Safepoint "Cleanup", Time since last: 57012565400 ns, Reaching safepoint: 687500 ns, At safepoint: 100300 ns, Total: 787800 ns
[2022-12-28T17:08:26.546+0000][8][safepoint   ] Safepoint "Cleanup", Time since last: 9003258200 ns, Reaching safepoint: 363400 ns, At safepoint: 37300 ns, Total: 400700 ns
[2022-12-28T17:08:52.553+0000][8][safepoint   ] Safepoint "Cleanup", Time since last: 26006253300 ns, Reaching safepoint: 681600 ns, At safepoint: 69800 ns, Total: 751400 ns
[2022-12-28T17:08:56.555+0000][8][safepoint   ] Safepoint "Cleanup", Time since last: 4001733600 ns, Reaching safepoint: 644400 ns, At safepoint: 66900 ns, Total: 711300 ns
[2022-12-28T17:10:48.583+0000][8][safepoint   ] Safepoint "Cleanup", Time since last: 112027538700 ns, Reaching safepoint: 272100 ns, At safepoint: 24700 ns, Total: 296800 ns
[2022-12-28T17:11:47.597+0000][8][safepoint   ] Safepoint "Cleanup", Time since last: 59014255300 ns, Reaching safepoint: 215800 ns, At safepoint: 20400 ns, Total: 236200 ns
[2022-12-28T17:11:48.599+0000][8][safepoint   ] Safepoint "Cleanup", Time since last: 1000610100 ns, Reaching safepoint: 1000000 ns, At safepoint: 90500 ns, Total: 1090500 ns
[2022-12-28T17:12:17.609+0000][8][safepoint   ] Safepoint "Cleanup", Time since last: 29008696800 ns, Reaching safepoint: 734800 ns, At safepoint: 70200 ns, Total: 805000 ns
[2022-12-28T17:13:00.621+0000][8][safepoint   ] Safepoint "Cleanup", Time since last: 43010789900 ns, Reaching safepoint: 1038100 ns, At safepoint: 105600 ns, Total: 1143700 ns
[2022-12-28T17:13:02.623+0000][8][safepoint   ] Safepoint "Cleanup", Time since last: 2001703400 ns, Reaching safepoint: 699500 ns, At safepoint: 55600 ns, Total: 755100 ns
[2022-12-28T17:14:17.642+0000][8][safepoint   ] Safepoint "Cleanup", Time since last: 75018578200 ns, Reaching safepoint: 682800 ns, At safepoint: 63500 ns, Total: 746300 ns
[2022-12-28T17:15:17.658+0000][8][safepoint   ] Safepoint "Cleanup", Time since last: 60015619300 ns, Reaching safepoint: 222800 ns, At safepoint: 21000 ns, Total: 243800 ns
[2022-12-28T17:15:18.660+0000][8][safepoint   ] Safepoint "Cleanup", Time since last: 1000738200 ns, Reaching safepoint: 923700 ns, At safepoint: 117500 ns, Total: 1041200 ns
[2022-12-28T17:15:48.669+0000][8][safepoint   ] Safepoint "Cleanup", Time since last: 30007914700 ns, Reaching safepoint: 768600 ns, At safepoint: 85300 ns, Total: 853900 ns
[2022-12-28T17:17:18.692+0000][8][safepoint   ] Safepoint "Cleanup", Time since last: 90022566500 ns, Reaching safepoint: 236900 ns, At safepoint: 21600 ns, Total: 258500 ns
[2022-12-28T17:17:37.698+0000][8][safepoint   ] Safepoint "Cleanup", Time since last: 19005862100 ns, Reaching safepoint: 743700 ns, At safepoint: 72400 ns, Total: 816100 ns
[2022-12-28T17:17:47.702+0000][8][safepoint   ] Safepoint "Cleanup", Time since last: 10003064000 ns, Reaching safepoint: 727400 ns, At safepoint: 73100 ns, Total: 800500 ns
[2022-12-28T17:18:18.710+0000][8][safepoint   ] Safepoint "Cleanup", Time since last: 31007672700 ns, Reaching safepoint: 292100 ns, At safepoint: 21500 ns, Total: 313600 ns
[2022-12-28T17:19:17.725+0000][8][safepoint   ] Safepoint "Cleanup", Time since last: 59014707200 ns, Reaching safepoint: 478400 ns, At safepoint: 49100 ns, Total: 527500 ns
[2022-12-28T17:19:18.727+0000][8][safepoint   ] Safepoint "Cleanup", Time since last: 1001050700 ns, Reaching safepoint: 226400 ns, At safepoint: 25600 ns, Total: 252000 ns
[2022-12-28T17:19:47.734+0000][8][safepoint   ] Safepoint "Cleanup", Time since last: 29006659700 ns, Reaching safepoint: 453000 ns, At safepoint: 41000 ns, Total: 494000 ns
[2022-12-28T17:20:17.742+0000][8][safepoint   ] Safepoint "Cleanup", Time since last: 30007433000 ns, Reaching safepoint: 276000 ns, At safepoint: 25700 ns, Total: 301700 ns
[2022-12-28T17:20:39.747+0000][8][safepoint   ] Safepoint "Cleanup", Time since last: 22005058800 ns, Reaching safepoint: 217500 ns, At safepoint: 51700 ns, Total: 269200 ns
[2022-12-28T17:21:17.756+0000][8][safepoint   ] Safepoint "Cleanup", Time since last: 38007850000 ns, Reaching safepoint: 939000 ns, At safepoint: 160000 ns, Total: 1099000 ns
[2022-12-28T17:21:22.758+0000][8][safepoint   ] Safepoint "Cleanup", Time since last: 5002085300 ns, Reaching safepoint: 476200 ns, At safepoint: 46500 ns, Total: 522700 ns
[2022-12-28T17:21:32.762+0000][8][safepoint   ] Safepoint "Cleanup", Time since last: 10002971200 ns, Reaching safepoint: 407200 ns, At safepoint: 42400 ns, Total: 449600 ns
[2022-12-28T17:21:33.764+0000][8][safepoint   ] Safepoint "Cleanup", Time since last: 1001230200 ns, Reaching safepoint: 739000 ns, At safepoint: 74400 ns, Total: 813400 ns
[2022-12-28T17:23:47.791+0000][8][safepoint   ] Safepoint "Cleanup", Time since last: 134026428900 ns, Reaching safepoint: 239700 ns, At safepoint: 21500 ns, Total: 261200 ns
[2022-12-28T17:27:48.838+0000][8][safepoint   ] Safepoint "Cleanup", Time since last: 241046522000 ns, Reaching safepoint: 408800 ns, At safepoint: 41000 ns, Total: 449800 ns
[2022-12-28T17:30:47.872+0000][8][safepoint   ] Safepoint "Cleanup", Time since last: 179034637900 ns, Reaching safepoint: 241000 ns, At safepoint: 20300 ns, Total: 261300 ns
[2022-12-28T17:31:14.881+0000][8][safepoint   ] Safepoint "Cleanup", Time since last: 27007889700 ns, Reaching safepoint: 353100 ns, At safepoint: 20800 ns, Total: 373900 ns
[2022-12-28T17:32:27.901+0000][8][safepoint   ] Safepoint "Cleanup", Time since last: 73019662400 ns, Reaching safepoint: 499200 ns, At safepoint: 17500 ns, Total: 516700 ns
[2022-12-28T17:33:47.921+0000][8][safepoint   ] Safepoint "Cleanup", Time since last: 80019937100 ns, Reaching safepoint: 191500 ns, At safepoint: 18200 ns, Total: 209700 ns
[2022-12-28T17:35:16.936+0000][8][safepoint   ] Safepoint "Cleanup", Time since last: 89014284100 ns, Reaching safepoint: 283300 ns, At safepoint: 21500 ns, Total: 304800 ns
[2022-12-28T17:35:17.936+0000][8][safepoint   ] Safepoint "Cleanup", Time since last: 1000363400 ns, Reaching safepoint: 194100 ns, At safepoint: 20100 ns, Total: 214200 ns
[2022-12-28T17:38:39.984+0000][8][safepoint   ] Safepoint "Cleanup", Time since last: 202047369300 ns, Reaching safepoint: 220300 ns, At safepoint: 21700 ns, Total: 242000 ns
[2022-12-28T17:38:47.985+0000][8][safepoint   ] Safepoint "Cleanup", Time since last: 8000980100 ns, Reaching safepoint: 255000 ns, At safepoint: 17900 ns, Total: 272900 ns
[2022-12-28T17:38:48.986+0000][8][safepoint   ] Safepoint "Cleanup", Time since last: 1000437900 ns, Reaching safepoint: 212000 ns, At safepoint: 19500 ns, Total: 231500 ns
[2022-12-28T17:39:17.990+0000][8][safepoint   ] Safepoint "Cleanup", Time since last: 29003513100 ns, Reaching safepoint: 221000 ns, At safepoint: 18800 ns, Total: 239800 ns
[2022-12-28T17:39:47.993+0000][8][safepoint   ] Safepoint "Cleanup", Time since last: 30003584400 ns, Reaching safepoint: 191500 ns, At safepoint: 18000 ns, Total: 209500 ns
[2022-12-28T17:39:48.995+0000][8][safepoint   ] Safepoint "Cleanup", Time since last: 1000719500 ns, Reaching safepoint: 574600 ns, At safepoint: 54100 ns, Total: 628700 ns
[2022-12-28T17:40:33.006+0000][8][safepoint   ] Safepoint "Cleanup", Time since last: 44010269100 ns, Reaching safepoint: 707900 ns, At safepoint: 115300 ns, Total: 823200 ns
[2022-12-28T17:40:56.011+0000][8][safepoint   ] Safepoint "Cleanup", Time since last: 23004986000 ns, Reaching safepoint: 278600 ns, At safepoint: 25800 ns, Total: 304400 ns
[2022-12-28T17:41:04.013+0000][8][safepoint   ] Safepoint "Cleanup", Time since last: 8001813500 ns, Reaching safepoint: 448100 ns, At safepoint: 28800 ns, Total: 476900 ns
[2022-12-28T17:41:18.017+0000][8][safepoint   ] Safepoint "Cleanup", Time since last: 14003238200 ns, Reaching safepoint: 291900 ns, At safepoint: 25000 ns, Total: 316900 ns
[2022-12-28T17:44:18.515+0000][8][safepoint   ] Safepoint "Cleanup", Time since last: 180496757100 ns, Reaching safepoint: 952900 ns, At safepoint: 86300 ns, Total: 1039200 ns
[2022-12-28T17:46:46.547+0000][8][safepoint   ] Safepoint "Cleanup", Time since last: 148032031200 ns, Reaching safepoint: 683000 ns, At safepoint: 74100 ns, Total: 757100 ns
[2022-12-28T17:47:18.555+0000][8][safepoint   ] Safepoint "Cleanup", Time since last: 32007643700 ns, Reaching safepoint: 335500 ns, At safepoint: 32800 ns, Total: 368300 ns
[2022-12-28T17:47:48.561+0000][8][safepoint   ] Safepoint "Cleanup", Time since last: 30005437200 ns, Reaching safepoint: 504300 ns, At safepoint: 52600 ns, Total: 556900 ns
[2022-12-28T17:48:18.571+0000][8][safepoint   ] Safepoint "Cleanup", Time since last: 30008597100 ns, Reaching safepoint: 593600 ns, At safepoint: 89900 ns, Total: 683500 ns
[2022-12-28T17:51:47.617+0000][8][safepoint   ] Safepoint "Cleanup", Time since last: 209045516400 ns, Reaching safepoint: 211100 ns, At safepoint: 42200 ns, Total: 253300 ns
[2022-12-28T17:52:17.625+0000][8][safepoint   ] Safepoint "Cleanup", Time since last: 30008009600 ns, Reaching safepoint: 387900 ns, At safepoint: 18200 ns, Total: 406100 ns
[2022-12-28T17:57:41.702+0000][8][safepoint   ] Safepoint "Cleanup", Time since last: 324076620000 ns, Reaching safepoint: 462600 ns, At safepoint: 38500 ns, Total: 501100 ns
[2022-12-28T17:57:45.703+0000][8][safepoint   ] Safepoint "Cleanup", Time since last: 4001225500 ns, Reaching safepoint: 166700 ns, At safepoint: 14100 ns, Total: 180800 ns
[2022-12-28T18:00:17.727+0000][8][safepoint   ] Safepoint "Cleanup", Time since last: 152023004200 ns, Reaching safepoint: 153400 ns, At safepoint: 15300 ns, Total: 168700 ns
[2022-12-28T18:00:18.727+0000][8][safepoint   ] Safepoint "Cleanup", Time since last: 1000248200 ns, Reaching safepoint: 167600 ns, At safepoint: 14700 ns, Total: 182300 ns
[2022-12-28T18:02:13.747+0000][8][safepoint   ] Safepoint "Cleanup", Time since last: 115019311400 ns, Reaching safepoint: 173100 ns, At safepoint: 16400 ns, Total: 189500 ns
[2022-12-28T18:02:17.747+0000][8][safepoint   ] Safepoint "Cleanup", Time since last: 4000484000 ns, Reaching safepoint: 137000 ns, At safepoint: 15100 ns, Total: 152100 ns
[2022-12-28T18:02:18.748+0000][8][safepoint   ] Safepoint "Cleanup", Time since last: 1000266900 ns, Reaching safepoint: 189700 ns, At safepoint: 36500 ns, Total: 226200 ns
[2022-12-28T18:05:07.772+0000][8][safepoint   ] Safepoint "Cleanup", Time since last: 169024456600 ns, Reaching safepoint: 196100 ns, At safepoint: 16600 ns, Total: 212700 ns
[2022-12-28T18:05:17.775+0000][8][safepoint   ] Safepoint "Cleanup", Time since last: 10002642600 ns, Reaching safepoint: 153200 ns, At safepoint: 13700 ns, Total: 166900 ns
[2022-12-28T18:06:46.790+0000][8][safepoint   ] Safepoint "Cleanup", Time since last: 89014664000 ns, Reaching safepoint: 149600 ns, At safepoint: 14700 ns, Total: 164300 ns
[2022-12-28T18:08:17.808+0000][8][safepoint   ] Safepoint "Cleanup", Time since last: 91018274100 ns, Reaching safepoint: 189300 ns, At safepoint: 19200 ns, Total: 208500 ns
[2022-12-28T18:08:33.810+0000][8][safepoint   ] Safepoint "Cleanup", Time since last: 16001742500 ns, Reaching safepoint: 154800 ns, At safepoint: 14200 ns, Total: 169000 ns
[2022-12-28T18:10:46.833+0000][8][safepoint   ] Safepoint "Cleanup", Time since last: 133022034500 ns, Reaching safepoint: 363900 ns, At safepoint: 33900 ns, Total: 397800 ns
[2022-12-28T18:11:47.849+0000][8][safepoint   ] Safepoint "Cleanup", Time since last: 61015874000 ns, Reaching safepoint: 371800 ns, At safepoint: 34800 ns, Total: 406600 ns
[2022-12-28T18:13:17.873+0000][8][safepoint   ] Safepoint "Cleanup", Time since last: 90023264900 ns, Reaching safepoint: 434400 ns, At safepoint: 74300 ns, Total: 508700 ns
[2022-12-28T18:13:18.874+0000][8][safepoint   ] Safepoint "Cleanup", Time since last: 1001066300 ns, Reaching safepoint: 417100 ns, At safepoint: 41400 ns, Total: 458500 ns
[2022-12-28T18:18:26.948+0000][8][safepoint   ] Safepoint "Cleanup", Time since last: 308073004000 ns, Reaching safepoint: 211400 ns, At safepoint: 18300 ns, Total: 229700 ns
[2022-12-28T18:18:47.954+0000][8][safepoint   ] Safepoint "Cleanup", Time since last: 21005712400 ns, Reaching safepoint: 617200 ns, At safepoint: 52300 ns, Total: 669500 ns
[2022-12-28T18:19:45.971+0000][8][safepoint   ] Safepoint "Cleanup", Time since last: 58016489500 ns, Reaching safepoint: 270100 ns, At safepoint: 26700 ns, Total: 296800 ns
[2022-12-28T18:20:45.988+0000][8][safepoint   ] Safepoint "Cleanup", Time since last: 60016771900 ns, Reaching safepoint: 416200 ns, At safepoint: 36300 ns, Total: 452500 ns
[2022-12-28T18:20:48.990+0000][8][safepoint   ] Safepoint "Cleanup", Time since last: 3001468000 ns, Reaching safepoint: 604100 ns, At safepoint: 64900 ns, Total: 669000 ns
[2022-12-28T18:21:17.999+0000][8][safepoint   ] Safepoint "Cleanup", Time since last: 29008762900 ns, Reaching safepoint: 332400 ns, At safepoint: 30500 ns, Total: 362900 ns
[2022-12-28T18:21:19.000+0000][8][safepoint   ] Safepoint "Cleanup", Time since last: 1000634400 ns, Reaching safepoint: 256600 ns, At safepoint: 31600 ns, Total: 288200 ns
[2022-12-28T18:21:47.009+0000][8][safepoint   ] Safepoint "Cleanup", Time since last: 28007809800 ns, Reaching safepoint: 476200 ns, At safepoint: 52900 ns, Total: 529100 ns
[2022-12-28T18:21:48.011+0000][8][safepoint   ] Safepoint "Cleanup", Time since last: 1001076300 ns, Reaching safepoint: 811200 ns, At safepoint: 79400 ns, Total: 890600 ns
[2022-12-28T18:22:56.030+0000][8][safepoint   ] Safepoint "Cleanup", Time since last: 68018791300 ns, Reaching safepoint: 349300 ns, At safepoint: 30100 ns, Total: 379400 ns
[2022-12-28T18:27:18.089+0000][8][safepoint   ] Safepoint "Cleanup", Time since last: 262058708600 ns, Reaching safepoint: 663600 ns, At safepoint: 62500 ns, Total: 726100 ns
[2022-12-28T18:31:18.149+0000][8][safepoint   ] Safepoint "Cleanup", Time since last: 240059933700 ns, Reaching safepoint: 192000 ns, At safepoint: 28700 ns, Total: 220700 ns
[2022-12-28T18:32:06.157+0000][8][safepoint   ] Safepoint "Cleanup", Time since last: 48007382700 ns, Reaching safepoint: 335800 ns, At safepoint: 15200 ns, Total: 351000 ns
[2022-12-28T18:36:18.194+0000][8][safepoint   ] Safepoint "Cleanup", Time since last: 252036854100 ns, Reaching safepoint: 498900 ns, At safepoint: 38300 ns, Total: 537200 ns
[2022-12-28T18:36:47.199+0000][8][safepoint   ] Safepoint "Cleanup", Time since last: 29004574000 ns, Reaching safepoint: 227000 ns, At safepoint: 33800 ns, Total: 260800 ns
[2022-12-28T18:36:48.200+0000][8][safepoint   ] Safepoint "Cleanup", Time since last: 1000666300 ns, Reaching safepoint: 376700 ns, At safepoint: 37900 ns, Total: 414600 ns
[2022-12-28T18:37:18.205+0000][8][safepoint   ] Safepoint "Cleanup", Time since last: 30004547700 ns, Reaching safepoint: 384000 ns, At safepoint: 19300 ns, Total: 403300 ns
[2022-12-28T18:38:42.224+0000][8][safepoint   ] Safepoint "Cleanup", Time since last: 84018895900 ns, Reaching safepoint: 268000 ns, At safepoint: 16700 ns, Total: 284700 ns
[2022-12-28T18:40:18.249+0000][8][safepoint   ] Safepoint "Cleanup", Time since last: 96023872800 ns, Reaching safepoint: 640100 ns, At safepoint: 64300 ns, Total: 704400 ns
[2022-12-28T18:41:18.262+0000][8][safepoint   ] Safepoint "Cleanup", Time since last: 60012822200 ns, Reaching safepoint: 359100 ns, At safepoint: 19700 ns, Total: 378800 ns
[2022-12-28T18:42:48.275+0000][8][safepoint   ] Safepoint "Cleanup", Time since last: 90011915900 ns, Reaching safepoint: 572400 ns, At safepoint: 95400 ns, Total: 667800 ns
[2022-12-28T18:43:03.280+0000][8][safepoint   ] Safepoint "Cleanup", Time since last: 15004488600 ns, Reaching safepoint: 213600 ns, At safepoint: 19700 ns, Total: 233300 ns
[2022-12-28T18:43:48.292+0000][8][safepoint   ] Safepoint "Cleanup", Time since last: 45011689600 ns, Reaching safepoint: 425700 ns, At safepoint: 42700 ns, Total: 468400 ns
[2022-12-28T18:44:18.301+0000][8][safepoint   ] Safepoint "Cleanup", Time since last: 30008450600 ns, Reaching safepoint: 902200 ns, At safepoint: 89800 ns, Total: 992000 ns
[2022-12-28T18:44:48.311+0000][8][safepoint   ] Safepoint "Cleanup", Time since last: 30009200300 ns, Reaching safepoint: 517300 ns, At safepoint: 52200 ns, Total: 569500 ns
[2022-12-28T18:45:18.320+0000][8][safepoint   ] Safepoint "Cleanup", Time since last: 30008319400 ns, Reaching safepoint: 767700 ns, At safepoint: 72400 ns, Total: 840100 ns
[2022-12-28T18:45:48.329+0000][8][safepoint   ] Safepoint "Cleanup", Time since last: 30008343000 ns, Reaching safepoint: 863100 ns, At safepoint: 80500 ns, Total: 943600 ns
[2022-12-28T18:51:47.386+0000][8][safepoint   ] Safepoint "Cleanup", Time since last: 359056304400 ns, Reaching safepoint: 559500 ns, At safepoint: 18500 ns, Total: 578000 ns
[2022-12-28T18:55:18.420+0000][8][safepoint   ] Safepoint "Cleanup", Time since last: 211033237100 ns, Reaching safepoint: 423600 ns, At safepoint: 18000 ns, Total: 441600 ns
[2022-12-28T18:55:48.426+0000][8][safepoint   ] Safepoint "Cleanup", Time since last: 30005323900 ns, Reaching safepoint: 399800 ns, At safepoint: 34200 ns, Total: 434000 ns
[2022-12-28T18:59:57.466+0000][8][safepoint   ] Safepoint "Cleanup", Time since last: 249040222500 ns, Reaching safepoint: 418700 ns, At safepoint: 20000 ns, Total: 438700 ns
[2022-12-28T19:01:53.481+0000][8][safepoint   ] Safepoint "Cleanup", Time since last: 116014860200 ns, Reaching safepoint: 284700 ns, At safepoint: 22600 ns, Total: 307300 ns
[2022-12-28T19:02:43.495+0000][8][safepoint   ] Safepoint "Cleanup", Time since last: 50012853400 ns, Reaching safepoint: 961600 ns, At safepoint: 89300 ns, Total: 1050900 ns
[2022-12-28T19:03:38.509+0000][8][safepoint   ] Safepoint "Cleanup", Time since last: 55012963800 ns, Reaching safepoint: 173800 ns, At safepoint: 14300 ns, Total: 188100 ns
[2022-12-28T19:05:58.535+0000][8][safepoint   ] Safepoint "Cleanup", Time since last: 140025491100 ns, Reaching safepoint: 482600 ns, At safepoint: 34800 ns, Total: 517400 ns
[2022-12-28T19:14:38.651+0000][8][safepoint   ] Safepoint "Cleanup", Time since last: 520115861800 ns, Reaching safepoint: 218300 ns, At safepoint: 19600 ns, Total: 237900 ns
[2022-12-28T19:14:48.653+0000][8][safepoint   ] Safepoint "Cleanup", Time since last: 10002575800 ns, Reaching safepoint: 160600 ns, At safepoint: 14500 ns, Total: 175100 ns
[2022-12-28T19:15:48.669+0000][8][safepoint   ] Safepoint "Cleanup", Time since last: 60014647600 ns, Reaching safepoint: 740900 ns, At safepoint: 67100 ns, Total: 808000 ns
[2022-12-28T19:20:48.731+0000][8][safepoint   ] Safepoint "Cleanup", Time since last: 300062164900 ns, Reaching safepoint: 157700 ns, At safepoint: 13600 ns, Total: 171300 ns
[2022-12-28T19:22:58.076+0000][8][gc,start    ] GC(16) Pause Young (Normal) (G1 Evacuation Pause)
[2022-12-28T19:22:58.076+0000][8][gc,task     ] GC(16) Using 10 workers of 10 for evacuation
[2022-12-28T19:22:58.077+0000][8][gc,age      ] GC(16) Desired survivor size 20971520 bytes, new threshold 3 (max threshold 15)
[2022-12-28T19:22:58.148+0000][8][gc,age      ] GC(16) Age table with threshold 3 (max threshold 15)
[2022-12-28T19:22:58.148+0000][8][gc,age      ] GC(16) - age   1:     635816 bytes,     635816 total
[2022-12-28T19:22:58.148+0000][8][gc,age      ] GC(16) - age   2:   13753416 bytes,   14389232 total
[2022-12-28T19:22:58.149+0000][8][gc,age      ] GC(16) - age   3:    6021448 bytes,   20410680 total
[2022-12-28T19:22:58.149+0000][8][gc,phases   ] GC(16)   Pre Evacuate Collection Set: 0.8ms
[2022-12-28T19:22:58.149+0000][8][gc,phases   ] GC(16)   Merge Heap Roots: 0.5ms
[2022-12-28T19:22:58.150+0000][8][gc,phases   ] GC(16)   Evacuate Collection Set: 64.2ms
[2022-12-28T19:22:58.150+0000][8][gc,phases   ] GC(16)   Post Evacuate Collection Set: 4.7ms
[2022-12-28T19:22:58.150+0000][8][gc,phases   ] GC(16)   Other: 3.5ms
[2022-12-28T19:22:58.151+0000][8][gc,heap     ] GC(16) Eden regions: 67->0(70)
[2022-12-28T19:22:58.151+0000][8][gc,heap     ] GC(16) Survivor regions: 9->6(10)
[2022-12-28T19:22:58.151+0000][8][gc,heap     ] GC(16) Old regions: 11->14
[2022-12-28T19:22:58.152+0000][8][gc,heap     ] GC(16) Archive regions: 2->2
[2022-12-28T19:22:58.152+0000][8][gc,heap     ] GC(16) Humongous regions: 2->2
[2022-12-28T19:22:58.152+0000][8][gc,metaspace] GC(16) Metaspace: 90372K(94720K)->90372K(94720K) NonClass: 78230K(81408K)->78230K(81408K) Class: 12142K(13312K)->12142K(13312K)
[2022-12-28T19:22:58.153+0000][8][gc          ] GC(16) Pause Young (Normal) (G1 Evacuation Pause) 354M->89M(512M) 77.060ms
[2022-12-28T19:22:58.153+0000][8][gc,cpu      ] GC(16) User=0.62s Sys=0.00s Real=0.08s
[2022-12-28T19:22:58.153+0000][8][safepoint   ] Safepoint "G1CollectForAllocation", Time since last: 129343852100 ns, Reaching safepoint: 205800 ns, At safepoint: 78122600 ns, Total: 78328400 ns
[2022-12-28T19:33:49.294+0000][8][safepoint   ] Safepoint "Cleanup", Time since last: 651139920500 ns, Reaching safepoint: 313900 ns, At safepoint: 18900 ns, Total: 332800 ns
[2022-12-28T19:36:47.323+0000][8][safepoint   ] Safepoint "Cleanup", Time since last: 178029142700 ns, Reaching safepoint: 457200 ns, At safepoint: 41400 ns, Total: 498600 ns
[2022-12-28T19:41:19.378+0000][8][safepoint   ] Safepoint "Cleanup", Time since last: 272054728700 ns, Reaching safepoint: 159700 ns, At safepoint: 14700 ns, Total: 174400 ns
[2022-12-28T19:42:19.393+0000][8][safepoint   ] Safepoint "Cleanup", Time since last: 60014179800 ns, Reaching safepoint: 515800 ns, At safepoint: 55600 ns, Total: 571400 ns
[2022-12-28T19:45:23.434+0000][8][safepoint   ] Safepoint "Cleanup", Time since last: 184040093100 ns, Reaching safepoint: 596800 ns, At safepoint: 101300 ns, Total: 698100 ns
[2022-12-28T19:46:48.454+0000][8][safepoint   ] Safepoint "Cleanup", Time since last: 85019556600 ns, Reaching safepoint: 574800 ns, At safepoint: 49500 ns, Total: 624300 ns
[2022-12-28T19:48:18.477+0000][8][safepoint   ] Safepoint "Cleanup", Time since last: 90022482100 ns, Reaching safepoint: 340600 ns, At safepoint: 32000 ns, Total: 372600 ns
[2022-12-28T19:48:19.478+0000][8][safepoint   ] Safepoint "Cleanup", Time since last: 1000774500 ns, Reaching safepoint: 633500 ns, At safepoint: 66300 ns, Total: 699800 ns
[2022-12-28T19:49:19.495+0000][8][safepoint   ] Safepoint "Cleanup", Time since last: 60015622400 ns, Reaching safepoint: 748600 ns, At safepoint: 67400 ns, Total: 816000 ns
[2022-12-28T19:49:49.503+0000][8][safepoint   ] Safepoint "Cleanup", Time since last: 30007669300 ns, Reaching safepoint: 428600 ns, At safepoint: 34400 ns, Total: 463000 ns
[2022-12-28T19:51:47.523+0000][8][safepoint   ] Safepoint "Cleanup", Time since last: 118020379100 ns, Reaching safepoint: 260500 ns, At safepoint: 29800 ns, Total: 290300 ns
[2022-12-28T19:58:21.596+0000][8][safepoint   ] Safepoint "Cleanup", Time since last: 394071844900 ns, Reaching safepoint: 227800 ns, At safepoint: 28000 ns, Total: 255800 ns
[2022-12-28T19:58:21.864+0000][8][gc,heap,exit] Heap
[2022-12-28T19:58:21.864+0000][8][gc,heap,exit]  garbage-first heap   total 524288K, used 169296K [0x00000000e0000000, 0x0000000100000000)
[2022-12-28T19:58:21.864+0000][8][gc,heap,exit]   region size 4096K, 26 young (106496K), 6 survivors (24576K)
[2022-12-28T19:58:21.864+0000][8][gc,heap,exit]  Metaspace       used 90636K, capacity 94039K, committed 94976K, reserved 1130496K
[2022-12-28T19:58:21.865+0000][8][gc,heap,exit]   class space    used 12177K, capacity 13212K, committed 13312K, reserved 1048576K
