[2022-12-27T17:35:27.141+0000][7][gc] Using G1
[2022-12-27T17:35:27.315+0000][7][gc,init] Version: 15.0.1+9 (release)
[2022-12-27T17:35:27.315+0000][7][gc,init] CPUs: 12 total, 12 available
[2022-12-27T17:35:27.316+0000][7][gc,init] Memory: 12647M
[2022-12-27T17:35:27.316+0000][7][gc,init] Large Page Support: Disabled
[2022-12-27T17:35:27.316+0000][7][gc,init] NUMA Support: Disabled
[2022-12-27T17:35:27.317+0000][7][gc,init] Compressed Oops: Enabled (32-bit)
[2022-12-27T17:35:27.317+0000][7][gc,init] Heap Region Size: 4M
[2022-12-27T17:35:27.317+0000][7][gc,init] Heap Min Capacity: 512M
[2022-12-27T17:35:27.317+0000][7][gc,init] Heap Initial Capacity: 512M
[2022-12-27T17:35:27.318+0000][7][gc,init] Heap Max Capacity: 512M
[2022-12-27T17:35:27.318+0000][7][gc,init] Pre-touch: Enabled
[2022-12-27T17:35:27.318+0000][7][gc,init] Parallel Workers: 10
[2022-12-27T17:35:27.318+0000][7][gc,init] Concurrent Workers: 3
[2022-12-27T17:35:27.318+0000][7][gc,init] Concurrent Refinement Workers: 10
[2022-12-27T17:35:27.319+0000][7][gc,init] Periodic GC: Disabled
[2022-12-27T17:35:27.319+0000][7][gc,cds ] Mark closed archive regions in map: [0x00000000ffc00000, 0x00000000ffc7bff8]
[2022-12-27T17:35:27.319+0000][7][gc,cds ] Mark open archive regions in map: [0x00000000ffb00000, 0x00000000ffb51ff8]
[2022-12-27T17:35:27.319+0000][7][gc,metaspace] CDS archive(s) mapped at: [0x0000000800000000-0x0000000800b2a000-0x0000000800b2a000), size 11706368, SharedBaseAddress: 0x0000000800000000, ArchiveRelocationMode: 0.
[2022-12-27T17:35:27.320+0000][7][gc,metaspace] Compressed class space mapped at: 0x0000000800b2c000-0x0000000840b2c000, size: 1073741824
[2022-12-27T17:35:27.320+0000][7][gc,metaspace] Narrow klass base: 0x0000000800000000, Narrow klass shift: 3, Narrow klass range: 0x100000000
[2022-12-27T17:35:27.674+0000][7][safepoint   ] Safepoint "ICBufferFull", Time since last: 343906100 ns, Reaching safepoint: 191800 ns, At safepoint: 25400 ns, Total: 217200 ns
[2022-12-27T17:35:27.978+0000][7][gc,start    ] GC(0) Pause Young (Normal) (G1 Evacuation Pause)
[2022-12-27T17:35:27.980+0000][7][gc,task     ] GC(0) Using 10 workers of 10 for evacuation
[2022-12-27T17:35:27.980+0000][7][gc,age      ] GC(0) Desired survivor size 2097152 bytes, new threshold 15 (max threshold 15)
[2022-12-27T17:35:27.985+0000][7][gc,age      ] GC(0) Age table with threshold 15 (max threshold 15)
[2022-12-27T17:35:27.986+0000][7][gc,age      ] GC(0) - age   1:    4169336 bytes,    4169336 total
[2022-12-27T17:35:27.986+0000][7][gc,phases   ] GC(0)   Pre Evacuate Collection Set: 0.3ms
[2022-12-27T17:35:27.986+0000][7][gc,phases   ] GC(0)   Merge Heap Roots: 0.3ms
[2022-12-27T17:35:27.987+0000][7][gc,phases   ] GC(0)   Evacuate Collection Set: 2.2ms
[2022-12-27T17:35:27.987+0000][7][gc,phases   ] GC(0)   Post Evacuate Collection Set: 1.6ms
[2022-12-27T17:35:27.988+0000][7][gc,phases   ] GC(0)   Other: 4.0ms
[2022-12-27T17:35:27.988+0000][7][gc,heap     ] GC(0) Eden regions: 6->0(6)
[2022-12-27T17:35:27.988+0000][7][gc,heap     ] GC(0) Survivor regions: 0->1(1)
[2022-12-27T17:35:27.988+0000][7][gc,heap     ] GC(0) Old regions: 0->1
[2022-12-27T17:35:27.989+0000][7][gc,heap     ] GC(0) Archive regions: 2->2
[2022-12-27T17:35:27.989+0000][7][gc,heap     ] GC(0) Humongous regions: 0->0
[2022-12-27T17:35:27.989+0000][7][gc,metaspace] GC(0) Metaspace: 8344K(9216K)->8344K(9216K) NonClass: 7404K(8192K)->7404K(8192K) Class: 939K(1024K)->939K(1024K)
[2022-12-27T17:35:27.989+0000][7][gc          ] GC(0) Pause Young (Normal) (G1 Evacuation Pause) 27M->7M(512M) 11.403ms
[2022-12-27T17:35:27.989+0000][7][gc,cpu      ] GC(0) User=0.03s Sys=0.00s Real=0.01s
[2022-12-27T17:35:27.989+0000][7][safepoint   ] Safepoint "G1CollectForAllocation", Time since last: 303121400 ns, Reaching safepoint: 210100 ns, At safepoint: 11771700 ns, Total: 11981800 ns
[2022-12-27T17:35:28.644+0000][7][gc,start    ] GC(1) Pause Young (Normal) (G1 Evacuation Pause)
[2022-12-27T17:35:28.644+0000][7][gc,task     ] GC(1) Using 10 workers of 10 for evacuation
[2022-12-27T17:35:28.644+0000][7][gc,age      ] GC(1) Desired survivor size 2097152 bytes, new threshold 1 (max threshold 15)
[2022-12-27T17:35:28.648+0000][7][gc,age      ] GC(1) Age table with threshold 1 (max threshold 15)
[2022-12-27T17:35:28.648+0000][7][gc,age      ] GC(1) - age   1:    2055968 bytes,    2055968 total
[2022-12-27T17:35:28.649+0000][7][gc,phases   ] GC(1)   Pre Evacuate Collection Set: 0.1ms
[2022-12-27T17:35:28.649+0000][7][gc,phases   ] GC(1)   Merge Heap Roots: 0.1ms
[2022-12-27T17:35:28.649+0000][7][gc,phases   ] GC(1)   Evacuate Collection Set: 2.2ms
[2022-12-27T17:35:28.650+0000][7][gc,phases   ] GC(1)   Post Evacuate Collection Set: 0.8ms
[2022-12-27T17:35:28.651+0000][7][gc,phases   ] GC(1)   Other: 1.8ms
[2022-12-27T17:35:28.651+0000][7][gc,heap     ] GC(1) Eden regions: 6->0(13)
[2022-12-27T17:35:28.651+0000][7][gc,heap     ] GC(1) Survivor regions: 1->1(1)
[2022-12-27T17:35:28.651+0000][7][gc,heap     ] GC(1) Old regions: 1->2
[2022-12-27T17:35:28.652+0000][7][gc,heap     ] GC(1) Archive regions: 2->2
[2022-12-27T17:35:28.652+0000][7][gc,heap     ] GC(1) Humongous regions: 0->0
[2022-12-27T17:35:28.652+0000][7][gc,metaspace] GC(1) Metaspace: 12872K(13440K)->12872K(13440K) NonClass: 11356K(11776K)->11356K(11776K) Class: 1516K(1664K)->1516K(1664K)
[2022-12-27T17:35:28.652+0000][7][gc          ] GC(1) Pause Young (Normal) (G1 Evacuation Pause) 31M->10M(512M) 8.508ms
[2022-12-27T17:35:28.652+0000][7][gc,cpu      ] GC(1) User=0.02s Sys=0.01s Real=0.00s
[2022-12-27T17:35:28.653+0000][7][safepoint   ] Safepoint "G1CollectForAllocation", Time since last: 654135900 ns, Reaching safepoint: 258100 ns, At safepoint: 9069300 ns, Total: 9327400 ns
[2022-12-27T17:35:29.082+0000][7][safepoint   ] Safepoint "ICBufferFull", Time since last: 428905000 ns, Reaching safepoint: 235600 ns, At safepoint: 31100 ns, Total: 266700 ns
[2022-12-27T17:35:29.138+0000][7][gc,start    ] GC(2) Pause Young (Normal) (G1 Evacuation Pause)
[2022-12-27T17:35:29.138+0000][7][gc,task     ] GC(2) Using 10 workers of 10 for evacuation
[2022-12-27T17:35:29.138+0000][7][gc,age      ] GC(2) Desired survivor size 4194304 bytes, new threshold 15 (max threshold 15)
[2022-12-27T17:35:29.143+0000][7][gc,age      ] GC(2) Age table with threshold 15 (max threshold 15)
[2022-12-27T17:35:29.144+0000][7][gc,age      ] GC(2) - age   1:    1194712 bytes,    1194712 total
[2022-12-27T17:35:29.144+0000][7][gc,age      ] GC(2) - age   2:    2035288 bytes,    3230000 total
[2022-12-27T17:35:29.144+0000][7][gc,phases   ] GC(2)   Pre Evacuate Collection Set: 0.2ms
[2022-12-27T17:35:29.145+0000][7][gc,phases   ] GC(2)   Merge Heap Roots: 0.2ms
[2022-12-27T17:35:29.145+0000][7][gc,phases   ] GC(2)   Evacuate Collection Set: 2.0ms
[2022-12-27T17:35:29.146+0000][7][gc,phases   ] GC(2)   Post Evacuate Collection Set: 1.9ms
[2022-12-27T17:35:29.146+0000][7][gc,phases   ] GC(2)   Other: 2.6ms
[2022-12-27T17:35:29.147+0000][7][gc,heap     ] GC(2) Eden regions: 13->0(75)
[2022-12-27T17:35:29.147+0000][7][gc,heap     ] GC(2) Survivor regions: 1->1(2)
[2022-12-27T17:35:29.148+0000][7][gc,heap     ] GC(2) Old regions: 2->2
[2022-12-27T17:35:29.148+0000][7][gc,heap     ] GC(2) Archive regions: 2->2
[2022-12-27T17:35:29.148+0000][7][gc,heap     ] GC(2) Humongous regions: 0->0
[2022-12-27T17:35:29.149+0000][7][gc,metaspace] GC(2) Metaspace: 14767K(15104K)->14767K(15104K) NonClass: 13068K(13312K)->13068K(13312K) Class: 1699K(1792K)->1699K(1792K)
[2022-12-27T17:35:29.149+0000][7][gc          ] GC(2) Pause Young (Normal) (G1 Evacuation Pause) 62M->11M(512M) 11.416ms
[2022-12-27T17:35:29.149+0000][7][gc,cpu      ] GC(2) User=0.02s Sys=0.03s Real=0.01s
[2022-12-27T17:35:29.150+0000][7][safepoint   ] Safepoint "G1CollectForAllocation", Time since last: 55392300 ns, Reaching safepoint: 338800 ns, At safepoint: 12213300 ns, Total: 12552100 ns
[2022-12-27T17:35:29.254+0000][7][safepoint   ] Safepoint "ICBufferFull", Time since last: 104121700 ns, Reaching safepoint: 216200 ns, At safepoint: 21900 ns, Total: 238100 ns
[2022-12-27T17:35:29.260+0000][7][safepoint   ] Safepoint "ICBufferFull", Time since last: 5372800 ns, Reaching safepoint: 232500 ns, At safepoint: 18300 ns, Total: 250800 ns
[2022-12-27T17:35:29.263+0000][7][safepoint   ] Safepoint "ICBufferFull", Time since last: 2918000 ns, Reaching safepoint: 207100 ns, At safepoint: 20600 ns, Total: 227700 ns
[2022-12-27T17:35:29.266+0000][7][safepoint   ] Safepoint "ICBufferFull", Time since last: 3164700 ns, Reaching safepoint: 255300 ns, At safepoint: 21500 ns, Total: 276800 ns
[2022-12-27T17:35:29.271+0000][7][safepoint   ] Safepoint "ICBufferFull", Time since last: 4019800 ns, Reaching safepoint: 246300 ns, At safepoint: 55100 ns, Total: 301400 ns
[2022-12-27T17:35:29.275+0000][7][safepoint   ] Safepoint "ICBufferFull", Time since last: 4231600 ns, Reaching safepoint: 369000 ns, At safepoint: 33400 ns, Total: 402400 ns
[2022-12-27T17:35:29.279+0000][7][safepoint   ] Safepoint "ICBufferFull", Time since last: 3742600 ns, Reaching safepoint: 194600 ns, At safepoint: 20000 ns, Total: 214600 ns
[2022-12-27T17:35:29.283+0000][7][safepoint   ] Safepoint "ICBufferFull", Time since last: 2842400 ns, Reaching safepoint: 330600 ns, At safepoint: 18400 ns, Total: 349000 ns
[2022-12-27T17:35:29.286+0000][7][safepoint   ] Safepoint "ICBufferFull", Time since last: 2673500 ns, Reaching safepoint: 325700 ns, At safepoint: 22300 ns, Total: 348000 ns
[2022-12-27T17:35:29.290+0000][7][safepoint   ] Safepoint "ICBufferFull", Time since last: 4408700 ns, Reaching safepoint: 207600 ns, At safepoint: 18700 ns, Total: 226300 ns
[2022-12-27T17:35:29.293+0000][7][safepoint   ] Safepoint "ICBufferFull", Time since last: 2885100 ns, Reaching safepoint: 239100 ns, At safepoint: 79000 ns, Total: 318100 ns
[2022-12-27T17:35:29.297+0000][7][safepoint   ] Safepoint "ICBufferFull", Time since last: 3082900 ns, Reaching safepoint: 303600 ns, At safepoint: 25100 ns, Total: 328700 ns
[2022-12-27T17:35:29.301+0000][7][safepoint   ] Safepoint "ICBufferFull", Time since last: 3572800 ns, Reaching safepoint: 203400 ns, At safepoint: 89000 ns, Total: 292400 ns
[2022-12-27T17:35:29.304+0000][7][safepoint   ] Safepoint "ICBufferFull", Time since last: 3213100 ns, Reaching safepoint: 425600 ns, At safepoint: 35200 ns, Total: 460800 ns
[2022-12-27T17:35:29.309+0000][7][safepoint   ] Safepoint "ICBufferFull", Time since last: 3699700 ns, Reaching safepoint: 458300 ns, At safepoint: 22000 ns, Total: 480300 ns
[2022-12-27T17:35:29.312+0000][7][safepoint   ] Safepoint "ICBufferFull", Time since last: 2784600 ns, Reaching safepoint: 381400 ns, At safepoint: 18500 ns, Total: 399900 ns
[2022-12-27T17:35:29.315+0000][7][safepoint   ] Safepoint "ICBufferFull", Time since last: 3069400 ns, Reaching safepoint: 328900 ns, At safepoint: 36400 ns, Total: 365300 ns
[2022-12-27T17:35:29.320+0000][7][safepoint   ] Safepoint "ICBufferFull", Time since last: 4903300 ns, Reaching safepoint: 273100 ns, At safepoint: 32900 ns, Total: 306000 ns
[2022-12-27T17:35:29.325+0000][7][safepoint   ] Safepoint "ICBufferFull", Time since last: 3990300 ns, Reaching safepoint: 209900 ns, At safepoint: 33200 ns, Total: 243100 ns
[2022-12-27T17:35:29.326+0000][7][safepoint   ] Safepoint "ICBufferFull", Time since last: 1175700 ns, Reaching safepoint: 251700 ns, At safepoint: 24200 ns, Total: 275900 ns
[2022-12-27T17:35:29.328+0000][7][safepoint   ] Safepoint "ICBufferFull", Time since last: 1179200 ns, Reaching safepoint: 308800 ns, At safepoint: 23400 ns, Total: 332200 ns
[2022-12-27T17:35:29.329+0000][7][safepoint   ] Safepoint "ICBufferFull", Time since last: 1251200 ns, Reaching safepoint: 257900 ns, At safepoint: 18500 ns, Total: 276400 ns
[2022-12-27T17:35:29.330+0000][7][safepoint   ] Safepoint "ICBufferFull", Time since last: 1109800 ns, Reaching safepoint: 202300 ns, At safepoint: 17000 ns, Total: 219300 ns
[2022-12-27T17:35:29.332+0000][7][safepoint   ] Safepoint "ICBufferFull", Time since last: 1356000 ns, Reaching safepoint: 244100 ns, At safepoint: 17300 ns, Total: 261400 ns
[2022-12-27T17:35:29.334+0000][7][safepoint   ] Safepoint "ICBufferFull", Time since last: 1817600 ns, Reaching safepoint: 206300 ns, At safepoint: 18000 ns, Total: 224300 ns
[2022-12-27T17:35:29.336+0000][7][safepoint   ] Safepoint "ICBufferFull", Time since last: 1265300 ns, Reaching safepoint: 249300 ns, At safepoint: 18000 ns, Total: 267300 ns
[2022-12-27T17:35:29.337+0000][7][safepoint   ] Safepoint "ICBufferFull", Time since last: 1369200 ns, Reaching safepoint: 156600 ns, At safepoint: 17800 ns, Total: 174400 ns
[2022-12-27T17:35:29.339+0000][7][safepoint   ] Safepoint "ICBufferFull", Time since last: 1246600 ns, Reaching safepoint: 270900 ns, At safepoint: 23800 ns, Total: 294700 ns
[2022-12-27T17:35:29.340+0000][7][safepoint   ] Safepoint "ICBufferFull", Time since last: 1084700 ns, Reaching safepoint: 188500 ns, At safepoint: 19100 ns, Total: 207600 ns
[2022-12-27T17:35:29.342+0000][7][safepoint   ] Safepoint "ICBufferFull", Time since last: 1331200 ns, Reaching safepoint: 357700 ns, At safepoint: 28100 ns, Total: 385800 ns
[2022-12-27T17:35:29.344+0000][7][safepoint   ] Safepoint "ICBufferFull", Time since last: 1608600 ns, Reaching safepoint: 216700 ns, At safepoint: 24300 ns, Total: 241000 ns
[2022-12-27T17:35:29.345+0000][7][safepoint   ] Safepoint "ICBufferFull", Time since last: 1626900 ns, Reaching safepoint: 208800 ns, At safepoint: 32000 ns, Total: 240800 ns
[2022-12-27T17:35:29.347+0000][7][safepoint   ] Safepoint "ICBufferFull", Time since last: 1129700 ns, Reaching safepoint: 254300 ns, At safepoint: 18900 ns, Total: 273200 ns
[2022-12-27T17:35:29.349+0000][7][safepoint   ] Safepoint "ICBufferFull", Time since last: 1453200 ns, Reaching safepoint: 357700 ns, At safepoint: 110500 ns, Total: 468200 ns
[2022-12-27T17:35:29.351+0000][7][safepoint   ] Safepoint "ICBufferFull", Time since last: 1445600 ns, Reaching safepoint: 396300 ns, At safepoint: 41300 ns, Total: 437600 ns
[2022-12-27T17:35:29.353+0000][7][safepoint   ] Safepoint "ICBufferFull", Time since last: 1823100 ns, Reaching safepoint: 298200 ns, At safepoint: 76300 ns, Total: 374500 ns
[2022-12-27T17:35:29.615+0000][7][safepoint   ] Safepoint "ICBufferFull", Time since last: 261885900 ns, Reaching safepoint: 422800 ns, At safepoint: 116200 ns, Total: 539000 ns
[2022-12-27T17:35:30.042+0000][7][gc,start    ] GC(3) Pause Young (Normal) (G1 Evacuation Pause)
[2022-12-27T17:35:30.043+0000][7][gc,task     ] GC(3) Using 10 workers of 10 for evacuation
[2022-12-27T17:35:30.043+0000][7][gc,age      ] GC(3) Desired survivor size 20971520 bytes, new threshold 15 (max threshold 15)
[2022-12-27T17:35:30.049+0000][7][gc,age      ] GC(3) Age table with threshold 15 (max threshold 15)
[2022-12-27T17:35:30.050+0000][7][gc,age      ] GC(3) - age   1:    6831568 bytes,    6831568 total
[2022-12-27T17:35:30.050+0000][7][gc,age      ] GC(3) - age   2:    1173112 bytes,    8004680 total
[2022-12-27T17:35:30.051+0000][7][gc,age      ] GC(3) - age   3:    2021008 bytes,   10025688 total
[2022-12-27T17:35:30.051+0000][7][gc,phases   ] GC(3)   Pre Evacuate Collection Set: 0.2ms
[2022-12-27T17:35:30.051+0000][7][gc,phases   ] GC(3)   Merge Heap Roots: 0.2ms
[2022-12-27T17:35:30.052+0000][7][gc,phases   ] GC(3)   Evacuate Collection Set: 3.7ms
[2022-12-27T17:35:30.052+0000][7][gc,phases   ] GC(3)   Post Evacuate Collection Set: 1.3ms
[2022-12-27T17:35:30.053+0000][7][gc,phases   ] GC(3)   Other: 3.3ms
[2022-12-27T17:35:30.053+0000][7][gc,heap     ] GC(3) Eden regions: 75->0(73)
[2022-12-27T17:35:30.054+0000][7][gc,heap     ] GC(3) Survivor regions: 1->3(10)
[2022-12-27T17:35:30.054+0000][7][gc,heap     ] GC(3) Old regions: 2->2
[2022-12-27T17:35:30.055+0000][7][gc,heap     ] GC(3) Archive regions: 2->2
[2022-12-27T17:35:30.055+0000][7][gc,heap     ] GC(3) Humongous regions: 0->0
[2022-12-27T17:35:30.055+0000][7][gc,metaspace] GC(3) Metaspace: 18600K(19328K)->18600K(19328K) NonClass: 16350K(16896K)->16350K(16896K) Class: 2249K(2432K)->2249K(2432K)
[2022-12-27T17:35:30.056+0000][7][gc          ] GC(3) Pause Young (Normal) (G1 Evacuation Pause) 311M->17M(512M) 13.164ms
[2022-12-27T17:35:30.056+0000][7][gc,cpu      ] GC(3) User=0.09s Sys=0.00s Real=0.02s
[2022-12-27T17:35:30.056+0000][7][safepoint   ] Safepoint "G1CollectForAllocation", Time since last: 426686400 ns, Reaching safepoint: 426000 ns, At safepoint: 13913300 ns, Total: 14339300 ns
[2022-12-27T17:35:30.526+0000][7][gc,start    ] GC(4) Pause Young (Normal) (G1 Evacuation Pause)
[2022-12-27T17:35:30.527+0000][7][gc,task     ] GC(4) Using 10 workers of 10 for evacuation
[2022-12-27T17:35:30.527+0000][7][gc,age      ] GC(4) Desired survivor size 20971520 bytes, new threshold 15 (max threshold 15)
[2022-12-27T17:35:30.532+0000][7][gc,age      ] GC(4) Age table with threshold 15 (max threshold 15)
[2022-12-27T17:35:30.532+0000][7][gc,age      ] GC(4) - age   1:    2345032 bytes,    2345032 total
[2022-12-27T17:35:30.533+0000][7][gc,age      ] GC(4) - age   2:    5442024 bytes,    7787056 total
[2022-12-27T17:35:30.533+0000][7][gc,age      ] GC(4) - age   3:    1173112 bytes,    8960168 total
[2022-12-27T17:35:30.533+0000][7][gc,age      ] GC(4) - age   4:    2021008 bytes,   10981176 total
[2022-12-27T17:35:30.533+0000][7][gc,phases   ] GC(4)   Pre Evacuate Collection Set: 0.2ms
[2022-12-27T17:35:30.534+0000][7][gc,phases   ] GC(4)   Merge Heap Roots: 0.3ms
[2022-12-27T17:35:30.534+0000][7][gc,phases   ] GC(4)   Evacuate Collection Set: 3.2ms
[2022-12-27T17:35:30.534+0000][7][gc,phases   ] GC(4)   Post Evacuate Collection Set: 1.0ms
[2022-12-27T17:35:30.535+0000][7][gc,phases   ] GC(4)   Other: 2.9ms
[2022-12-27T17:35:30.535+0000][7][gc,heap     ] GC(4) Eden regions: 73->0(73)
[2022-12-27T17:35:30.535+0000][7][gc,heap     ] GC(4) Survivor regions: 3->3(10)
[2022-12-27T17:35:30.536+0000][7][gc,heap     ] GC(4) Old regions: 2->2
[2022-12-27T17:35:30.536+0000][7][gc,heap     ] GC(4) Archive regions: 2->2
[2022-12-27T17:35:30.536+0000][7][gc,heap     ] GC(4) Humongous regions: 0->0
[2022-12-27T17:35:30.537+0000][7][gc,metaspace] GC(4) Metaspace: 19102K(20224K)->19102K(20224K) NonClass: 16799K(17664K)->16799K(17664K) Class: 2303K(2560K)->2303K(2560K)
[2022-12-27T17:35:30.537+0000][7][gc          ] GC(4) Pause Young (Normal) (G1 Evacuation Pause) 309M->19M(512M) 11.063ms
[2022-12-27T17:35:30.537+0000][7][gc,cpu      ] GC(4) User=0.06s Sys=0.00s Real=0.01s
[2022-12-27T17:35:30.538+0000][7][safepoint   ] Safepoint "G1CollectForAllocation", Time since last: 469443300 ns, Reaching safepoint: 221500 ns, At safepoint: 11755500 ns, Total: 11977000 ns
[2022-12-27T17:35:30.924+0000][7][gc,start    ] GC(5) Pause Young (Normal) (G1 Evacuation Pause)
[2022-12-27T17:35:30.925+0000][7][gc,task     ] GC(5) Using 10 workers of 10 for evacuation
[2022-12-27T17:35:30.925+0000][7][gc,age      ] GC(5) Desired survivor size 20971520 bytes, new threshold 15 (max threshold 15)
[2022-12-27T17:35:30.930+0000][7][gc,age      ] GC(5) Age table with threshold 15 (max threshold 15)
[2022-12-27T17:35:30.930+0000][7][gc,age      ] GC(5) - age   1:     900112 bytes,     900112 total
[2022-12-27T17:35:30.930+0000][7][gc,age      ] GC(5) - age   2:    1963912 bytes,    2864024 total
[2022-12-27T17:35:30.931+0000][7][gc,age      ] GC(5) - age   3:    5437848 bytes,    8301872 total
[2022-12-27T17:35:30.931+0000][7][gc,age      ] GC(5) - age   4:    1173112 bytes,    9474984 total
[2022-12-27T17:35:30.931+0000][7][gc,age      ] GC(5) - age   5:    2021008 bytes,   11495992 total
[2022-12-27T17:35:30.931+0000][7][gc,phases   ] GC(5)   Pre Evacuate Collection Set: 0.2ms
[2022-12-27T17:35:30.931+0000][7][gc,phases   ] GC(5)   Merge Heap Roots: 0.1ms
[2022-12-27T17:35:30.932+0000][7][gc,phases   ] GC(5)   Evacuate Collection Set: 3.3ms
[2022-12-27T17:35:30.932+0000][7][gc,phases   ] GC(5)   Post Evacuate Collection Set: 1.0ms
[2022-12-27T17:35:30.932+0000][7][gc,phases   ] GC(5)   Other: 2.5ms
[2022-12-27T17:35:30.933+0000][7][gc,heap     ] GC(5) Eden regions: 73->0(73)
[2022-12-27T17:35:30.933+0000][7][gc,heap     ] GC(5) Survivor regions: 3->3(10)
[2022-12-27T17:35:30.933+0000][7][gc,heap     ] GC(5) Old regions: 2->2
[2022-12-27T17:35:30.934+0000][7][gc,heap     ] GC(5) Archive regions: 2->2
[2022-12-27T17:35:30.934+0000][7][gc,heap     ] GC(5) Humongous regions: 0->0
[2022-12-27T17:35:30.935+0000][7][gc,metaspace] GC(5) Metaspace: 19493K(20608K)->19493K(20608K) NonClass: 17117K(17920K)->17117K(17920K) Class: 2375K(2688K)->2375K(2688K)
[2022-12-27T17:35:30.935+0000][7][gc          ] GC(5) Pause Young (Normal) (G1 Evacuation Pause) 311M->19M(512M) 10.727ms
[2022-12-27T17:35:30.935+0000][7][gc,cpu      ] GC(5) User=0.05s Sys=0.00s Real=0.01s
[2022-12-27T17:35:30.936+0000][7][safepoint   ] Safepoint "G1CollectForAllocation", Time since last: 386134600 ns, Reaching safepoint: 395100 ns, At safepoint: 11495400 ns, Total: 11890500 ns
[2022-12-27T17:35:31.365+0000][7][gc,start    ] GC(6) Pause Young (Normal) (G1 Evacuation Pause)
[2022-12-27T17:35:31.366+0000][7][gc,task     ] GC(6) Using 10 workers of 10 for evacuation
[2022-12-27T17:35:31.366+0000][7][gc,age      ] GC(6) Desired survivor size 20971520 bytes, new threshold 15 (max threshold 15)
[2022-12-27T17:35:31.372+0000][7][gc,age      ] GC(6) Age table with threshold 15 (max threshold 15)
[2022-12-27T17:35:31.373+0000][7][gc,age      ] GC(6) - age   1:    2359888 bytes,    2359888 total
[2022-12-27T17:35:31.373+0000][7][gc,age      ] GC(6) - age   2:     559704 bytes,    2919592 total
[2022-12-27T17:35:31.373+0000][7][gc,age      ] GC(6) - age   3:    1962808 bytes,    4882400 total
[2022-12-27T17:35:31.374+0000][7][gc,age      ] GC(6) - age   4:    5436336 bytes,   10318736 total
[2022-12-27T17:35:31.374+0000][7][gc,age      ] GC(6) - age   5:    1172936 bytes,   11491672 total
[2022-12-27T17:35:31.374+0000][7][gc,age      ] GC(6) - age   6:    2021008 bytes,   13512680 total
[2022-12-27T17:35:31.375+0000][7][gc,phases   ] GC(6)   Pre Evacuate Collection Set: 0.3ms
[2022-12-27T17:35:31.375+0000][7][gc,phases   ] GC(6)   Merge Heap Roots: 0.2ms
[2022-12-27T17:35:31.375+0000][7][gc,phases   ] GC(6)   Evacuate Collection Set: 3.7ms
[2022-12-27T17:35:31.376+0000][7][gc,phases   ] GC(6)   Post Evacuate Collection Set: 1.2ms
[2022-12-27T17:35:31.376+0000][7][gc,phases   ] GC(6)   Other: 4.1ms
[2022-12-27T17:35:31.376+0000][7][gc,heap     ] GC(6) Eden regions: 73->0(72)
[2022-12-27T17:35:31.376+0000][7][gc,heap     ] GC(6) Survivor regions: 3->4(10)
[2022-12-27T17:35:31.377+0000][7][gc,heap     ] GC(6) Old regions: 2->2
[2022-12-27T17:35:31.377+0000][7][gc,heap     ] GC(6) Archive regions: 2->2
[2022-12-27T17:35:31.377+0000][7][gc,heap     ] GC(6) Humongous regions: 0->0
[2022-12-27T17:35:31.378+0000][7][gc,metaspace] GC(6) Metaspace: 19902K(21120K)->19902K(21120K) NonClass: 17457K(18432K)->17457K(18432K) Class: 2445K(2688K)->2445K(2688K)
[2022-12-27T17:35:31.378+0000][7][gc          ] GC(6) Pause Young (Normal) (G1 Evacuation Pause) 311M->21M(512M) 12.902ms
[2022-12-27T17:35:31.378+0000][7][gc,cpu      ] GC(6) User=0.05s Sys=0.00s Real=0.01s
[2022-12-27T17:35:31.379+0000][7][safepoint   ] Safepoint "G1CollectForAllocation", Time since last: 429151200 ns, Reaching safepoint: 350600 ns, At safepoint: 13627600 ns, Total: 13978200 ns
[2022-12-27T17:35:31.582+0000][7][gc,start    ] GC(7) Pause Young (Concurrent Start) (Metadata GC Threshold)
[2022-12-27T17:35:31.582+0000][7][gc,task     ] GC(7) Using 10 workers of 10 for evacuation
[2022-12-27T17:35:31.583+0000][7][gc,age      ] GC(7) Desired survivor size 20971520 bytes, new threshold 15 (max threshold 15)
[2022-12-27T17:35:31.588+0000][7][gc,age      ] GC(7) Age table with threshold 15 (max threshold 15)
[2022-12-27T17:35:31.589+0000][7][gc,age      ] GC(7) - age   1:     710608 bytes,     710608 total
[2022-12-27T17:35:31.589+0000][7][gc,age      ] GC(7) - age   2:    2060504 bytes,    2771112 total
[2022-12-27T17:35:31.589+0000][7][gc,age      ] GC(7) - age   3:     558944 bytes,    3330056 total
[2022-12-27T17:35:31.590+0000][7][gc,age      ] GC(7) - age   4:    1962808 bytes,    5292864 total
[2022-12-27T17:35:31.590+0000][7][gc,age      ] GC(7) - age   5:    5436336 bytes,   10729200 total
[2022-12-27T17:35:31.590+0000][7][gc,age      ] GC(7) - age   6:    1172936 bytes,   11902136 total
[2022-12-27T17:35:31.591+0000][7][gc,age      ] GC(7) - age   7:    2021008 bytes,   13923144 total
[2022-12-27T17:35:31.591+0000][7][gc,phases   ] GC(7)   Pre Evacuate Collection Set: 0.3ms
[2022-12-27T17:35:31.591+0000][7][gc,phases   ] GC(7)   Merge Heap Roots: 0.2ms
[2022-12-27T17:35:31.592+0000][7][gc,phases   ] GC(7)   Evacuate Collection Set: 3.4ms
[2022-12-27T17:35:31.592+0000][7][gc,phases   ] GC(7)   Post Evacuate Collection Set: 1.2ms
[2022-12-27T17:35:31.592+0000][7][gc,phases   ] GC(7)   Other: 3.8ms
[2022-12-27T17:35:31.593+0000][7][gc,heap     ] GC(7) Eden regions: 47->0(72)
[2022-12-27T17:35:31.593+0000][7][gc,heap     ] GC(7) Survivor regions: 4->4(10)
[2022-12-27T17:35:31.593+0000][7][gc,heap     ] GC(7) Old regions: 2->2
[2022-12-27T17:35:31.594+0000][7][gc,heap     ] GC(7) Archive regions: 2->2
[2022-12-27T17:35:31.594+0000][7][gc,heap     ] GC(7) Humongous regions: 0->0
[2022-12-27T17:35:31.594+0000][7][gc,metaspace] GC(7) Metaspace: 19956K(21248K)->19956K(21248K) NonClass: 17500K(18432K)->17500K(18432K) Class: 2455K(2816K)->2455K(2816K)
[2022-12-27T17:35:31.595+0000][7][gc          ] GC(7) Pause Young (Concurrent Start) (Metadata GC Threshold) 209M->22M(512M) 12.652ms
[2022-12-27T17:35:31.595+0000][7][gc,cpu      ] GC(7) User=0.06s Sys=0.01s Real=0.02s
[2022-12-27T17:35:31.595+0000][7][gc          ] GC(8) Concurrent Cycle
[2022-12-27T17:35:31.595+0000][7][safepoint   ] Safepoint "CollectForMetadataAllocation", Time since last: 202679700 ns, Reaching safepoint: 392300 ns, At safepoint: 13513500 ns, Total: 13905800 ns
[2022-12-27T17:35:31.596+0000][7][gc,marking  ] GC(8) Concurrent Clear Claimed Marks
[2022-12-27T17:35:31.596+0000][7][gc,marking  ] GC(8) Concurrent Clear Claimed Marks 0.588ms
[2022-12-27T17:35:31.596+0000][7][gc,marking  ] GC(8) Concurrent Scan Root Regions
[2022-12-27T17:35:31.600+0000][7][gc,marking  ] GC(8) Concurrent Scan Root Regions 3.223ms
[2022-12-27T17:35:31.600+0000][7][gc,marking  ] GC(8) Concurrent Mark (4.483s)
[2022-12-27T17:35:31.600+0000][7][gc,marking  ] GC(8) Concurrent Mark From Roots
[2022-12-27T17:35:31.600+0000][7][gc,task     ] GC(8) Using 3 workers of 3 for marking
[2022-12-27T17:35:31.605+0000][7][gc,marking  ] GC(8) Concurrent Mark From Roots 4.605ms
[2022-12-27T17:35:31.605+0000][7][gc,marking  ] GC(8) Concurrent Preclean
[2022-12-27T17:35:31.606+0000][7][gc,marking  ] GC(8) Concurrent Preclean 0.430ms
[2022-12-27T17:35:31.606+0000][7][gc,marking  ] GC(8) Concurrent Mark (4.483s, 4.489s) 6.045ms
[2022-12-27T17:35:31.607+0000][7][gc,start    ] GC(8) Pause Remark
[2022-12-27T17:35:31.610+0000][7][gc          ] GC(8) Pause Remark 34M->34M(512M) 2.859ms
[2022-12-27T17:35:31.610+0000][7][gc,cpu      ] GC(8) User=0.01s Sys=0.00s Real=0.00s
[2022-12-27T17:35:31.611+0000][7][safepoint   ] Safepoint "G1Concurrent", Time since last: 11038600 ns, Reaching safepoint: 553300 ns, At safepoint: 3500400 ns, Total: 4053700 ns
[2022-12-27T17:35:31.611+0000][7][gc,marking  ] GC(8) Concurrent Rebuild Remembered Sets
[2022-12-27T17:35:31.614+0000][7][gc,marking  ] GC(8) Concurrent Rebuild Remembered Sets 2.744ms
[2022-12-27T17:35:31.615+0000][7][gc,start    ] GC(8) Pause Cleanup
[2022-12-27T17:35:31.616+0000][7][gc          ] GC(8) Pause Cleanup 38M->38M(512M) 0.683ms
[2022-12-27T17:35:31.616+0000][7][gc,cpu      ] GC(8) User=0.00s Sys=0.00s Real=0.00s
[2022-12-27T17:35:31.616+0000][7][safepoint   ] Safepoint "G1Concurrent", Time since last: 3657700 ns, Reaching safepoint: 786100 ns, At safepoint: 1481600 ns, Total: 2267700 ns
[2022-12-27T17:35:31.617+0000][7][gc,marking  ] GC(8) Concurrent Cleanup for Next Mark
[2022-12-27T17:35:31.618+0000][7][gc,marking  ] GC(8) Concurrent Cleanup for Next Mark 0.737ms
[2022-12-27T17:35:31.618+0000][7][gc          ] GC(8) Concurrent Cycle 22.904ms
[2022-12-27T17:35:32.457+0000][7][safepoint   ] Safepoint "ICBufferFull", Time since last: 839881100 ns, Reaching safepoint: 429000 ns, At safepoint: 20300 ns, Total: 449300 ns
[2022-12-27T17:35:32.950+0000][7][safepoint   ] Safepoint "ICBufferFull", Time since last: 492549900 ns, Reaching safepoint: 300400 ns, At safepoint: 32100 ns, Total: 332500 ns
[2022-12-27T17:35:33.818+0000][7][gc,start    ] GC(9) Pause Young (Normal) (G1 Evacuation Pause)
[2022-12-27T17:35:33.818+0000][7][gc,task     ] GC(9) Using 10 workers of 10 for evacuation
[2022-12-27T17:35:33.818+0000][7][gc,age      ] GC(9) Desired survivor size 20971520 bytes, new threshold 15 (max threshold 15)
[2022-12-27T17:35:33.834+0000][7][gc,age      ] GC(9) Age table with threshold 15 (max threshold 15)
[2022-12-27T17:35:33.835+0000][7][gc,age      ] GC(9) - age   1:   27006168 bytes,   27006168 total
[2022-12-27T17:35:33.835+0000][7][gc,age      ] GC(9) - age   2:     672600 bytes,   27678768 total
[2022-12-27T17:35:33.835+0000][7][gc,age      ] GC(9) - age   3:    2042864 bytes,   29721632 total
[2022-12-27T17:35:33.835+0000][7][gc,age      ] GC(9) - age   4:     541088 bytes,   30262720 total
[2022-12-27T17:35:33.836+0000][7][gc,age      ] GC(9) - age   5:    1946336 bytes,   32209056 total
[2022-12-27T17:35:33.836+0000][7][gc,age      ] GC(9) - age   6:    5391744 bytes,   37600800 total
[2022-12-27T17:35:33.836+0000][7][gc,age      ] GC(9) - age   7:    1122864 bytes,   38723664 total
[2022-12-27T17:35:33.836+0000][7][gc,age      ] GC(9) - age   8:    2010936 bytes,   40734600 total
[2022-12-27T17:35:33.836+0000][7][gc,phases   ] GC(9)   Pre Evacuate Collection Set: 0.2ms
[2022-12-27T17:35:33.837+0000][7][gc,phases   ] GC(9)   Merge Heap Roots: 0.1ms
[2022-12-27T17:35:33.837+0000][7][gc,phases   ] GC(9)   Evacuate Collection Set: 12.7ms
[2022-12-27T17:35:33.837+0000][7][gc,phases   ] GC(9)   Post Evacuate Collection Set: 2.7ms
[2022-12-27T17:35:33.837+0000][7][gc,phases   ] GC(9)   Other: 2.9ms
[2022-12-27T17:35:33.837+0000][7][gc,heap     ] GC(9) Eden regions: 72->0(66)
[2022-12-27T17:35:33.838+0000][7][gc,heap     ] GC(9) Survivor regions: 4->10(10)
[2022-12-27T17:35:33.838+0000][7][gc,heap     ] GC(9) Old regions: 2->2
[2022-12-27T17:35:33.838+0000][7][gc,heap     ] GC(9) Archive regions: 2->2
[2022-12-27T17:35:33.838+0000][7][gc,heap     ] GC(9) Humongous regions: 0->0
[2022-12-27T17:35:33.838+0000][7][gc,metaspace] GC(9) Metaspace: 29884K(32000K)->29884K(32000K) NonClass: 26143K(27648K)->26143K(27648K) Class: 3740K(4352K)->3740K(4352K)
[2022-12-27T17:35:33.839+0000][7][gc          ] GC(9) Pause Young (Normal) (G1 Evacuation Pause) 310M->47M(512M) 20.716ms
[2022-12-27T17:35:33.839+0000][7][gc,cpu      ] GC(9) User=0.16s Sys=0.01s Real=0.02s
[2022-12-27T17:35:33.839+0000][7][safepoint   ] Safepoint "G1CollectForAllocation", Time since last: 867971100 ns, Reaching safepoint: 192900 ns, At safepoint: 21278200 ns, Total: 21471100 ns
[2022-12-27T17:35:34.555+0000][7][gc,start    ] GC(10) Pause Young (Concurrent Start) (Metadata GC Threshold)
[2022-12-27T17:35:34.555+0000][7][gc,task     ] GC(10) Using 10 workers of 10 for evacuation
[2022-12-27T17:35:34.555+0000][7][gc,age      ] GC(10) Desired survivor size 20971520 bytes, new threshold 1 (max threshold 15)
[2022-12-27T17:35:34.580+0000][7][gc,age      ] GC(10) Age table with threshold 1 (max threshold 15)
[2022-12-27T17:35:34.581+0000][7][gc,age      ] GC(10) - age   1:   11684264 bytes,   11684264 total
[2022-12-27T17:35:34.581+0000][7][gc,phases   ] GC(10)   Pre Evacuate Collection Set: 0.3ms
[2022-12-27T17:35:34.581+0000][7][gc,phases   ] GC(10)   Merge Heap Roots: 0.2ms
[2022-12-27T17:35:34.581+0000][7][gc,phases   ] GC(10)   Evacuate Collection Set: 22.9ms
[2022-12-27T17:35:34.582+0000][7][gc,phases   ] GC(10)   Post Evacuate Collection Set: 1.5ms
[2022-12-27T17:35:34.582+0000][7][gc,phases   ] GC(10)   Other: 1.5ms
[2022-12-27T17:35:34.582+0000][7][gc,heap     ] GC(10) Eden regions: 21->0(72)
[2022-12-27T17:35:34.582+0000][7][gc,heap     ] GC(10) Survivor regions: 10->4(10)
[2022-12-27T17:35:34.582+0000][7][gc,heap     ] GC(10) Old regions: 2->11
[2022-12-27T17:35:34.582+0000][7][gc,heap     ] GC(10) Archive regions: 2->2
[2022-12-27T17:35:34.582+0000][7][gc,heap     ] GC(10) Humongous regions: 0->0
[2022-12-27T17:35:34.583+0000][7][gc,metaspace] GC(10) Metaspace: 33652K(35840K)->33652K(35840K) NonClass: 29289K(30848K)->29289K(30848K) Class: 4362K(4992K)->4362K(4992K)
[2022-12-27T17:35:34.583+0000][7][gc          ] GC(10) Pause Young (Concurrent Start) (Metadata GC Threshold) 129M->61M(512M) 28.114ms
[2022-12-27T17:35:34.583+0000][7][gc,cpu      ] GC(10) User=0.27s Sys=0.00s Real=0.03s
[2022-12-27T17:35:34.583+0000][7][gc          ] GC(11) Concurrent Cycle
[2022-12-27T17:35:34.583+0000][7][gc,marking  ] GC(11) Concurrent Clear Claimed Marks
[2022-12-27T17:35:34.584+0000][7][safepoint   ] Safepoint "CollectForMetadataAllocation", Time since last: 715358400 ns, Reaching safepoint: 213200 ns, At safepoint: 28835300 ns, Total: 29048500 ns
[2022-12-27T17:35:34.584+0000][7][gc,marking  ] GC(11) Concurrent Clear Claimed Marks 0.387ms
[2022-12-27T17:35:34.585+0000][7][gc,marking  ] GC(11) Concurrent Scan Root Regions
[2022-12-27T17:35:34.599+0000][7][gc,marking  ] GC(11) Concurrent Scan Root Regions 14.563ms
[2022-12-27T17:35:34.600+0000][7][gc,marking  ] GC(11) Concurrent Mark (7.483s)
[2022-12-27T17:35:34.600+0000][7][gc,marking  ] GC(11) Concurrent Mark From Roots
[2022-12-27T17:35:34.600+0000][7][gc,task     ] GC(11) Using 3 workers of 3 for marking
[2022-12-27T17:35:34.606+0000][7][gc,marking  ] GC(11) Concurrent Mark From Roots 6.123ms
[2022-12-27T17:35:34.607+0000][7][gc,marking  ] GC(11) Concurrent Preclean
[2022-12-27T17:35:34.607+0000][7][gc,marking  ] GC(11) Concurrent Preclean 0.284ms
[2022-12-27T17:35:34.607+0000][7][gc,marking  ] GC(11) Concurrent Mark (7.483s, 7.490s) 7.389ms
[2022-12-27T17:35:34.608+0000][7][gc,start    ] GC(11) Pause Remark
[2022-12-27T17:35:34.611+0000][7][gc          ] GC(11) Pause Remark 63M->63M(512M) 2.453ms
[2022-12-27T17:35:34.611+0000][7][gc,cpu      ] GC(11) User=0.01s Sys=0.00s Real=0.00s
[2022-12-27T17:35:34.611+0000][7][safepoint   ] Safepoint "G1Concurrent", Time since last: 24018800 ns, Reaching safepoint: 817400 ns, At safepoint: 3107200 ns, Total: 3924600 ns
[2022-12-27T17:35:34.612+0000][7][gc,marking  ] GC(11) Concurrent Rebuild Remembered Sets
[2022-12-27T17:35:34.612+0000][7][safepoint   ] Safepoint "CollectForMetadataAllocation", Time since last: 419300 ns, Reaching safepoint: 510300 ns, At safepoint: 98100 ns, Total: 608400 ns
[2022-12-27T17:35:34.630+0000][7][gc,marking  ] GC(11) Concurrent Rebuild Remembered Sets 17.782ms
[2022-12-27T17:35:34.630+0000][7][gc,start    ] GC(11) Pause Cleanup
[2022-12-27T17:35:34.630+0000][7][gc          ] GC(11) Pause Cleanup 63M->63M(512M) 0.358ms
[2022-12-27T17:35:34.631+0000][7][gc,cpu      ] GC(11) User=0.00s Sys=0.00s Real=0.00s
[2022-12-27T17:35:34.631+0000][7][safepoint   ] Safepoint "G1Concurrent", Time since last: 17431600 ns, Reaching safepoint: 177400 ns, At safepoint: 773700 ns, Total: 951100 ns
[2022-12-27T17:35:34.631+0000][7][gc,marking  ] GC(11) Concurrent Cleanup for Next Mark
[2022-12-27T17:35:34.632+0000][7][gc,marking  ] GC(11) Concurrent Cleanup for Next Mark 0.533ms
[2022-12-27T17:35:34.632+0000][7][gc          ] GC(11) Concurrent Cycle 48.780ms
[2022-12-27T17:35:35.267+0000][7][safepoint   ] Safepoint "ICBufferFull", Time since last: 635648500 ns, Reaching safepoint: 264400 ns, At safepoint: 19500 ns, Total: 283900 ns
[2022-12-27T17:35:36.392+0000][7][safepoint   ] Safepoint "Cleanup", Time since last: 1124992500 ns, Reaching safepoint: 356200 ns, At safepoint: 39100 ns, Total: 395300 ns
[2022-12-27T17:35:36.565+0000][7][safepoint   ] Safepoint "ICBufferFull", Time since last: 172266600 ns, Reaching safepoint: 286100 ns, At safepoint: 20500 ns, Total: 306600 ns
[2022-12-27T17:35:36.576+0000][7][gc,start    ] GC(12) Pause Young (Normal) (G1 Evacuation Pause)
[2022-12-27T17:35:36.577+0000][7][gc,task     ] GC(12) Using 10 workers of 10 for evacuation
[2022-12-27T17:35:36.577+0000][7][gc,age      ] GC(12) Desired survivor size 20971520 bytes, new threshold 15 (max threshold 15)
[2022-12-27T17:35:36.587+0000][7][gc,age      ] GC(12) Age table with threshold 15 (max threshold 15)
[2022-12-27T17:35:36.587+0000][7][gc,age      ] GC(12) - age   1:    6540848 bytes,    6540848 total
[2022-12-27T17:35:36.587+0000][7][gc,age      ] GC(12) - age   2:   11556976 bytes,   18097824 total
[2022-12-27T17:35:36.588+0000][7][gc,phases   ] GC(12)   Pre Evacuate Collection Set: 0.2ms
[2022-12-27T17:35:36.588+0000][7][gc,phases   ] GC(12)   Merge Heap Roots: 0.2ms
[2022-12-27T17:35:36.588+0000][7][gc,phases   ] GC(12)   Evacuate Collection Set: 7.3ms
[2022-12-27T17:35:36.588+0000][7][gc,phases   ] GC(12)   Post Evacuate Collection Set: 1.8ms
[2022-12-27T17:35:36.589+0000][7][gc,phases   ] GC(12)   Other: 1.8ms
[2022-12-27T17:35:36.589+0000][7][gc,heap     ] GC(12) Eden regions: 72->0(71)
[2022-12-27T17:35:36.589+0000][7][gc,heap     ] GC(12) Survivor regions: 4->5(10)
[2022-12-27T17:35:36.589+0000][7][gc,heap     ] GC(12) Old regions: 11->11
[2022-12-27T17:35:36.589+0000][7][gc,heap     ] GC(12) Archive regions: 2->2
[2022-12-27T17:35:36.589+0000][7][gc,heap     ] GC(12) Humongous regions: 0->0
[2022-12-27T17:35:36.590+0000][7][gc,metaspace] GC(12) Metaspace: 51782K(55372K)->51782K(55372K) NonClass: 44849K(47616K)->44849K(47616K) Class: 6932K(7756K)->6932K(7756K)
[2022-12-27T17:35:36.590+0000][7][gc          ] GC(12) Pause Young (Normal) (G1 Evacuation Pause) 349M->65M(512M) 13.274ms
[2022-12-27T17:35:36.590+0000][7][gc,cpu      ] GC(12) User=0.11s Sys=0.00s Real=0.01s
[2022-12-27T17:35:36.590+0000][7][safepoint   ] Safepoint "G1CollectForAllocation", Time since last: 11389800 ns, Reaching safepoint: 258500 ns, At safepoint: 13651900 ns, Total: 13910400 ns
[2022-12-27T17:35:37.015+0000][7][gc,start    ] GC(13) Pause Young (Concurrent Start) (Metadata GC Threshold)
[2022-12-27T17:35:37.015+0000][7][gc,task     ] GC(13) Using 10 workers of 10 for evacuation
[2022-12-27T17:35:37.016+0000][7][gc,age      ] GC(13) Desired survivor size 20971520 bytes, new threshold 15 (max threshold 15)
[2022-12-27T17:35:37.025+0000][7][gc,age      ] GC(13) Age table with threshold 15 (max threshold 15)
[2022-12-27T17:35:37.025+0000][7][gc,age      ] GC(13) - age   1:    2328816 bytes,    2328816 total
[2022-12-27T17:35:37.026+0000][7][gc,age      ] GC(13) - age   2:    6328920 bytes,    8657736 total
[2022-12-27T17:35:37.026+0000][7][gc,age      ] GC(13) - age   3:   11555160 bytes,   20212896 total
[2022-12-27T17:35:37.026+0000][7][gc,phases   ] GC(13)   Pre Evacuate Collection Set: 0.3ms
[2022-12-27T17:35:37.026+0000][7][gc,phases   ] GC(13)   Merge Heap Roots: 0.2ms
[2022-12-27T17:35:37.026+0000][7][gc,phases   ] GC(13)   Evacuate Collection Set: 7.1ms
[2022-12-27T17:35:37.026+0000][7][gc,phases   ] GC(13)   Post Evacuate Collection Set: 1.8ms
[2022-12-27T17:35:37.026+0000][7][gc,phases   ] GC(13)   Other: 1.7ms
[2022-12-27T17:35:37.026+0000][7][gc,heap     ] GC(13) Eden regions: 7->0(70)
[2022-12-27T17:35:37.027+0000][7][gc,heap     ] GC(13) Survivor regions: 5->6(10)
[2022-12-27T17:35:37.027+0000][7][gc,heap     ] GC(13) Old regions: 11->11
[2022-12-27T17:35:37.027+0000][7][gc,heap     ] GC(13) Archive regions: 2->2
[2022-12-27T17:35:37.027+0000][7][gc,heap     ] GC(13) Humongous regions: 0->0
[2022-12-27T17:35:37.027+0000][7][gc,metaspace] GC(13) Metaspace: 56687K(60288K)->56687K(60288K) NonClass: 49238K(51892K)->49238K(51892K) Class: 7448K(8396K)->7448K(8396K)
[2022-12-27T17:35:37.027+0000][7][gc          ] GC(13) Pause Young (Concurrent Start) (Metadata GC Threshold) 93M->67M(512M) 12.596ms
[2022-12-27T17:35:37.028+0000][7][gc,cpu      ] GC(13) User=0.09s Sys=0.00s Real=0.01s
[2022-12-27T17:35:37.028+0000][7][gc          ] GC(14) Concurrent Cycle
[2022-12-27T17:35:37.028+0000][7][safepoint   ] Safepoint "CollectForMetadataAllocation", Time since last: 424273900 ns, Reaching safepoint: 474900 ns, At safepoint: 13259900 ns, Total: 13734800 ns
[2022-12-27T17:35:37.028+0000][7][gc,marking  ] GC(14) Concurrent Clear Claimed Marks
[2022-12-27T17:35:37.029+0000][7][gc,marking  ] GC(14) Concurrent Clear Claimed Marks 0.616ms
[2022-12-27T17:35:37.029+0000][7][gc,marking  ] GC(14) Concurrent Scan Root Regions
[2022-12-27T17:35:37.036+0000][7][gc,marking  ] GC(14) Concurrent Scan Root Regions 7.068ms
[2022-12-27T17:35:37.036+0000][7][gc,marking  ] GC(14) Concurrent Mark (9.919s)
[2022-12-27T17:35:37.037+0000][7][gc,marking  ] GC(14) Concurrent Mark From Roots
[2022-12-27T17:35:37.037+0000][7][gc,task     ] GC(14) Using 3 workers of 3 for marking
[2022-12-27T17:35:37.059+0000][7][safepoint   ] Safepoint "CollectForMetadataAllocation", Time since last: 30686700 ns, Reaching safepoint: 208400 ns, At safepoint: 177800 ns, Total: 386200 ns
[2022-12-27T17:35:37.066+0000][7][gc,marking  ] GC(14) Concurrent Mark From Roots 29.790ms
[2022-12-27T17:35:37.067+0000][7][gc,marking  ] GC(14) Concurrent Preclean
[2022-12-27T17:35:37.067+0000][7][gc,marking  ] GC(14) Concurrent Preclean 0.353ms
[2022-12-27T17:35:37.067+0000][7][gc,marking  ] GC(14) Concurrent Mark (9.919s, 9.950s) 30.882ms
[2022-12-27T17:35:37.068+0000][7][gc,start    ] GC(14) Pause Remark
[2022-12-27T17:35:37.070+0000][7][gc          ] GC(14) Pause Remark 71M->71M(512M) 2.129ms
[2022-12-27T17:35:37.070+0000][7][gc,cpu      ] GC(14) User=0.02s Sys=0.00s Real=0.00s
[2022-12-27T17:35:37.070+0000][7][safepoint   ] Safepoint "G1Concurrent", Time since last: 8210500 ns, Reaching safepoint: 169100 ns, At safepoint: 2589100 ns, Total: 2758200 ns
[2022-12-27T17:35:37.070+0000][7][gc,marking  ] GC(14) Concurrent Rebuild Remembered Sets
[2022-12-27T17:35:37.093+0000][7][gc,marking  ] GC(14) Concurrent Rebuild Remembered Sets 22.270ms
[2022-12-27T17:35:37.094+0000][7][gc,start    ] GC(14) Pause Cleanup
[2022-12-27T17:35:37.094+0000][7][gc          ] GC(14) Pause Cleanup 74M->74M(512M) 0.458ms
[2022-12-27T17:35:37.094+0000][7][gc,cpu      ] GC(14) User=0.00s Sys=0.00s Real=0.00s
[2022-12-27T17:35:37.094+0000][7][safepoint   ] Safepoint "G1Concurrent", Time since last: 22780000 ns, Reaching safepoint: 642800 ns, At safepoint: 884600 ns, Total: 1527400 ns
[2022-12-27T17:35:37.095+0000][7][gc,marking  ] GC(14) Concurrent Cleanup for Next Mark
[2022-12-27T17:35:37.095+0000][7][gc,marking  ] GC(14) Concurrent Cleanup for Next Mark 0.442ms
[2022-12-27T17:35:37.095+0000][7][gc          ] GC(14) Concurrent Cycle 67.494ms
[2022-12-27T17:35:38.265+0000][7][safepoint   ] Safepoint "Cleanup", Time since last: 1168680100 ns, Reaching safepoint: 1357400 ns, At safepoint: 61800 ns, Total: 1419200 ns
[2022-12-27T17:35:39.257+0000][7][safepoint   ] Safepoint "ICBufferFull", Time since last: 991741300 ns, Reaching safepoint: 322100 ns, At safepoint: 22000 ns, Total: 344100 ns
[2022-12-27T17:35:39.927+0000][7][safepoint   ] Safepoint "ICBufferFull", Time since last: 669895500 ns, Reaching safepoint: 425200 ns, At safepoint: 21100 ns, Total: 446300 ns
[2022-12-27T17:35:40.290+0000][7][safepoint   ] Safepoint "ICBufferFull", Time since last: 362903300 ns, Reaching safepoint: 421600 ns, At safepoint: 24000 ns, Total: 445600 ns
[2022-12-27T17:35:41.291+0000][7][safepoint   ] Safepoint "Cleanup", Time since last: 1000634100 ns, Reaching safepoint: 246700 ns, At safepoint: 32800 ns, Total: 279500 ns
[2022-12-27T17:35:42.292+0000][7][safepoint   ] Safepoint "Cleanup", Time since last: 1000620500 ns, Reaching safepoint: 404500 ns, At safepoint: 17100 ns, Total: 421600 ns
[2022-12-27T17:35:43.293+0000][7][safepoint   ] Safepoint "Cleanup", Time since last: 1000803200 ns, Reaching safepoint: 338800 ns, At safepoint: 17100 ns, Total: 355900 ns
[2022-12-27T17:35:44.294+0000][7][safepoint   ] Safepoint "Cleanup", Time since last: 1000468100 ns, Reaching safepoint: 207400 ns, At safepoint: 19800 ns, Total: 227200 ns
[2022-12-27T17:35:45.295+0000][7][safepoint   ] Safepoint "Cleanup", Time since last: 1000379900 ns, Reaching safepoint: 296800 ns, At safepoint: 19900 ns, Total: 316700 ns
[2022-12-27T17:35:46.296+0000][7][safepoint   ] Safepoint "Cleanup", Time since last: 1000537100 ns, Reaching safepoint: 209700 ns, At safepoint: 19100 ns, Total: 228800 ns
[2022-12-27T17:35:47.297+0000][7][safepoint   ] Safepoint "Cleanup", Time since last: 1000496400 ns, Reaching safepoint: 450300 ns, At safepoint: 43300 ns, Total: 493600 ns
[2022-12-27T17:35:51.299+0000][7][safepoint   ] Safepoint "Cleanup", Time since last: 4001612100 ns, Reaching safepoint: 335000 ns, At safepoint: 41500 ns, Total: 376500 ns
[2022-12-27T17:35:57.301+0000][7][safepoint   ] Safepoint "Cleanup", Time since last: 6001530600 ns, Reaching safepoint: 510200 ns, At safepoint: 46200 ns, Total: 556400 ns
[2022-12-27T17:35:58.302+0000][7][safepoint   ] Safepoint "Cleanup", Time since last: 1000656600 ns, Reaching safepoint: 260400 ns, At safepoint: 21600 ns, Total: 282000 ns
[2022-12-27T17:35:59.302+0000][7][safepoint   ] Safepoint "Cleanup", Time since last: 1000510400 ns, Reaching safepoint: 228600 ns, At safepoint: 20200 ns, Total: 248800 ns
[2022-12-27T17:36:00.303+0000][7][safepoint   ] Safepoint "Cleanup", Time since last: 1000486900 ns, Reaching safepoint: 437500 ns, At safepoint: 40000 ns, Total: 477500 ns
[2022-12-27T17:36:02.304+0000][7][safepoint   ] Safepoint "Cleanup", Time since last: 2000859200 ns, Reaching safepoint: 287600 ns, At safepoint: 18100 ns, Total: 305700 ns
[2022-12-27T17:36:03.306+0000][7][safepoint   ] Safepoint "Cleanup", Time since last: 1000517900 ns, Reaching safepoint: 880700 ns, At safepoint: 25800 ns, Total: 906500 ns
[2022-12-27T17:36:05.307+0000][7][safepoint   ] Safepoint "Cleanup", Time since last: 2000782300 ns, Reaching safepoint: 327500 ns, At safepoint: 27300 ns, Total: 354800 ns
[2022-12-27T17:36:10.309+0000][7][safepoint   ] Safepoint "Cleanup", Time since last: 5001330900 ns, Reaching safepoint: 432500 ns, At safepoint: 24300 ns, Total: 456800 ns
[2022-12-27T17:36:11.310+0000][7][safepoint   ] Safepoint "Cleanup", Time since last: 1000413700 ns, Reaching safepoint: 742500 ns, At safepoint: 14600 ns, Total: 757100 ns
[2022-12-27T17:36:24.314+0000][7][safepoint   ] Safepoint "Cleanup", Time since last: 13003482100 ns, Reaching safepoint: 587500 ns, At safepoint: 99900 ns, Total: 687400 ns
[2022-12-27T17:36:26.316+0000][7][safepoint   ] Safepoint "Cleanup", Time since last: 2001017400 ns, Reaching safepoint: 459300 ns, At safepoint: 78400 ns, Total: 537700 ns
[2022-12-27T17:36:27.317+0000][7][safepoint   ] Safepoint "Cleanup", Time since last: 1000808600 ns, Reaching safepoint: 202400 ns, At safepoint: 19200 ns, Total: 221600 ns
[2022-12-27T17:36:34.319+0000][7][safepoint   ] Safepoint "Cleanup", Time since last: 7001787300 ns, Reaching safepoint: 836100 ns, At safepoint: 73400 ns, Total: 909500 ns
[2022-12-27T17:36:35.321+0000][7][safepoint   ] Safepoint "Cleanup", Time since last: 1001083700 ns, Reaching safepoint: 362300 ns, At safepoint: 26500 ns, Total: 388800 ns
[2022-12-27T17:36:40.324+0000][7][safepoint   ] Safepoint "Cleanup", Time since last: 5002323400 ns, Reaching safepoint: 796600 ns, At safepoint: 70400 ns, Total: 867000 ns
[2022-12-27T17:36:42.326+0000][7][safepoint   ] Safepoint "Cleanup", Time since last: 2001208000 ns, Reaching safepoint: 300300 ns, At safepoint: 18900 ns, Total: 319200 ns
[2022-12-27T17:36:44.327+0000][7][safepoint   ] Safepoint "Cleanup", Time since last: 2000894600 ns, Reaching safepoint: 253000 ns, At safepoint: 26100 ns, Total: 279100 ns
[2022-12-27T17:36:45.328+0000][7][safepoint   ] Safepoint "Cleanup", Time since last: 1000503500 ns, Reaching safepoint: 493000 ns, At safepoint: 53400 ns, Total: 546400 ns
[2022-12-27T17:36:49.329+0000][7][safepoint   ] Safepoint "Cleanup", Time since last: 4001003200 ns, Reaching safepoint: 393500 ns, At safepoint: 24500 ns, Total: 418000 ns
[2022-12-27T17:37:17.335+0000][7][safepoint   ] Safepoint "Cleanup", Time since last: 28005295000 ns, Reaching safepoint: 396200 ns, At safepoint: 33400 ns, Total: 429600 ns
[2022-12-27T17:37:19.336+0000][7][safepoint   ] Safepoint "Cleanup", Time since last: 2000617100 ns, Reaching safepoint: 329600 ns, At safepoint: 18000 ns, Total: 347600 ns
[2022-12-27T17:37:22.337+0000][7][safepoint   ] Safepoint "Cleanup", Time since last: 3000927800 ns, Reaching safepoint: 266400 ns, At safepoint: 53600 ns, Total: 320000 ns
[2022-12-27T17:37:23.339+0000][7][safepoint   ] Safepoint "Cleanup", Time since last: 1000879100 ns, Reaching safepoint: 472200 ns, At safepoint: 20800 ns, Total: 493000 ns
[2022-12-27T17:37:24.339+0000][7][safepoint   ] Safepoint "Cleanup", Time since last: 1000573200 ns, Reaching safepoint: 221600 ns, At safepoint: 19500 ns, Total: 241100 ns
[2022-12-27T17:37:27.341+0000][7][safepoint   ] Safepoint "Cleanup", Time since last: 3000653400 ns, Reaching safepoint: 458000 ns, At safepoint: 19900 ns, Total: 477900 ns
[2022-12-27T17:37:45.345+0000][7][safepoint   ] Safepoint "Cleanup", Time since last: 18003964000 ns, Reaching safepoint: 838500 ns, At safepoint: 133200 ns, Total: 971700 ns
[2022-12-27T17:37:46.347+0000][7][safepoint   ] Safepoint "Cleanup", Time since last: 1001275200 ns, Reaching safepoint: 510600 ns, At safepoint: 47800 ns, Total: 558400 ns
[2022-12-27T17:38:01.352+0000][7][safepoint   ] Safepoint "Cleanup", Time since last: 15003834100 ns, Reaching safepoint: 983500 ns, At safepoint: 96400 ns, Total: 1079900 ns
[2022-12-27T17:38:06.355+0000][7][safepoint   ] Safepoint "Cleanup", Time since last: 5002199800 ns, Reaching safepoint: 286200 ns, At safepoint: 24400 ns, Total: 310600 ns
[2022-12-27T17:38:10.357+0000][7][safepoint   ] Safepoint "Cleanup", Time since last: 4001653300 ns, Reaching safepoint: 383500 ns, At safepoint: 30200 ns, Total: 413700 ns
[2022-12-27T17:38:16.359+0000][7][safepoint   ] Safepoint "Cleanup", Time since last: 6001843000 ns, Reaching safepoint: 347900 ns, At safepoint: 28000 ns, Total: 375900 ns
[2022-12-27T17:38:49.367+0000][7][safepoint   ] Safepoint "Cleanup", Time since last: 33007148700 ns, Reaching safepoint: 369200 ns, At safepoint: 19600 ns, Total: 388800 ns
[2022-12-27T17:38:50.367+0000][7][safepoint   ] Safepoint "Cleanup", Time since last: 1000630800 ns, Reaching safepoint: 247200 ns, At safepoint: 19600 ns, Total: 266800 ns
[2022-12-27T17:39:09.372+0000][7][safepoint   ] Safepoint "Cleanup", Time since last: 19003671700 ns, Reaching safepoint: 381900 ns, At safepoint: 38100 ns, Total: 420000 ns
[2022-12-27T17:39:11.373+0000][7][safepoint   ] Safepoint "Cleanup", Time since last: 2000834200 ns, Reaching safepoint: 237300 ns, At safepoint: 20900 ns, Total: 258200 ns
[2022-12-27T17:39:18.374+0000][7][safepoint   ] Safepoint "Cleanup", Time since last: 7001196200 ns, Reaching safepoint: 371100 ns, At safepoint: 56600 ns, Total: 427700 ns
[2022-12-27T17:39:36.378+0000][7][safepoint   ] Safepoint "Cleanup", Time since last: 18003778800 ns, Reaching safepoint: 311000 ns, At safepoint: 28500 ns, Total: 339500 ns
[2022-12-27T17:39:39.379+0000][7][safepoint   ] Safepoint "Cleanup", Time since last: 3000547900 ns, Reaching safepoint: 407000 ns, At safepoint: 32500 ns, Total: 439500 ns
[2022-12-27T17:39:40.380+0000][7][safepoint   ] Safepoint "Cleanup", Time since last: 1000885000 ns, Reaching safepoint: 199900 ns, At safepoint: 19300 ns, Total: 219200 ns
[2022-12-27T17:39:41.381+0000][7][safepoint   ] Safepoint "Cleanup", Time since last: 1000340200 ns, Reaching safepoint: 282200 ns, At safepoint: 35900 ns, Total: 318100 ns
[2022-12-27T17:39:51.383+0000][7][safepoint   ] Safepoint "Cleanup", Time since last: 10001808500 ns, Reaching safepoint: 385500 ns, At safepoint: 21100 ns, Total: 406600 ns
[2022-12-27T17:39:52.384+0000][7][safepoint   ] Safepoint "Cleanup", Time since last: 1000480300 ns, Reaching safepoint: 202900 ns, At safepoint: 20000 ns, Total: 222900 ns
[2022-12-27T17:39:56.385+0000][7][safepoint   ] Safepoint "Cleanup", Time since last: 4000615600 ns, Reaching safepoint: 266300 ns, At safepoint: 27700 ns, Total: 294000 ns
[2022-12-27T17:39:57.386+0000][7][safepoint   ] Safepoint "Cleanup", Time since last: 1000343600 ns, Reaching safepoint: 242800 ns, At safepoint: 23800 ns, Total: 266600 ns
[2022-12-27T17:39:58.386+0000][7][safepoint   ] Safepoint "Cleanup", Time since last: 1000555600 ns, Reaching safepoint: 287200 ns, At safepoint: 6200 ns, Total: 293400 ns
[2022-12-27T17:40:10.388+0000][7][safepoint   ] Safepoint "Cleanup", Time since last: 12001469700 ns, Reaching safepoint: 231100 ns, At safepoint: 27600 ns, Total: 258700 ns
[2022-12-27T17:40:21.390+0000][7][safepoint   ] Safepoint "Cleanup", Time since last: 11001539300 ns, Reaching safepoint: 244400 ns, At safepoint: 23900 ns, Total: 268300 ns
[2022-12-27T17:40:27.391+0000][7][safepoint   ] Safepoint "Cleanup", Time since last: 6000837100 ns, Reaching safepoint: 260700 ns, At safepoint: 23700 ns, Total: 284400 ns
[2022-12-27T17:40:42.393+0000][7][safepoint   ] Safepoint "Cleanup", Time since last: 15002020400 ns, Reaching safepoint: 291100 ns, At safepoint: 24900 ns, Total: 316000 ns
[2022-12-27T17:40:52.395+0000][7][safepoint   ] Safepoint "Cleanup", Time since last: 10001469300 ns, Reaching safepoint: 273200 ns, At safepoint: 20700 ns, Total: 293900 ns
[2022-12-27T17:41:12.398+0000][7][safepoint   ] Safepoint "Cleanup", Time since last: 20002121900 ns, Reaching safepoint: 209800 ns, At safepoint: 18900 ns, Total: 228700 ns
[2022-12-27T17:41:13.398+0000][7][safepoint   ] Safepoint "Cleanup", Time since last: 1000265300 ns, Reaching safepoint: 196800 ns, At safepoint: 32700 ns, Total: 229500 ns
[2022-12-27T17:41:17.399+0000][7][safepoint   ] Safepoint "Cleanup", Time since last: 4000580100 ns, Reaching safepoint: 176000 ns, At safepoint: 19000 ns, Total: 195000 ns
[2022-12-27T17:41:40.402+0000][7][safepoint   ] Safepoint "Cleanup", Time since last: 23002716000 ns, Reaching safepoint: 270500 ns, At safepoint: 21600 ns, Total: 292100 ns
[2022-12-27T17:42:04.405+0000][7][safepoint   ] Safepoint "Cleanup", Time since last: 24002577400 ns, Reaching safepoint: 245400 ns, At safepoint: 19100 ns, Total: 264500 ns
[2022-12-27T17:42:06.405+0000][7][safepoint   ] Safepoint "Cleanup", Time since last: 2000373900 ns, Reaching safepoint: 185800 ns, At safepoint: 18800 ns, Total: 204600 ns
[2022-12-27T17:42:47.412+0000][7][safepoint   ] Safepoint "Cleanup", Time since last: 41006149600 ns, Reaching safepoint: 321600 ns, At safepoint: 25600 ns, Total: 347200 ns
[2022-12-27T17:43:11.418+0000][7][safepoint   ] Safepoint "Cleanup", Time since last: 24005641400 ns, Reaching safepoint: 430200 ns, At safepoint: 39700 ns, Total: 469900 ns
[2022-12-27T17:43:54.429+0000][7][safepoint   ] Safepoint "Cleanup", Time since last: 43010255200 ns, Reaching safepoint: 437700 ns, At safepoint: 45100 ns, Total: 482800 ns
[2022-12-27T17:44:14.434+0000][7][safepoint   ] Safepoint "Cleanup", Time since last: 20005046300 ns, Reaching safepoint: 375000 ns, At safepoint: 38100 ns, Total: 413100 ns
[2022-12-27T17:44:27.438+0000][7][safepoint   ] Safepoint "Cleanup", Time since last: 13003695400 ns, Reaching safepoint: 341800 ns, At safepoint: 34000 ns, Total: 375800 ns
[2022-12-27T17:44:49.444+0000][7][safepoint   ] Safepoint "Cleanup", Time since last: 22005317900 ns, Reaching safepoint: 371300 ns, At safepoint: 36200 ns, Total: 407500 ns
[2022-12-27T17:45:15.451+0000][7][safepoint   ] Safepoint "Cleanup", Time since last: 26006030200 ns, Reaching safepoint: 596600 ns, At safepoint: 60300 ns, Total: 656900 ns
[2022-12-27T17:45:40.457+0000][7][safepoint   ] Safepoint "Cleanup", Time since last: 25005529700 ns, Reaching safepoint: 474400 ns, At safepoint: 49100 ns, Total: 523500 ns
[2022-12-27T17:45:41.457+0000][7][safepoint   ] Safepoint "Cleanup", Time since last: 1000475900 ns, Reaching safepoint: 421600 ns, At safepoint: 4700 ns, Total: 426300 ns
[2022-12-27T17:45:53.461+0000][7][safepoint   ] Safepoint "Cleanup", Time since last: 12002941000 ns, Reaching safepoint: 412900 ns, At safepoint: 38600 ns, Total: 451500 ns
[2022-12-27T17:46:22.469+0000][7][safepoint   ] Safepoint "Cleanup", Time since last: 29008075200 ns, Reaching safepoint: 508000 ns, At safepoint: 48400 ns, Total: 556400 ns
[2022-12-27T17:47:10.479+0000][7][safepoint   ] Safepoint "Cleanup", Time since last: 48009341600 ns, Reaching safepoint: 253900 ns, At safepoint: 25600 ns, Total: 279500 ns
[2022-12-27T17:47:12.480+0000][7][safepoint   ] Safepoint "Cleanup", Time since last: 2000479300 ns, Reaching safepoint: 482100 ns, At safepoint: 26700 ns, Total: 508800 ns
[2022-12-27T17:47:41.484+0000][7][safepoint   ] Safepoint "Cleanup", Time since last: 29003503300 ns, Reaching safepoint: 192700 ns, At safepoint: 5600 ns, Total: 198300 ns
[2022-12-27T17:47:48.485+0000][7][safepoint   ] Safepoint "Cleanup", Time since last: 7001181200 ns, Reaching safepoint: 233100 ns, At safepoint: 23300 ns, Total: 256400 ns
[2022-12-27T17:48:11.488+0000][7][safepoint   ] Safepoint "Cleanup", Time since last: 23002745000 ns, Reaching safepoint: 146200 ns, At safepoint: 3300 ns, Total: 149500 ns
[2022-12-27T17:50:11.500+0000][7][safepoint   ] Safepoint "Cleanup", Time since last: 120012161300 ns, Reaching safepoint: 178200 ns, At safepoint: 17700 ns, Total: 195900 ns
[2022-12-27T17:50:40.503+0000][7][safepoint   ] Safepoint "Cleanup", Time since last: 29002763500 ns, Reaching safepoint: 160700 ns, At safepoint: 15500 ns, Total: 176200 ns
[2022-12-27T17:50:47.504+0000][7][safepoint   ] Safepoint "Cleanup", Time since last: 7000796400 ns, Reaching safepoint: 152500 ns, At safepoint: 14300 ns, Total: 166800 ns
[2022-12-27T17:50:49.505+0000][7][safepoint   ] Safepoint "Cleanup", Time since last: 2000312300 ns, Reaching safepoint: 157100 ns, At safepoint: 14700 ns, Total: 171800 ns
[2022-12-27T17:51:31.509+0000][7][safepoint   ] Safepoint "Cleanup", Time since last: 42003909100 ns, Reaching safepoint: 154900 ns, At safepoint: 17100 ns, Total: 172000 ns
[2022-12-27T17:52:02.512+0000][7][safepoint   ] Safepoint "Cleanup", Time since last: 31002971700 ns, Reaching safepoint: 175700 ns, At safepoint: 15700 ns, Total: 191400 ns
[2022-12-27T17:52:10.513+0000][7][safepoint   ] Safepoint "Cleanup", Time since last: 8000865700 ns, Reaching safepoint: 183600 ns, At safepoint: 15800 ns, Total: 199400 ns
[2022-12-27T17:53:35.521+0000][7][safepoint   ] Safepoint "Cleanup", Time since last: 85007761000 ns, Reaching safepoint: 176000 ns, At safepoint: 15200 ns, Total: 191200 ns
[2022-12-27T17:53:40.522+0000][7][safepoint   ] Safepoint "Cleanup", Time since last: 5000568500 ns, Reaching safepoint: 174700 ns, At safepoint: 37400 ns, Total: 212100 ns
[2022-12-27T17:54:10.525+0000][7][safepoint   ] Safepoint "Cleanup", Time since last: 30003211600 ns, Reaching safepoint: 199100 ns, At safepoint: 19100 ns, Total: 218200 ns
[2022-12-27T17:54:37.528+0000][7][safepoint   ] Safepoint "Cleanup", Time since last: 27002681400 ns, Reaching safepoint: 192500 ns, At safepoint: 21000 ns, Total: 213500 ns
[2022-12-27T17:54:51.530+0000][7][safepoint   ] Safepoint "Cleanup", Time since last: 14001365500 ns, Reaching safepoint: 159500 ns, At safepoint: 29700 ns, Total: 189200 ns
[2022-12-27T17:55:22.533+0000][7][safepoint   ] Safepoint "Cleanup", Time since last: 31002929700 ns, Reaching safepoint: 175100 ns, At safepoint: 22900 ns, Total: 198000 ns
[2022-12-27T17:55:37.535+0000][7][safepoint   ] Safepoint "Cleanup", Time since last: 15001398800 ns, Reaching safepoint: 177000 ns, At safepoint: 17400 ns, Total: 194400 ns
[2022-12-27T17:56:10.539+0000][7][safepoint   ] Safepoint "Cleanup", Time since last: 33003773000 ns, Reaching safepoint: 227100 ns, At safepoint: 21200 ns, Total: 248300 ns
[2022-12-27T17:56:29.541+0000][7][safepoint   ] Safepoint "Cleanup", Time since last: 19002240000 ns, Reaching safepoint: 246900 ns, At safepoint: 20900 ns, Total: 267800 ns
[2022-12-27T17:56:38.542+0000][7][safepoint   ] Safepoint "Cleanup", Time since last: 9001086200 ns, Reaching safepoint: 199800 ns, At safepoint: 22300 ns, Total: 222100 ns
[2022-12-27T17:57:02.545+0000][7][safepoint   ] Safepoint "Cleanup", Time since last: 24002587500 ns, Reaching safepoint: 154300 ns, At safepoint: 14800 ns, Total: 169100 ns
[2022-12-27T17:59:45.562+0000][7][safepoint   ] Safepoint "Cleanup", Time since last: 163016661200 ns, Reaching safepoint: 156400 ns, At safepoint: 15000 ns, Total: 171400 ns
[2022-12-27T17:59:49.563+0000][7][safepoint   ] Safepoint "Cleanup", Time since last: 4000501500 ns, Reaching safepoint: 190900 ns, At safepoint: 15600 ns, Total: 206500 ns
[2022-12-27T18:00:10.565+0000][7][safepoint   ] Safepoint "Cleanup", Time since last: 21002091300 ns, Reaching safepoint: 251100 ns, At safepoint: 23800 ns, Total: 274900 ns
[2022-12-27T18:01:10.570+0000][7][safepoint   ] Safepoint "Cleanup", Time since last: 60005311300 ns, Reaching safepoint: 153300 ns, At safepoint: 14800 ns, Total: 168100 ns
[2022-12-27T18:01:11.571+0000][7][safepoint   ] Safepoint "Cleanup", Time since last: 1000252100 ns, Reaching safepoint: 161100 ns, At safepoint: 15300 ns, Total: 176400 ns
[2022-12-27T18:01:41.574+0000][7][safepoint   ] Safepoint "Cleanup", Time since last: 30002840800 ns, Reaching safepoint: 204600 ns, At safepoint: 14900 ns, Total: 219500 ns
[2022-12-27T18:02:22.186+0000][7][safepoint   ] Safepoint "Cleanup", Time since last: 40612112300 ns, Reaching safepoint: 149900 ns, At safepoint: 14900 ns, Total: 164800 ns
[2022-12-27T18:02:42.189+0000][7][safepoint   ] Safepoint "Cleanup", Time since last: 20002655300 ns, Reaching safepoint: 286000 ns, At safepoint: 28900 ns, Total: 314900 ns
[2022-12-27T18:03:01.193+0000][7][safepoint   ] Safepoint "Cleanup", Time since last: 19003167300 ns, Reaching safepoint: 178200 ns, At safepoint: 16200 ns, Total: 194400 ns
[2022-12-27T18:03:41.202+0000][7][safepoint   ] Safepoint "Cleanup", Time since last: 40009078900 ns, Reaching safepoint: 217400 ns, At safepoint: 16500 ns, Total: 233900 ns
[2022-12-27T18:03:57.204+0000][7][safepoint   ] Safepoint "Cleanup", Time since last: 16001621800 ns, Reaching safepoint: 163300 ns, At safepoint: 15100 ns, Total: 178400 ns
[2022-12-27T18:04:20.206+0000][7][safepoint   ] Safepoint "Cleanup", Time since last: 23002264000 ns, Reaching safepoint: 360900 ns, At safepoint: 21000 ns, Total: 381900 ns
[2022-12-27T18:04:41.209+0000][7][safepoint   ] Safepoint "Cleanup", Time since last: 21002309100 ns, Reaching safepoint: 162300 ns, At safepoint: 15100 ns, Total: 177400 ns
[2022-12-27T18:05:17.213+0000][7][safepoint   ] Safepoint "Cleanup", Time since last: 36003565900 ns, Reaching safepoint: 187200 ns, At safepoint: 19300 ns, Total: 206500 ns
[2022-12-27T18:06:11.218+0000][7][safepoint   ] Safepoint "Cleanup", Time since last: 54004983800 ns, Reaching safepoint: 192600 ns, At safepoint: 19500 ns, Total: 212100 ns
[2022-12-27T18:06:14.218+0000][7][safepoint   ] Safepoint "Cleanup", Time since last: 3000459900 ns, Reaching safepoint: 161700 ns, At safepoint: 15900 ns, Total: 177600 ns
[2022-12-27T18:06:34.802+0000][7][gc,start    ] GC(15) Pause Young (Concurrent Start) (G1 Evacuation Pause)
[2022-12-27T18:06:34.802+0000][7][gc,task     ] GC(15) Using 10 workers of 10 for evacuation
[2022-12-27T18:06:34.802+0000][7][gc,age      ] GC(15) Desired survivor size 20971520 bytes, new threshold 15 (max threshold 15)
[2022-12-27T18:06:34.836+0000][7][gc,age      ] GC(15) Age table with threshold 15 (max threshold 15)
[2022-12-27T18:06:34.836+0000][7][gc,age      ] GC(15) - age   1:   12156904 bytes,   12156904 total
[2022-12-27T18:06:34.837+0000][7][gc,age      ] GC(15) - age   2:    2251648 bytes,   14408552 total
[2022-12-27T18:06:34.837+0000][7][gc,age      ] GC(15) - age   3:    6149936 bytes,   20558488 total
[2022-12-27T18:06:34.837+0000][7][gc,age      ] GC(15) - age   4:   11539280 bytes,   32097768 total
[2022-12-27T18:06:34.838+0000][7][gc,phases   ] GC(15)   Pre Evacuate Collection Set: 0.5ms
[2022-12-27T18:06:34.838+0000][7][gc,phases   ] GC(15)   Merge Heap Roots: 0.3ms
[2022-12-27T18:06:34.838+0000][7][gc,phases   ] GC(15)   Evacuate Collection Set: 30.2ms
[2022-12-27T18:06:34.839+0000][7][gc,phases   ] GC(15)   Post Evacuate Collection Set: 2.7ms
[2022-12-27T18:06:34.839+0000][7][gc,phases   ] GC(15)   Other: 2.5ms
[2022-12-27T18:06:34.839+0000][7][gc,heap     ] GC(15) Eden regions: 70->0(67)
[2022-12-27T18:06:34.840+0000][7][gc,heap     ] GC(15) Survivor regions: 6->9(10)
[2022-12-27T18:06:34.840+0000][7][gc,heap     ] GC(15) Old regions: 11->11
[2022-12-27T18:06:34.840+0000][7][gc,heap     ] GC(15) Archive regions: 2->2
[2022-12-27T18:06:34.840+0000][7][gc,heap     ] GC(15) Humongous regions: 2->2
[2022-12-27T18:06:34.841+0000][7][gc,metaspace] GC(15) Metaspace: 89983K(94592K)->89983K(94592K) NonClass: 77845K(81332K)->77845K(81332K) Class: 12138K(13260K)->12138K(13260K)
[2022-12-27T18:06:34.841+0000][7][gc          ] GC(15) Pause Young (Concurrent Start) (G1 Evacuation Pause) 355M->87M(512M) 39.242ms
[2022-12-27T18:06:34.841+0000][7][gc,cpu      ] GC(15) User=0.26s Sys=0.01s Real=0.04s
[2022-12-27T18:06:34.841+0000][7][gc          ] GC(16) Concurrent Cycle
[2022-12-27T18:06:34.841+0000][7][safepoint   ] Safepoint "G1CollectForAllocation", Time since last: 20583008400 ns, Reaching safepoint: 164000 ns, At safepoint: 39638200 ns, Total: 39802200 ns
[2022-12-27T18:06:34.841+0000][7][gc,marking  ] GC(16) Concurrent Clear Claimed Marks
[2022-12-27T18:06:34.842+0000][7][gc,marking  ] GC(16) Concurrent Clear Claimed Marks 0.382ms
[2022-12-27T18:06:34.842+0000][7][gc,marking  ] GC(16) Concurrent Scan Root Regions
[2022-12-27T18:06:34.853+0000][7][gc,marking  ] GC(16) Concurrent Scan Root Regions 11.319ms
[2022-12-27T18:06:34.854+0000][7][gc,marking  ] GC(16) Concurrent Mark (1867.736s)
[2022-12-27T18:06:34.854+0000][7][gc,marking  ] GC(16) Concurrent Mark From Roots
[2022-12-27T18:06:34.854+0000][7][gc,task     ] GC(16) Using 3 workers of 3 for marking
[2022-12-27T18:06:34.893+0000][7][gc,marking  ] GC(16) Concurrent Mark From Roots 39.778ms
[2022-12-27T18:06:34.894+0000][7][gc,marking  ] GC(16) Concurrent Preclean
[2022-12-27T18:06:34.894+0000][7][gc,marking  ] GC(16) Concurrent Preclean 0.525ms
[2022-12-27T18:06:34.895+0000][7][gc,marking  ] GC(16) Concurrent Mark (1867.736s, 1867.777s) 40.907ms
[2022-12-27T18:06:34.895+0000][7][gc,start    ] GC(16) Pause Remark
[2022-12-27T18:06:34.905+0000][7][gc          ] GC(16) Pause Remark 90M->90M(512M) 10.227ms
[2022-12-27T18:06:34.905+0000][7][gc,cpu      ] GC(16) User=0.07s Sys=0.01s Real=0.01s
[2022-12-27T18:06:34.906+0000][7][safepoint   ] Safepoint "G1Concurrent", Time since last: 53488700 ns, Reaching safepoint: 189900 ns, At safepoint: 10643100 ns, Total: 10833000 ns
[2022-12-27T18:06:34.906+0000][7][gc,marking  ] GC(16) Concurrent Rebuild Remembered Sets
[2022-12-27T18:06:34.923+0000][7][gc,marking  ] GC(16) Concurrent Rebuild Remembered Sets 16.853ms
[2022-12-27T18:06:34.924+0000][7][gc,start    ] GC(16) Pause Cleanup
[2022-12-27T18:06:34.924+0000][7][gc          ] GC(16) Pause Cleanup 90M->90M(512M) 0.496ms
[2022-12-27T18:06:34.924+0000][7][gc,cpu      ] GC(16) User=0.00s Sys=0.00s Real=0.00s
[2022-12-27T18:06:34.925+0000][7][safepoint   ] Safepoint "G1Concurrent", Time since last: 17359700 ns, Reaching safepoint: 698900 ns, At safepoint: 1049100 ns, Total: 1748000 ns
[2022-12-27T18:06:34.925+0000][7][gc,marking  ] GC(16) Concurrent Cleanup for Next Mark
[2022-12-27T18:06:34.934+0000][7][gc,marking  ] GC(16) Concurrent Cleanup for Next Mark 8.652ms
[2022-12-27T18:06:34.934+0000][7][gc          ] GC(16) Concurrent Cycle 92.641ms
[2022-12-27T18:06:35.925+0000][7][safepoint   ] Safepoint "Cleanup", Time since last: 1000292300 ns, Reaching safepoint: 150100 ns, At safepoint: 15600 ns, Total: 165700 ns
[2022-12-27T18:06:39.926+0000][7][safepoint   ] Safepoint "Cleanup", Time since last: 4000590800 ns, Reaching safepoint: 164400 ns, At safepoint: 19200 ns, Total: 183600 ns
[2022-12-27T18:06:40.926+0000][7][safepoint   ] Safepoint "Cleanup", Time since last: 1000276200 ns, Reaching safepoint: 161100 ns, At safepoint: 15800 ns, Total: 176900 ns
[2022-12-27T18:07:10.929+0000][7][safepoint   ] Safepoint "Cleanup", Time since last: 30002884300 ns, Reaching safepoint: 167000 ns, At safepoint: 17000 ns, Total: 184000 ns
[2022-12-27T18:07:19.931+0000][7][safepoint   ] Safepoint "Cleanup", Time since last: 9000894600 ns, Reaching safepoint: 182700 ns, At safepoint: 31100 ns, Total: 213800 ns
[2022-12-27T18:07:39.934+0000][7][safepoint   ] Safepoint "Cleanup", Time since last: 20003206400 ns, Reaching safepoint: 165100 ns, At safepoint: 15000 ns, Total: 180100 ns
[2022-12-27T18:07:41.934+0000][7][safepoint   ] Safepoint "Cleanup", Time since last: 2000340800 ns, Reaching safepoint: 157700 ns, At safepoint: 16100 ns, Total: 173800 ns
[2022-12-27T18:07:49.935+0000][7][safepoint   ] Safepoint "Cleanup", Time since last: 8000847200 ns, Reaching safepoint: 164600 ns, At safepoint: 14700 ns, Total: 179300 ns
[2022-12-27T18:09:40.946+0000][7][safepoint   ] Safepoint "Cleanup", Time since last: 111010824300 ns, Reaching safepoint: 149600 ns, At safepoint: 16500 ns, Total: 166100 ns
[2022-12-27T18:10:40.952+0000][7][safepoint   ] Safepoint "Cleanup", Time since last: 60005553700 ns, Reaching safepoint: 208600 ns, At safepoint: 15200 ns, Total: 223800 ns
[2022-12-27T18:11:10.955+0000][7][safepoint   ] Safepoint "Cleanup", Time since last: 30002845900 ns, Reaching safepoint: 165800 ns, At safepoint: 14300 ns, Total: 180100 ns
[2022-12-27T18:11:54.960+0000][7][safepoint   ] Safepoint "Cleanup", Time since last: 44004033000 ns, Reaching safepoint: 197500 ns, At safepoint: 24000 ns, Total: 221500 ns
[2022-12-27T18:13:10.967+0000][7][safepoint   ] Safepoint "Cleanup", Time since last: 76007195100 ns, Reaching safepoint: 345300 ns, At safepoint: 27300 ns, Total: 372600 ns
[2022-12-27T18:14:40.976+0000][7][safepoint   ] Safepoint "Cleanup", Time since last: 90008647900 ns, Reaching safepoint: 155700 ns, At safepoint: 15200 ns, Total: 170900 ns
[2022-12-27T18:15:40.982+0000][7][safepoint   ] Safepoint "Cleanup", Time since last: 60005552500 ns, Reaching safepoint: 149100 ns, At safepoint: 14600 ns, Total: 163700 ns
[2022-12-27T18:16:10.985+0000][7][safepoint   ] Safepoint "Cleanup", Time since last: 30002814500 ns, Reaching safepoint: 173500 ns, At safepoint: 18500 ns, Total: 192000 ns
[2022-12-27T18:16:40.988+0000][7][safepoint   ] Safepoint "Cleanup", Time since last: 30002856300 ns, Reaching safepoint: 201800 ns, At safepoint: 19800 ns, Total: 221600 ns
[2022-12-27T18:18:10.996+0000][7][safepoint   ] Safepoint "Cleanup", Time since last: 90008407300 ns, Reaching safepoint: 172100 ns, At safepoint: 16000 ns, Total: 188100 ns
[2022-12-27T18:18:21.998+0000][7][safepoint   ] Safepoint "Cleanup", Time since last: 11001103000 ns, Reaching safepoint: 151200 ns, At safepoint: 15200 ns, Total: 166400 ns
[2022-12-27T18:18:40.999+0000][7][safepoint   ] Safepoint "Cleanup", Time since last: 19001785800 ns, Reaching safepoint: 132900 ns, At safepoint: 3700 ns, Total: 136600 ns
[2022-12-27T18:19:11.003+0000][7][safepoint   ] Safepoint "Cleanup", Time since last: 30003068800 ns, Reaching safepoint: 172400 ns, At safepoint: 21500 ns, Total: 193900 ns
[2022-12-27T18:20:10.009+0000][7][safepoint   ] Safepoint "Cleanup", Time since last: 59005519600 ns, Reaching safepoint: 234600 ns, At safepoint: 16800 ns, Total: 251400 ns
[2022-12-27T18:20:16.009+0000][7][safepoint   ] Safepoint "Cleanup", Time since last: 6000704900 ns, Reaching safepoint: 163400 ns, At safepoint: 15500 ns, Total: 178900 ns
[2022-12-27T18:20:26.011+0000][7][safepoint   ] Safepoint "Cleanup", Time since last: 10000989900 ns, Reaching safepoint: 158300 ns, At safepoint: 15000 ns, Total: 173300 ns
[2022-12-27T18:20:41.012+0000][7][safepoint   ] Safepoint "Cleanup", Time since last: 15001468800 ns, Reaching safepoint: 181600 ns, At safepoint: 15300 ns, Total: 196900 ns
[2022-12-27T18:22:12.021+0000][7][safepoint   ] Safepoint "Cleanup", Time since last: 91008428800 ns, Reaching safepoint: 159800 ns, At safepoint: 14600 ns, Total: 174400 ns
[2022-12-27T18:22:21.224+0000][7][gc,heap,exit] Heap
[2022-12-27T18:22:21.224+0000][7][gc,heap,exit]  garbage-first heap   total 524288K, used 142548K [0x00000000e0000000, 0x0000000100000000)
[2022-12-27T18:22:21.225+0000][7][gc,heap,exit]   region size 4096K, 23 young (94208K), 9 survivors (36864K)
[2022-12-27T18:22:21.225+0000][7][gc,heap,exit]  Metaspace       used 90190K, capacity 93519K, committed 94848K, reserved 1130496K
[2022-12-27T18:22:21.225+0000][7][gc,heap,exit]   class space    used 12164K, capacity 13195K, committed 13260K, reserved 1048576K
