[2022-12-28T20:01:59.784+0000][8][gc] Using G1
[2022-12-28T20:01:59.970+0000][8][gc,init] Version: 15.0.1+9 (release)
[2022-12-28T20:01:59.971+0000][8][gc,init] CPUs: 12 total, 12 available
[2022-12-28T20:01:59.971+0000][8][gc,init] Memory: 12647M
[2022-12-28T20:01:59.971+0000][8][gc,init] Large Page Support: Disabled
[2022-12-28T20:01:59.972+0000][8][gc,init] NUMA Support: Disabled
[2022-12-28T20:01:59.972+0000][8][gc,init] Compressed Oops: Enabled (32-bit)
[2022-12-28T20:01:59.972+0000][8][gc,init] Heap Region Size: 4M
[2022-12-28T20:01:59.973+0000][8][gc,init] Heap Min Capacity: 512M
[2022-12-28T20:01:59.973+0000][8][gc,init] Heap Initial Capacity: 512M
[2022-12-28T20:01:59.973+0000][8][gc,init] Heap Max Capacity: 512M
[2022-12-28T20:01:59.974+0000][8][gc,init] Pre-touch: Enabled
[2022-12-28T20:01:59.974+0000][8][gc,init] Parallel Workers: 10
[2022-12-28T20:01:59.974+0000][8][gc,init] Concurrent Workers: 3
[2022-12-28T20:01:59.974+0000][8][gc,init] Concurrent Refinement Workers: 10
[2022-12-28T20:01:59.974+0000][8][gc,init] Periodic GC: Disabled
[2022-12-28T20:01:59.975+0000][8][gc,cds ] Mark closed archive regions in map: [0x00000000ffc00000, 0x00000000ffc7bff8]
[2022-12-28T20:01:59.975+0000][8][gc,cds ] Mark open archive regions in map: [0x00000000ffb00000, 0x00000000ffb51ff8]
[2022-12-28T20:01:59.975+0000][8][gc,metaspace] CDS archive(s) mapped at: [0x0000000800000000-0x0000000800b2a000-0x0000000800b2a000), size 11706368, SharedBaseAddress: 0x0000000800000000, ArchiveRelocationMode: 0.
[2022-12-28T20:01:59.976+0000][8][gc,metaspace] Compressed class space mapped at: 0x0000000800b2c000-0x0000000840b2c000, size: 1073741824
[2022-12-28T20:01:59.976+0000][8][gc,metaspace] Narrow klass base: 0x0000000800000000, Narrow klass shift: 3, Narrow klass range: 0x100000000
[2022-12-28T20:02:00.291+0000][8][safepoint   ] Safepoint "ICBufferFull", Time since last: 306101300 ns, Reaching safepoint: 212300 ns, At safepoint: 41100 ns, Total: 253400 ns
[2022-12-28T20:02:00.486+0000][8][gc,start    ] GC(0) Pause Young (Normal) (G1 Evacuation Pause)
[2022-12-28T20:02:00.488+0000][8][gc,task     ] GC(0) Using 10 workers of 10 for evacuation
[2022-12-28T20:02:00.488+0000][8][gc,age      ] GC(0) Desired survivor size 2097152 bytes, new threshold 15 (max threshold 15)
[2022-12-28T20:02:00.491+0000][8][gc,age      ] GC(0) Age table with threshold 15 (max threshold 15)
[2022-12-28T20:02:00.492+0000][8][gc,age      ] GC(0) - age   1:    4171128 bytes,    4171128 total
[2022-12-28T20:02:00.492+0000][8][gc,phases   ] GC(0)   Pre Evacuate Collection Set: 0.2ms
[2022-12-28T20:02:00.492+0000][8][gc,phases   ] GC(0)   Merge Heap Roots: 0.2ms
[2022-12-28T20:02:00.493+0000][8][gc,phases   ] GC(0)   Evacuate Collection Set: 1.6ms
[2022-12-28T20:02:00.493+0000][8][gc,phases   ] GC(0)   Post Evacuate Collection Set: 0.9ms
[2022-12-28T20:02:00.493+0000][8][gc,phases   ] GC(0)   Other: 3.2ms
[2022-12-28T20:02:00.493+0000][8][gc,heap     ] GC(0) Eden regions: 6->0(6)
[2022-12-28T20:02:00.494+0000][8][gc,heap     ] GC(0) Survivor regions: 0->1(1)
[2022-12-28T20:02:00.494+0000][8][gc,heap     ] GC(0) Old regions: 0->1
[2022-12-28T20:02:00.494+0000][8][gc,heap     ] GC(0) Archive regions: 2->2
[2022-12-28T20:02:00.494+0000][8][gc,heap     ] GC(0) Humongous regions: 0->0
[2022-12-28T20:02:00.495+0000][8][gc,metaspace] GC(0) Metaspace: 8403K(9344K)->8403K(9344K) NonClass: 7454K(8192K)->7454K(8192K) Class: 948K(1152K)->948K(1152K)
[2022-12-28T20:02:00.495+0000][8][gc          ] GC(0) Pause Young (Normal) (G1 Evacuation Pause) 27M->7M(512M) 8.663ms
[2022-12-28T20:02:00.495+0000][8][gc,cpu      ] GC(0) User=0.02s Sys=0.01s Real=0.01s
[2022-12-28T20:02:00.495+0000][8][safepoint   ] Safepoint "G1CollectForAllocation", Time since last: 194508200 ns, Reaching safepoint: 158100 ns, At safepoint: 9172500 ns, Total: 9330600 ns
[2022-12-28T20:02:00.985+0000][8][gc,start    ] GC(1) Pause Young (Normal) (G1 Evacuation Pause)
[2022-12-28T20:02:00.986+0000][8][gc,task     ] GC(1) Using 10 workers of 10 for evacuation
[2022-12-28T20:02:00.986+0000][8][gc,age      ] GC(1) Desired survivor size 2097152 bytes, new threshold 1 (max threshold 15)
[2022-12-28T20:02:00.990+0000][8][gc,age      ] GC(1) Age table with threshold 1 (max threshold 15)
[2022-12-28T20:02:00.990+0000][8][gc,age      ] GC(1) - age   1:    2064040 bytes,    2064040 total
[2022-12-28T20:02:00.991+0000][8][gc,phases   ] GC(1)   Pre Evacuate Collection Set: 0.2ms
[2022-12-28T20:02:00.991+0000][8][gc,phases   ] GC(1)   Merge Heap Roots: 0.2ms
[2022-12-28T20:02:00.991+0000][8][gc,phases   ] GC(1)   Evacuate Collection Set: 2.2ms
[2022-12-28T20:02:00.991+0000][8][gc,phases   ] GC(1)   Post Evacuate Collection Set: 0.9ms
[2022-12-28T20:02:00.992+0000][8][gc,phases   ] GC(1)   Other: 1.7ms
[2022-12-28T20:02:00.992+0000][8][gc,heap     ] GC(1) Eden regions: 6->0(13)
[2022-12-28T20:02:00.992+0000][8][gc,heap     ] GC(1) Survivor regions: 1->1(1)
[2022-12-28T20:02:00.992+0000][8][gc,heap     ] GC(1) Old regions: 1->2
[2022-12-28T20:02:00.993+0000][8][gc,heap     ] GC(1) Archive regions: 2->2
[2022-12-28T20:02:00.993+0000][8][gc,heap     ] GC(1) Humongous regions: 0->0
[2022-12-28T20:02:00.993+0000][8][gc,metaspace] GC(1) Metaspace: 12903K(13440K)->12903K(13440K) NonClass: 11384K(11776K)->11384K(11776K) Class: 1518K(1664K)->1518K(1664K)
[2022-12-28T20:02:00.993+0000][8][gc          ] GC(1) Pause Young (Normal) (G1 Evacuation Pause) 31M->10M(512M) 7.892ms
[2022-12-28T20:02:00.994+0000][8][gc,cpu      ] GC(1) User=0.02s Sys=0.01s Real=0.01s
[2022-12-28T20:02:00.994+0000][8][safepoint   ] Safepoint "G1CollectForAllocation", Time since last: 489976700 ns, Reaching safepoint: 191400 ns, At safepoint: 8224300 ns, Total: 8415700 ns
[2022-12-28T20:02:01.371+0000][8][safepoint   ] Safepoint "ICBufferFull", Time since last: 376769600 ns, Reaching safepoint: 211300 ns, At safepoint: 20100 ns, Total: 231400 ns
[2022-12-28T20:02:01.386+0000][8][gc,start    ] GC(2) Pause Young (Normal) (G1 Evacuation Pause)
[2022-12-28T20:02:01.386+0000][8][gc,task     ] GC(2) Using 10 workers of 10 for evacuation
[2022-12-28T20:02:01.386+0000][8][gc,age      ] GC(2) Desired survivor size 4194304 bytes, new threshold 15 (max threshold 15)
[2022-12-28T20:02:01.390+0000][8][gc,age      ] GC(2) Age table with threshold 15 (max threshold 15)
[2022-12-28T20:02:01.390+0000][8][gc,age      ] GC(2) - age   1:    1200416 bytes,    1200416 total
[2022-12-28T20:02:01.390+0000][8][gc,age      ] GC(2) - age   2:    2033048 bytes,    3233464 total
[2022-12-28T20:02:01.390+0000][8][gc,phases   ] GC(2)   Pre Evacuate Collection Set: 0.2ms
[2022-12-28T20:02:01.390+0000][8][gc,phases   ] GC(2)   Merge Heap Roots: 0.2ms
[2022-12-28T20:02:01.391+0000][8][gc,phases   ] GC(2)   Evacuate Collection Set: 1.4ms
[2022-12-28T20:02:01.391+0000][8][gc,phases   ] GC(2)   Post Evacuate Collection Set: 1.3ms
[2022-12-28T20:02:01.391+0000][8][gc,phases   ] GC(2)   Other: 1.5ms
[2022-12-28T20:02:01.391+0000][8][gc,heap     ] GC(2) Eden regions: 13->0(72)
[2022-12-28T20:02:01.392+0000][8][gc,heap     ] GC(2) Survivor regions: 1->1(2)
[2022-12-28T20:02:01.392+0000][8][gc,heap     ] GC(2) Old regions: 2->2
[2022-12-28T20:02:01.392+0000][8][gc,heap     ] GC(2) Archive regions: 2->2
[2022-12-28T20:02:01.392+0000][8][gc,heap     ] GC(2) Humongous regions: 0->0
[2022-12-28T20:02:01.392+0000][8][gc,metaspace] GC(2) Metaspace: 14886K(15488K)->14886K(15488K) NonClass: 13178K(13568K)->13178K(13568K) Class: 1708K(1920K)->1708K(1920K)
[2022-12-28T20:02:01.393+0000][8][gc          ] GC(2) Pause Young (Normal) (G1 Evacuation Pause) 62M->11M(512M) 7.064ms
[2022-12-28T20:02:01.393+0000][8][gc,cpu      ] GC(2) User=0.02s Sys=0.00s Real=0.01s
[2022-12-28T20:02:01.393+0000][8][safepoint   ] Safepoint "G1CollectForAllocation", Time since last: 14638500 ns, Reaching safepoint: 329000 ns, At safepoint: 7587500 ns, Total: 7916500 ns
[2022-12-28T20:02:01.468+0000][8][safepoint   ] Safepoint "ICBufferFull", Time since last: 74378400 ns, Reaching safepoint: 250200 ns, At safepoint: 20600 ns, Total: 270800 ns
[2022-12-28T20:02:01.470+0000][8][safepoint   ] Safepoint "ICBufferFull", Time since last: 2031500 ns, Reaching safepoint: 147000 ns, At safepoint: 17000 ns, Total: 164000 ns
[2022-12-28T20:02:01.473+0000][8][safepoint   ] Safepoint "ICBufferFull", Time since last: 2911500 ns, Reaching safepoint: 227800 ns, At safepoint: 15200 ns, Total: 243000 ns
[2022-12-28T20:02:01.476+0000][8][safepoint   ] Safepoint "ICBufferFull", Time since last: 2203000 ns, Reaching safepoint: 153600 ns, At safepoint: 15800 ns, Total: 169400 ns
[2022-12-28T20:02:01.478+0000][8][safepoint   ] Safepoint "ICBufferFull", Time since last: 2752300 ns, Reaching safepoint: 147500 ns, At safepoint: 16100 ns, Total: 163600 ns
[2022-12-28T20:02:01.481+0000][8][safepoint   ] Safepoint "ICBufferFull", Time since last: 2388400 ns, Reaching safepoint: 231500 ns, At safepoint: 20400 ns, Total: 251900 ns
[2022-12-28T20:02:01.483+0000][8][safepoint   ] Safepoint "ICBufferFull", Time since last: 1951700 ns, Reaching safepoint: 181700 ns, At safepoint: 13900 ns, Total: 195600 ns
[2022-12-28T20:02:01.486+0000][8][safepoint   ] Safepoint "ICBufferFull", Time since last: 2075200 ns, Reaching safepoint: 185500 ns, At safepoint: 52000 ns, Total: 237500 ns
[2022-12-28T20:02:01.488+0000][8][safepoint   ] Safepoint "ICBufferFull", Time since last: 2197100 ns, Reaching safepoint: 244100 ns, At safepoint: 19200 ns, Total: 263300 ns
[2022-12-28T20:02:01.493+0000][8][safepoint   ] Safepoint "ICBufferFull", Time since last: 4744600 ns, Reaching safepoint: 213100 ns, At safepoint: 15000 ns, Total: 228100 ns
[2022-12-28T20:02:01.495+0000][8][safepoint   ] Safepoint "ICBufferFull", Time since last: 1926600 ns, Reaching safepoint: 191700 ns, At safepoint: 14000 ns, Total: 205700 ns
[2022-12-28T20:02:01.497+0000][8][safepoint   ] Safepoint "ICBufferFull", Time since last: 2090600 ns, Reaching safepoint: 170000 ns, At safepoint: 15000 ns, Total: 185000 ns
[2022-12-28T20:02:01.501+0000][8][safepoint   ] Safepoint "ICBufferFull", Time since last: 3016900 ns, Reaching safepoint: 296400 ns, At safepoint: 26600 ns, Total: 323000 ns
[2022-12-28T20:02:01.504+0000][8][safepoint   ] Safepoint "ICBufferFull", Time since last: 2929900 ns, Reaching safepoint: 145200 ns, At safepoint: 41100 ns, Total: 186300 ns
[2022-12-28T20:02:01.507+0000][8][safepoint   ] Safepoint "ICBufferFull", Time since last: 2322700 ns, Reaching safepoint: 360200 ns, At safepoint: 51600 ns, Total: 411800 ns
[2022-12-28T20:02:01.509+0000][8][safepoint   ] Safepoint "ICBufferFull", Time since last: 2460300 ns, Reaching safepoint: 205700 ns, At safepoint: 16600 ns, Total: 222300 ns
[2022-12-28T20:02:01.512+0000][8][safepoint   ] Safepoint "ICBufferFull", Time since last: 2234300 ns, Reaching safepoint: 173200 ns, At safepoint: 39500 ns, Total: 212700 ns
[2022-12-28T20:02:01.516+0000][8][safepoint   ] Safepoint "ICBufferFull", Time since last: 3789200 ns, Reaching safepoint: 222700 ns, At safepoint: 36000 ns, Total: 258700 ns
[2022-12-28T20:02:01.518+0000][8][safepoint   ] Safepoint "ICBufferFull", Time since last: 2473500 ns, Reaching safepoint: 198000 ns, At safepoint: 14900 ns, Total: 212900 ns
[2022-12-28T20:02:01.520+0000][8][safepoint   ] Safepoint "ICBufferFull", Time since last: 1043900 ns, Reaching safepoint: 167200 ns, At safepoint: 18000 ns, Total: 185200 ns
[2022-12-28T20:02:01.521+0000][8][safepoint   ] Safepoint "ICBufferFull", Time since last: 1303700 ns, Reaching safepoint: 152100 ns, At safepoint: 31000 ns, Total: 183100 ns
[2022-12-28T20:02:01.523+0000][8][safepoint   ] Safepoint "ICBufferFull", Time since last: 1107800 ns, Reaching safepoint: 286100 ns, At safepoint: 42200 ns, Total: 328300 ns
[2022-12-28T20:02:01.524+0000][8][safepoint   ] Safepoint "ICBufferFull", Time since last: 1162900 ns, Reaching safepoint: 156200 ns, At safepoint: 14200 ns, Total: 170400 ns
[2022-12-28T20:02:01.525+0000][8][safepoint   ] Safepoint "ICBufferFull", Time since last: 958700 ns, Reaching safepoint: 239700 ns, At safepoint: 17200 ns, Total: 256900 ns
[2022-12-28T20:02:01.526+0000][8][safepoint   ] Safepoint "ICBufferFull", Time since last: 982700 ns, Reaching safepoint: 143000 ns, At safepoint: 14800 ns, Total: 157800 ns
[2022-12-28T20:02:01.528+0000][8][safepoint   ] Safepoint "ICBufferFull", Time since last: 1209700 ns, Reaching safepoint: 151100 ns, At safepoint: 16000 ns, Total: 167100 ns
[2022-12-28T20:02:01.529+0000][8][safepoint   ] Safepoint "ICBufferFull", Time since last: 1040100 ns, Reaching safepoint: 207900 ns, At safepoint: 14600 ns, Total: 222500 ns
[2022-12-28T20:02:01.530+0000][8][safepoint   ] Safepoint "ICBufferFull", Time since last: 940700 ns, Reaching safepoint: 201800 ns, At safepoint: 33200 ns, Total: 235000 ns
[2022-12-28T20:02:01.531+0000][8][safepoint   ] Safepoint "ICBufferFull", Time since last: 890400 ns, Reaching safepoint: 159400 ns, At safepoint: 16500 ns, Total: 175900 ns
[2022-12-28T20:02:01.532+0000][8][safepoint   ] Safepoint "ICBufferFull", Time since last: 1116300 ns, Reaching safepoint: 155200 ns, At safepoint: 25000 ns, Total: 180200 ns
[2022-12-28T20:02:01.534+0000][8][safepoint   ] Safepoint "ICBufferFull", Time since last: 1183400 ns, Reaching safepoint: 208400 ns, At safepoint: 15000 ns, Total: 223400 ns
[2022-12-28T20:02:01.535+0000][8][safepoint   ] Safepoint "ICBufferFull", Time since last: 995000 ns, Reaching safepoint: 174700 ns, At safepoint: 49300 ns, Total: 224000 ns
[2022-12-28T20:02:01.536+0000][8][safepoint   ] Safepoint "ICBufferFull", Time since last: 967000 ns, Reaching safepoint: 183500 ns, At safepoint: 54200 ns, Total: 237700 ns
[2022-12-28T20:02:01.537+0000][8][safepoint   ] Safepoint "ICBufferFull", Time since last: 885800 ns, Reaching safepoint: 243000 ns, At safepoint: 35100 ns, Total: 278100 ns
[2022-12-28T20:02:01.801+0000][8][safepoint   ] Safepoint "ICBufferFull", Time since last: 262896800 ns, Reaching safepoint: 322700 ns, At safepoint: 61600 ns, Total: 384300 ns
[2022-12-28T20:02:01.954+0000][8][gc,start    ] GC(3) Pause Young (Normal) (G1 Evacuation Pause)
[2022-12-28T20:02:01.955+0000][8][gc,task     ] GC(3) Using 10 workers of 10 for evacuation
[2022-12-28T20:02:01.955+0000][8][gc,age      ] GC(3) Desired survivor size 20971520 bytes, new threshold 15 (max threshold 15)
[2022-12-28T20:02:01.960+0000][8][gc,age      ] GC(3) Age table with threshold 15 (max threshold 15)
[2022-12-28T20:02:01.960+0000][8][gc,age      ] GC(3) - age   1:    7066040 bytes,    7066040 total
[2022-12-28T20:02:01.960+0000][8][gc,age      ] GC(3) - age   2:    1181928 bytes,    8247968 total
[2022-12-28T20:02:01.960+0000][8][gc,age      ] GC(3) - age   3:    2018768 bytes,   10266736 total
[2022-12-28T20:02:01.960+0000][8][gc,phases   ] GC(3)   Pre Evacuate Collection Set: 0.1ms
[2022-12-28T20:02:01.961+0000][8][gc,phases   ] GC(3)   Merge Heap Roots: 0.1ms
[2022-12-28T20:02:01.961+0000][8][gc,phases   ] GC(3)   Evacuate Collection Set: 3.4ms
[2022-12-28T20:02:01.961+0000][8][gc,phases   ] GC(3)   Post Evacuate Collection Set: 0.9ms
[2022-12-28T20:02:01.961+0000][8][gc,phases   ] GC(3)   Other: 1.6ms
[2022-12-28T20:02:01.961+0000][8][gc,heap     ] GC(3) Eden regions: 72->0(73)
[2022-12-28T20:02:01.962+0000][8][gc,heap     ] GC(3) Survivor regions: 1->3(10)
[2022-12-28T20:02:01.962+0000][8][gc,heap     ] GC(3) Old regions: 2->2
[2022-12-28T20:02:01.962+0000][8][gc,heap     ] GC(3) Archive regions: 2->2
[2022-12-28T20:02:01.962+0000][8][gc,heap     ] GC(3) Humongous regions: 0->0
[2022-12-28T20:02:01.962+0000][8][gc,metaspace] GC(3) Metaspace: 18423K(19072K)->18423K(19072K) NonClass: 16218K(16640K)->16218K(16640K) Class: 2205K(2432K)->2205K(2432K)
[2022-12-28T20:02:01.963+0000][8][gc          ] GC(3) Pause Young (Normal) (G1 Evacuation Pause) 299M->17M(512M) 8.223ms
[2022-12-28T20:02:01.963+0000][8][gc,cpu      ] GC(3) User=0.04s Sys=0.01s Real=0.00s
[2022-12-28T20:02:01.963+0000][8][safepoint   ] Safepoint "G1CollectForAllocation", Time since last: 153376500 ns, Reaching safepoint: 171100 ns, At safepoint: 8856300 ns, Total: 9027400 ns
[2022-12-28T20:02:02.318+0000][8][gc,start    ] GC(4) Pause Young (Normal) (G1 Evacuation Pause)
[2022-12-28T20:02:02.318+0000][8][gc,task     ] GC(4) Using 10 workers of 10 for evacuation
[2022-12-28T20:02:02.319+0000][8][gc,age      ] GC(4) Desired survivor size 20971520 bytes, new threshold 15 (max threshold 15)
[2022-12-28T20:02:02.324+0000][8][gc,age      ] GC(4) Age table with threshold 15 (max threshold 15)
[2022-12-28T20:02:02.324+0000][8][gc,age      ] GC(4) - age   1:    3464808 bytes,    3464808 total
[2022-12-28T20:02:02.324+0000][8][gc,age      ] GC(4) - age   2:    4617576 bytes,    8082384 total
[2022-12-28T20:02:02.324+0000][8][gc,age      ] GC(4) - age   3:    1181928 bytes,    9264312 total
[2022-12-28T20:02:02.325+0000][8][gc,age      ] GC(4) - age   4:    2018768 bytes,   11283080 total
[2022-12-28T20:02:02.325+0000][8][gc,phases   ] GC(4)   Pre Evacuate Collection Set: 0.3ms
[2022-12-28T20:02:02.325+0000][8][gc,phases   ] GC(4)   Merge Heap Roots: 0.3ms
[2022-12-28T20:02:02.325+0000][8][gc,phases   ] GC(4)   Evacuate Collection Set: 3.1ms
[2022-12-28T20:02:02.325+0000][8][gc,phases   ] GC(4)   Post Evacuate Collection Set: 0.8ms
[2022-12-28T20:02:02.326+0000][8][gc,phases   ] GC(4)   Other: 2.6ms
[2022-12-28T20:02:02.326+0000][8][gc,heap     ] GC(4) Eden regions: 73->0(73)
[2022-12-28T20:02:02.326+0000][8][gc,heap     ] GC(4) Survivor regions: 3->3(10)
[2022-12-28T20:02:02.326+0000][8][gc,heap     ] GC(4) Old regions: 2->2
[2022-12-28T20:02:02.326+0000][8][gc,heap     ] GC(4) Archive regions: 2->2
[2022-12-28T20:02:02.326+0000][8][gc,heap     ] GC(4) Humongous regions: 0->0
[2022-12-28T20:02:02.326+0000][8][gc,metaspace] GC(4) Metaspace: 19195K(20224K)->19195K(20224K) NonClass: 16882K(17664K)->16882K(17664K) Class: 2312K(2560K)->2312K(2560K)
[2022-12-28T20:02:02.327+0000][8][gc          ] GC(4) Pause Young (Normal) (G1 Evacuation Pause) 309M->19M(512M) 8.821ms
[2022-12-28T20:02:02.327+0000][8][gc,cpu      ] GC(4) User=0.05s Sys=0.01s Real=0.01s
[2022-12-28T20:02:02.327+0000][8][safepoint   ] Safepoint "G1CollectForAllocation", Time since last: 354273900 ns, Reaching safepoint: 278300 ns, At safepoint: 9164100 ns, Total: 9442400 ns
[2022-12-28T20:02:02.630+0000][8][gc,start    ] GC(5) Pause Young (Normal) (G1 Evacuation Pause)
[2022-12-28T20:02:02.630+0000][8][gc,task     ] GC(5) Using 10 workers of 10 for evacuation
[2022-12-28T20:02:02.631+0000][8][gc,age      ] GC(5) Desired survivor size 20971520 bytes, new threshold 15 (max threshold 15)
[2022-12-28T20:02:02.636+0000][8][gc,age      ] GC(5) Age table with threshold 15 (max threshold 15)
[2022-12-28T20:02:02.636+0000][8][gc,age      ] GC(5) - age   1:    1065456 bytes,    1065456 total
[2022-12-28T20:02:02.636+0000][8][gc,age      ] GC(5) - age   2:    2788016 bytes,    3853472 total
[2022-12-28T20:02:02.636+0000][8][gc,age      ] GC(5) - age   3:    4613688 bytes,    8467160 total
[2022-12-28T20:02:02.637+0000][8][gc,age      ] GC(5) - age   4:    1181928 bytes,    9649088 total
[2022-12-28T20:02:02.637+0000][8][gc,age      ] GC(5) - age   5:    2018768 bytes,   11667856 total
[2022-12-28T20:02:02.637+0000][8][gc,phases   ] GC(5)   Pre Evacuate Collection Set: 0.4ms
[2022-12-28T20:02:02.637+0000][8][gc,phases   ] GC(5)   Merge Heap Roots: 0.1ms
[2022-12-28T20:02:02.638+0000][8][gc,phases   ] GC(5)   Evacuate Collection Set: 3.0ms
[2022-12-28T20:02:02.638+0000][8][gc,phases   ] GC(5)   Post Evacuate Collection Set: 1.2ms
[2022-12-28T20:02:02.638+0000][8][gc,phases   ] GC(5)   Other: 2.6ms
[2022-12-28T20:02:02.638+0000][8][gc,heap     ] GC(5) Eden regions: 73->0(73)
[2022-12-28T20:02:02.639+0000][8][gc,heap     ] GC(5) Survivor regions: 3->3(10)
[2022-12-28T20:02:02.639+0000][8][gc,heap     ] GC(5) Old regions: 2->2
[2022-12-28T20:02:02.639+0000][8][gc,heap     ] GC(5) Archive regions: 2->2
[2022-12-28T20:02:02.640+0000][8][gc,heap     ] GC(5) Humongous regions: 0->0
[2022-12-28T20:02:02.640+0000][8][gc,metaspace] GC(5) Metaspace: 19583K(20864K)->19583K(20864K) NonClass: 17198K(18176K)->17198K(18176K) Class: 2384K(2688K)->2384K(2688K)
[2022-12-28T20:02:02.640+0000][8][gc          ] GC(5) Pause Young (Normal) (G1 Evacuation Pause) 311M->19M(512M) 10.407ms
[2022-12-28T20:02:02.640+0000][8][gc,cpu      ] GC(5) User=0.04s Sys=0.00s Real=0.01s
[2022-12-28T20:02:02.641+0000][8][safepoint   ] Safepoint "G1CollectForAllocation", Time since last: 302723500 ns, Reaching safepoint: 192900 ns, At safepoint: 10821400 ns, Total: 11014300 ns
[2022-12-28T20:02:02.908+0000][8][gc,start    ] GC(6) Pause Young (Concurrent Start) (Metadata GC Threshold)
[2022-12-28T20:02:02.908+0000][8][gc,task     ] GC(6) Using 10 workers of 10 for evacuation
[2022-12-28T20:02:02.909+0000][8][gc,age      ] GC(6) Desired survivor size 20971520 bytes, new threshold 15 (max threshold 15)
[2022-12-28T20:02:02.914+0000][8][gc,age      ] GC(6) Age table with threshold 15 (max threshold 15)
[2022-12-28T20:02:02.914+0000][8][gc,age      ] GC(6) - age   1:    2050936 bytes,    2050936 total
[2022-12-28T20:02:02.915+0000][8][gc,age      ] GC(6) - age   2:     559504 bytes,    2610440 total
[2022-12-28T20:02:02.915+0000][8][gc,age      ] GC(6) - age   3:    2786240 bytes,    5396680 total
[2022-12-28T20:02:02.916+0000][8][gc,age      ] GC(6) - age   4:    4613168 bytes,   10009848 total
[2022-12-28T20:02:02.916+0000][8][gc,age      ] GC(6) - age   5:    1181752 bytes,   11191600 total
[2022-12-28T20:02:02.916+0000][8][gc,age      ] GC(6) - age   6:    2018768 bytes,   13210368 total
[2022-12-28T20:02:02.917+0000][8][gc,phases   ] GC(6)   Pre Evacuate Collection Set: 0.3ms
[2022-12-28T20:02:02.917+0000][8][gc,phases   ] GC(6)   Merge Heap Roots: 0.2ms
[2022-12-28T20:02:02.917+0000][8][gc,phases   ] GC(6)   Evacuate Collection Set: 3.2ms
[2022-12-28T20:02:02.917+0000][8][gc,phases   ] GC(6)   Post Evacuate Collection Set: 1.2ms
[2022-12-28T20:02:02.918+0000][8][gc,phases   ] GC(6)   Other: 3.5ms
[2022-12-28T20:02:02.918+0000][8][gc,heap     ] GC(6) Eden regions: 70->0(72)
[2022-12-28T20:02:02.918+0000][8][gc,heap     ] GC(6) Survivor regions: 3->4(10)
[2022-12-28T20:02:02.918+0000][8][gc,heap     ] GC(6) Old regions: 2->2
[2022-12-28T20:02:02.919+0000][8][gc,heap     ] GC(6) Archive regions: 2->2
[2022-12-28T20:02:02.919+0000][8][gc,heap     ] GC(6) Humongous regions: 0->0
[2022-12-28T20:02:02.919+0000][8][gc,metaspace] GC(6) Metaspace: 19982K(21248K)->19982K(21248K) NonClass: 17530K(18432K)->17530K(18432K) Class: 2451K(2816K)->2451K(2816K)
[2022-12-28T20:02:02.919+0000][8][gc          ] GC(6) Pause Young (Concurrent Start) (Metadata GC Threshold) 297M->21M(512M) 10.953ms
[2022-12-28T20:02:02.919+0000][8][gc,cpu      ] GC(6) User=0.06s Sys=0.00s Real=0.01s
[2022-12-28T20:02:02.919+0000][8][gc          ] GC(7) Concurrent Cycle
[2022-12-28T20:02:02.920+0000][8][gc,marking  ] GC(7) Concurrent Clear Claimed Marks
[2022-12-28T20:02:02.920+0000][8][gc,marking  ] GC(7) Concurrent Clear Claimed Marks 0.225ms
[2022-12-28T20:02:02.920+0000][8][safepoint   ] Safepoint "CollectForMetadataAllocation", Time since last: 267160700 ns, Reaching safepoint: 319200 ns, At safepoint: 11923800 ns, Total: 12243000 ns
[2022-12-28T20:02:02.920+0000][8][gc,marking  ] GC(7) Concurrent Scan Root Regions
[2022-12-28T20:02:02.922+0000][8][gc,marking  ] GC(7) Concurrent Scan Root Regions 2.092ms
[2022-12-28T20:02:02.923+0000][8][gc,marking  ] GC(7) Concurrent Mark (3.178s)
[2022-12-28T20:02:02.923+0000][8][gc,marking  ] GC(7) Concurrent Mark From Roots
[2022-12-28T20:02:02.923+0000][8][gc,task     ] GC(7) Using 3 workers of 3 for marking
[2022-12-28T20:02:02.927+0000][8][gc,marking  ] GC(7) Concurrent Mark From Roots 3.978ms
[2022-12-28T20:02:02.927+0000][8][gc,marking  ] GC(7) Concurrent Preclean
[2022-12-28T20:02:02.927+0000][8][gc,marking  ] GC(7) Concurrent Preclean 0.423ms
[2022-12-28T20:02:02.928+0000][8][gc,marking  ] GC(7) Concurrent Mark (3.178s, 3.183s) 5.255ms
[2022-12-28T20:02:02.929+0000][8][gc,start    ] GC(7) Pause Remark
[2022-12-28T20:02:02.931+0000][8][gc          ] GC(7) Pause Remark 29M->29M(512M) 2.078ms
[2022-12-28T20:02:02.931+0000][8][gc,cpu      ] GC(7) User=0.02s Sys=0.00s Real=0.00s
[2022-12-28T20:02:02.931+0000][8][safepoint   ] Safepoint "G1Concurrent", Time since last: 8211300 ns, Reaching safepoint: 367200 ns, At safepoint: 2698100 ns, Total: 3065300 ns
[2022-12-28T20:02:02.932+0000][8][gc,marking  ] GC(7) Concurrent Rebuild Remembered Sets
[2022-12-28T20:02:02.934+0000][8][gc,marking  ] GC(7) Concurrent Rebuild Remembered Sets 2.189ms
[2022-12-28T20:02:02.935+0000][8][gc,start    ] GC(7) Pause Cleanup
[2022-12-28T20:02:02.935+0000][8][gc          ] GC(7) Pause Cleanup 35M->35M(512M) 0.451ms
[2022-12-28T20:02:02.935+0000][8][gc,cpu      ] GC(7) User=0.00s Sys=0.00s Real=0.00s
[2022-12-28T20:02:02.936+0000][8][safepoint   ] Safepoint "G1Concurrent", Time since last: 2825000 ns, Reaching safepoint: 581600 ns, At safepoint: 927300 ns, Total: 1508900 ns
[2022-12-28T20:02:02.936+0000][8][gc,marking  ] GC(7) Concurrent Cleanup for Next Mark
[2022-12-28T20:02:02.936+0000][8][gc,marking  ] GC(7) Concurrent Cleanup for Next Mark 0.607ms
[2022-12-28T20:02:02.937+0000][8][gc          ] GC(7) Concurrent Cycle 17.368ms
[2022-12-28T20:02:03.203+0000][8][gc,start    ] GC(8) Pause Young (Normal) (G1 Evacuation Pause)
[2022-12-28T20:02:03.204+0000][8][gc,task     ] GC(8) Using 10 workers of 10 for evacuation
[2022-12-28T20:02:03.204+0000][8][gc,age      ] GC(8) Desired survivor size 20971520 bytes, new threshold 15 (max threshold 15)
[2022-12-28T20:02:03.209+0000][8][gc,age      ] GC(8) Age table with threshold 15 (max threshold 15)
[2022-12-28T20:02:03.210+0000][8][gc,age      ] GC(8) - age   1:    2419744 bytes,    2419744 total
[2022-12-28T20:02:03.210+0000][8][gc,age      ] GC(8) - age   2:    2023008 bytes,    4442752 total
[2022-12-28T20:02:03.210+0000][8][gc,age      ] GC(8) - age   3:     558680 bytes,    5001432 total
[2022-12-28T20:02:03.210+0000][8][gc,age      ] GC(8) - age   4:    2786240 bytes,    7787672 total
[2022-12-28T20:02:03.210+0000][8][gc,age      ] GC(8) - age   5:    4612848 bytes,   12400520 total
[2022-12-28T20:02:03.210+0000][8][gc,age      ] GC(8) - age   6:    1181560 bytes,   13582080 total
[2022-12-28T20:02:03.211+0000][8][gc,age      ] GC(8) - age   7:    2017072 bytes,   15599152 total
[2022-12-28T20:02:03.211+0000][8][gc,phases   ] GC(8)   Pre Evacuate Collection Set: 0.2ms
[2022-12-28T20:02:03.211+0000][8][gc,phases   ] GC(8)   Merge Heap Roots: 0.1ms
[2022-12-28T20:02:03.211+0000][8][gc,phases   ] GC(8)   Evacuate Collection Set: 4.2ms
[2022-12-28T20:02:03.211+0000][8][gc,phases   ] GC(8)   Post Evacuate Collection Set: 0.9ms
[2022-12-28T20:02:03.211+0000][8][gc,phases   ] GC(8)   Other: 2.1ms
[2022-12-28T20:02:03.211+0000][8][gc,heap     ] GC(8) Eden regions: 72->0(72)
[2022-12-28T20:02:03.212+0000][8][gc,heap     ] GC(8) Survivor regions: 4->4(10)
[2022-12-28T20:02:03.212+0000][8][gc,heap     ] GC(8) Old regions: 2->2
[2022-12-28T20:02:03.212+0000][8][gc,heap     ] GC(8) Archive regions: 2->2
[2022-12-28T20:02:03.212+0000][8][gc,heap     ] GC(8) Humongous regions: 0->0
[2022-12-28T20:02:03.212+0000][8][gc,metaspace] GC(8) Metaspace: 20047K(21504K)->20047K(21504K) NonClass: 17581K(18688K)->17581K(18688K) Class: 2466K(2816K)->2466K(2816K)
[2022-12-28T20:02:03.212+0000][8][gc          ] GC(8) Pause Young (Normal) (G1 Evacuation Pause) 309M->23M(512M) 9.030ms
[2022-12-28T20:02:03.212+0000][8][gc,cpu      ] GC(8) User=0.04s Sys=0.00s Real=0.00s
[2022-12-28T20:02:03.213+0000][8][safepoint   ] Safepoint "G1CollectForAllocation", Time since last: 267329400 ns, Reaching safepoint: 251900 ns, At safepoint: 9378900 ns, Total: 9630800 ns
[2022-12-28T20:02:03.622+0000][8][safepoint   ] Safepoint "ICBufferFull", Time since last: 408804500 ns, Reaching safepoint: 281600 ns, At safepoint: 57300 ns, Total: 338900 ns
[2022-12-28T20:02:03.975+0000][8][safepoint   ] Safepoint "ICBufferFull", Time since last: 353271800 ns, Reaching safepoint: 260300 ns, At safepoint: 21800 ns, Total: 282100 ns
[2022-12-28T20:02:04.863+0000][8][safepoint   ] Safepoint "ICBufferFull", Time since last: 887154500 ns, Reaching safepoint: 218700 ns, At safepoint: 26300 ns, Total: 245000 ns
[2022-12-28T20:02:05.172+0000][8][gc,start    ] GC(9) Pause Young (Normal) (G1 Evacuation Pause)
[2022-12-28T20:02:05.172+0000][8][gc,task     ] GC(9) Using 10 workers of 10 for evacuation
[2022-12-28T20:02:05.172+0000][8][gc,age      ] GC(9) Desired survivor size 20971520 bytes, new threshold 15 (max threshold 15)
[2022-12-28T20:02:05.193+0000][8][gc,age      ] GC(9) Age table with threshold 15 (max threshold 15)
[2022-12-28T20:02:05.193+0000][8][gc,age      ] GC(9) - age   1:   27746240 bytes,   27746240 total
[2022-12-28T20:02:05.194+0000][8][gc,age      ] GC(9) - age   2:     825008 bytes,   28571248 total
[2022-12-28T20:02:05.194+0000][8][gc,age      ] GC(9) - age   3:    2006864 bytes,   30578112 total
[2022-12-28T20:02:05.194+0000][8][gc,age      ] GC(9) - age   4:     540760 bytes,   31118872 total
[2022-12-28T20:02:05.195+0000][8][gc,age      ] GC(9) - age   5:    2764864 bytes,   33883736 total
[2022-12-28T20:02:05.195+0000][8][gc,age      ] GC(9) - age   6:    4568392 bytes,   38452128 total
[2022-12-28T20:02:05.195+0000][8][gc,age      ] GC(9) - age   7:    1131480 bytes,   39583608 total
[2022-12-28T20:02:05.195+0000][8][gc,age      ] GC(9) - age   8:    2008648 bytes,   41592256 total
[2022-12-28T20:02:05.196+0000][8][gc,phases   ] GC(9)   Pre Evacuate Collection Set: 0.2ms
[2022-12-28T20:02:05.196+0000][8][gc,phases   ] GC(9)   Merge Heap Roots: 0.2ms
[2022-12-28T20:02:05.196+0000][8][gc,phases   ] GC(9)   Evacuate Collection Set: 17.8ms
[2022-12-28T20:02:05.197+0000][8][gc,phases   ] GC(9)   Post Evacuate Collection Set: 1.9ms
[2022-12-28T20:02:05.197+0000][8][gc,phases   ] GC(9)   Other: 4.1ms
[2022-12-28T20:02:05.197+0000][8][gc,heap     ] GC(9) Eden regions: 72->0(66)
[2022-12-28T20:02:05.197+0000][8][gc,heap     ] GC(9) Survivor regions: 4->10(10)
[2022-12-28T20:02:05.198+0000][8][gc,heap     ] GC(9) Old regions: 2->4
[2022-12-28T20:02:05.198+0000][8][gc,heap     ] GC(9) Archive regions: 2->2
[2022-12-28T20:02:05.198+0000][8][gc,heap     ] GC(9) Humongous regions: 0->0
[2022-12-28T20:02:05.198+0000][8][gc,metaspace] GC(9) Metaspace: 32830K(35072K)->32830K(35072K) NonClass: 28596K(30208K)->28596K(30208K) Class: 4234K(4864K)->4234K(4864K)
[2022-12-28T20:02:05.199+0000][8][gc          ] GC(9) Pause Young (Normal) (G1 Evacuation Pause) 311M->57M(512M) 27.018ms
[2022-12-28T20:02:05.199+0000][8][gc,cpu      ] GC(9) User=0.22s Sys=0.02s Real=0.03s
[2022-12-28T20:02:05.199+0000][8][safepoint   ] Safepoint "G1CollectForAllocation", Time since last: 308754800 ns, Reaching safepoint: 165700 ns, At safepoint: 27490600 ns, Total: 27656300 ns
[2022-12-28T20:02:05.272+0000][8][gc,start    ] GC(10) Pause Young (Concurrent Start) (Metadata GC Threshold)
[2022-12-28T20:02:05.272+0000][8][gc,task     ] GC(10) Using 10 workers of 10 for evacuation
[2022-12-28T20:02:05.272+0000][8][gc,age      ] GC(10) Desired survivor size 20971520 bytes, new threshold 1 (max threshold 15)
[2022-12-28T20:02:05.289+0000][8][gc,age      ] GC(10) Age table with threshold 1 (max threshold 15)
[2022-12-28T20:02:05.290+0000][8][gc,age      ] GC(10) - age   1:     577344 bytes,     577344 total
[2022-12-28T20:02:05.290+0000][8][gc,phases   ] GC(10)   Pre Evacuate Collection Set: 0.2ms
[2022-12-28T20:02:05.290+0000][8][gc,phases   ] GC(10)   Merge Heap Roots: 0.3ms
[2022-12-28T20:02:05.290+0000][8][gc,phases   ] GC(10)   Evacuate Collection Set: 15.0ms
[2022-12-28T20:02:05.290+0000][8][gc,phases   ] GC(10)   Post Evacuate Collection Set: 1.1ms
[2022-12-28T20:02:05.291+0000][8][gc,phases   ] GC(10)   Other: 1.8ms
[2022-12-28T20:02:05.291+0000][8][gc,heap     ] GC(10) Eden regions: 3->0(74)
[2022-12-28T20:02:05.291+0000][8][gc,heap     ] GC(10) Survivor regions: 10->2(10)
[2022-12-28T20:02:05.291+0000][8][gc,heap     ] GC(10) Old regions: 4->14
[2022-12-28T20:02:05.292+0000][8][gc,heap     ] GC(10) Archive regions: 2->2
[2022-12-28T20:02:05.292+0000][8][gc,heap     ] GC(10) Humongous regions: 0->0
[2022-12-28T20:02:05.292+0000][8][gc,metaspace] GC(10) Metaspace: 33820K(35840K)->33820K(35840K) NonClass: 29445K(30848K)->29445K(30848K) Class: 4374K(4992K)->4374K(4992K)
[2022-12-28T20:02:05.292+0000][8][gc          ] GC(10) Pause Young (Concurrent Start) (Metadata GC Threshold) 67M->63M(512M) 20.589ms
[2022-12-28T20:02:05.292+0000][8][gc,cpu      ] GC(10) User=0.17s Sys=0.02s Real=0.02s
[2022-12-28T20:02:05.292+0000][8][gc          ] GC(11) Concurrent Cycle
[2022-12-28T20:02:05.293+0000][8][gc,marking  ] GC(11) Concurrent Clear Claimed Marks
[2022-12-28T20:02:05.293+0000][8][safepoint   ] Safepoint "CollectForMetadataAllocation", Time since last: 72121900 ns, Reaching safepoint: 287700 ns, At safepoint: 21148500 ns, Total: 21436200 ns
[2022-12-28T20:02:05.293+0000][8][gc,marking  ] GC(11) Concurrent Clear Claimed Marks 0.245ms
[2022-12-28T20:02:05.293+0000][8][gc,marking  ] GC(11) Concurrent Scan Root Regions
[2022-12-28T20:02:05.301+0000][8][gc,marking  ] GC(11) Concurrent Scan Root Regions 7.870ms
[2022-12-28T20:02:05.301+0000][8][gc,marking  ] GC(11) Concurrent Mark (5.557s)
[2022-12-28T20:02:05.302+0000][8][gc,marking  ] GC(11) Concurrent Mark From Roots
[2022-12-28T20:02:05.302+0000][8][gc,task     ] GC(11) Using 3 workers of 3 for marking
[2022-12-28T20:02:05.307+0000][8][safepoint   ] Safepoint "CollectForMetadataAllocation", Time since last: 13839200 ns, Reaching safepoint: 268300 ns, At safepoint: 172400 ns, Total: 440700 ns
[2022-12-28T20:02:05.311+0000][8][gc,marking  ] GC(11) Concurrent Mark From Roots 9.321ms
[2022-12-28T20:02:05.311+0000][8][gc,marking  ] GC(11) Concurrent Preclean
[2022-12-28T20:02:05.312+0000][8][gc,marking  ] GC(11) Concurrent Preclean 0.236ms
[2022-12-28T20:02:05.312+0000][8][gc,marking  ] GC(11) Concurrent Mark (5.557s, 5.567s) 10.276ms
[2022-12-28T20:02:05.312+0000][8][gc,start    ] GC(11) Pause Remark
[2022-12-28T20:02:05.314+0000][8][gc          ] GC(11) Pause Remark 65M->65M(512M) 1.798ms
[2022-12-28T20:02:05.314+0000][8][gc,cpu      ] GC(11) User=0.01s Sys=0.01s Real=0.01s
[2022-12-28T20:02:05.314+0000][8][safepoint   ] Safepoint "G1Concurrent", Time since last: 4886600 ns, Reaching safepoint: 397100 ns, At safepoint: 2143000 ns, Total: 2540100 ns
[2022-12-28T20:02:05.315+0000][8][gc,marking  ] GC(11) Concurrent Rebuild Remembered Sets
[2022-12-28T20:02:05.332+0000][8][gc,marking  ] GC(11) Concurrent Rebuild Remembered Sets 17.334ms
[2022-12-28T20:02:05.333+0000][8][gc,start    ] GC(11) Pause Cleanup
[2022-12-28T20:02:05.333+0000][8][gc          ] GC(11) Pause Cleanup 67M->67M(512M) 0.530ms
[2022-12-28T20:02:05.334+0000][8][gc,cpu      ] GC(11) User=0.00s Sys=0.00s Real=0.00s
[2022-12-28T20:02:05.334+0000][8][safepoint   ] Safepoint "G1Concurrent", Time since last: 18044400 ns, Reaching safepoint: 506100 ns, At safepoint: 1098500 ns, Total: 1604600 ns
[2022-12-28T20:02:05.334+0000][8][gc,marking  ] GC(11) Concurrent Cleanup for Next Mark
[2022-12-28T20:02:05.335+0000][8][gc,marking  ] GC(11) Concurrent Cleanup for Next Mark 0.621ms
[2022-12-28T20:02:05.335+0000][8][gc          ] GC(11) Concurrent Cycle 42.841ms
[2022-12-28T20:02:05.820+0000][8][safepoint   ] Safepoint "ICBufferFull", Time since last: 485657700 ns, Reaching safepoint: 262900 ns, At safepoint: 26600 ns, Total: 289500 ns
[2022-12-28T20:02:06.400+0000][8][safepoint   ] Safepoint "ICBufferFull", Time since last: 579814400 ns, Reaching safepoint: 214700 ns, At safepoint: 63600 ns, Total: 278300 ns
[2022-12-28T20:02:06.515+0000][8][safepoint   ] Safepoint "ICBufferFull", Time since last: 114605900 ns, Reaching safepoint: 213300 ns, At safepoint: 40700 ns, Total: 254000 ns
[2022-12-28T20:02:06.545+0000][8][gc,start    ] GC(12) Pause Young (Concurrent Start) (G1 Evacuation Pause)
[2022-12-28T20:02:06.546+0000][8][gc,task     ] GC(12) Using 10 workers of 10 for evacuation
[2022-12-28T20:02:06.546+0000][8][gc,age      ] GC(12) Desired survivor size 20971520 bytes, new threshold 15 (max threshold 15)
[2022-12-28T20:02:06.553+0000][8][gc,age      ] GC(12) Age table with threshold 15 (max threshold 15)
[2022-12-28T20:02:06.553+0000][8][gc,age      ] GC(12) - age   1:    7718864 bytes,    7718864 total
[2022-12-28T20:02:06.553+0000][8][gc,age      ] GC(12) - age   2:     518336 bytes,    8237200 total
[2022-12-28T20:02:06.553+0000][8][gc,phases   ] GC(12)   Pre Evacuate Collection Set: 0.2ms
[2022-12-28T20:02:06.554+0000][8][gc,phases   ] GC(12)   Merge Heap Roots: 0.1ms
[2022-12-28T20:02:06.554+0000][8][gc,phases   ] GC(12)   Evacuate Collection Set: 5.0ms
[2022-12-28T20:02:06.554+0000][8][gc,phases   ] GC(12)   Post Evacuate Collection Set: 1.1ms
[2022-12-28T20:02:06.554+0000][8][gc,phases   ] GC(12)   Other: 1.8ms
[2022-12-28T20:02:06.555+0000][8][gc,heap     ] GC(12) Eden regions: 74->0(73)
[2022-12-28T20:02:06.555+0000][8][gc,heap     ] GC(12) Survivor regions: 2->3(10)
[2022-12-28T20:02:06.555+0000][8][gc,heap     ] GC(12) Old regions: 14->14
[2022-12-28T20:02:06.555+0000][8][gc,heap     ] GC(12) Archive regions: 2->2
[2022-12-28T20:02:06.556+0000][8][gc,heap     ] GC(12) Humongous regions: 0->0
[2022-12-28T20:02:06.556+0000][8][gc,metaspace] GC(12) Metaspace: 52611K(55756K)->52611K(55756K) NonClass: 45602K(47872K)->45602K(47872K) Class: 7008K(7884K)->7008K(7884K)
[2022-12-28T20:02:06.556+0000][8][gc          ] GC(12) Pause Young (Concurrent Start) (G1 Evacuation Pause) 359M->66M(512M) 10.808ms
[2022-12-28T20:02:06.556+0000][8][gc,cpu      ] GC(12) User=0.06s Sys=0.01s Real=0.01s
[2022-12-28T20:02:06.556+0000][8][gc          ] GC(13) Concurrent Cycle
[2022-12-28T20:02:06.557+0000][8][gc,marking  ] GC(13) Concurrent Clear Claimed Marks
[2022-12-28T20:02:06.556+0000][8][safepoint   ] Safepoint "G1CollectForAllocation", Time since last: 29831500 ns, Reaching safepoint: 320200 ns, At safepoint: 11311800 ns, Total: 11632000 ns
[2022-12-28T20:02:06.557+0000][8][gc,marking  ] GC(13) Concurrent Clear Claimed Marks 0.216ms
[2022-12-28T20:02:06.557+0000][8][gc,marking  ] GC(13) Concurrent Scan Root Regions
[2022-12-28T20:02:06.561+0000][8][gc,marking  ] GC(13) Concurrent Scan Root Regions 4.016ms
[2022-12-28T20:02:06.561+0000][8][gc,marking  ] GC(13) Concurrent Mark (6.817s)
[2022-12-28T20:02:06.562+0000][8][gc,marking  ] GC(13) Concurrent Mark From Roots
[2022-12-28T20:02:06.562+0000][8][gc,task     ] GC(13) Using 3 workers of 3 for marking
[2022-12-28T20:02:06.602+0000][8][gc,marking  ] GC(13) Concurrent Mark From Roots 40.145ms
[2022-12-28T20:02:06.602+0000][8][gc,marking  ] GC(13) Concurrent Preclean
[2022-12-28T20:02:06.602+0000][8][gc,marking  ] GC(13) Concurrent Preclean 0.320ms
[2022-12-28T20:02:06.603+0000][8][gc,marking  ] GC(13) Concurrent Mark (6.817s, 6.858s) 41.065ms
[2022-12-28T20:02:06.603+0000][8][gc,start    ] GC(13) Pause Remark
[2022-12-28T20:02:06.605+0000][8][gc          ] GC(13) Pause Remark 70M->70M(512M) 2.080ms
[2022-12-28T20:02:06.605+0000][8][gc,cpu      ] GC(13) User=0.01s Sys=0.00s Real=0.00s
[2022-12-28T20:02:06.605+0000][8][safepoint   ] Safepoint "G1Concurrent", Time since last: 46317800 ns, Reaching safepoint: 281900 ns, At safepoint: 2479700 ns, Total: 2761600 ns
[2022-12-28T20:02:06.606+0000][8][gc,marking  ] GC(13) Concurrent Rebuild Remembered Sets
[2022-12-28T20:02:06.631+0000][8][gc,marking  ] GC(13) Concurrent Rebuild Remembered Sets 24.933ms
[2022-12-28T20:02:06.632+0000][8][gc,start    ] GC(13) Pause Cleanup
[2022-12-28T20:02:06.632+0000][8][gc          ] GC(13) Pause Cleanup 72M->72M(512M) 0.366ms
[2022-12-28T20:02:06.632+0000][8][gc,cpu      ] GC(13) User=0.00s Sys=0.00s Real=0.00s
[2022-12-28T20:02:06.632+0000][8][safepoint   ] Safepoint "G1Concurrent", Time since last: 25459600 ns, Reaching safepoint: 777700 ns, At safepoint: 732600 ns, Total: 1510300 ns
[2022-12-28T20:02:06.633+0000][8][gc,marking  ] GC(13) Concurrent Cleanup for Next Mark
[2022-12-28T20:02:06.633+0000][8][gc,marking  ] GC(13) Concurrent Cleanup for Next Mark 0.526ms
[2022-12-28T20:02:06.633+0000][8][gc          ] GC(13) Concurrent Cycle 77.075ms
[2022-12-28T20:02:07.523+0000][8][safepoint   ] Safepoint "ICBufferFull", Time since last: 889611800 ns, Reaching safepoint: 878100 ns, At safepoint: 33900 ns, Total: 912000 ns
[2022-12-28T20:02:07.989+0000][8][safepoint   ] Safepoint "ICBufferFull", Time since last: 465562300 ns, Reaching safepoint: 214400 ns, At safepoint: 16700 ns, Total: 231100 ns
[2022-12-28T20:02:08.410+0000][8][safepoint   ] Safepoint "ICBufferFull", Time since last: 420484800 ns, Reaching safepoint: 345000 ns, At safepoint: 41000 ns, Total: 386000 ns
[2022-12-28T20:02:08.845+0000][8][safepoint   ] Safepoint "ICBufferFull", Time since last: 435595700 ns, Reaching safepoint: 232500 ns, At safepoint: 38300 ns, Total: 270800 ns
[2022-12-28T20:02:09.305+0000][8][safepoint   ] Safepoint "ICBufferFull", Time since last: 459464700 ns, Reaching safepoint: 271600 ns, At safepoint: 24500 ns, Total: 296100 ns
[2022-12-28T20:02:10.306+0000][8][safepoint   ] Safepoint "Cleanup", Time since last: 1000748300 ns, Reaching safepoint: 209900 ns, At safepoint: 2800 ns, Total: 212700 ns
[2022-12-28T20:02:12.308+0000][8][safepoint   ] Safepoint "Cleanup", Time since last: 2001010100 ns, Reaching safepoint: 938500 ns, At safepoint: 250900 ns, Total: 1189400 ns
[2022-12-28T20:02:13.311+0000][8][safepoint   ] Safepoint "Cleanup", Time since last: 1001391800 ns, Reaching safepoint: 810300 ns, At safepoint: 87800 ns, Total: 898100 ns
[2022-12-28T20:02:15.313+0000][8][safepoint   ] Safepoint "Cleanup", Time since last: 2001466600 ns, Reaching safepoint: 740500 ns, At safepoint: 73000 ns, Total: 813500 ns
[2022-12-28T20:02:17.315+0000][8][safepoint   ] Safepoint "Cleanup", Time since last: 2001547900 ns, Reaching safepoint: 493400 ns, At safepoint: 50700 ns, Total: 544100 ns
[2022-12-28T20:02:18.316+0000][8][safepoint   ] Safepoint "Cleanup", Time since last: 1000990600 ns, Reaching safepoint: 280600 ns, At safepoint: 22500 ns, Total: 303100 ns
[2022-12-28T20:02:21.318+0000][8][safepoint   ] Safepoint "Cleanup", Time since last: 3001058100 ns, Reaching safepoint: 329600 ns, At safepoint: 31900 ns, Total: 361500 ns
[2022-12-28T20:02:27.320+0000][8][safepoint   ] Safepoint "Cleanup", Time since last: 6002241800 ns, Reaching safepoint: 350800 ns, At safepoint: 31600 ns, Total: 382400 ns
[2022-12-28T20:02:29.321+0000][8][safepoint   ] Safepoint "Cleanup", Time since last: 2000647100 ns, Reaching safepoint: 336700 ns, At safepoint: 25400 ns, Total: 362100 ns
[2022-12-28T20:02:31.322+0000][8][safepoint   ] Safepoint "Cleanup", Time since last: 2000721200 ns, Reaching safepoint: 177600 ns, At safepoint: 27500 ns, Total: 205100 ns
[2022-12-28T20:02:32.323+0000][8][safepoint   ] Safepoint "Cleanup", Time since last: 1000544500 ns, Reaching safepoint: 478800 ns, At safepoint: 82200 ns, Total: 561000 ns
[2022-12-28T20:02:37.326+0000][8][safepoint   ] Safepoint "Cleanup", Time since last: 5002058000 ns, Reaching safepoint: 292300 ns, At safepoint: 25000 ns, Total: 317300 ns
[2022-12-28T20:02:39.327+0000][8][safepoint   ] Safepoint "Cleanup", Time since last: 2000722300 ns, Reaching safepoint: 162200 ns, At safepoint: 15400 ns, Total: 177600 ns
[2022-12-28T20:02:40.328+0000][8][safepoint   ] Safepoint "Cleanup", Time since last: 1000764100 ns, Reaching safepoint: 462900 ns, At safepoint: 45100 ns, Total: 508000 ns
[2022-12-28T20:02:55.333+0000][8][safepoint   ] Safepoint "Cleanup", Time since last: 15004892700 ns, Reaching safepoint: 188200 ns, At safepoint: 16200 ns, Total: 204400 ns
[2022-12-28T20:02:59.335+0000][8][safepoint   ] Safepoint "Cleanup", Time since last: 4001358200 ns, Reaching safepoint: 689900 ns, At safepoint: 64900 ns, Total: 754800 ns
[2022-12-28T20:03:00.337+0000][8][safepoint   ] Safepoint "Cleanup", Time since last: 1001386300 ns, Reaching safepoint: 575300 ns, At safepoint: 54700 ns, Total: 630000 ns
[2022-12-28T20:03:04.340+0000][8][safepoint   ] Safepoint "Cleanup", Time since last: 4002277200 ns, Reaching safepoint: 355300 ns, At safepoint: 26800 ns, Total: 382100 ns
[2022-12-28T20:03:05.341+0000][8][safepoint   ] Safepoint "Cleanup", Time since last: 1000604800 ns, Reaching safepoint: 283500 ns, At safepoint: 22500 ns, Total: 306000 ns
[2022-12-28T20:03:09.342+0000][8][safepoint   ] Safepoint "Cleanup", Time since last: 4001050500 ns, Reaching safepoint: 228900 ns, At safepoint: 19400 ns, Total: 248300 ns
[2022-12-28T20:03:10.343+0000][8][safepoint   ] Safepoint "Cleanup", Time since last: 1000429000 ns, Reaching safepoint: 173500 ns, At safepoint: 14200 ns, Total: 187700 ns
[2022-12-28T20:03:11.343+0000][8][safepoint   ] Safepoint "Cleanup", Time since last: 1000359000 ns, Reaching safepoint: 336000 ns, At safepoint: 18200 ns, Total: 354200 ns
[2022-12-28T20:03:12.344+0000][8][safepoint   ] Safepoint "Cleanup", Time since last: 1000717800 ns, Reaching safepoint: 214300 ns, At safepoint: 21800 ns, Total: 236100 ns
[2022-12-28T20:03:14.346+0000][8][safepoint   ] Safepoint "Cleanup", Time since last: 2000876400 ns, Reaching safepoint: 446600 ns, At safepoint: 53000 ns, Total: 499600 ns
[2022-12-28T20:03:18.348+0000][8][safepoint   ] Safepoint "Cleanup", Time since last: 4001909800 ns, Reaching safepoint: 377500 ns, At safepoint: 37800 ns, Total: 415300 ns
[2022-12-28T20:03:47.352+0000][8][safepoint   ] Safepoint "Cleanup", Time since last: 29003750700 ns, Reaching safepoint: 196200 ns, At safepoint: 15800 ns, Total: 212000 ns
[2022-12-28T20:03:51.353+0000][8][safepoint   ] Safepoint "Cleanup", Time since last: 4000527400 ns, Reaching safepoint: 198700 ns, At safepoint: 14700 ns, Total: 213400 ns
[2022-12-28T20:03:52.353+0000][8][safepoint   ] Safepoint "Cleanup", Time since last: 1000308700 ns, Reaching safepoint: 166500 ns, At safepoint: 15600 ns, Total: 182100 ns
[2022-12-28T20:03:53.354+0000][8][safepoint   ] Safepoint "Cleanup", Time since last: 1000243400 ns, Reaching safepoint: 179500 ns, At safepoint: 15700 ns, Total: 195200 ns
[2022-12-28T20:03:57.355+0000][8][safepoint   ] Safepoint "Cleanup", Time since last: 4000762300 ns, Reaching safepoint: 326500 ns, At safepoint: 33700 ns, Total: 360200 ns
[2022-12-28T20:04:14.359+0000][8][safepoint   ] Safepoint "Cleanup", Time since last: 17003534000 ns, Reaching safepoint: 298900 ns, At safepoint: 21000 ns, Total: 319900 ns
[2022-12-28T20:04:15.359+0000][8][safepoint   ] Safepoint "Cleanup", Time since last: 1000495000 ns, Reaching safepoint: 281100 ns, At safepoint: 18500 ns, Total: 299600 ns
[2022-12-28T20:04:35.364+0000][8][safepoint   ] Safepoint "Cleanup", Time since last: 20003801900 ns, Reaching safepoint: 295100 ns, At safepoint: 19200 ns, Total: 314300 ns
[2022-12-28T20:04:39.365+0000][8][safepoint   ] Safepoint "Cleanup", Time since last: 4000772700 ns, Reaching safepoint: 163500 ns, At safepoint: 15100 ns, Total: 178600 ns
[2022-12-28T20:04:45.366+0000][8][safepoint   ] Safepoint "Cleanup", Time since last: 6000773000 ns, Reaching safepoint: 176300 ns, At safepoint: 16300 ns, Total: 192600 ns
[2022-12-28T20:05:18.373+0000][8][safepoint   ] Safepoint "Cleanup", Time since last: 33007136200 ns, Reaching safepoint: 284600 ns, At safepoint: 4800 ns, Total: 289400 ns
[2022-12-28T20:05:19.374+0000][8][safepoint   ] Safepoint "Cleanup", Time since last: 1000616800 ns, Reaching safepoint: 266700 ns, At safepoint: 21600 ns, Total: 288300 ns
[2022-12-28T20:05:38.379+0000][8][safepoint   ] Safepoint "Cleanup", Time since last: 19004631600 ns, Reaching safepoint: 355700 ns, At safepoint: 27800 ns, Total: 383500 ns
[2022-12-28T20:05:39.380+0000][8][safepoint   ] Safepoint "Cleanup", Time since last: 1001004300 ns, Reaching safepoint: 249600 ns, At safepoint: 22300 ns, Total: 271900 ns
[2022-12-28T20:05:47.383+0000][8][safepoint   ] Safepoint "Cleanup", Time since last: 8002191300 ns, Reaching safepoint: 174300 ns, At safepoint: 15700 ns, Total: 190000 ns
[2022-12-28T20:06:05.386+0000][8][safepoint   ] Safepoint "Cleanup", Time since last: 18003750900 ns, Reaching safepoint: 202600 ns, At safepoint: 17000 ns, Total: 219600 ns
[2022-12-28T20:06:08.388+0000][8][safepoint   ] Safepoint "Cleanup", Time since last: 3000967300 ns, Reaching safepoint: 280600 ns, At safepoint: 21800 ns, Total: 302400 ns
[2022-12-28T20:06:09.389+0000][8][safepoint   ] Safepoint "Cleanup", Time since last: 1000842700 ns, Reaching safepoint: 256100 ns, At safepoint: 22400 ns, Total: 278500 ns
[2022-12-28T20:06:20.392+0000][8][safepoint   ] Safepoint "Cleanup", Time since last: 11002599000 ns, Reaching safepoint: 194900 ns, At safepoint: 17700 ns, Total: 212600 ns
[2022-12-28T20:06:21.393+0000][8][safepoint   ] Safepoint "Cleanup", Time since last: 1000682000 ns, Reaching safepoint: 844900 ns, At safepoint: 80800 ns, Total: 925700 ns
[2022-12-28T20:06:25.395+0000][8][safepoint   ] Safepoint "Cleanup", Time since last: 4001812300 ns, Reaching safepoint: 357200 ns, At safepoint: 23500 ns, Total: 380700 ns
[2022-12-28T20:06:27.397+0000][8][safepoint   ] Safepoint "Cleanup", Time since last: 2000800300 ns, Reaching safepoint: 270000 ns, At safepoint: 24200 ns, Total: 294200 ns
[2022-12-28T20:06:32.399+0000][8][safepoint   ] Safepoint "Cleanup", Time since last: 5001960400 ns, Reaching safepoint: 277900 ns, At safepoint: 14000 ns, Total: 291900 ns
[2022-12-28T20:06:39.401+0000][8][safepoint   ] Safepoint "Cleanup", Time since last: 7001825700 ns, Reaching safepoint: 215200 ns, At safepoint: 17200 ns, Total: 232400 ns
[2022-12-28T20:06:47.403+0000][8][safepoint   ] Safepoint "Cleanup", Time since last: 8001631700 ns, Reaching safepoint: 173200 ns, At safepoint: 15000 ns, Total: 188200 ns
[2022-12-28T20:06:50.404+0000][8][safepoint   ] Safepoint "Cleanup", Time since last: 3001164500 ns, Reaching safepoint: 170000 ns, At safepoint: 14100 ns, Total: 184100 ns
[2022-12-28T20:07:17.411+0000][8][safepoint   ] Safepoint "Cleanup", Time since last: 27005965000 ns, Reaching safepoint: 518700 ns, At safepoint: 49200 ns, Total: 567900 ns
[2022-12-28T20:07:22.413+0000][8][safepoint   ] Safepoint "Cleanup", Time since last: 5001849900 ns, Reaching safepoint: 296100 ns, At safepoint: 19600 ns, Total: 315700 ns
[2022-12-28T20:07:39.417+0000][8][safepoint   ] Safepoint "Cleanup", Time since last: 17003578900 ns, Reaching safepoint: 402900 ns, At safepoint: 51000 ns, Total: 453900 ns
[2022-12-28T20:07:42.418+0000][8][safepoint   ] Safepoint "Cleanup", Time since last: 3001124600 ns, Reaching safepoint: 188700 ns, At safepoint: 17300 ns, Total: 206000 ns
[2022-12-28T20:07:43.419+0000][8][safepoint   ] Safepoint "Cleanup", Time since last: 1000817800 ns, Reaching safepoint: 198200 ns, At safepoint: 13000 ns, Total: 211200 ns
[2022-12-28T20:07:47.421+0000][8][safepoint   ] Safepoint "Cleanup", Time since last: 4001257400 ns, Reaching safepoint: 486300 ns, At safepoint: 47400 ns, Total: 533700 ns
[2022-12-28T20:08:08.426+0000][8][safepoint   ] Safepoint "Cleanup", Time since last: 21004258900 ns, Reaching safepoint: 364400 ns, At safepoint: 28700 ns, Total: 393100 ns
[2022-12-28T20:08:09.427+0000][8][safepoint   ] Safepoint "Cleanup", Time since last: 1000795700 ns, Reaching safepoint: 193400 ns, At safepoint: 29100 ns, Total: 222500 ns
[2022-12-28T20:08:33.432+0000][8][safepoint   ] Safepoint "Cleanup", Time since last: 24004610800 ns, Reaching safepoint: 284900 ns, At safepoint: 27200 ns, Total: 312100 ns
[2022-12-28T20:08:35.433+0000][8][safepoint   ] Safepoint "Cleanup", Time since last: 2000815500 ns, Reaching safepoint: 402900 ns, At safepoint: 35300 ns, Total: 438200 ns
[2022-12-28T20:09:09.440+0000][8][safepoint   ] Safepoint "Cleanup", Time since last: 34006871500 ns, Reaching safepoint: 384800 ns, At safepoint: 23200 ns, Total: 408000 ns
[2022-12-28T20:09:12.442+0000][8][safepoint   ] Safepoint "Cleanup", Time since last: 3001398500 ns, Reaching safepoint: 174400 ns, At safepoint: 14000 ns, Total: 188400 ns
[2022-12-28T20:10:23.456+0000][8][safepoint   ] Safepoint "Cleanup", Time since last: 71013746200 ns, Reaching safepoint: 232500 ns, At safepoint: 51500 ns, Total: 284000 ns
[2022-12-28T20:10:43.459+0000][8][safepoint   ] Safepoint "Cleanup", Time since last: 20003405500 ns, Reaching safepoint: 244200 ns, At safepoint: 13700 ns, Total: 257900 ns
[2022-12-28T20:10:57.462+0000][8][safepoint   ] Safepoint "Cleanup", Time since last: 14002789800 ns, Reaching safepoint: 258600 ns, At safepoint: 18700 ns, Total: 277300 ns
[2022-12-28T20:11:39.471+0000][8][safepoint   ] Safepoint "Cleanup", Time since last: 42008724600 ns, Reaching safepoint: 293000 ns, At safepoint: 30500 ns, Total: 323500 ns
[2022-12-28T20:12:09.478+0000][8][safepoint   ] Safepoint "Cleanup", Time since last: 30006038000 ns, Reaching safepoint: 203800 ns, At safepoint: 20200 ns, Total: 224000 ns
[2022-12-28T20:12:22.482+0000][8][safepoint   ] Safepoint "Cleanup", Time since last: 13003635200 ns, Reaching safepoint: 296000 ns, At safepoint: 25700 ns, Total: 321700 ns
[2022-12-28T20:12:23.482+0000][8][safepoint   ] Safepoint "Cleanup", Time since last: 1000561200 ns, Reaching safepoint: 162500 ns, At safepoint: 15000 ns, Total: 177500 ns
[2022-12-28T20:12:51.487+0000][8][safepoint   ] Safepoint "Cleanup", Time since last: 28004221100 ns, Reaching safepoint: 257800 ns, At safepoint: 21700 ns, Total: 279500 ns
[2022-12-28T20:13:09.490+0000][8][safepoint   ] Safepoint "Cleanup", Time since last: 18002943400 ns, Reaching safepoint: 181300 ns, At safepoint: 14800 ns, Total: 196100 ns
[2022-12-28T20:14:09.499+0000][8][safepoint   ] Safepoint "Cleanup", Time since last: 60008916700 ns, Reaching safepoint: 202200 ns, At safepoint: 14600 ns, Total: 216800 ns
[2022-12-28T20:14:39.507+0000][8][safepoint   ] Safepoint "Cleanup", Time since last: 30007346300 ns, Reaching safepoint: 257600 ns, At safepoint: 21300 ns, Total: 278900 ns
[2022-12-28T20:16:09.525+0000][8][safepoint   ] Safepoint "Cleanup", Time since last: 90017395800 ns, Reaching safepoint: 429600 ns, At safepoint: 41400 ns, Total: 471000 ns
[2022-12-28T20:16:39.532+0000][8][safepoint   ] Safepoint "Cleanup", Time since last: 30007183900 ns, Reaching safepoint: 211100 ns, At safepoint: 35700 ns, Total: 246800 ns
[2022-12-28T20:17:09.539+0000][8][safepoint   ] Safepoint "Cleanup", Time since last: 30006000400 ns, Reaching safepoint: 491800 ns, At safepoint: 48700 ns, Total: 540500 ns
[2022-12-28T20:17:17.541+0000][8][safepoint   ] Safepoint "Cleanup", Time since last: 8002502500 ns, Reaching safepoint: 196700 ns, At safepoint: 15900 ns, Total: 212600 ns
[2022-12-28T20:17:18.543+0000][8][safepoint   ] Safepoint "Cleanup", Time since last: 1000470500 ns, Reaching safepoint: 624500 ns, At safepoint: 63200 ns, Total: 687700 ns
[2022-12-28T20:18:00.552+0000][8][safepoint   ] Safepoint "Cleanup", Time since last: 42009102700 ns, Reaching safepoint: 174200 ns, At safepoint: 13700 ns, Total: 187900 ns
[2022-12-28T20:18:37.560+0000][8][safepoint   ] Safepoint "Cleanup", Time since last: 37007880700 ns, Reaching safepoint: 522700 ns, At safepoint: 48300 ns, Total: 571000 ns
[2022-12-28T20:18:39.562+0000][8][safepoint   ] Safepoint "Cleanup", Time since last: 2001040300 ns, Reaching safepoint: 727600 ns, At safepoint: 11700 ns, Total: 739300 ns
[2022-12-28T20:20:05.577+0000][8][safepoint   ] Safepoint "Cleanup", Time since last: 86014282800 ns, Reaching safepoint: 254100 ns, At safepoint: 19100 ns, Total: 273200 ns
[2022-12-28T20:20:09.578+0000][8][safepoint   ] Safepoint "Cleanup", Time since last: 4000861600 ns, Reaching safepoint: 190800 ns, At safepoint: 16600 ns, Total: 207400 ns
[2022-12-28T20:20:39.584+0000][8][safepoint   ] Safepoint "Cleanup", Time since last: 30006286600 ns, Reaching safepoint: 191200 ns, At safepoint: 17200 ns, Total: 208400 ns
[2022-12-28T20:21:06.590+0000][8][safepoint   ] Safepoint "Cleanup", Time since last: 27005503600 ns, Reaching safepoint: 724800 ns, At safepoint: 77700 ns, Total: 802500 ns
[2022-12-28T20:21:20.594+0000][8][safepoint   ] Safepoint "Cleanup", Time since last: 14003501800 ns, Reaching safepoint: 403400 ns, At safepoint: 39500 ns, Total: 442900 ns
[2022-12-28T20:21:51.602+0000][8][safepoint   ] Safepoint "Cleanup", Time since last: 31007037800 ns, Reaching safepoint: 274400 ns, At safepoint: 24900 ns, Total: 299300 ns
[2022-12-28T20:22:06.606+0000][8][safepoint   ] Safepoint "Cleanup", Time since last: 15003413200 ns, Reaching safepoint: 509000 ns, At safepoint: 52900 ns, Total: 561900 ns
[2022-12-28T20:22:09.607+0000][8][safepoint   ] Safepoint "Cleanup", Time since last: 3001396000 ns, Reaching safepoint: 306900 ns, At safepoint: 30400 ns, Total: 337300 ns
[2022-12-28T20:22:39.614+0000][8][safepoint   ] Safepoint "Cleanup", Time since last: 30006692400 ns, Reaching safepoint: 182600 ns, At safepoint: 15200 ns, Total: 197800 ns
[2022-12-28T20:23:07.621+0000][8][safepoint   ] Safepoint "Cleanup", Time since last: 28005770700 ns, Reaching safepoint: 642500 ns, At safepoint: 75500 ns, Total: 718000 ns
[2022-12-28T20:23:31.626+0000][8][safepoint   ] Safepoint "Cleanup", Time since last: 24004869800 ns, Reaching safepoint: 488500 ns, At safepoint: 55200 ns, Total: 543700 ns
[2022-12-28T20:26:14.658+0000][8][safepoint   ] Safepoint "Cleanup", Time since last: 163031733900 ns, Reaching safepoint: 186700 ns, At safepoint: 18700 ns, Total: 205400 ns
[2022-12-28T20:26:18.659+0000][8][safepoint   ] Safepoint "Cleanup", Time since last: 4000584700 ns, Reaching safepoint: 164700 ns, At safepoint: 15900 ns, Total: 180600 ns
[2022-12-28T20:26:39.663+0000][8][safepoint   ] Safepoint "Cleanup", Time since last: 21003879100 ns, Reaching safepoint: 223700 ns, At safepoint: 37400 ns, Total: 261100 ns
[2022-12-28T20:26:58.768+0000][8][gc,start    ] GC(14) Pause Young (Normal) (G1 Evacuation Pause)
[2022-12-28T20:26:58.768+0000][8][gc,task     ] GC(14) Using 10 workers of 10 for evacuation
[2022-12-28T20:26:58.768+0000][8][gc,age      ] GC(14) Desired survivor size 20971520 bytes, new threshold 15 (max threshold 15)
[2022-12-28T20:26:58.784+0000][8][gc,age      ] GC(14) Age table with threshold 15 (max threshold 15)
[2022-12-28T20:26:58.785+0000][8][gc,age      ] GC(14) - age   1:   13365640 bytes,   13365640 total
[2022-12-28T20:26:58.785+0000][8][gc,age      ] GC(14) - age   2:    7215800 bytes,   20581440 total
[2022-12-28T20:26:58.786+0000][8][gc,age      ] GC(14) - age   3:     515128 bytes,   21096568 total
[2022-12-28T20:26:58.786+0000][8][gc,phases   ] GC(14)   Pre Evacuate Collection Set: 0.2ms
[2022-12-28T20:26:58.786+0000][8][gc,phases   ] GC(14)   Merge Heap Roots: 0.1ms
[2022-12-28T20:26:58.787+0000][8][gc,phases   ] GC(14)   Evacuate Collection Set: 12.3ms
[2022-12-28T20:26:58.787+0000][8][gc,phases   ] GC(14)   Post Evacuate Collection Set: 3.4ms
[2022-12-28T20:26:58.788+0000][8][gc,phases   ] GC(14)   Other: 2.0ms
[2022-12-28T20:26:58.788+0000][8][gc,heap     ] GC(14) Eden regions: 73->0(70)
[2022-12-28T20:26:58.788+0000][8][gc,heap     ] GC(14) Survivor regions: 3->6(10)
[2022-12-28T20:26:58.788+0000][8][gc,heap     ] GC(14) Old regions: 14->14
[2022-12-28T20:26:58.789+0000][8][gc,heap     ] GC(14) Archive regions: 2->2
[2022-12-28T20:26:58.789+0000][8][gc,heap     ] GC(14) Humongous regions: 2->2
[2022-12-28T20:26:58.789+0000][8][gc,metaspace] GC(14) Metaspace: 89990K(94156K)->89990K(94156K) NonClass: 77849K(80896K)->77849K(80896K) Class: 12140K(13260K)->12140K(13260K)
[2022-12-28T20:26:58.790+0000][8][gc          ] GC(14) Pause Young (Normal) (G1 Evacuation Pause) 366M->86M(512M) 21.722ms
[2022-12-28T20:26:58.790+0000][8][gc,cpu      ] GC(14) User=0.11s Sys=0.02s Real=0.02s
[2022-12-28T20:26:58.790+0000][8][safepoint   ] Safepoint "G1CollectForAllocation", Time since last: 19104377800 ns, Reaching safepoint: 244100 ns, At safepoint: 22385900 ns, Total: 22630000 ns
[2022-12-28T20:27:39.807+0000][8][safepoint   ] Safepoint "Cleanup", Time since last: 41016526800 ns, Reaching safepoint: 525500 ns, At safepoint: 50200 ns, Total: 575700 ns
[2022-12-28T20:28:39.821+0000][8][safepoint   ] Safepoint "Cleanup", Time since last: 60013030500 ns, Reaching safepoint: 324900 ns, At safepoint: 32400 ns, Total: 357300 ns
[2022-12-28T20:28:51.823+0000][8][safepoint   ] Safepoint "Cleanup", Time since last: 12002031800 ns, Reaching safepoint: 274500 ns, At safepoint: 23400 ns, Total: 297900 ns
[2022-12-28T20:29:16.829+0000][8][safepoint   ] Safepoint "Cleanup", Time since last: 25005260100 ns, Reaching safepoint: 692100 ns, At safepoint: 69700 ns, Total: 761800 ns
[2022-12-28T20:30:06.841+0000][8][safepoint   ] Safepoint "Cleanup", Time since last: 50011101000 ns, Reaching safepoint: 779900 ns, At safepoint: 104100 ns, Total: 884000 ns
[2022-12-28T20:30:09.843+0000][8][safepoint   ] Safepoint "Cleanup", Time since last: 3001536400 ns, Reaching safepoint: 292700 ns, At safepoint: 19500 ns, Total: 312200 ns
[2022-12-28T20:30:26.847+0000][8][safepoint   ] Safepoint "Cleanup", Time since last: 17003569100 ns, Reaching safepoint: 521200 ns, At safepoint: 50600 ns, Total: 571800 ns
[2022-12-28T20:31:39.863+0000][8][safepoint   ] Safepoint "Cleanup", Time since last: 73016272100 ns, Reaching safepoint: 172700 ns, At safepoint: 4800 ns, Total: 177500 ns
[2022-12-28T20:31:46.866+0000][8][safepoint   ] Safepoint "Cleanup", Time since last: 7002108500 ns, Reaching safepoint: 526300 ns, At safepoint: 44800 ns, Total: 571100 ns
[2022-12-28T20:32:39.873+0000][8][safepoint   ] Safepoint "Cleanup", Time since last: 53006623700 ns, Reaching safepoint: 211700 ns, At safepoint: 16100 ns, Total: 227800 ns
[2022-12-28T20:32:43.874+0000][8][safepoint   ] Safepoint "Cleanup", Time since last: 4000656300 ns, Reaching safepoint: 159000 ns, At safepoint: 15600 ns, Total: 174600 ns
[2022-12-28T20:33:39.884+0000][8][safepoint   ] Safepoint "Cleanup", Time since last: 56009626800 ns, Reaching safepoint: 608300 ns, At safepoint: 57000 ns, Total: 665300 ns
[2022-12-28T20:33:48.887+0000][8][safepoint   ] Safepoint "Cleanup", Time since last: 9002780900 ns, Reaching safepoint: 540600 ns, At safepoint: 55000 ns, Total: 595600 ns
[2022-12-28T20:34:11.893+0000][8][safepoint   ] Safepoint "Cleanup", Time since last: 23005149900 ns, Reaching safepoint: 189500 ns, At safepoint: 17800 ns, Total: 207300 ns
[2022-12-28T20:34:18.895+0000][8][safepoint   ] Safepoint "Cleanup", Time since last: 7001391600 ns, Reaching safepoint: 697700 ns, At safepoint: 67000 ns, Total: 764700 ns
[2022-12-28T20:36:09.913+0000][8][safepoint   ] Safepoint "Cleanup", Time since last: 111017857100 ns, Reaching safepoint: 318400 ns, At safepoint: 31300 ns, Total: 349700 ns
[2022-12-28T20:37:09.927+0000][8][safepoint   ] Safepoint "Cleanup", Time since last: 60013111000 ns, Reaching safepoint: 224500 ns, At safepoint: 50500 ns, Total: 275000 ns
[2022-12-28T20:37:17.928+0000][8][safepoint   ] Safepoint "Cleanup", Time since last: 8001085500 ns, Reaching safepoint: 162600 ns, At safepoint: 14900 ns, Total: 177500 ns
[2022-12-28T20:37:39.932+0000][8][safepoint   ] Safepoint "Cleanup", Time since last: 22003166000 ns, Reaching safepoint: 615800 ns, At safepoint: 62900 ns, Total: 678700 ns
[2022-12-28T20:38:24.940+0000][8][safepoint   ] Safepoint "Cleanup", Time since last: 45007703700 ns, Reaching safepoint: 517400 ns, At safepoint: 51500 ns, Total: 568900 ns
[2022-12-28T20:39:39.958+0000][8][safepoint   ] Safepoint "Cleanup", Time since last: 75017664500 ns, Reaching safepoint: 247300 ns, At safepoint: 20200 ns, Total: 267500 ns
[2022-12-28T20:40:39.970+0000][8][safepoint   ] Safepoint "Cleanup", Time since last: 60012350800 ns, Reaching safepoint: 165800 ns, At safepoint: 15500 ns, Total: 181300 ns
[2022-12-28T20:41:09.976+0000][8][safepoint   ] Safepoint "Cleanup", Time since last: 30005164500 ns, Reaching safepoint: 165300 ns, At safepoint: 15300 ns, Total: 180600 ns
[2022-12-28T20:41:39.979+0000][8][safepoint   ] Safepoint "Cleanup", Time since last: 30002925200 ns, Reaching safepoint: 208300 ns, At safepoint: 18900 ns, Total: 227200 ns
[2022-12-28T20:42:39.988+0000][8][safepoint   ] Safepoint "Cleanup", Time since last: 60008537900 ns, Reaching safepoint: 472300 ns, At safepoint: 36000 ns, Total: 508300 ns
[2022-12-28T20:43:09.993+0000][8][safepoint   ] Safepoint "Cleanup", Time since last: 30004682500 ns, Reaching safepoint: 171700 ns, At safepoint: 14800 ns, Total: 186500 ns
[2022-12-28T20:44:40.007+0000][8][safepoint   ] Safepoint "Cleanup", Time since last: 90013397300 ns, Reaching safepoint: 604000 ns, At safepoint: 61900 ns, Total: 665900 ns
[2022-12-28T20:44:52.011+0000][8][safepoint   ] Safepoint "Cleanup", Time since last: 12003292000 ns, Reaching safepoint: 771400 ns, At safepoint: 81000 ns, Total: 852400 ns
[2022-12-28T20:45:10.016+0000][8][safepoint   ] Safepoint "Cleanup", Time since last: 18004336200 ns, Reaching safepoint: 345000 ns, At safepoint: 35700 ns, Total: 380700 ns
[2022-12-28T20:45:40.021+0000][8][safepoint   ] Safepoint "Cleanup", Time since last: 30005231600 ns, Reaching safepoint: 158700 ns, At safepoint: 15000 ns, Total: 173700 ns
[2022-12-28T20:46:09.027+0000][8][safepoint   ] Safepoint "Cleanup", Time since last: 29005549900 ns, Reaching safepoint: 390600 ns, At safepoint: 38500 ns, Total: 429100 ns
[2022-12-28T20:46:39.035+0000][8][safepoint   ] Safepoint "Cleanup", Time since last: 30007524400 ns, Reaching safepoint: 265000 ns, At safepoint: 20000 ns, Total: 285000 ns
[2022-12-28T20:46:46.037+0000][8][safepoint   ] Safepoint "Cleanup", Time since last: 7001481700 ns, Reaching safepoint: 165300 ns, At safepoint: 14500 ns, Total: 179800 ns
[2022-12-28T20:46:55.038+0000][8][safepoint   ] Safepoint "Cleanup", Time since last: 9001683100 ns, Reaching safepoint: 177700 ns, At safepoint: 16000 ns, Total: 193700 ns
[2022-12-28T20:48:41.058+0000][8][safepoint   ] Safepoint "Cleanup", Time since last: 106019485000 ns, Reaching safepoint: 192500 ns, At safepoint: 16000 ns, Total: 208500 ns
[2022-12-28T20:49:45.280+0000][8][safepoint   ] Safepoint "Cleanup", Time since last: 64221298100 ns, Reaching safepoint: 229000 ns, At safepoint: 67500 ns, Total: 296500 ns
[2022-12-28T20:49:45.285+0000][8][gc,heap,exit] Heap
[2022-12-28T20:49:45.285+0000][8][gc,heap,exit]  garbage-first heap   total 524288K, used 154585K [0x00000000e0000000, 0x0000000100000000)
[2022-12-28T20:49:45.285+0000][8][gc,heap,exit]   region size 4096K, 23 young (94208K), 6 survivors (24576K)
[2022-12-28T20:49:45.286+0000][8][gc,heap,exit]  Metaspace       used 90314K, capacity 93650K, committed 94412K, reserved 1130496K
[2022-12-28T20:49:45.286+0000][8][gc,heap,exit]   class space    used 12177K, capacity 13212K, committed 13260K, reserved 1048576K
