[2022-12-20T19:24:05.856+0000][8][gc] Using G1
[2022-12-20T19:24:05.997+0000][8][gc,init] Version: 15.0.1+9 (release)
[2022-12-20T19:24:05.998+0000][8][gc,init] CPUs: 12 total, 12 available
[2022-12-20T19:24:05.998+0000][8][gc,init] Memory: 12647M
[2022-12-20T19:24:05.998+0000][8][gc,init] Large Page Support: Disabled
[2022-12-20T19:24:05.999+0000][8][gc,init] NUMA Support: Disabled
[2022-12-20T19:24:05.999+0000][8][gc,init] Compressed Oops: Enabled (32-bit)
[2022-12-20T19:24:05.999+0000][8][gc,init] Heap Region Size: 4M
[2022-12-20T19:24:05.999+0000][8][gc,init] Heap Min Capacity: 512M
[2022-12-20T19:24:06.000+0000][8][gc,init] Heap Initial Capacity: 512M
[2022-12-20T19:24:06.000+0000][8][gc,init] Heap Max Capacity: 512M
[2022-12-20T19:24:06.000+0000][8][gc,init] Pre-touch: Enabled
[2022-12-20T19:24:06.000+0000][8][gc,init] Parallel Workers: 10
[2022-12-20T19:24:06.000+0000][8][gc,init] Concurrent Workers: 3
[2022-12-20T19:24:06.000+0000][8][gc,init] Concurrent Refinement Workers: 10
[2022-12-20T19:24:06.001+0000][8][gc,init] Periodic GC: Disabled
[2022-12-20T19:24:06.001+0000][8][gc,cds ] Mark closed archive regions in map: [0x00000000ffc00000, 0x00000000ffc7bff8]
[2022-12-20T19:24:06.001+0000][8][gc,cds ] Mark open archive regions in map: [0x00000000ffb00000, 0x00000000ffb51ff8]
[2022-12-20T19:24:06.001+0000][8][gc,metaspace] CDS archive(s) mapped at: [0x0000000800000000-0x0000000800b2a000-0x0000000800b2a000), size 11706368, SharedBaseAddress: 0x0000000800000000, ArchiveRelocationMode: 0.
[2022-12-20T19:24:06.001+0000][8][gc,metaspace] Compressed class space mapped at: 0x0000000800b2c000-0x0000000840b2c000, size: 1073741824
[2022-12-20T19:24:06.001+0000][8][gc,metaspace] Narrow klass base: 0x0000000800000000, Narrow klass shift: 3, Narrow klass range: 0x100000000
[2022-12-20T19:24:06.364+0000][8][safepoint   ] Safepoint "ICBufferFull", Time since last: 352419600 ns, Reaching safepoint: 187300 ns, At safepoint: 20200 ns, Total: 207500 ns
[2022-12-20T19:24:06.595+0000][8][gc,start    ] GC(0) Pause Young (Normal) (G1 Evacuation Pause)
[2022-12-20T19:24:06.596+0000][8][gc,task     ] GC(0) Using 10 workers of 10 for evacuation
[2022-12-20T19:24:06.597+0000][8][gc,age      ] GC(0) Desired survivor size 2097152 bytes, new threshold 15 (max threshold 15)
[2022-12-20T19:24:06.599+0000][8][gc,age      ] GC(0) Age table with threshold 15 (max threshold 15)
[2022-12-20T19:24:06.599+0000][8][gc,age      ] GC(0) - age   1:    4170600 bytes,    4170600 total
[2022-12-20T19:24:06.599+0000][8][gc,phases   ] GC(0)   Pre Evacuate Collection Set: 0.1ms
[2022-12-20T19:24:06.599+0000][8][gc,phases   ] GC(0)   Merge Heap Roots: 0.1ms
[2022-12-20T19:24:06.600+0000][8][gc,phases   ] GC(0)   Evacuate Collection Set: 1.5ms
[2022-12-20T19:24:06.600+0000][8][gc,phases   ] GC(0)   Post Evacuate Collection Set: 0.6ms
[2022-12-20T19:24:06.600+0000][8][gc,phases   ] GC(0)   Other: 1.7ms
[2022-12-20T19:24:06.600+0000][8][gc,heap     ] GC(0) Eden regions: 6->0(6)
[2022-12-20T19:24:06.600+0000][8][gc,heap     ] GC(0) Survivor regions: 0->1(1)
[2022-12-20T19:24:06.600+0000][8][gc,heap     ] GC(0) Old regions: 0->1
[2022-12-20T19:24:06.600+0000][8][gc,heap     ] GC(0) Archive regions: 2->2
[2022-12-20T19:24:06.600+0000][8][gc,heap     ] GC(0) Humongous regions: 0->0
[2022-12-20T19:24:06.601+0000][8][gc,metaspace] GC(0) Metaspace: 8409K(9344K)->8409K(9344K) NonClass: 7460K(8192K)->7460K(8192K) Class: 948K(1152K)->948K(1152K)
[2022-12-20T19:24:06.601+0000][8][gc          ] GC(0) Pause Young (Normal) (G1 Evacuation Pause) 27M->7M(512M) 5.405ms
[2022-12-20T19:24:06.601+0000][8][gc,cpu      ] GC(0) User=0.01s Sys=0.00s Real=0.00s
[2022-12-20T19:24:06.601+0000][8][safepoint   ] Safepoint "G1CollectForAllocation", Time since last: 231623600 ns, Reaching safepoint: 118100 ns, At safepoint: 5751300 ns, Total: 5869400 ns
[2022-12-20T19:24:07.170+0000][8][gc,start    ] GC(1) Pause Young (Normal) (G1 Evacuation Pause)
[2022-12-20T19:24:07.170+0000][8][gc,task     ] GC(1) Using 10 workers of 10 for evacuation
[2022-12-20T19:24:07.170+0000][8][gc,age      ] GC(1) Desired survivor size 2097152 bytes, new threshold 1 (max threshold 15)
[2022-12-20T19:24:07.174+0000][8][gc,age      ] GC(1) Age table with threshold 1 (max threshold 15)
[2022-12-20T19:24:07.174+0000][8][gc,age      ] GC(1) - age   1:    2054528 bytes,    2054528 total
[2022-12-20T19:24:07.175+0000][8][gc,phases   ] GC(1)   Pre Evacuate Collection Set: 0.2ms
[2022-12-20T19:24:07.175+0000][8][gc,phases   ] GC(1)   Merge Heap Roots: 0.2ms
[2022-12-20T19:24:07.175+0000][8][gc,phases   ] GC(1)   Evacuate Collection Set: 2.0ms
[2022-12-20T19:24:07.175+0000][8][gc,phases   ] GC(1)   Post Evacuate Collection Set: 0.9ms
[2022-12-20T19:24:07.175+0000][8][gc,phases   ] GC(1)   Other: 1.6ms
[2022-12-20T19:24:07.176+0000][8][gc,heap     ] GC(1) Eden regions: 6->0(13)
[2022-12-20T19:24:07.176+0000][8][gc,heap     ] GC(1) Survivor regions: 1->1(1)
[2022-12-20T19:24:07.176+0000][8][gc,heap     ] GC(1) Old regions: 1->2
[2022-12-20T19:24:07.176+0000][8][gc,heap     ] GC(1) Archive regions: 2->2
[2022-12-20T19:24:07.176+0000][8][gc,heap     ] GC(1) Humongous regions: 0->0
[2022-12-20T19:24:07.177+0000][8][gc,metaspace] GC(1) Metaspace: 12909K(13184K)->12909K(13184K) NonClass: 11390K(11520K)->11390K(11520K) Class: 1518K(1664K)->1518K(1664K)
[2022-12-20T19:24:07.177+0000][8][gc          ] GC(1) Pause Young (Normal) (G1 Evacuation Pause) 31M->10M(512M) 7.004ms
[2022-12-20T19:24:07.177+0000][8][gc,cpu      ] GC(1) User=0.02s Sys=0.00s Real=0.01s
[2022-12-20T19:24:07.177+0000][8][safepoint   ] Safepoint "G1CollectForAllocation", Time since last: 568493300 ns, Reaching safepoint: 158500 ns, At safepoint: 7350200 ns, Total: 7508700 ns
[2022-12-20T19:24:07.778+0000][8][safepoint   ] Safepoint "ICBufferFull", Time since last: 600884000 ns, Reaching safepoint: 300800 ns, At safepoint: 41000 ns, Total: 341800 ns
[2022-12-20T19:24:07.834+0000][8][gc,start    ] GC(2) Pause Young (Normal) (G1 Evacuation Pause)
[2022-12-20T19:24:07.834+0000][8][gc,task     ] GC(2) Using 10 workers of 10 for evacuation
[2022-12-20T19:24:07.834+0000][8][gc,age      ] GC(2) Desired survivor size 4194304 bytes, new threshold 15 (max threshold 15)
[2022-12-20T19:24:07.837+0000][8][gc,age      ] GC(2) Age table with threshold 15 (max threshold 15)
[2022-12-20T19:24:07.837+0000][8][gc,age      ] GC(2) - age   1:    1202224 bytes,    1202224 total
[2022-12-20T19:24:07.837+0000][8][gc,age      ] GC(2) - age   2:    2033232 bytes,    3235456 total
[2022-12-20T19:24:07.838+0000][8][gc,phases   ] GC(2)   Pre Evacuate Collection Set: 0.1ms
[2022-12-20T19:24:07.838+0000][8][gc,phases   ] GC(2)   Merge Heap Roots: 0.1ms
[2022-12-20T19:24:07.838+0000][8][gc,phases   ] GC(2)   Evacuate Collection Set: 1.7ms
[2022-12-20T19:24:07.838+0000][8][gc,phases   ] GC(2)   Post Evacuate Collection Set: 1.0ms
[2022-12-20T19:24:07.838+0000][8][gc,phases   ] GC(2)   Other: 1.0ms
[2022-12-20T19:24:07.838+0000][8][gc,heap     ] GC(2) Eden regions: 13->0(72)
[2022-12-20T19:24:07.838+0000][8][gc,heap     ] GC(2) Survivor regions: 1->1(2)
[2022-12-20T19:24:07.838+0000][8][gc,heap     ] GC(2) Old regions: 2->2
[2022-12-20T19:24:07.839+0000][8][gc,heap     ] GC(2) Archive regions: 2->2
[2022-12-20T19:24:07.839+0000][8][gc,heap     ] GC(2) Humongous regions: 0->0
[2022-12-20T19:24:07.839+0000][8][gc,metaspace] GC(2) Metaspace: 14922K(15488K)->14922K(15488K) NonClass: 13214K(13568K)->13214K(13568K) Class: 1707K(1920K)->1707K(1920K)
[2022-12-20T19:24:07.839+0000][8][gc          ] GC(2) Pause Young (Normal) (G1 Evacuation Pause) 62M->11M(512M) 5.285ms
[2022-12-20T19:24:07.839+0000][8][gc,cpu      ] GC(2) User=0.02s Sys=0.00s Real=0.00s
[2022-12-20T19:24:07.839+0000][8][safepoint   ] Safepoint "G1CollectForAllocation", Time since last: 55182800 ns, Reaching safepoint: 167800 ns, At safepoint: 5711000 ns, Total: 5878800 ns
[2022-12-20T19:24:07.905+0000][8][safepoint   ] Safepoint "ICBufferFull", Time since last: 65473500 ns, Reaching safepoint: 193600 ns, At safepoint: 15300 ns, Total: 208900 ns
[2022-12-20T19:24:07.909+0000][8][safepoint   ] Safepoint "ICBufferFull", Time since last: 3489000 ns, Reaching safepoint: 231300 ns, At safepoint: 17600 ns, Total: 248900 ns
[2022-12-20T19:24:07.912+0000][8][safepoint   ] Safepoint "ICBufferFull", Time since last: 3401200 ns, Reaching safepoint: 147500 ns, At safepoint: 33900 ns, Total: 181400 ns
[2022-12-20T19:24:07.915+0000][8][safepoint   ] Safepoint "ICBufferFull", Time since last: 2288400 ns, Reaching safepoint: 171200 ns, At safepoint: 14500 ns, Total: 185700 ns
[2022-12-20T19:24:07.918+0000][8][safepoint   ] Safepoint "ICBufferFull", Time since last: 2786100 ns, Reaching safepoint: 193800 ns, At safepoint: 14500 ns, Total: 208300 ns
[2022-12-20T19:24:07.920+0000][8][safepoint   ] Safepoint "ICBufferFull", Time since last: 2022600 ns, Reaching safepoint: 158200 ns, At safepoint: 14900 ns, Total: 173100 ns
[2022-12-20T19:24:07.922+0000][8][safepoint   ] Safepoint "ICBufferFull", Time since last: 1770100 ns, Reaching safepoint: 161900 ns, At safepoint: 6000 ns, Total: 167900 ns
[2022-12-20T19:24:07.924+0000][8][safepoint   ] Safepoint "ICBufferFull", Time since last: 2072300 ns, Reaching safepoint: 139100 ns, At safepoint: 14400 ns, Total: 153500 ns
[2022-12-20T19:24:07.927+0000][8][safepoint   ] Safepoint "ICBufferFull", Time since last: 2386900 ns, Reaching safepoint: 195400 ns, At safepoint: 21100 ns, Total: 216500 ns
[2022-12-20T19:24:07.930+0000][8][safepoint   ] Safepoint "ICBufferFull", Time since last: 3024300 ns, Reaching safepoint: 173200 ns, At safepoint: 15500 ns, Total: 188700 ns
[2022-12-20T19:24:07.932+0000][8][safepoint   ] Safepoint "ICBufferFull", Time since last: 2113300 ns, Reaching safepoint: 147800 ns, At safepoint: 13900 ns, Total: 161700 ns
[2022-12-20T19:24:07.935+0000][8][safepoint   ] Safepoint "ICBufferFull", Time since last: 2691000 ns, Reaching safepoint: 211000 ns, At safepoint: 16000 ns, Total: 227000 ns
[2022-12-20T19:24:07.938+0000][8][safepoint   ] Safepoint "ICBufferFull", Time since last: 2888800 ns, Reaching safepoint: 182500 ns, At safepoint: 15800 ns, Total: 198300 ns
[2022-12-20T19:24:07.941+0000][8][safepoint   ] Safepoint "ICBufferFull", Time since last: 2957100 ns, Reaching safepoint: 192400 ns, At safepoint: 15500 ns, Total: 207900 ns
[2022-12-20T19:24:07.944+0000][8][safepoint   ] Safepoint "ICBufferFull", Time since last: 2436900 ns, Reaching safepoint: 229300 ns, At safepoint: 32000 ns, Total: 261300 ns
[2022-12-20T19:24:07.946+0000][8][safepoint   ] Safepoint "ICBufferFull", Time since last: 2084200 ns, Reaching safepoint: 146900 ns, At safepoint: 14600 ns, Total: 161500 ns
[2022-12-20T19:24:07.949+0000][8][safepoint   ] Safepoint "ICBufferFull", Time since last: 2224100 ns, Reaching safepoint: 195300 ns, At safepoint: 47100 ns, Total: 242400 ns
[2022-12-20T19:24:07.952+0000][8][safepoint   ] Safepoint "ICBufferFull", Time since last: 3071400 ns, Reaching safepoint: 190900 ns, At safepoint: 45400 ns, Total: 236300 ns
[2022-12-20T19:24:07.956+0000][8][safepoint   ] Safepoint "ICBufferFull", Time since last: 3287700 ns, Reaching safepoint: 218400 ns, At safepoint: 36900 ns, Total: 255300 ns
[2022-12-20T19:24:07.957+0000][8][safepoint   ] Safepoint "ICBufferFull", Time since last: 1243800 ns, Reaching safepoint: 232000 ns, At safepoint: 19700 ns, Total: 251700 ns
[2022-12-20T19:24:07.958+0000][8][safepoint   ] Safepoint "ICBufferFull", Time since last: 820300 ns, Reaching safepoint: 205400 ns, At safepoint: 14800 ns, Total: 220200 ns
[2022-12-20T19:24:07.959+0000][8][safepoint   ] Safepoint "ICBufferFull", Time since last: 766300 ns, Reaching safepoint: 219200 ns, At safepoint: 14200 ns, Total: 233400 ns
[2022-12-20T19:24:07.960+0000][8][safepoint   ] Safepoint "ICBufferFull", Time since last: 735000 ns, Reaching safepoint: 182100 ns, At safepoint: 13800 ns, Total: 195900 ns
[2022-12-20T19:24:07.961+0000][8][safepoint   ] Safepoint "ICBufferFull", Time since last: 695500 ns, Reaching safepoint: 186500 ns, At safepoint: 13600 ns, Total: 200100 ns
[2022-12-20T19:24:07.962+0000][8][safepoint   ] Safepoint "ICBufferFull", Time since last: 751400 ns, Reaching safepoint: 137800 ns, At safepoint: 17200 ns, Total: 155000 ns
[2022-12-20T19:24:07.963+0000][8][safepoint   ] Safepoint "ICBufferFull", Time since last: 868900 ns, Reaching safepoint: 183400 ns, At safepoint: 14500 ns, Total: 197900 ns
[2022-12-20T19:24:07.964+0000][8][safepoint   ] Safepoint "ICBufferFull", Time since last: 851900 ns, Reaching safepoint: 163900 ns, At safepoint: 15100 ns, Total: 179000 ns
[2022-12-20T19:24:07.965+0000][8][safepoint   ] Safepoint "ICBufferFull", Time since last: 829600 ns, Reaching safepoint: 203300 ns, At safepoint: 14000 ns, Total: 217300 ns
[2022-12-20T19:24:07.966+0000][8][safepoint   ] Safepoint "ICBufferFull", Time since last: 689900 ns, Reaching safepoint: 219400 ns, At safepoint: 14000 ns, Total: 233400 ns
[2022-12-20T19:24:07.967+0000][8][safepoint   ] Safepoint "ICBufferFull", Time since last: 828800 ns, Reaching safepoint: 199700 ns, At safepoint: 14400 ns, Total: 214100 ns
[2022-12-20T19:24:07.968+0000][8][safepoint   ] Safepoint "ICBufferFull", Time since last: 732600 ns, Reaching safepoint: 205900 ns, At safepoint: 14500 ns, Total: 220400 ns
[2022-12-20T19:24:07.969+0000][8][safepoint   ] Safepoint "ICBufferFull", Time since last: 844200 ns, Reaching safepoint: 150800 ns, At safepoint: 25500 ns, Total: 176300 ns
[2022-12-20T19:24:07.970+0000][8][safepoint   ] Safepoint "ICBufferFull", Time since last: 888600 ns, Reaching safepoint: 126200 ns, At safepoint: 24800 ns, Total: 151000 ns
[2022-12-20T19:24:07.971+0000][8][safepoint   ] Safepoint "ICBufferFull", Time since last: 682400 ns, Reaching safepoint: 116600 ns, At safepoint: 23300 ns, Total: 139900 ns
[2022-12-20T19:24:07.972+0000][8][safepoint   ] Safepoint "ICBufferFull", Time since last: 841600 ns, Reaching safepoint: 143500 ns, At safepoint: 42500 ns, Total: 186000 ns
[2022-12-20T19:24:07.973+0000][8][safepoint   ] Safepoint "ICBufferFull", Time since last: 982200 ns, Reaching safepoint: 130700 ns, At safepoint: 25700 ns, Total: 156400 ns
[2022-12-20T19:24:07.977+0000][8][safepoint   ] Safepoint "ICBufferFull", Time since last: 3439300 ns, Reaching safepoint: 240300 ns, At safepoint: 32800 ns, Total: 273100 ns
[2022-12-20T19:24:07.980+0000][8][safepoint   ] Safepoint "ICBufferFull", Time since last: 3393700 ns, Reaching safepoint: 179200 ns, At safepoint: 14900 ns, Total: 194100 ns
[2022-12-20T19:24:07.982+0000][8][safepoint   ] Safepoint "ICBufferFull", Time since last: 1444600 ns, Reaching safepoint: 180500 ns, At safepoint: 44500 ns, Total: 225000 ns
[2022-12-20T19:24:08.006+0000][8][safepoint   ] Safepoint "ICBufferFull", Time since last: 23767300 ns, Reaching safepoint: 145000 ns, At safepoint: 25800 ns, Total: 170800 ns
[2022-12-20T19:24:08.007+0000][8][safepoint   ] Safepoint "ICBufferFull", Time since last: 1334500 ns, Reaching safepoint: 145200 ns, At safepoint: 24900 ns, Total: 170100 ns
[2022-12-20T19:24:08.009+0000][8][safepoint   ] Safepoint "ICBufferFull", Time since last: 960600 ns, Reaching safepoint: 128100 ns, At safepoint: 35200 ns, Total: 163300 ns
[2022-12-20T19:24:08.010+0000][8][safepoint   ] Safepoint "ICBufferFull", Time since last: 982400 ns, Reaching safepoint: 293000 ns, At safepoint: 51400 ns, Total: 344400 ns
[2022-12-20T19:24:08.011+0000][8][safepoint   ] Safepoint "ICBufferFull", Time since last: 911900 ns, Reaching safepoint: 142800 ns, At safepoint: 38300 ns, Total: 181100 ns
[2022-12-20T19:24:08.012+0000][8][safepoint   ] Safepoint "ICBufferFull", Time since last: 712600 ns, Reaching safepoint: 138600 ns, At safepoint: 23600 ns, Total: 162200 ns
[2022-12-20T19:24:08.013+0000][8][safepoint   ] Safepoint "ICBufferFull", Time since last: 741800 ns, Reaching safepoint: 136100 ns, At safepoint: 24800 ns, Total: 160900 ns
[2022-12-20T19:24:08.014+0000][8][safepoint   ] Safepoint "ICBufferFull", Time since last: 999600 ns, Reaching safepoint: 211200 ns, At safepoint: 14200 ns, Total: 225400 ns
[2022-12-20T19:24:08.015+0000][8][safepoint   ] Safepoint "ICBufferFull", Time since last: 1152500 ns, Reaching safepoint: 185400 ns, At safepoint: 13800 ns, Total: 199200 ns
[2022-12-20T19:24:08.016+0000][8][safepoint   ] Safepoint "ICBufferFull", Time since last: 806400 ns, Reaching safepoint: 188600 ns, At safepoint: 14200 ns, Total: 202800 ns
[2022-12-20T19:24:08.017+0000][8][safepoint   ] Safepoint "ICBufferFull", Time since last: 766300 ns, Reaching safepoint: 180100 ns, At safepoint: 13700 ns, Total: 193800 ns
[2022-12-20T19:24:08.018+0000][8][safepoint   ] Safepoint "ICBufferFull", Time since last: 820400 ns, Reaching safepoint: 144800 ns, At safepoint: 13600 ns, Total: 158400 ns
[2022-12-20T19:24:08.019+0000][8][safepoint   ] Safepoint "ICBufferFull", Time since last: 849900 ns, Reaching safepoint: 160400 ns, At safepoint: 16100 ns, Total: 176500 ns
[2022-12-20T19:24:08.020+0000][8][safepoint   ] Safepoint "ICBufferFull", Time since last: 849300 ns, Reaching safepoint: 158800 ns, At safepoint: 18400 ns, Total: 177200 ns
[2022-12-20T19:24:08.021+0000][8][safepoint   ] Safepoint "ICBufferFull", Time since last: 866800 ns, Reaching safepoint: 147100 ns, At safepoint: 14100 ns, Total: 161200 ns
[2022-12-20T19:24:08.022+0000][8][safepoint   ] Safepoint "ICBufferFull", Time since last: 846400 ns, Reaching safepoint: 147500 ns, At safepoint: 14100 ns, Total: 161600 ns
[2022-12-20T19:24:08.023+0000][8][safepoint   ] Safepoint "ICBufferFull", Time since last: 769900 ns, Reaching safepoint: 192700 ns, At safepoint: 14100 ns, Total: 206800 ns
[2022-12-20T19:24:08.024+0000][8][safepoint   ] Safepoint "ICBufferFull", Time since last: 868800 ns, Reaching safepoint: 183900 ns, At safepoint: 14000 ns, Total: 197900 ns
[2022-12-20T19:24:08.026+0000][8][safepoint   ] Safepoint "ICBufferFull", Time since last: 1390700 ns, Reaching safepoint: 142100 ns, At safepoint: 45600 ns, Total: 187700 ns
[2022-12-20T19:24:08.027+0000][8][safepoint   ] Safepoint "ICBufferFull", Time since last: 917200 ns, Reaching safepoint: 287600 ns, At safepoint: 19700 ns, Total: 307300 ns
[2022-12-20T19:24:08.139+0000][8][safepoint   ] Safepoint "ICBufferFull", Time since last: 111939400 ns, Reaching safepoint: 150900 ns, At safepoint: 16500 ns, Total: 167400 ns
[2022-12-20T19:24:08.387+0000][8][gc,start    ] GC(3) Pause Young (Normal) (G1 Evacuation Pause)
[2022-12-20T19:24:08.387+0000][8][gc,task     ] GC(3) Using 10 workers of 10 for evacuation
[2022-12-20T19:24:08.387+0000][8][gc,age      ] GC(3) Desired survivor size 20971520 bytes, new threshold 15 (max threshold 15)
[2022-12-20T19:24:08.393+0000][8][gc,age      ] GC(3) Age table with threshold 15 (max threshold 15)
[2022-12-20T19:24:08.393+0000][8][gc,age      ] GC(3) - age   1:    7053008 bytes,    7053008 total
[2022-12-20T19:24:08.393+0000][8][gc,age      ] GC(3) - age   2:    1181728 bytes,    8234736 total
[2022-12-20T19:24:08.394+0000][8][gc,age      ] GC(3) - age   3:    2018952 bytes,   10253688 total
[2022-12-20T19:24:08.394+0000][8][gc,phases   ] GC(3)   Pre Evacuate Collection Set: 0.3ms
[2022-12-20T19:24:08.394+0000][8][gc,phases   ] GC(3)   Merge Heap Roots: 0.3ms
[2022-12-20T19:24:08.394+0000][8][gc,phases   ] GC(3)   Evacuate Collection Set: 3.3ms
[2022-12-20T19:24:08.395+0000][8][gc,phases   ] GC(3)   Post Evacuate Collection Set: 1.1ms
[2022-12-20T19:24:08.395+0000][8][gc,phases   ] GC(3)   Other: 2.0ms
[2022-12-20T19:24:08.395+0000][8][gc,heap     ] GC(3) Eden regions: 72->0(73)
[2022-12-20T19:24:08.395+0000][8][gc,heap     ] GC(3) Survivor regions: 1->3(10)
[2022-12-20T19:24:08.396+0000][8][gc,heap     ] GC(3) Old regions: 2->2
[2022-12-20T19:24:08.396+0000][8][gc,heap     ] GC(3) Archive regions: 2->2
[2022-12-20T19:24:08.396+0000][8][gc,heap     ] GC(3) Humongous regions: 0->0
[2022-12-20T19:24:08.397+0000][8][gc,metaspace] GC(3) Metaspace: 18436K(19072K)->18436K(19072K) NonClass: 16231K(16640K)->16231K(16640K) Class: 2205K(2432K)->2205K(2432K)
[2022-12-20T19:24:08.397+0000][8][gc          ] GC(3) Pause Young (Normal) (G1 Evacuation Pause) 299M->17M(512M) 10.032ms
[2022-12-20T19:24:08.397+0000][8][gc,cpu      ] GC(3) User=0.07s Sys=0.00s Real=0.01s
[2022-12-20T19:24:08.398+0000][8][safepoint   ] Safepoint "G1CollectForAllocation", Time since last: 247146500 ns, Reaching safepoint: 308000 ns, At safepoint: 10720700 ns, Total: 11028700 ns
[2022-12-20T19:24:08.705+0000][8][gc,start    ] GC(4) Pause Young (Normal) (G1 Evacuation Pause)
[2022-12-20T19:24:08.706+0000][8][gc,task     ] GC(4) Using 10 workers of 10 for evacuation
[2022-12-20T19:24:08.706+0000][8][gc,age      ] GC(4) Desired survivor size 20971520 bytes, new threshold 15 (max threshold 15)
[2022-12-20T19:24:08.710+0000][8][gc,age      ] GC(4) Age table with threshold 15 (max threshold 15)
[2022-12-20T19:24:08.710+0000][8][gc,age      ] GC(4) - age   1:    3625888 bytes,    3625888 total
[2022-12-20T19:24:08.710+0000][8][gc,age      ] GC(4) - age   2:    4617576 bytes,    8243464 total
[2022-12-20T19:24:08.711+0000][8][gc,age      ] GC(4) - age   3:    1181728 bytes,    9425192 total
[2022-12-20T19:24:08.711+0000][8][gc,age      ] GC(4) - age   4:    2018952 bytes,   11444144 total
[2022-12-20T19:24:08.711+0000][8][gc,phases   ] GC(4)   Pre Evacuate Collection Set: 0.1ms
[2022-12-20T19:24:08.711+0000][8][gc,phases   ] GC(4)   Merge Heap Roots: 0.1ms
[2022-12-20T19:24:08.711+0000][8][gc,phases   ] GC(4)   Evacuate Collection Set: 2.8ms
[2022-12-20T19:24:08.712+0000][8][gc,phases   ] GC(4)   Post Evacuate Collection Set: 0.9ms
[2022-12-20T19:24:08.712+0000][8][gc,phases   ] GC(4)   Other: 1.7ms
[2022-12-20T19:24:08.712+0000][8][gc,heap     ] GC(4) Eden regions: 73->0(73)
[2022-12-20T19:24:08.712+0000][8][gc,heap     ] GC(4) Survivor regions: 3->3(10)
[2022-12-20T19:24:08.712+0000][8][gc,heap     ] GC(4) Old regions: 2->2
[2022-12-20T19:24:08.712+0000][8][gc,heap     ] GC(4) Archive regions: 2->2
[2022-12-20T19:24:08.713+0000][8][gc,heap     ] GC(4) Humongous regions: 0->0
[2022-12-20T19:24:08.713+0000][8][gc,metaspace] GC(4) Metaspace: 19200K(20224K)->19200K(20224K) NonClass: 16888K(17664K)->16888K(17664K) Class: 2312K(2560K)->2312K(2560K)
[2022-12-20T19:24:08.713+0000][8][gc          ] GC(4) Pause Young (Normal) (G1 Evacuation Pause) 309M->19M(512M) 7.417ms
[2022-12-20T19:24:08.713+0000][8][gc,cpu      ] GC(4) User=0.05s Sys=0.00s Real=0.01s
[2022-12-20T19:24:08.713+0000][8][safepoint   ] Safepoint "G1CollectForAllocation", Time since last: 307708300 ns, Reaching safepoint: 165600 ns, At safepoint: 7695400 ns, Total: 7861000 ns
[2022-12-20T19:24:08.969+0000][8][gc,start    ] GC(5) Pause Young (Normal) (G1 Evacuation Pause)
[2022-12-20T19:24:08.970+0000][8][gc,task     ] GC(5) Using 10 workers of 10 for evacuation
[2022-12-20T19:24:08.970+0000][8][gc,age      ] GC(5) Desired survivor size 20971520 bytes, new threshold 15 (max threshold 15)
[2022-12-20T19:24:08.975+0000][8][gc,age      ] GC(5) Age table with threshold 15 (max threshold 15)
[2022-12-20T19:24:08.975+0000][8][gc,age      ] GC(5) - age   1:    1423480 bytes,    1423480 total
[2022-12-20T19:24:08.976+0000][8][gc,age      ] GC(5) - age   2:    2788016 bytes,    4211496 total
[2022-12-20T19:24:08.976+0000][8][gc,age      ] GC(5) - age   3:    4613688 bytes,    8825184 total
[2022-12-20T19:24:08.977+0000][8][gc,age      ] GC(5) - age   4:    1181728 bytes,   10006912 total
[2022-12-20T19:24:08.977+0000][8][gc,age      ] GC(5) - age   5:    2018952 bytes,   12025864 total
[2022-12-20T19:24:08.977+0000][8][gc,phases   ] GC(5)   Pre Evacuate Collection Set: 0.2ms
[2022-12-20T19:24:08.978+0000][8][gc,phases   ] GC(5)   Merge Heap Roots: 0.2ms
[2022-12-20T19:24:08.978+0000][8][gc,phases   ] GC(5)   Evacuate Collection Set: 3.4ms
[2022-12-20T19:24:08.978+0000][8][gc,phases   ] GC(5)   Post Evacuate Collection Set: 1.1ms
[2022-12-20T19:24:08.979+0000][8][gc,phases   ] GC(5)   Other: 3.3ms
[2022-12-20T19:24:08.979+0000][8][gc,heap     ] GC(5) Eden regions: 73->0(72)
[2022-12-20T19:24:08.979+0000][8][gc,heap     ] GC(5) Survivor regions: 3->4(10)
[2022-12-20T19:24:08.980+0000][8][gc,heap     ] GC(5) Old regions: 2->2
[2022-12-20T19:24:08.980+0000][8][gc,heap     ] GC(5) Archive regions: 2->2
[2022-12-20T19:24:08.980+0000][8][gc,heap     ] GC(5) Humongous regions: 0->0
[2022-12-20T19:24:08.980+0000][8][gc,metaspace] GC(5) Metaspace: 19588K(20864K)->19588K(20864K) NonClass: 17204K(18176K)->17204K(18176K) Class: 2384K(2688K)->2384K(2688K)
[2022-12-20T19:24:08.981+0000][8][gc          ] GC(5) Pause Young (Normal) (G1 Evacuation Pause) 311M->20M(512M) 11.697ms
[2022-12-20T19:24:08.981+0000][8][gc,cpu      ] GC(5) User=0.07s Sys=0.00s Real=0.01s
[2022-12-20T19:24:08.982+0000][8][safepoint   ] Safepoint "G1CollectForAllocation", Time since last: 255798100 ns, Reaching safepoint: 200000 ns, At safepoint: 12462500 ns, Total: 12662500 ns
[2022-12-20T19:24:09.188+0000][8][gc,start    ] GC(6) Pause Young (Concurrent Start) (Metadata GC Threshold)
[2022-12-20T19:24:09.188+0000][8][gc,task     ] GC(6) Using 10 workers of 10 for evacuation
[2022-12-20T19:24:09.189+0000][8][gc,age      ] GC(6) Desired survivor size 20971520 bytes, new threshold 15 (max threshold 15)
[2022-12-20T19:24:09.194+0000][8][gc,age      ] GC(6) Age table with threshold 15 (max threshold 15)
[2022-12-20T19:24:09.195+0000][8][gc,age      ] GC(6) - age   1:    2004208 bytes,    2004208 total
[2022-12-20T19:24:09.195+0000][8][gc,age      ] GC(6) - age   2:     559696 bytes,    2563904 total
[2022-12-20T19:24:09.195+0000][8][gc,age      ] GC(6) - age   3:    2786240 bytes,    5350144 total
[2022-12-20T19:24:09.196+0000][8][gc,age      ] GC(6) - age   4:    4613168 bytes,    9963312 total
[2022-12-20T19:24:09.196+0000][8][gc,age      ] GC(6) - age   5:    1181552 bytes,   11144864 total
[2022-12-20T19:24:09.196+0000][8][gc,age      ] GC(6) - age   6:    2018952 bytes,   13163816 total
[2022-12-20T19:24:09.197+0000][8][gc,phases   ] GC(6)   Pre Evacuate Collection Set: 0.3ms
[2022-12-20T19:24:09.197+0000][8][gc,phases   ] GC(6)   Merge Heap Roots: 0.3ms
[2022-12-20T19:24:09.198+0000][8][gc,phases   ] GC(6)   Evacuate Collection Set: 3.2ms
[2022-12-20T19:24:09.198+0000][8][gc,phases   ] GC(6)   Post Evacuate Collection Set: 1.1ms
[2022-12-20T19:24:09.198+0000][8][gc,phases   ] GC(6)   Other: 3.8ms
[2022-12-20T19:24:09.199+0000][8][gc,heap     ] GC(6) Eden regions: 62->0(72)
[2022-12-20T19:24:09.199+0000][8][gc,heap     ] GC(6) Survivor regions: 4->4(10)
[2022-12-20T19:24:09.199+0000][8][gc,heap     ] GC(6) Old regions: 2->2
[2022-12-20T19:24:09.200+0000][8][gc,heap     ] GC(6) Archive regions: 2->2
[2022-12-20T19:24:09.200+0000][8][gc,heap     ] GC(6) Humongous regions: 0->0
[2022-12-20T19:24:09.200+0000][8][gc,metaspace] GC(6) Metaspace: 19966K(21248K)->19966K(21248K) NonClass: 17518K(18432K)->17518K(18432K) Class: 2447K(2816K)->2447K(2816K)
[2022-12-20T19:24:09.201+0000][8][gc          ] GC(6) Pause Young (Concurrent Start) (Metadata GC Threshold) 268M->21M(512M) 12.678ms
[2022-12-20T19:24:09.201+0000][8][gc,cpu      ] GC(6) User=0.05s Sys=0.00s Real=0.01s
[2022-12-20T19:24:09.201+0000][8][gc          ] GC(7) Concurrent Cycle
[2022-12-20T19:24:09.202+0000][8][gc,marking  ] GC(7) Concurrent Clear Claimed Marks
[2022-12-20T19:24:09.202+0000][8][gc,marking  ] GC(7) Concurrent Clear Claimed Marks 0.249ms
[2022-12-20T19:24:09.202+0000][8][gc,marking  ] GC(7) Concurrent Scan Root Regions
[2022-12-20T19:24:09.201+0000][8][safepoint   ] Safepoint "CollectForMetadataAllocation", Time since last: 206108000 ns, Reaching safepoint: 315600 ns, At safepoint: 13518800 ns, Total: 13834400 ns
[2022-12-20T19:24:09.204+0000][8][gc,marking  ] GC(7) Concurrent Scan Root Regions 2.090ms
[2022-12-20T19:24:09.205+0000][8][gc,marking  ] GC(7) Concurrent Mark (3.368s)
[2022-12-20T19:24:09.205+0000][8][gc,marking  ] GC(7) Concurrent Mark From Roots
[2022-12-20T19:24:09.205+0000][8][gc,task     ] GC(7) Using 3 workers of 3 for marking
[2022-12-20T19:24:09.208+0000][8][gc,marking  ] GC(7) Concurrent Mark From Roots 3.527ms
[2022-12-20T19:24:09.209+0000][8][gc,marking  ] GC(7) Concurrent Preclean
[2022-12-20T19:24:09.209+0000][8][gc,marking  ] GC(7) Concurrent Preclean 0.305ms
[2022-12-20T19:24:09.209+0000][8][gc,marking  ] GC(7) Concurrent Mark (3.368s, 3.373s) 4.652ms
[2022-12-20T19:24:09.210+0000][8][gc,start    ] GC(7) Pause Remark
[2022-12-20T19:24:09.212+0000][8][gc          ] GC(7) Pause Remark 29M->29M(512M) 1.831ms
[2022-12-20T19:24:09.212+0000][8][gc,cpu      ] GC(7) User=0.03s Sys=0.00s Real=0.01s
[2022-12-20T19:24:09.212+0000][8][safepoint   ] Safepoint "G1Concurrent", Time since last: 8042800 ns, Reaching safepoint: 356000 ns, At safepoint: 2383200 ns, Total: 2739200 ns
[2022-12-20T19:24:09.213+0000][8][gc,marking  ] GC(7) Concurrent Rebuild Remembered Sets
[2022-12-20T19:24:09.215+0000][8][gc,marking  ] GC(7) Concurrent Rebuild Remembered Sets 1.973ms
[2022-12-20T19:24:09.215+0000][8][gc,start    ] GC(7) Pause Cleanup
[2022-12-20T19:24:09.216+0000][8][gc          ] GC(7) Pause Cleanup 33M->33M(512M) 0.416ms
[2022-12-20T19:24:09.216+0000][8][gc,cpu      ] GC(7) User=0.00s Sys=0.00s Real=0.00s
[2022-12-20T19:24:09.216+0000][8][safepoint   ] Safepoint "G1Concurrent", Time since last: 2530500 ns, Reaching safepoint: 434100 ns, At safepoint: 840200 ns, Total: 1274300 ns
[2022-12-20T19:24:09.216+0000][8][gc,marking  ] GC(7) Concurrent Cleanup for Next Mark
[2022-12-20T19:24:09.217+0000][8][gc,marking  ] GC(7) Concurrent Cleanup for Next Mark 0.529ms
[2022-12-20T19:24:09.217+0000][8][gc          ] GC(7) Concurrent Cycle 15.752ms
[2022-12-20T19:24:09.425+0000][8][gc,start    ] GC(8) Pause Young (Normal) (G1 Evacuation Pause)
[2022-12-20T19:24:09.425+0000][8][gc,task     ] GC(8) Using 10 workers of 10 for evacuation
[2022-12-20T19:24:09.425+0000][8][gc,age      ] GC(8) Desired survivor size 20971520 bytes, new threshold 15 (max threshold 15)
[2022-12-20T19:24:09.430+0000][8][gc,age      ] GC(8) Age table with threshold 15 (max threshold 15)
[2022-12-20T19:24:09.431+0000][8][gc,age      ] GC(8) - age   1:    1664000 bytes,    1664000 total
[2022-12-20T19:24:09.431+0000][8][gc,age      ] GC(8) - age   2:    1981608 bytes,    3645608 total
[2022-12-20T19:24:09.432+0000][8][gc,age      ] GC(8) - age   3:     558680 bytes,    4204288 total
[2022-12-20T19:24:09.432+0000][8][gc,age      ] GC(8) - age   4:    2786240 bytes,    6990528 total
[2022-12-20T19:24:09.432+0000][8][gc,age      ] GC(8) - age   5:    4612848 bytes,   11603376 total
[2022-12-20T19:24:09.433+0000][8][gc,age      ] GC(8) - age   6:    1181360 bytes,   12784736 total
[2022-12-20T19:24:09.433+0000][8][gc,age      ] GC(8) - age   7:    2017256 bytes,   14801992 total
[2022-12-20T19:24:09.433+0000][8][gc,phases   ] GC(8)   Pre Evacuate Collection Set: 0.1ms
[2022-12-20T19:24:09.433+0000][8][gc,phases   ] GC(8)   Merge Heap Roots: 0.2ms
[2022-12-20T19:24:09.434+0000][8][gc,phases   ] GC(8)   Evacuate Collection Set: 3.5ms
[2022-12-20T19:24:09.434+0000][8][gc,phases   ] GC(8)   Post Evacuate Collection Set: 1.0ms
[2022-12-20T19:24:09.434+0000][8][gc,phases   ] GC(8)   Other: 3.8ms
[2022-12-20T19:24:09.435+0000][8][gc,heap     ] GC(8) Eden regions: 72->0(72)
[2022-12-20T19:24:09.435+0000][8][gc,heap     ] GC(8) Survivor regions: 4->4(10)
[2022-12-20T19:24:09.435+0000][8][gc,heap     ] GC(8) Old regions: 2->2
[2022-12-20T19:24:09.435+0000][8][gc,heap     ] GC(8) Archive regions: 2->2
[2022-12-20T19:24:09.436+0000][8][gc,heap     ] GC(8) Humongous regions: 0->0
[2022-12-20T19:24:09.436+0000][8][gc,metaspace] GC(8) Metaspace: 20055K(21504K)->20055K(21504K) NonClass: 17588K(18688K)->17588K(18688K) Class: 2466K(2816K)->2466K(2816K)
[2022-12-20T19:24:09.436+0000][8][gc          ] GC(8) Pause Young (Normal) (G1 Evacuation Pause) 309M->23M(512M) 11.534ms
[2022-12-20T19:24:09.436+0000][8][gc,cpu      ] GC(8) User=0.05s Sys=0.00s Real=0.01s
[2022-12-20T19:24:09.437+0000][8][safepoint   ] Safepoint "G1CollectForAllocation", Time since last: 208210200 ns, Reaching safepoint: 166400 ns, At safepoint: 12056200 ns, Total: 12222600 ns
[2022-12-20T19:24:10.009+0000][8][safepoint   ] Safepoint "ICBufferFull", Time since last: 572069800 ns, Reaching safepoint: 360300 ns, At safepoint: 30800 ns, Total: 391100 ns
[2022-12-20T19:24:10.376+0000][8][safepoint   ] Safepoint "ICBufferFull", Time since last: 366839400 ns, Reaching safepoint: 302700 ns, At safepoint: 29400 ns, Total: 332100 ns
[2022-12-20T19:24:11.358+0000][8][gc,start    ] GC(9) Pause Young (Normal) (G1 Evacuation Pause)
[2022-12-20T19:24:11.358+0000][8][gc,task     ] GC(9) Using 10 workers of 10 for evacuation
[2022-12-20T19:24:11.359+0000][8][gc,age      ] GC(9) Desired survivor size 20971520 bytes, new threshold 15 (max threshold 15)
[2022-12-20T19:24:11.374+0000][8][gc,age      ] GC(9) Age table with threshold 15 (max threshold 15)
[2022-12-20T19:24:11.374+0000][8][gc,age      ] GC(9) - age   1:   27794872 bytes,   27794872 total
[2022-12-20T19:24:11.375+0000][8][gc,age      ] GC(9) - age   2:     864656 bytes,   28659528 total
[2022-12-20T19:24:11.375+0000][8][gc,age      ] GC(9) - age   3:    1966920 bytes,   30626448 total
[2022-12-20T19:24:11.375+0000][8][gc,age      ] GC(9) - age   4:     540824 bytes,   31167272 total
[2022-12-20T19:24:11.376+0000][8][gc,age      ] GC(9) - age   5:    2768288 bytes,   33935560 total
[2022-12-20T19:24:11.376+0000][8][gc,age      ] GC(9) - age   6:    4569648 bytes,   38505208 total
[2022-12-20T19:24:11.376+0000][8][gc,age      ] GC(9) - age   7:    1131384 bytes,   39636592 total
[2022-12-20T19:24:11.377+0000][8][gc,age      ] GC(9) - age   8:    2008976 bytes,   41645568 total
[2022-12-20T19:24:11.377+0000][8][gc,phases   ] GC(9)   Pre Evacuate Collection Set: 0.2ms
[2022-12-20T19:24:11.377+0000][8][gc,phases   ] GC(9)   Merge Heap Roots: 0.2ms
[2022-12-20T19:24:11.378+0000][8][gc,phases   ] GC(9)   Evacuate Collection Set: 13.0ms
[2022-12-20T19:24:11.378+0000][8][gc,phases   ] GC(9)   Post Evacuate Collection Set: 1.6ms
[2022-12-20T19:24:11.378+0000][8][gc,phases   ] GC(9)   Other: 4.3ms
[2022-12-20T19:24:11.378+0000][8][gc,heap     ] GC(9) Eden regions: 72->0(66)
[2022-12-20T19:24:11.379+0000][8][gc,heap     ] GC(9) Survivor regions: 4->10(10)
[2022-12-20T19:24:11.379+0000][8][gc,heap     ] GC(9) Old regions: 2->3
[2022-12-20T19:24:11.379+0000][8][gc,heap     ] GC(9) Archive regions: 2->2
[2022-12-20T19:24:11.379+0000][8][gc,heap     ] GC(9) Humongous regions: 0->0
[2022-12-20T19:24:11.380+0000][8][gc,metaspace] GC(9) Metaspace: 30105K(32000K)->30105K(32000K) NonClass: 26332K(27648K)->26332K(27648K) Class: 3773K(4352K)->3773K(4352K)
[2022-12-20T19:24:11.380+0000][8][gc          ] GC(9) Pause Young (Normal) (G1 Evacuation Pause) 311M->52M(512M) 22.231ms
[2022-12-20T19:24:11.380+0000][8][gc,cpu      ] GC(9) User=0.15s Sys=0.01s Real=0.02s
[2022-12-20T19:24:11.381+0000][8][safepoint   ] Safepoint "G1CollectForAllocation", Time since last: 981227300 ns, Reaching safepoint: 404100 ns, At safepoint: 22959700 ns, Total: 23363800 ns
[2022-12-20T19:24:11.635+0000][8][gc,start    ] GC(10) Pause Young (Concurrent Start) (Metadata GC Threshold)
[2022-12-20T19:24:11.635+0000][8][gc,task     ] GC(10) Using 10 workers of 10 for evacuation
[2022-12-20T19:24:11.636+0000][8][gc,age      ] GC(10) Desired survivor size 20971520 bytes, new threshold 1 (max threshold 15)
[2022-12-20T19:24:11.652+0000][8][gc,age      ] GC(10) Age table with threshold 1 (max threshold 15)
[2022-12-20T19:24:11.652+0000][8][gc,age      ] GC(10) - age   1:    6135008 bytes,    6135008 total
[2022-12-20T19:24:11.653+0000][8][gc,phases   ] GC(10)   Pre Evacuate Collection Set: 0.2ms
[2022-12-20T19:24:11.653+0000][8][gc,phases   ] GC(10)   Merge Heap Roots: 0.2ms
[2022-12-20T19:24:11.653+0000][8][gc,phases   ] GC(10)   Evacuate Collection Set: 14.2ms
[2022-12-20T19:24:11.654+0000][8][gc,phases   ] GC(10)   Post Evacuate Collection Set: 1.1ms
[2022-12-20T19:24:11.654+0000][8][gc,phases   ] GC(10)   Other: 2.0ms
[2022-12-20T19:24:11.654+0000][8][gc,heap     ] GC(10) Eden regions: 10->0(73)
[2022-12-20T19:24:11.655+0000][8][gc,heap     ] GC(10) Survivor regions: 10->3(10)
[2022-12-20T19:24:11.655+0000][8][gc,heap     ] GC(10) Old regions: 3->13
[2022-12-20T19:24:11.655+0000][8][gc,heap     ] GC(10) Archive regions: 2->2
[2022-12-20T19:24:11.655+0000][8][gc,heap     ] GC(10) Humongous regions: 0->0
[2022-12-20T19:24:11.656+0000][8][gc,metaspace] GC(10) Metaspace: 33616K(35840K)->33616K(35840K) NonClass: 29262K(30848K)->29262K(30848K) Class: 4353K(4992K)->4353K(4992K)
[2022-12-20T19:24:11.656+0000][8][gc          ] GC(10) Pause Young (Concurrent Start) (Metadata GC Threshold) 92M->61M(512M) 21.118ms
[2022-12-20T19:24:11.656+0000][8][gc,cpu      ] GC(10) User=0.15s Sys=0.00s Real=0.02s
[2022-12-20T19:24:11.656+0000][8][gc          ] GC(11) Concurrent Cycle
[2022-12-20T19:24:11.657+0000][8][safepoint   ] Safepoint "CollectForMetadataAllocation", Time since last: 253849300 ns, Reaching safepoint: 159000 ns, At safepoint: 21771400 ns, Total: 21930400 ns
[2022-12-20T19:24:11.657+0000][8][gc,marking  ] GC(11) Concurrent Clear Claimed Marks
[2022-12-20T19:24:11.657+0000][8][gc,marking  ] GC(11) Concurrent Clear Claimed Marks 0.663ms
[2022-12-20T19:24:11.658+0000][8][gc,marking  ] GC(11) Concurrent Scan Root Regions
[2022-12-20T19:24:11.665+0000][8][gc,marking  ] GC(11) Concurrent Scan Root Regions 7.360ms
[2022-12-20T19:24:11.665+0000][8][gc,marking  ] GC(11) Concurrent Mark (5.828s)
[2022-12-20T19:24:11.665+0000][8][gc,marking  ] GC(11) Concurrent Mark From Roots
[2022-12-20T19:24:11.666+0000][8][gc,task     ] GC(11) Using 3 workers of 3 for marking
[2022-12-20T19:24:11.669+0000][8][safepoint   ] Safepoint "CollectForMetadataAllocation", Time since last: 12174600 ns, Reaching safepoint: 309700 ns, At safepoint: 180900 ns, Total: 490600 ns
[2022-12-20T19:24:11.674+0000][8][gc,marking  ] GC(11) Concurrent Mark From Roots 8.083ms
[2022-12-20T19:24:11.674+0000][8][gc,marking  ] GC(11) Concurrent Preclean
[2022-12-20T19:24:11.674+0000][8][gc,marking  ] GC(11) Concurrent Preclean 0.297ms
[2022-12-20T19:24:11.674+0000][8][gc,marking  ] GC(11) Concurrent Mark (5.828s, 5.837s) 8.968ms
[2022-12-20T19:24:11.675+0000][8][gc,start    ] GC(11) Pause Remark
[2022-12-20T19:24:11.677+0000][8][gc          ] GC(11) Pause Remark 63M->63M(512M) 2.018ms
[2022-12-20T19:24:11.677+0000][8][gc,cpu      ] GC(11) User=0.01s Sys=0.00s Real=0.00s
[2022-12-20T19:24:11.677+0000][8][safepoint   ] Safepoint "G1Concurrent", Time since last: 5268900 ns, Reaching safepoint: 413400 ns, At safepoint: 2438900 ns, Total: 2852300 ns
[2022-12-20T19:24:11.678+0000][8][gc,marking  ] GC(11) Concurrent Rebuild Remembered Sets
[2022-12-20T19:24:11.690+0000][8][gc,marking  ] GC(11) Concurrent Rebuild Remembered Sets 12.445ms
[2022-12-20T19:24:11.691+0000][8][gc,start    ] GC(11) Pause Cleanup
[2022-12-20T19:24:11.692+0000][8][gc          ] GC(11) Pause Cleanup 65M->65M(512M) 0.512ms
[2022-12-20T19:24:11.692+0000][8][gc,cpu      ] GC(11) User=0.00s Sys=0.00s Real=0.01s
[2022-12-20T19:24:11.692+0000][8][safepoint   ] Safepoint "G1Concurrent", Time since last: 13360600 ns, Reaching safepoint: 551800 ns, At safepoint: 1118500 ns, Total: 1670300 ns
[2022-12-20T19:24:11.693+0000][8][gc,marking  ] GC(11) Concurrent Cleanup for Next Mark
[2022-12-20T19:24:11.693+0000][8][gc,marking  ] GC(11) Concurrent Cleanup for Next Mark 0.656ms
[2022-12-20T19:24:11.693+0000][8][gc          ] GC(11) Concurrent Cycle 37.089ms
[2022-12-20T19:24:12.041+0000][8][safepoint   ] Safepoint "ICBufferFull", Time since last: 348246000 ns, Reaching safepoint: 225800 ns, At safepoint: 16100 ns, Total: 241900 ns
[2022-12-20T19:24:12.938+0000][8][safepoint   ] Safepoint "ICBufferFull", Time since last: 897373400 ns, Reaching safepoint: 264900 ns, At safepoint: 19200 ns, Total: 284100 ns
[2022-12-20T19:24:12.967+0000][8][safepoint   ] Safepoint "ICBufferFull", Time since last: 28151400 ns, Reaching safepoint: 251900 ns, At safepoint: 41200 ns, Total: 293100 ns
[2022-12-20T19:24:13.052+0000][8][gc,start    ] GC(12) Pause Young (Concurrent Start) (G1 Evacuation Pause)
[2022-12-20T19:24:13.052+0000][8][gc,task     ] GC(12) Using 10 workers of 10 for evacuation
[2022-12-20T19:24:13.052+0000][8][gc,age      ] GC(12) Desired survivor size 20971520 bytes, new threshold 15 (max threshold 15)
[2022-12-20T19:24:13.060+0000][8][gc,age      ] GC(12) Age table with threshold 15 (max threshold 15)
[2022-12-20T19:24:13.060+0000][8][gc,age      ] GC(12) - age   1:    6848000 bytes,    6848000 total
[2022-12-20T19:24:13.060+0000][8][gc,age      ] GC(12) - age   2:    6009200 bytes,   12857200 total
[2022-12-20T19:24:13.061+0000][8][gc,phases   ] GC(12)   Pre Evacuate Collection Set: 0.2ms
[2022-12-20T19:24:13.061+0000][8][gc,phases   ] GC(12)   Merge Heap Roots: 0.2ms
[2022-12-20T19:24:13.061+0000][8][gc,phases   ] GC(12)   Evacuate Collection Set: 5.3ms
[2022-12-20T19:24:13.061+0000][8][gc,phases   ] GC(12)   Post Evacuate Collection Set: 1.5ms
[2022-12-20T19:24:13.062+0000][8][gc,phases   ] GC(12)   Other: 1.5ms
[2022-12-20T19:24:13.062+0000][8][gc,heap     ] GC(12) Eden regions: 73->0(72)
[2022-12-20T19:24:13.062+0000][8][gc,heap     ] GC(12) Survivor regions: 3->4(10)
[2022-12-20T19:24:13.062+0000][8][gc,heap     ] GC(12) Old regions: 13->13
[2022-12-20T19:24:13.063+0000][8][gc,heap     ] GC(12) Archive regions: 2->2
[2022-12-20T19:24:13.063+0000][8][gc,heap     ] GC(12) Humongous regions: 0->0
[2022-12-20T19:24:13.063+0000][8][gc,metaspace] GC(12) Metaspace: 52121K(55680K)->52121K(55680K) NonClass: 45156K(47872K)->45156K(47872K) Class: 6965K(7808K)->6965K(7808K)
[2022-12-20T19:24:13.063+0000][8][gc          ] GC(12) Pause Young (Concurrent Start) (G1 Evacuation Pause) 353M->65M(512M) 11.461ms
[2022-12-20T19:24:13.064+0000][8][gc,cpu      ] GC(12) User=0.08s Sys=0.00s Real=0.01s
[2022-12-20T19:24:13.064+0000][8][gc          ] GC(13) Concurrent Cycle
[2022-12-20T19:24:13.064+0000][8][safepoint   ] Safepoint "G1CollectForAllocation", Time since last: 84802400 ns, Reaching safepoint: 220400 ns, At safepoint: 12127700 ns, Total: 12348100 ns
[2022-12-20T19:24:13.064+0000][8][gc,marking  ] GC(13) Concurrent Clear Claimed Marks
[2022-12-20T19:24:13.065+0000][8][gc,marking  ] GC(13) Concurrent Clear Claimed Marks 0.650ms
[2022-12-20T19:24:13.065+0000][8][gc,marking  ] GC(13) Concurrent Scan Root Regions
[2022-12-20T19:24:13.069+0000][8][gc,marking  ] GC(13) Concurrent Scan Root Regions 3.814ms
[2022-12-20T19:24:13.069+0000][8][gc,marking  ] GC(13) Concurrent Mark (7.232s)
[2022-12-20T19:24:13.069+0000][8][gc,marking  ] GC(13) Concurrent Mark From Roots
[2022-12-20T19:24:13.070+0000][8][gc,task     ] GC(13) Using 3 workers of 3 for marking
[2022-12-20T19:24:13.100+0000][8][gc,marking  ] GC(13) Concurrent Mark From Roots 30.892ms
[2022-12-20T19:24:13.101+0000][8][gc,marking  ] GC(13) Concurrent Preclean
[2022-12-20T19:24:13.101+0000][8][gc,marking  ] GC(13) Concurrent Preclean 0.357ms
[2022-12-20T19:24:13.101+0000][8][gc,marking  ] GC(13) Concurrent Mark (7.232s, 7.264s) 31.980ms
[2022-12-20T19:24:13.102+0000][8][gc,start    ] GC(13) Pause Remark
[2022-12-20T19:24:13.104+0000][8][gc          ] GC(13) Pause Remark 69M->69M(512M) 2.301ms
[2022-12-20T19:24:13.104+0000][8][gc,cpu      ] GC(13) User=0.04s Sys=0.01s Real=0.01s
[2022-12-20T19:24:13.105+0000][8][safepoint   ] Safepoint "G1Concurrent", Time since last: 37365200 ns, Reaching safepoint: 362700 ns, At safepoint: 2937400 ns, Total: 3300100 ns
[2022-12-20T19:24:13.105+0000][8][gc,marking  ] GC(13) Concurrent Rebuild Remembered Sets
[2022-12-20T19:24:13.125+0000][8][gc,marking  ] GC(13) Concurrent Rebuild Remembered Sets 19.525ms
[2022-12-20T19:24:13.126+0000][8][gc,start    ] GC(13) Pause Cleanup
[2022-12-20T19:24:13.126+0000][8][gc          ] GC(13) Pause Cleanup 73M->73M(512M) 0.617ms
[2022-12-20T19:24:13.126+0000][8][gc,cpu      ] GC(13) User=0.00s Sys=0.00s Real=0.00s
[2022-12-20T19:24:13.127+0000][8][safepoint   ] Safepoint "G1Concurrent", Time since last: 20211800 ns, Reaching safepoint: 563900 ns, At safepoint: 1242600 ns, Total: 1806500 ns
[2022-12-20T19:24:13.127+0000][8][gc,marking  ] GC(13) Concurrent Cleanup for Next Mark
[2022-12-20T19:24:13.127+0000][8][gc,marking  ] GC(13) Concurrent Cleanup for Next Mark 0.491ms
[2022-12-20T19:24:13.128+0000][8][gc          ] GC(13) Concurrent Cycle 63.675ms
[2022-12-20T19:24:14.129+0000][8][safepoint   ] Safepoint "Cleanup", Time since last: 1000295700 ns, Reaching safepoint: 1889100 ns, At safepoint: 156700 ns, Total: 2045800 ns
[2022-12-20T19:24:14.782+0000][8][safepoint   ] Safepoint "ICBufferFull", Time since last: 652871300 ns, Reaching safepoint: 229100 ns, At safepoint: 33300 ns, Total: 262400 ns
[2022-12-20T19:24:15.218+0000][8][safepoint   ] Safepoint "ICBufferFull", Time since last: 435554400 ns, Reaching safepoint: 257300 ns, At safepoint: 79300 ns, Total: 336600 ns
[2022-12-20T19:24:15.670+0000][8][safepoint   ] Safepoint "ICBufferFull", Time since last: 451665000 ns, Reaching safepoint: 174100 ns, At safepoint: 27800 ns, Total: 201900 ns
[2022-12-20T19:24:16.054+0000][8][safepoint   ] Safepoint "ICBufferFull", Time since last: 383442600 ns, Reaching safepoint: 188900 ns, At safepoint: 35800 ns, Total: 224700 ns
[2022-12-20T19:24:16.536+0000][8][gc,start    ] GC(14) Pause Young (Concurrent Start) (Metadata GC Threshold)
[2022-12-20T19:24:16.536+0000][8][gc,task     ] GC(14) Using 10 workers of 10 for evacuation
[2022-12-20T19:24:16.536+0000][8][gc,age      ] GC(14) Desired survivor size 20971520 bytes, new threshold 15 (max threshold 15)
[2022-12-20T19:24:16.552+0000][8][gc,age      ] GC(14) Age table with threshold 15 (max threshold 15)
[2022-12-20T19:24:16.552+0000][8][gc,age      ] GC(14) - age   1:   14072288 bytes,   14072288 total
[2022-12-20T19:24:16.553+0000][8][gc,age      ] GC(14) - age   2:    6434272 bytes,   20506560 total
[2022-12-20T19:24:16.553+0000][8][gc,age      ] GC(14) - age   3:    5993880 bytes,   26500440 total
[2022-12-20T19:24:16.553+0000][8][gc,phases   ] GC(14)   Pre Evacuate Collection Set: 0.3ms
[2022-12-20T19:24:16.554+0000][8][gc,phases   ] GC(14)   Merge Heap Roots: 0.2ms
[2022-12-20T19:24:16.554+0000][8][gc,phases   ] GC(14)   Evacuate Collection Set: 12.2ms
[2022-12-20T19:24:16.554+0000][8][gc,phases   ] GC(14)   Post Evacuate Collection Set: 2.7ms
[2022-12-20T19:24:16.554+0000][8][gc,phases   ] GC(14)   Other: 2.3ms
[2022-12-20T19:24:16.555+0000][8][gc,heap     ] GC(14) Eden regions: 62->0(69)
[2022-12-20T19:24:16.555+0000][8][gc,heap     ] GC(14) Survivor regions: 4->7(10)
[2022-12-20T19:24:16.555+0000][8][gc,heap     ] GC(14) Old regions: 13->13
[2022-12-20T19:24:16.556+0000][8][gc,heap     ] GC(14) Archive regions: 2->2
[2022-12-20T19:24:16.556+0000][8][gc,heap     ] GC(14) Humongous regions: 2->2
[2022-12-20T19:24:16.556+0000][8][gc,metaspace] GC(14) Metaspace: 89413K(93824K)->89413K(93824K) NonClass: 77309K(80640K)->77309K(80640K) Class: 12104K(13184K)->12104K(13184K)
[2022-12-20T19:24:16.556+0000][8][gc          ] GC(14) Pause Young (Concurrent Start) (Metadata GC Threshold) 321M->86M(512M) 20.431ms
[2022-12-20T19:24:16.556+0000][8][gc,cpu      ] GC(14) User=0.12s Sys=0.00s Real=0.02s
[2022-12-20T19:24:16.557+0000][8][gc          ] GC(15) Concurrent Cycle
[2022-12-20T19:24:16.557+0000][8][safepoint   ] Safepoint "CollectForMetadataAllocation", Time since last: 481659600 ns, Reaching safepoint: 411700 ns, At safepoint: 21183500 ns, Total: 21595200 ns
[2022-12-20T19:24:16.557+0000][8][gc,marking  ] GC(15) Concurrent Clear Claimed Marks
[2022-12-20T19:24:16.558+0000][8][gc,marking  ] GC(15) Concurrent Clear Claimed Marks 0.638ms
[2022-12-20T19:24:16.558+0000][8][gc,marking  ] GC(15) Concurrent Scan Root Regions
[2022-12-20T19:24:16.567+0000][8][gc,marking  ] GC(15) Concurrent Scan Root Regions 9.036ms
[2022-12-20T19:24:16.567+0000][8][gc,marking  ] GC(15) Concurrent Mark (10.731s)
[2022-12-20T19:24:16.568+0000][8][gc,marking  ] GC(15) Concurrent Mark From Roots
[2022-12-20T19:24:16.568+0000][8][gc,task     ] GC(15) Using 3 workers of 3 for marking
[2022-12-20T19:24:16.568+0000][8][safepoint   ] Safepoint "CollectForMetadataAllocation", Time since last: 10792300 ns, Reaching safepoint: 408600 ns, At safepoint: 143800 ns, Total: 552400 ns
[2022-12-20T19:24:16.594+0000][8][safepoint   ] Safepoint "CollectForMetadataAllocation", Time since last: 25471000 ns, Reaching safepoint: 355600 ns, At safepoint: 181100 ns, Total: 536700 ns
[2022-12-20T19:24:16.602+0000][8][gc,marking  ] GC(15) Concurrent Mark From Roots 34.475ms
[2022-12-20T19:24:16.603+0000][8][gc,marking  ] GC(15) Concurrent Preclean
[2022-12-20T19:24:16.603+0000][8][gc,marking  ] GC(15) Concurrent Preclean 0.333ms
[2022-12-20T19:24:16.603+0000][8][gc,marking  ] GC(15) Concurrent Mark (10.731s, 10.766s) 35.731ms
[2022-12-20T19:24:16.604+0000][8][gc,start    ] GC(15) Pause Remark
[2022-12-20T19:24:16.606+0000][8][gc          ] GC(15) Pause Remark 93M->93M(512M) 2.580ms
[2022-12-20T19:24:16.607+0000][8][gc,cpu      ] GC(15) User=0.01s Sys=0.00s Real=0.00s
[2022-12-20T19:24:16.607+0000][8][safepoint   ] Safepoint "G1Concurrent", Time since last: 9073200 ns, Reaching safepoint: 221000 ns, At safepoint: 3308400 ns, Total: 3529400 ns
[2022-12-20T19:24:16.607+0000][8][gc,marking  ] GC(15) Concurrent Rebuild Remembered Sets
[2022-12-20T19:24:16.632+0000][8][gc,marking  ] GC(15) Concurrent Rebuild Remembered Sets 24.583ms
[2022-12-20T19:24:16.633+0000][8][gc,start    ] GC(15) Pause Cleanup
[2022-12-20T19:24:16.633+0000][8][gc          ] GC(15) Pause Cleanup 96M->96M(512M) 0.415ms
[2022-12-20T19:24:16.634+0000][8][gc,cpu      ] GC(15) User=0.00s Sys=0.00s Real=0.00s
[2022-12-20T19:24:16.634+0000][8][safepoint   ] Safepoint "G1Concurrent", Time since last: 25479900 ns, Reaching safepoint: 545700 ns, At safepoint: 978200 ns, Total: 1523900 ns
[2022-12-20T19:24:16.634+0000][8][gc,marking  ] GC(15) Concurrent Cleanup for Next Mark
[2022-12-20T19:24:16.635+0000][8][gc,marking  ] GC(15) Concurrent Cleanup for Next Mark 0.764ms
[2022-12-20T19:24:16.635+0000][8][gc          ] GC(15) Concurrent Cycle 78.446ms
[2022-12-20T19:24:17.634+0000][8][safepoint   ] Safepoint "Cleanup", Time since last: 1000292700 ns, Reaching safepoint: 242900 ns, At safepoint: 37700 ns, Total: 280600 ns
[2022-12-20T19:24:18.635+0000][8][safepoint   ] Safepoint "Cleanup", Time since last: 1000721100 ns, Reaching safepoint: 290000 ns, At safepoint: 23600 ns, Total: 313600 ns
[2022-12-20T19:24:19.637+0000][8][safepoint   ] Safepoint "Cleanup", Time since last: 1000859100 ns, Reaching safepoint: 263400 ns, At safepoint: 23500 ns, Total: 286900 ns
[2022-12-20T19:24:21.638+0000][8][safepoint   ] Safepoint "Cleanup", Time since last: 2000774800 ns, Reaching safepoint: 246900 ns, At safepoint: 18900 ns, Total: 265800 ns
[2022-12-20T19:24:24.639+0000][8][safepoint   ] Safepoint "Cleanup", Time since last: 3000837500 ns, Reaching safepoint: 383300 ns, At safepoint: 36900 ns, Total: 420200 ns
[2022-12-20T19:24:28.640+0000][8][safepoint   ] Safepoint "Cleanup", Time since last: 4001357200 ns, Reaching safepoint: 166700 ns, At safepoint: 14800 ns, Total: 181500 ns
[2022-12-20T19:24:29.641+0000][8][safepoint   ] Safepoint "Cleanup", Time since last: 1000421400 ns, Reaching safepoint: 173700 ns, At safepoint: 16800 ns, Total: 190500 ns
[2022-12-20T19:24:30.642+0000][8][safepoint   ] Safepoint "Cleanup", Time since last: 1000616600 ns, Reaching safepoint: 661700 ns, At safepoint: 21200 ns, Total: 682900 ns
[2022-12-20T19:24:34.644+0000][8][safepoint   ] Safepoint "Cleanup", Time since last: 4000905800 ns, Reaching safepoint: 326800 ns, At safepoint: 29700 ns, Total: 356500 ns
[2022-12-20T19:24:36.644+0000][8][safepoint   ] Safepoint "Cleanup", Time since last: 2000640000 ns, Reaching safepoint: 189800 ns, At safepoint: 17300 ns, Total: 207100 ns
[2022-12-20T19:24:37.645+0000][8][safepoint   ] Safepoint "Cleanup", Time since last: 1000389700 ns, Reaching safepoint: 166000 ns, At safepoint: 14600 ns, Total: 180600 ns
[2022-12-20T19:24:42.646+0000][8][safepoint   ] Safepoint "Cleanup", Time since last: 5001089400 ns, Reaching safepoint: 242200 ns, At safepoint: 17600 ns, Total: 259800 ns
[2022-12-20T19:24:45.647+0000][8][safepoint   ] Safepoint "Cleanup", Time since last: 3000860700 ns, Reaching safepoint: 160600 ns, At safepoint: 14800 ns, Total: 175400 ns
[2022-12-20T19:24:46.649+0000][8][safepoint   ] Safepoint "Cleanup", Time since last: 1000430900 ns, Reaching safepoint: 627300 ns, At safepoint: 14600 ns, Total: 641900 ns
[2022-12-20T19:24:52.651+0000][8][safepoint   ] Safepoint "Cleanup", Time since last: 6002467900 ns, Reaching safepoint: 372900 ns, At safepoint: 34300 ns, Total: 407200 ns
[2022-12-20T19:24:57.654+0000][8][safepoint   ] Safepoint "Cleanup", Time since last: 5001876000 ns, Reaching safepoint: 802900 ns, At safepoint: 84300 ns, Total: 887200 ns
[2022-12-20T19:24:58.656+0000][8][safepoint   ] Safepoint "Cleanup", Time since last: 1001259100 ns, Reaching safepoint: 685200 ns, At safepoint: 66700 ns, Total: 751900 ns
[2022-12-20T19:25:00.658+0000][8][safepoint   ] Safepoint "Cleanup", Time since last: 2001381100 ns, Reaching safepoint: 240000 ns, At safepoint: 24500 ns, Total: 264500 ns
[2022-12-20T19:25:05.660+0000][8][safepoint   ] Safepoint "Cleanup", Time since last: 5001444700 ns, Reaching safepoint: 301900 ns, At safepoint: 21700 ns, Total: 323600 ns
[2022-12-20T19:25:06.660+0000][8][safepoint   ] Safepoint "Cleanup", Time since last: 1000537100 ns, Reaching safepoint: 340100 ns, At safepoint: 29400 ns, Total: 369500 ns
[2022-12-20T19:25:10.662+0000][8][safepoint   ] Safepoint "Cleanup", Time since last: 4001304100 ns, Reaching safepoint: 192400 ns, At safepoint: 15200 ns, Total: 207600 ns
[2022-12-20T19:25:12.663+0000][8][safepoint   ] Safepoint "Cleanup", Time since last: 2000441400 ns, Reaching safepoint: 287700 ns, At safepoint: 24100 ns, Total: 311800 ns
[2022-12-20T19:25:15.664+0000][8][safepoint   ] Safepoint "Cleanup", Time since last: 3000698100 ns, Reaching safepoint: 152800 ns, At safepoint: 14600 ns, Total: 167400 ns
[2022-12-20T19:25:16.665+0000][8][safepoint   ] Safepoint "Cleanup", Time since last: 1000402700 ns, Reaching safepoint: 908100 ns, At safepoint: 99300 ns, Total: 1007400 ns
[2022-12-20T19:25:20.667+0000][8][safepoint   ] Safepoint "Cleanup", Time since last: 4001956300 ns, Reaching safepoint: 317800 ns, At safepoint: 19700 ns, Total: 337500 ns
[2022-12-20T19:25:23.669+0000][8][safepoint   ] Safepoint "Cleanup", Time since last: 3000925500 ns, Reaching safepoint: 274000 ns, At safepoint: 24100 ns, Total: 298100 ns
[2022-12-20T19:25:25.670+0000][8][safepoint   ] Safepoint "Cleanup", Time since last: 2000906600 ns, Reaching safepoint: 227900 ns, At safepoint: 19200 ns, Total: 247100 ns
[2022-12-20T19:25:32.570+0000][8][safepoint   ] Safepoint "Cleanup", Time since last: 6900220600 ns, Reaching safepoint: 243400 ns, At safepoint: 39300 ns, Total: 282700 ns
[2022-12-20T19:25:33.602+0000][8][safepoint   ] Safepoint "Cleanup", Time since last: 1031124300 ns, Reaching safepoint: 239300 ns, At safepoint: 22200 ns, Total: 261500 ns
[2022-12-20T19:25:41.604+0000][8][safepoint   ] Safepoint "Cleanup", Time since last: 8001609800 ns, Reaching safepoint: 945300 ns, At safepoint: 95900 ns, Total: 1041200 ns
[2022-12-20T19:25:43.606+0000][8][safepoint   ] Safepoint "Cleanup", Time since last: 2001358900 ns, Reaching safepoint: 171600 ns, At safepoint: 15400 ns, Total: 187000 ns
[2022-12-20T19:25:44.606+0000][8][safepoint   ] Safepoint "Cleanup", Time since last: 1000374100 ns, Reaching safepoint: 162700 ns, At safepoint: 13700 ns, Total: 176400 ns
[2022-12-20T19:25:46.607+0000][8][safepoint   ] Safepoint "Cleanup", Time since last: 2000726300 ns, Reaching safepoint: 289800 ns, At safepoint: 19900 ns, Total: 309700 ns
[2022-12-20T19:25:49.609+0000][8][safepoint   ] Safepoint "Cleanup", Time since last: 3001087300 ns, Reaching safepoint: 166800 ns, At safepoint: 35500 ns, Total: 202300 ns
[2022-12-20T19:25:49.632+0000][8][gc,heap,exit] Heap
[2022-12-20T19:25:49.633+0000][8][gc,heap,exit]  garbage-first heap   total 524288K, used 146134K [0x00000000e0000000, 0x0000000100000000)
[2022-12-20T19:25:49.633+0000][8][gc,heap,exit]   region size 4096K, 22 young (90112K), 7 survivors (28672K)
[2022-12-20T19:25:49.633+0000][8][gc,heap,exit]  Metaspace       used 93207K, capacity 96595K, committed 97784K, reserved 1132544K
[2022-12-20T19:25:49.633+0000][8][gc,heap,exit]   class space    used 12659K, capacity 13745K, committed 13816K, reserved 1048576K
