[2022-12-29T17:50:35.395+0000][7][gc] Using G1
[2022-12-29T17:50:35.588+0000][7][gc,init] Version: 15.0.1+9 (release)
[2022-12-29T17:50:35.589+0000][7][gc,init] CPUs: 12 total, 12 available
[2022-12-29T17:50:35.589+0000][7][gc,init] Memory: 12647M
[2022-12-29T17:50:35.590+0000][7][gc,init] Large Page Support: Disabled
[2022-12-29T17:50:35.590+0000][7][gc,init] NUMA Support: Disabled
[2022-12-29T17:50:35.590+0000][7][gc,init] Compressed Oops: Enabled (32-bit)
[2022-12-29T17:50:35.591+0000][7][gc,init] Heap Region Size: 4M
[2022-12-29T17:50:35.591+0000][7][gc,init] Heap Min Capacity: 512M
[2022-12-29T17:50:35.592+0000][7][gc,init] Heap Initial Capacity: 512M
[2022-12-29T17:50:35.595+0000][7][gc,init] Heap Max Capacity: 512M
[2022-12-29T17:50:35.596+0000][7][gc,init] Pre-touch: Enabled
[2022-12-29T17:50:35.596+0000][7][gc,init] Parallel Workers: 10
[2022-12-29T17:50:35.597+0000][7][gc,init] Concurrent Workers: 3
[2022-12-29T17:50:35.597+0000][7][gc,init] Concurrent Refinement Workers: 10
[2022-12-29T17:50:35.598+0000][7][gc,init] Periodic GC: Disabled
[2022-12-29T17:50:35.598+0000][7][gc,cds ] Mark closed archive regions in map: [0x00000000ffc00000, 0x00000000ffc7bff8]
[2022-12-29T17:50:35.599+0000][7][gc,cds ] Mark open archive regions in map: [0x00000000ffb00000, 0x00000000ffb51ff8]
[2022-12-29T17:50:35.599+0000][7][gc,metaspace] CDS archive(s) mapped at: [0x0000000800000000-0x0000000800b2a000-0x0000000800b2a000), size 11706368, SharedBaseAddress: 0x0000000800000000, ArchiveRelocationMode: 0.
[2022-12-29T17:50:35.600+0000][7][gc,metaspace] Compressed class space mapped at: 0x0000000800b2c000-0x0000000840b2c000, size: 1073741824
[2022-12-29T17:50:35.600+0000][7][gc,metaspace] Narrow klass base: 0x0000000800000000, Narrow klass shift: 3, Narrow klass range: 0x100000000
[2022-12-29T17:50:35.967+0000][7][safepoint   ] Safepoint "ICBufferFull", Time since last: 355139800 ns, Reaching safepoint: 248700 ns, At safepoint: 85100 ns, Total: 333800 ns
[2022-12-29T17:50:36.247+0000][7][gc,start    ] GC(0) Pause Young (Normal) (G1 Evacuation Pause)
[2022-12-29T17:50:36.250+0000][7][gc,task     ] GC(0) Using 10 workers of 10 for evacuation
[2022-12-29T17:50:36.250+0000][7][gc,age      ] GC(0) Desired survivor size 2097152 bytes, new threshold 15 (max threshold 15)
[2022-12-29T17:50:36.255+0000][7][gc,age      ] GC(0) Age table with threshold 15 (max threshold 15)
[2022-12-29T17:50:36.255+0000][7][gc,age      ] GC(0) - age   1:    4171848 bytes,    4171848 total
[2022-12-29T17:50:36.256+0000][7][gc,phases   ] GC(0)   Pre Evacuate Collection Set: 0.4ms
[2022-12-29T17:50:36.256+0000][7][gc,phases   ] GC(0)   Merge Heap Roots: 0.3ms
[2022-12-29T17:50:36.256+0000][7][gc,phases   ] GC(0)   Evacuate Collection Set: 2.5ms
[2022-12-29T17:50:36.257+0000][7][gc,phases   ] GC(0)   Post Evacuate Collection Set: 1.4ms
[2022-12-29T17:50:36.257+0000][7][gc,phases   ] GC(0)   Other: 4.1ms
[2022-12-29T17:50:36.258+0000][7][gc,heap     ] GC(0) Eden regions: 6->0(6)
[2022-12-29T17:50:36.258+0000][7][gc,heap     ] GC(0) Survivor regions: 0->1(1)
[2022-12-29T17:50:36.258+0000][7][gc,heap     ] GC(0) Old regions: 0->1
[2022-12-29T17:50:36.259+0000][7][gc,heap     ] GC(0) Archive regions: 2->2
[2022-12-29T17:50:36.259+0000][7][gc,heap     ] GC(0) Humongous regions: 0->0
[2022-12-29T17:50:36.260+0000][7][gc,metaspace] GC(0) Metaspace: 8397K(9344K)->8397K(9344K) NonClass: 7449K(8192K)->7449K(8192K) Class: 948K(1152K)->948K(1152K)
[2022-12-29T17:50:36.260+0000][7][gc          ] GC(0) Pause Young (Normal) (G1 Evacuation Pause) 27M->7M(512M) 13.020ms
[2022-12-29T17:50:36.261+0000][7][gc,cpu      ] GC(0) User=0.04s Sys=0.02s Real=0.02s
[2022-12-29T17:50:36.261+0000][7][safepoint   ] Safepoint "G1CollectForAllocation", Time since last: 279307300 ns, Reaching safepoint: 251100 ns, At safepoint: 13926400 ns, Total: 14177500 ns
[2022-12-29T17:50:36.985+0000][7][gc,start    ] GC(1) Pause Young (Normal) (G1 Evacuation Pause)
[2022-12-29T17:50:36.985+0000][7][gc,task     ] GC(1) Using 10 workers of 10 for evacuation
[2022-12-29T17:50:36.985+0000][7][gc,age      ] GC(1) Desired survivor size 2097152 bytes, new threshold 1 (max threshold 15)
[2022-12-29T17:50:36.990+0000][7][gc,age      ] GC(1) Age table with threshold 1 (max threshold 15)
[2022-12-29T17:50:36.990+0000][7][gc,age      ] GC(1) - age   1:    2098968 bytes,    2098968 total
[2022-12-29T17:50:36.991+0000][7][gc,phases   ] GC(1)   Pre Evacuate Collection Set: 0.3ms
[2022-12-29T17:50:36.991+0000][7][gc,phases   ] GC(1)   Merge Heap Roots: 0.3ms
[2022-12-29T17:50:36.991+0000][7][gc,phases   ] GC(1)   Evacuate Collection Set: 2.5ms
[2022-12-29T17:50:36.992+0000][7][gc,phases   ] GC(1)   Post Evacuate Collection Set: 1.1ms
[2022-12-29T17:50:36.992+0000][7][gc,phases   ] GC(1)   Other: 1.9ms
[2022-12-29T17:50:36.993+0000][7][gc,heap     ] GC(1) Eden regions: 6->0(12)
[2022-12-29T17:50:36.993+0000][7][gc,heap     ] GC(1) Survivor regions: 1->1(1)
[2022-12-29T17:50:36.993+0000][7][gc,heap     ] GC(1) Old regions: 1->2
[2022-12-29T17:50:36.994+0000][7][gc,heap     ] GC(1) Archive regions: 2->2
[2022-12-29T17:50:36.994+0000][7][gc,heap     ] GC(1) Humongous regions: 0->0
[2022-12-29T17:50:36.994+0000][7][gc,metaspace] GC(1) Metaspace: 12859K(13440K)->12859K(13440K) NonClass: 11344K(11776K)->11344K(11776K) Class: 1515K(1664K)->1515K(1664K)
[2022-12-29T17:50:36.995+0000][7][gc          ] GC(1) Pause Young (Normal) (G1 Evacuation Pause) 31M->10M(512M) 9.888ms
[2022-12-29T17:50:36.995+0000][7][gc,cpu      ] GC(1) User=0.01s Sys=0.01s Real=0.01s
[2022-12-29T17:50:36.995+0000][7][safepoint   ] Safepoint "G1CollectForAllocation", Time since last: 723334800 ns, Reaching safepoint: 263200 ns, At safepoint: 10515100 ns, Total: 10778300 ns
[2022-12-29T17:50:37.456+0000][7][safepoint   ] Safepoint "ICBufferFull", Time since last: 460326400 ns, Reaching safepoint: 262200 ns, At safepoint: 44600 ns, Total: 306800 ns
[2022-12-29T17:50:37.497+0000][7][gc,start    ] GC(2) Pause Young (Normal) (G1 Evacuation Pause)
[2022-12-29T17:50:37.498+0000][7][gc,task     ] GC(2) Using 10 workers of 10 for evacuation
[2022-12-29T17:50:37.498+0000][7][gc,age      ] GC(2) Desired survivor size 4194304 bytes, new threshold 15 (max threshold 15)
[2022-12-29T17:50:37.504+0000][7][gc,age      ] GC(2) Age table with threshold 15 (max threshold 15)
[2022-12-29T17:50:37.504+0000][7][gc,age      ] GC(2) - age   1:    1167520 bytes,    1167520 total
[2022-12-29T17:50:37.505+0000][7][gc,age      ] GC(2) - age   2:    2031656 bytes,    3199176 total
[2022-12-29T17:50:37.505+0000][7][gc,phases   ] GC(2)   Pre Evacuate Collection Set: 0.4ms
[2022-12-29T17:50:37.505+0000][7][gc,phases   ] GC(2)   Merge Heap Roots: 0.4ms
[2022-12-29T17:50:37.506+0000][7][gc,phases   ] GC(2)   Evacuate Collection Set: 2.4ms
[2022-12-29T17:50:37.506+0000][7][gc,phases   ] GC(2)   Post Evacuate Collection Set: 2.0ms
[2022-12-29T17:50:37.506+0000][7][gc,phases   ] GC(2)   Other: 2.4ms
[2022-12-29T17:50:37.507+0000][7][gc,heap     ] GC(2) Eden regions: 12->0(73)
[2022-12-29T17:50:37.507+0000][7][gc,heap     ] GC(2) Survivor regions: 1->1(2)
[2022-12-29T17:50:37.508+0000][7][gc,heap     ] GC(2) Old regions: 2->2
[2022-12-29T17:50:37.508+0000][7][gc,heap     ] GC(2) Archive regions: 2->2
[2022-12-29T17:50:37.508+0000][7][gc,heap     ] GC(2) Humongous regions: 0->0
[2022-12-29T17:50:37.509+0000][7][gc,metaspace] GC(2) Metaspace: 14820K(15488K)->14820K(15488K) NonClass: 13118K(13568K)->13118K(13568K) Class: 1701K(1920K)->1701K(1920K)
[2022-12-29T17:50:37.509+0000][7][gc          ] GC(2) Pause Young (Normal) (G1 Evacuation Pause) 58M->11M(512M) 11.508ms
[2022-12-29T17:50:37.509+0000][7][gc,cpu      ] GC(2) User=0.06s Sys=0.00s Real=0.01s
[2022-12-29T17:50:37.510+0000][7][safepoint   ] Safepoint "G1CollectForAllocation", Time since last: 41250000 ns, Reaching safepoint: 405000 ns, At safepoint: 12447300 ns, Total: 12852300 ns
[2022-12-29T17:50:37.625+0000][7][safepoint   ] Safepoint "ICBufferFull", Time since last: 114606600 ns, Reaching safepoint: 230400 ns, At safepoint: 23000 ns, Total: 253400 ns
[2022-12-29T17:50:37.630+0000][7][safepoint   ] Safepoint "ICBufferFull", Time since last: 5110300 ns, Reaching safepoint: 193900 ns, At safepoint: 21600 ns, Total: 215500 ns
[2022-12-29T17:50:37.634+0000][7][safepoint   ] Safepoint "ICBufferFull", Time since last: 4130700 ns, Reaching safepoint: 194900 ns, At safepoint: 23700 ns, Total: 218600 ns
[2022-12-29T17:50:37.638+0000][7][safepoint   ] Safepoint "ICBufferFull", Time since last: 2915100 ns, Reaching safepoint: 226300 ns, At safepoint: 21300 ns, Total: 247600 ns
[2022-12-29T17:50:37.643+0000][7][safepoint   ] Safepoint "ICBufferFull", Time since last: 4879200 ns, Reaching safepoint: 200700 ns, At safepoint: 24100 ns, Total: 224800 ns
[2022-12-29T17:50:37.646+0000][7][safepoint   ] Safepoint "ICBufferFull", Time since last: 3241900 ns, Reaching safepoint: 216600 ns, At safepoint: 21500 ns, Total: 238100 ns
[2022-12-29T17:50:37.649+0000][7][safepoint   ] Safepoint "ICBufferFull", Time since last: 3002300 ns, Reaching safepoint: 264800 ns, At safepoint: 24300 ns, Total: 289100 ns
[2022-12-29T17:50:37.653+0000][7][safepoint   ] Safepoint "ICBufferFull", Time since last: 3283900 ns, Reaching safepoint: 208500 ns, At safepoint: 21700 ns, Total: 230200 ns
[2022-12-29T17:50:37.656+0000][7][safepoint   ] Safepoint "ICBufferFull", Time since last: 3180700 ns, Reaching safepoint: 197900 ns, At safepoint: 21000 ns, Total: 218900 ns
[2022-12-29T17:50:37.661+0000][7][safepoint   ] Safepoint "ICBufferFull", Time since last: 4124500 ns, Reaching safepoint: 223300 ns, At safepoint: 22900 ns, Total: 246200 ns
[2022-12-29T17:50:37.664+0000][7][safepoint   ] Safepoint "ICBufferFull", Time since last: 3240100 ns, Reaching safepoint: 199300 ns, At safepoint: 21100 ns, Total: 220400 ns
[2022-12-29T17:50:37.668+0000][7][safepoint   ] Safepoint "ICBufferFull", Time since last: 3963300 ns, Reaching safepoint: 224100 ns, At safepoint: 22000 ns, Total: 246100 ns
[2022-12-29T17:50:37.673+0000][7][safepoint   ] Safepoint "ICBufferFull", Time since last: 4422000 ns, Reaching safepoint: 281300 ns, At safepoint: 46300 ns, Total: 327600 ns
[2022-12-29T17:50:37.677+0000][7][safepoint   ] Safepoint "ICBufferFull", Time since last: 3916800 ns, Reaching safepoint: 208400 ns, At safepoint: 21100 ns, Total: 229500 ns
[2022-12-29T17:50:37.681+0000][7][safepoint   ] Safepoint "ICBufferFull", Time since last: 3627400 ns, Reaching safepoint: 226600 ns, At safepoint: 39600 ns, Total: 266200 ns
[2022-12-29T17:50:37.684+0000][7][safepoint   ] Safepoint "ICBufferFull", Time since last: 2969000 ns, Reaching safepoint: 286900 ns, At safepoint: 48700 ns, Total: 335600 ns
[2022-12-29T17:50:37.688+0000][7][safepoint   ] Safepoint "ICBufferFull", Time since last: 3189300 ns, Reaching safepoint: 208300 ns, At safepoint: 37200 ns, Total: 245500 ns
[2022-12-29T17:50:37.693+0000][7][safepoint   ] Safepoint "ICBufferFull", Time since last: 4959400 ns, Reaching safepoint: 318300 ns, At safepoint: 29300 ns, Total: 347600 ns
[2022-12-29T17:50:37.698+0000][7][safepoint   ] Safepoint "ICBufferFull", Time since last: 5057800 ns, Reaching safepoint: 204400 ns, At safepoint: 21100 ns, Total: 225500 ns
[2022-12-29T17:50:37.700+0000][7][safepoint   ] Safepoint "ICBufferFull", Time since last: 1329100 ns, Reaching safepoint: 210400 ns, At safepoint: 38600 ns, Total: 249000 ns
[2022-12-29T17:50:37.702+0000][7][safepoint   ] Safepoint "ICBufferFull", Time since last: 1314300 ns, Reaching safepoint: 279800 ns, At safepoint: 29400 ns, Total: 309200 ns
[2022-12-29T17:50:37.703+0000][7][safepoint   ] Safepoint "ICBufferFull", Time since last: 1325100 ns, Reaching safepoint: 399300 ns, At safepoint: 55400 ns, Total: 454700 ns
[2022-12-29T17:50:37.705+0000][7][safepoint   ] Safepoint "ICBufferFull", Time since last: 1327500 ns, Reaching safepoint: 254600 ns, At safepoint: 40700 ns, Total: 295300 ns
[2022-12-29T17:50:37.707+0000][7][safepoint   ] Safepoint "ICBufferFull", Time since last: 1242300 ns, Reaching safepoint: 208400 ns, At safepoint: 20900 ns, Total: 229300 ns
[2022-12-29T17:50:37.708+0000][7][safepoint   ] Safepoint "ICBufferFull", Time since last: 1189500 ns, Reaching safepoint: 180600 ns, At safepoint: 21400 ns, Total: 202000 ns
[2022-12-29T17:50:37.710+0000][7][safepoint   ] Safepoint "ICBufferFull", Time since last: 1389500 ns, Reaching safepoint: 241900 ns, At safepoint: 20700 ns, Total: 262600 ns
[2022-12-29T17:50:37.711+0000][7][safepoint   ] Safepoint "ICBufferFull", Time since last: 1319400 ns, Reaching safepoint: 261600 ns, At safepoint: 38800 ns, Total: 300400 ns
[2022-12-29T17:50:37.713+0000][7][safepoint   ] Safepoint "ICBufferFull", Time since last: 1673500 ns, Reaching safepoint: 213000 ns, At safepoint: 21800 ns, Total: 234800 ns
[2022-12-29T17:50:37.715+0000][7][safepoint   ] Safepoint "ICBufferFull", Time since last: 1533500 ns, Reaching safepoint: 191100 ns, At safepoint: 21800 ns, Total: 212900 ns
[2022-12-29T17:50:37.717+0000][7][safepoint   ] Safepoint "ICBufferFull", Time since last: 1354100 ns, Reaching safepoint: 304400 ns, At safepoint: 31000 ns, Total: 335400 ns
[2022-12-29T17:50:37.718+0000][7][safepoint   ] Safepoint "ICBufferFull", Time since last: 1666700 ns, Reaching safepoint: 214200 ns, At safepoint: 22300 ns, Total: 236500 ns
[2022-12-29T17:50:37.720+0000][7][safepoint   ] Safepoint "ICBufferFull", Time since last: 1228800 ns, Reaching safepoint: 197200 ns, At safepoint: 40300 ns, Total: 237500 ns
[2022-12-29T17:50:37.721+0000][7][safepoint   ] Safepoint "ICBufferFull", Time since last: 1249000 ns, Reaching safepoint: 207600 ns, At safepoint: 22100 ns, Total: 229700 ns
[2022-12-29T17:50:37.723+0000][7][safepoint   ] Safepoint "ICBufferFull", Time since last: 1080300 ns, Reaching safepoint: 185800 ns, At safepoint: 21400 ns, Total: 207200 ns
[2022-12-29T17:50:37.724+0000][7][safepoint   ] Safepoint "ICBufferFull", Time since last: 1152000 ns, Reaching safepoint: 184400 ns, At safepoint: 21500 ns, Total: 205900 ns
[2022-12-29T17:50:37.725+0000][7][safepoint   ] Safepoint "ICBufferFull", Time since last: 1096200 ns, Reaching safepoint: 229600 ns, At safepoint: 68100 ns, Total: 297700 ns
[2022-12-29T17:50:37.732+0000][7][safepoint   ] Safepoint "ICBufferFull", Time since last: 6665900 ns, Reaching safepoint: 202300 ns, At safepoint: 22000 ns, Total: 224300 ns
[2022-12-29T17:50:37.738+0000][7][safepoint   ] Safepoint "ICBufferFull", Time since last: 5169800 ns, Reaching safepoint: 359000 ns, At safepoint: 29200 ns, Total: 388200 ns
[2022-12-29T17:50:37.740+0000][7][safepoint   ] Safepoint "ICBufferFull", Time since last: 2082300 ns, Reaching safepoint: 328100 ns, At safepoint: 39000 ns, Total: 367100 ns
[2022-12-29T17:50:37.894+0000][7][safepoint   ] Safepoint "ICBufferFull", Time since last: 152981400 ns, Reaching safepoint: 372400 ns, At safepoint: 57500 ns, Total: 429900 ns
[2022-12-29T17:50:38.272+0000][7][safepoint   ] Safepoint "ICBufferFull", Time since last: 377523900 ns, Reaching safepoint: 298800 ns, At safepoint: 44500 ns, Total: 343300 ns
[2022-12-29T17:50:38.342+0000][7][gc,start    ] GC(3) Pause Young (Normal) (G1 Evacuation Pause)
[2022-12-29T17:50:38.343+0000][7][gc,task     ] GC(3) Using 10 workers of 10 for evacuation
[2022-12-29T17:50:38.343+0000][7][gc,age      ] GC(3) Desired survivor size 20971520 bytes, new threshold 15 (max threshold 15)
[2022-12-29T17:50:38.349+0000][7][gc,age      ] GC(3) Age table with threshold 15 (max threshold 15)
[2022-12-29T17:50:38.349+0000][7][gc,age      ] GC(3) - age   1:    5416104 bytes,    5416104 total
[2022-12-29T17:50:38.350+0000][7][gc,age      ] GC(3) - age   2:    1141440 bytes,    6557544 total
[2022-12-29T17:50:38.350+0000][7][gc,age      ] GC(3) - age   3:    2017376 bytes,    8574920 total
[2022-12-29T17:50:38.351+0000][7][gc,phases   ] GC(3)   Pre Evacuate Collection Set: 0.2ms
[2022-12-29T17:50:38.351+0000][7][gc,phases   ] GC(3)   Merge Heap Roots: 0.3ms
[2022-12-29T17:50:38.351+0000][7][gc,phases   ] GC(3)   Evacuate Collection Set: 3.4ms
[2022-12-29T17:50:38.352+0000][7][gc,phases   ] GC(3)   Post Evacuate Collection Set: 1.4ms
[2022-12-29T17:50:38.352+0000][7][gc,phases   ] GC(3)   Other: 3.0ms
[2022-12-29T17:50:38.353+0000][7][gc,heap     ] GC(3) Eden regions: 73->0(73)
[2022-12-29T17:50:38.353+0000][7][gc,heap     ] GC(3) Survivor regions: 1->3(10)
[2022-12-29T17:50:38.353+0000][7][gc,heap     ] GC(3) Old regions: 2->2
[2022-12-29T17:50:38.354+0000][7][gc,heap     ] GC(3) Archive regions: 2->2
[2022-12-29T17:50:38.354+0000][7][gc,heap     ] GC(3) Humongous regions: 0->0
[2022-12-29T17:50:38.355+0000][7][gc,metaspace] GC(3) Metaspace: 18400K(19072K)->18400K(19072K) NonClass: 16201K(16640K)->16201K(16640K) Class: 2198K(2432K)->2198K(2432K)
[2022-12-29T17:50:38.355+0000][7][gc          ] GC(3) Pause Young (Normal) (G1 Evacuation Pause) 303M->16M(512M) 12.686ms
[2022-12-29T17:50:38.355+0000][7][gc,cpu      ] GC(3) User=0.05s Sys=0.01s Real=0.01s
[2022-12-29T17:50:38.356+0000][7][safepoint   ] Safepoint "G1CollectForAllocation", Time since last: 70289300 ns, Reaching safepoint: 358500 ns, At safepoint: 13653800 ns, Total: 14012300 ns
[2022-12-29T17:50:38.862+0000][7][gc,start    ] GC(4) Pause Young (Normal) (G1 Evacuation Pause)
[2022-12-29T17:50:38.862+0000][7][gc,task     ] GC(4) Using 10 workers of 10 for evacuation
[2022-12-29T17:50:38.863+0000][7][gc,age      ] GC(4) Desired survivor size 20971520 bytes, new threshold 15 (max threshold 15)
[2022-12-29T17:50:38.870+0000][7][gc,age      ] GC(4) Age table with threshold 15 (max threshold 15)
[2022-12-29T17:50:38.870+0000][7][gc,age      ] GC(4) - age   1:    2952360 bytes,    2952360 total
[2022-12-29T17:50:38.871+0000][7][gc,age      ] GC(4) - age   2:    5365976 bytes,    8318336 total
[2022-12-29T17:50:38.871+0000][7][gc,age      ] GC(4) - age   3:    1141440 bytes,    9459776 total
[2022-12-29T17:50:38.871+0000][7][gc,age      ] GC(4) - age   4:    2017376 bytes,   11477152 total
[2022-12-29T17:50:38.872+0000][7][gc,phases   ] GC(4)   Pre Evacuate Collection Set: 0.2ms
[2022-12-29T17:50:38.872+0000][7][gc,phases   ] GC(4)   Merge Heap Roots: 0.3ms
[2022-12-29T17:50:38.873+0000][7][gc,phases   ] GC(4)   Evacuate Collection Set: 4.0ms
[2022-12-29T17:50:38.873+0000][7][gc,phases   ] GC(4)   Post Evacuate Collection Set: 2.2ms
[2022-12-29T17:50:38.873+0000][7][gc,phases   ] GC(4)   Other: 3.2ms
[2022-12-29T17:50:38.874+0000][7][gc,heap     ] GC(4) Eden regions: 73->0(73)
[2022-12-29T17:50:38.874+0000][7][gc,heap     ] GC(4) Survivor regions: 3->3(10)
[2022-12-29T17:50:38.874+0000][7][gc,heap     ] GC(4) Old regions: 2->2
[2022-12-29T17:50:38.875+0000][7][gc,heap     ] GC(4) Archive regions: 2->2
[2022-12-29T17:50:38.875+0000][7][gc,heap     ] GC(4) Humongous regions: 0->0
[2022-12-29T17:50:38.876+0000][7][gc,metaspace] GC(4) Metaspace: 19168K(20224K)->19168K(20224K) NonClass: 16862K(17664K)->16862K(17664K) Class: 2306K(2560K)->2306K(2560K)
[2022-12-29T17:50:38.876+0000][7][gc          ] GC(4) Pause Young (Normal) (G1 Evacuation Pause) 308M->19M(512M) 13.858ms
[2022-12-29T17:50:38.876+0000][7][gc,cpu      ] GC(4) User=0.04s Sys=0.01s Real=0.01s
[2022-12-29T17:50:38.876+0000][7][safepoint   ] Safepoint "G1CollectForAllocation", Time since last: 505778900 ns, Reaching safepoint: 226500 ns, At safepoint: 14549200 ns, Total: 14775700 ns
[2022-12-29T17:50:39.264+0000][7][gc,start    ] GC(5) Pause Young (Normal) (G1 Evacuation Pause)
[2022-12-29T17:50:39.264+0000][7][gc,task     ] GC(5) Using 10 workers of 10 for evacuation
[2022-12-29T17:50:39.265+0000][7][gc,age      ] GC(5) Desired survivor size 20971520 bytes, new threshold 15 (max threshold 15)
[2022-12-29T17:50:39.271+0000][7][gc,age      ] GC(5) Age table with threshold 15 (max threshold 15)
[2022-12-29T17:50:39.271+0000][7][gc,age      ] GC(5) - age   1:    1430464 bytes,    1430464 total
[2022-12-29T17:50:39.272+0000][7][gc,age      ] GC(5) - age   2:    2072152 bytes,    3502616 total
[2022-12-29T17:50:39.272+0000][7][gc,age      ] GC(5) - age   3:    5362088 bytes,    8864704 total
[2022-12-29T17:50:39.273+0000][7][gc,age      ] GC(5) - age   4:    1141440 bytes,   10006144 total
[2022-12-29T17:50:39.273+0000][7][gc,age      ] GC(5) - age   5:    2017376 bytes,   12023520 total
[2022-12-29T17:50:39.274+0000][7][gc,phases   ] GC(5)   Pre Evacuate Collection Set: 0.3ms
[2022-12-29T17:50:39.274+0000][7][gc,phases   ] GC(5)   Merge Heap Roots: 0.2ms
[2022-12-29T17:50:39.274+0000][7][gc,phases   ] GC(5)   Evacuate Collection Set: 3.8ms
[2022-12-29T17:50:39.275+0000][7][gc,phases   ] GC(5)   Post Evacuate Collection Set: 1.4ms
[2022-12-29T17:50:39.275+0000][7][gc,phases   ] GC(5)   Other: 4.0ms
[2022-12-29T17:50:39.275+0000][7][gc,heap     ] GC(5) Eden regions: 73->0(72)
[2022-12-29T17:50:39.276+0000][7][gc,heap     ] GC(5) Survivor regions: 3->4(10)
[2022-12-29T17:50:39.276+0000][7][gc,heap     ] GC(5) Old regions: 2->2
[2022-12-29T17:50:39.276+0000][7][gc,heap     ] GC(5) Archive regions: 2->2
[2022-12-29T17:50:39.277+0000][7][gc,heap     ] GC(5) Humongous regions: 0->0
[2022-12-29T17:50:39.277+0000][7][gc,metaspace] GC(5) Metaspace: 19558K(20864K)->19558K(20864K) NonClass: 17179K(18176K)->17179K(18176K) Class: 2378K(2688K)->2378K(2688K)
[2022-12-29T17:50:39.277+0000][7][gc          ] GC(5) Pause Young (Normal) (G1 Evacuation Pause) 311M->20M(512M) 13.589ms
[2022-12-29T17:50:39.278+0000][7][gc,cpu      ] GC(5) User=0.07s Sys=0.00s Real=0.01s
[2022-12-29T17:50:39.278+0000][7][safepoint   ] Safepoint "G1CollectForAllocation", Time since last: 387119600 ns, Reaching safepoint: 249800 ns, At safepoint: 14322900 ns, Total: 14572700 ns
[2022-12-29T17:50:39.694+0000][7][gc,start    ] GC(6) Pause Young (Normal) (G1 Evacuation Pause)
[2022-12-29T17:50:39.695+0000][7][gc,task     ] GC(6) Using 10 workers of 10 for evacuation
[2022-12-29T17:50:39.695+0000][7][gc,age      ] GC(6) Desired survivor size 20971520 bytes, new threshold 15 (max threshold 15)
[2022-12-29T17:50:39.702+0000][7][gc,age      ] GC(6) Age table with threshold 15 (max threshold 15)
[2022-12-29T17:50:39.702+0000][7][gc,age      ] GC(6) - age   1:    2261056 bytes,    2261056 total
[2022-12-29T17:50:39.702+0000][7][gc,age      ] GC(6) - age   2:     559768 bytes,    2820824 total
[2022-12-29T17:50:39.703+0000][7][gc,age      ] GC(6) - age   3:    2070320 bytes,    4891144 total
[2022-12-29T17:50:39.703+0000][7][gc,age      ] GC(6) - age   4:    5361568 bytes,   10252712 total
[2022-12-29T17:50:39.704+0000][7][gc,age      ] GC(6) - age   5:    1141264 bytes,   11393976 total
[2022-12-29T17:50:39.704+0000][7][gc,age      ] GC(6) - age   6:    2017376 bytes,   13411352 total
[2022-12-29T17:50:39.704+0000][7][gc,phases   ] GC(6)   Pre Evacuate Collection Set: 0.3ms
[2022-12-29T17:50:39.705+0000][7][gc,phases   ] GC(6)   Merge Heap Roots: 0.3ms
[2022-12-29T17:50:39.705+0000][7][gc,phases   ] GC(6)   Evacuate Collection Set: 4.2ms
[2022-12-29T17:50:39.705+0000][7][gc,phases   ] GC(6)   Post Evacuate Collection Set: 1.5ms
[2022-12-29T17:50:39.706+0000][7][gc,phases   ] GC(6)   Other: 3.9ms
[2022-12-29T17:50:39.706+0000][7][gc,heap     ] GC(6) Eden regions: 72->0(72)
[2022-12-29T17:50:39.706+0000][7][gc,heap     ] GC(6) Survivor regions: 4->4(10)
[2022-12-29T17:50:39.707+0000][7][gc,heap     ] GC(6) Old regions: 2->2
[2022-12-29T17:50:39.707+0000][7][gc,heap     ] GC(6) Archive regions: 2->2
[2022-12-29T17:50:39.707+0000][7][gc,heap     ] GC(6) Humongous regions: 0->0
[2022-12-29T17:50:39.707+0000][7][gc,metaspace] GC(6) Metaspace: 19959K(21248K)->19959K(21248K) NonClass: 17513K(18432K)->17513K(18432K) Class: 2445K(2816K)->2445K(2816K)
[2022-12-29T17:50:39.708+0000][7][gc          ] GC(6) Pause Young (Normal) (G1 Evacuation Pause) 308M->21M(512M) 13.668ms
[2022-12-29T17:50:39.708+0000][7][gc,cpu      ] GC(6) User=0.05s Sys=0.01s Real=0.01s
[2022-12-29T17:50:39.708+0000][7][safepoint   ] Safepoint "G1CollectForAllocation", Time since last: 415595500 ns, Reaching safepoint: 253300 ns, At safepoint: 14380700 ns, Total: 14634000 ns
[2022-12-29T17:50:40.008+0000][7][gc,start    ] GC(7) Pause Young (Concurrent Start) (Metadata GC Threshold)
[2022-12-29T17:50:40.008+0000][7][gc,task     ] GC(7) Using 10 workers of 10 for evacuation
[2022-12-29T17:50:40.008+0000][7][gc,age      ] GC(7) Desired survivor size 20971520 bytes, new threshold 15 (max threshold 15)
[2022-12-29T17:50:40.015+0000][7][gc,age      ] GC(7) Age table with threshold 15 (max threshold 15)
[2022-12-29T17:50:40.016+0000][7][gc,age      ] GC(7) - age   1:     748376 bytes,     748376 total
[2022-12-29T17:50:40.016+0000][7][gc,age      ] GC(7) - age   2:    2024152 bytes,    2772528 total
[2022-12-29T17:50:40.016+0000][7][gc,age      ] GC(7) - age   3:     558944 bytes,    3331472 total
[2022-12-29T17:50:40.016+0000][7][gc,age      ] GC(7) - age   4:    2070320 bytes,    5401792 total
[2022-12-29T17:50:40.016+0000][7][gc,age      ] GC(7) - age   5:    5361248 bytes,   10763040 total
[2022-12-29T17:50:40.017+0000][7][gc,age      ] GC(7) - age   6:    1141264 bytes,   11904304 total
[2022-12-29T17:50:40.017+0000][7][gc,age      ] GC(7) - age   7:    2017376 bytes,   13921680 total
[2022-12-29T17:50:40.017+0000][7][gc,phases   ] GC(7)   Pre Evacuate Collection Set: 0.3ms
[2022-12-29T17:50:40.017+0000][7][gc,phases   ] GC(7)   Merge Heap Roots: 0.2ms
[2022-12-29T17:50:40.018+0000][7][gc,phases   ] GC(7)   Evacuate Collection Set: 4.7ms
[2022-12-29T17:50:40.018+0000][7][gc,phases   ] GC(7)   Post Evacuate Collection Set: 1.6ms
[2022-12-29T17:50:40.018+0000][7][gc,phases   ] GC(7)   Other: 2.9ms
[2022-12-29T17:50:40.018+0000][7][gc,heap     ] GC(7) Eden regions: 51->0(72)
[2022-12-29T17:50:40.018+0000][7][gc,heap     ] GC(7) Survivor regions: 4->4(10)
[2022-12-29T17:50:40.019+0000][7][gc,heap     ] GC(7) Old regions: 2->2
[2022-12-29T17:50:40.019+0000][7][gc,heap     ] GC(7) Archive regions: 2->2
[2022-12-29T17:50:40.019+0000][7][gc,heap     ] GC(7) Humongous regions: 0->0
[2022-12-29T17:50:40.019+0000][7][gc,metaspace] GC(7) Metaspace: 20023K(21296K)->20023K(21296K) NonClass: 17565K(18480K)->17565K(18480K) Class: 2458K(2816K)->2458K(2816K)
[2022-12-29T17:50:40.019+0000][7][gc          ] GC(7) Pause Young (Concurrent Start) (Metadata GC Threshold) 223M->22M(512M) 11.723ms
[2022-12-29T17:50:40.019+0000][7][gc,cpu      ] GC(7) User=0.06s Sys=0.00s Real=0.01s
[2022-12-29T17:50:40.020+0000][7][gc          ] GC(8) Concurrent Cycle
[2022-12-29T17:50:40.020+0000][7][safepoint   ] Safepoint "CollectForMetadataAllocation", Time since last: 298821200 ns, Reaching safepoint: 252700 ns, At safepoint: 12405900 ns, Total: 12658600 ns
[2022-12-29T17:50:40.020+0000][7][gc,marking  ] GC(8) Concurrent Clear Claimed Marks
[2022-12-29T17:50:40.021+0000][7][gc,marking  ] GC(8) Concurrent Clear Claimed Marks 0.815ms
[2022-12-29T17:50:40.021+0000][7][gc,marking  ] GC(8) Concurrent Scan Root Regions
[2022-12-29T17:50:40.025+0000][7][gc,marking  ] GC(8) Concurrent Scan Root Regions 3.548ms
[2022-12-29T17:50:40.025+0000][7][gc,marking  ] GC(8) Concurrent Mark (4.711s)
[2022-12-29T17:50:40.026+0000][7][gc,marking  ] GC(8) Concurrent Mark From Roots
[2022-12-29T17:50:40.026+0000][7][gc,task     ] GC(8) Using 3 workers of 3 for marking
[2022-12-29T17:50:40.033+0000][7][gc,marking  ] GC(8) Concurrent Mark From Roots 7.449ms
[2022-12-29T17:50:40.033+0000][7][gc,marking  ] GC(8) Concurrent Preclean
[2022-12-29T17:50:40.034+0000][7][gc,marking  ] GC(8) Concurrent Preclean 0.447ms
[2022-12-29T17:50:40.034+0000][7][gc,marking  ] GC(8) Concurrent Mark (4.711s, 4.720s) 8.978ms
[2022-12-29T17:50:40.035+0000][7][gc,start    ] GC(8) Pause Remark
[2022-12-29T17:50:40.038+0000][7][gc          ] GC(8) Pause Remark 32M->32M(512M) 2.954ms
[2022-12-29T17:50:40.038+0000][7][gc,cpu      ] GC(8) User=0.01s Sys=0.00s Real=0.00s
[2022-12-29T17:50:40.039+0000][7][safepoint   ] Safepoint "G1Concurrent", Time since last: 14755400 ns, Reaching safepoint: 403300 ns, At safepoint: 3758600 ns, Total: 4161900 ns
[2022-12-29T17:50:40.039+0000][7][gc,marking  ] GC(8) Concurrent Rebuild Remembered Sets
[2022-12-29T17:50:40.043+0000][7][gc,marking  ] GC(8) Concurrent Rebuild Remembered Sets 3.434ms
[2022-12-29T17:50:40.044+0000][7][gc,start    ] GC(8) Pause Cleanup
[2022-12-29T17:50:40.044+0000][7][gc          ] GC(8) Pause Cleanup 38M->38M(512M) 0.563ms
[2022-12-29T17:50:40.045+0000][7][gc,cpu      ] GC(8) User=0.00s Sys=0.00s Real=0.00s
[2022-12-29T17:50:40.045+0000][7][safepoint   ] Safepoint "G1Concurrent", Time since last: 4295400 ns, Reaching safepoint: 785900 ns, At safepoint: 1211100 ns, Total: 1997000 ns
[2022-12-29T17:50:40.045+0000][7][gc,marking  ] GC(8) Concurrent Cleanup for Next Mark
[2022-12-29T17:50:40.046+0000][7][gc,marking  ] GC(8) Concurrent Cleanup for Next Mark 0.642ms
[2022-12-29T17:50:40.046+0000][7][gc          ] GC(8) Concurrent Cycle 26.660ms
[2022-12-29T17:50:40.868+0000][7][safepoint   ] Safepoint "ICBufferFull", Time since last: 822846400 ns, Reaching safepoint: 206100 ns, At safepoint: 21100 ns, Total: 227200 ns
[2022-12-29T17:50:41.604+0000][7][safepoint   ] Safepoint "ICBufferFull", Time since last: 734859600 ns, Reaching safepoint: 425500 ns, At safepoint: 73500 ns, Total: 499000 ns
[2022-12-29T17:50:42.605+0000][7][safepoint   ] Safepoint "Cleanup", Time since last: 1001166000 ns, Reaching safepoint: 350000 ns, At safepoint: 52300 ns, Total: 402300 ns
[2022-12-29T17:50:42.711+0000][7][gc,start    ] GC(9) Pause Young (Normal) (G1 Evacuation Pause)
[2022-12-29T17:50:42.711+0000][7][gc,task     ] GC(9) Using 10 workers of 10 for evacuation
[2022-12-29T17:50:42.712+0000][7][gc,age      ] GC(9) Desired survivor size 20971520 bytes, new threshold 15 (max threshold 15)
[2022-12-29T17:50:42.731+0000][7][gc,age      ] GC(9) Age table with threshold 15 (max threshold 15)
[2022-12-29T17:50:42.732+0000][7][gc,age      ] GC(9) - age   1:   26988336 bytes,   26988336 total
[2022-12-29T17:50:42.732+0000][7][gc,age      ] GC(9) - age   2:     708968 bytes,   27697304 total
[2022-12-29T17:50:42.732+0000][7][gc,age      ] GC(9) - age   3:    2007128 bytes,   29704432 total
[2022-12-29T17:50:42.733+0000][7][gc,age      ] GC(9) - age   4:     541120 bytes,   30245552 total
[2022-12-29T17:50:42.733+0000][7][gc,age      ] GC(9) - age   5:    2052400 bytes,   32297952 total
[2022-12-29T17:50:42.733+0000][7][gc,age      ] GC(9) - age   6:    5311272 bytes,   37609224 total
[2022-12-29T17:50:42.734+0000][7][gc,age      ] GC(9) - age   7:    1097872 bytes,   38707096 total
[2022-12-29T17:50:42.734+0000][7][gc,age      ] GC(9) - age   8:    2007336 bytes,   40714432 total
[2022-12-29T17:50:42.734+0000][7][gc,phases   ] GC(9)   Pre Evacuate Collection Set: 0.3ms
[2022-12-29T17:50:42.735+0000][7][gc,phases   ] GC(9)   Merge Heap Roots: 0.2ms
[2022-12-29T17:50:42.735+0000][7][gc,phases   ] GC(9)   Evacuate Collection Set: 16.6ms
[2022-12-29T17:50:42.735+0000][7][gc,phases   ] GC(9)   Post Evacuate Collection Set: 2.0ms
[2022-12-29T17:50:42.736+0000][7][gc,phases   ] GC(9)   Other: 4.2ms
[2022-12-29T17:50:42.736+0000][7][gc,heap     ] GC(9) Eden regions: 72->0(66)
[2022-12-29T17:50:42.736+0000][7][gc,heap     ] GC(9) Survivor regions: 4->10(10)
[2022-12-29T17:50:42.737+0000][7][gc,heap     ] GC(9) Old regions: 2->2
[2022-12-29T17:50:42.737+0000][7][gc,heap     ] GC(9) Archive regions: 2->2
[2022-12-29T17:50:42.738+0000][7][gc,heap     ] GC(9) Humongous regions: 0->0
[2022-12-29T17:50:42.738+0000][7][gc,metaspace] GC(9) Metaspace: 30088K(32000K)->30088K(32000K) NonClass: 26317K(27648K)->26317K(27648K) Class: 3770K(4352K)->3770K(4352K)
[2022-12-29T17:50:42.738+0000][7][gc          ] GC(9) Pause Young (Normal) (G1 Evacuation Pause) 310M->47M(512M) 27.122ms
[2022-12-29T17:50:42.738+0000][7][gc,cpu      ] GC(9) User=0.19s Sys=0.01s Real=0.02s
[2022-12-29T17:50:42.739+0000][7][safepoint   ] Safepoint "G1CollectForAllocation", Time since last: 105582200 ns, Reaching safepoint: 285800 ns, At safepoint: 27884400 ns, Total: 28170200 ns
[2022-12-29T17:50:43.513+0000][7][gc,start    ] GC(10) Pause Young (Concurrent Start) (Metadata GC Threshold)
[2022-12-29T17:50:43.514+0000][7][gc,task     ] GC(10) Using 10 workers of 10 for evacuation
[2022-12-29T17:50:43.514+0000][7][gc,age      ] GC(10) Desired survivor size 20971520 bytes, new threshold 1 (max threshold 15)
[2022-12-29T17:50:43.535+0000][7][gc,age      ] GC(10) Age table with threshold 1 (max threshold 15)
[2022-12-29T17:50:43.536+0000][7][gc,age      ] GC(10) - age   1:   11702592 bytes,   11702592 total
[2022-12-29T17:50:43.536+0000][7][gc,phases   ] GC(10)   Pre Evacuate Collection Set: 0.3ms
[2022-12-29T17:50:43.536+0000][7][gc,phases   ] GC(10)   Merge Heap Roots: 0.2ms
[2022-12-29T17:50:43.536+0000][7][gc,phases   ] GC(10)   Evacuate Collection Set: 19.2ms
[2022-12-29T17:50:43.537+0000][7][gc,phases   ] GC(10)   Post Evacuate Collection Set: 1.3ms
[2022-12-29T17:50:43.537+0000][7][gc,phases   ] GC(10)   Other: 1.8ms
[2022-12-29T17:50:43.537+0000][7][gc,heap     ] GC(10) Eden regions: 21->0(72)
[2022-12-29T17:50:43.538+0000][7][gc,heap     ] GC(10) Survivor regions: 10->4(10)
[2022-12-29T17:50:43.538+0000][7][gc,heap     ] GC(10) Old regions: 2->11
[2022-12-29T17:50:43.538+0000][7][gc,heap     ] GC(10) Archive regions: 2->2
[2022-12-29T17:50:43.538+0000][7][gc,heap     ] GC(10) Humongous regions: 0->0
[2022-12-29T17:50:43.539+0000][7][gc,metaspace] GC(10) Metaspace: 33742K(35920K)->33742K(35920K) NonClass: 29376K(30928K)->29376K(30928K) Class: 4366K(4992K)->4366K(4992K)
[2022-12-29T17:50:43.539+0000][7][gc          ] GC(10) Pause Young (Concurrent Start) (Metadata GC Threshold) 131M->61M(512M) 25.890ms
[2022-12-29T17:50:43.539+0000][7][gc,cpu      ] GC(10) User=0.22s Sys=0.00s Real=0.02s
[2022-12-29T17:50:43.540+0000][7][gc          ] GC(11) Concurrent Cycle
[2022-12-29T17:50:43.540+0000][7][gc,marking  ] GC(11) Concurrent Clear Claimed Marks
[2022-12-29T17:50:43.540+0000][7][safepoint   ] Safepoint "CollectForMetadataAllocation", Time since last: 773991500 ns, Reaching safepoint: 269000 ns, At safepoint: 26808900 ns, Total: 27077900 ns
[2022-12-29T17:50:43.540+0000][7][gc,marking  ] GC(11) Concurrent Clear Claimed Marks 0.333ms
[2022-12-29T17:50:43.541+0000][7][gc,marking  ] GC(11) Concurrent Scan Root Regions
[2022-12-29T17:50:43.558+0000][7][gc,marking  ] GC(11) Concurrent Scan Root Regions 17.148ms
[2022-12-29T17:50:43.558+0000][7][gc,marking  ] GC(11) Concurrent Mark (8.244s)
[2022-12-29T17:50:43.558+0000][7][gc,marking  ] GC(11) Concurrent Mark From Roots
[2022-12-29T17:50:43.559+0000][7][gc,task     ] GC(11) Using 3 workers of 3 for marking
[2022-12-29T17:50:43.563+0000][7][safepoint   ] Safepoint "CollectForMetadataAllocation", Time since last: 22333300 ns, Reaching safepoint: 954100 ns, At safepoint: 222800 ns, Total: 1176900 ns
[2022-12-29T17:50:43.567+0000][7][gc,marking  ] GC(11) Concurrent Mark From Roots 8.178ms
[2022-12-29T17:50:43.567+0000][7][gc,marking  ] GC(11) Concurrent Preclean
[2022-12-29T17:50:43.567+0000][7][gc,marking  ] GC(11) Concurrent Preclean 0.328ms
[2022-12-29T17:50:43.568+0000][7][gc,marking  ] GC(11) Concurrent Mark (8.244s, 8.254s) 9.435ms
[2022-12-29T17:50:43.568+0000][7][gc,start    ] GC(11) Pause Remark
[2022-12-29T17:50:43.571+0000][7][gc          ] GC(11) Pause Remark 63M->63M(512M) 2.914ms
[2022-12-29T17:50:43.572+0000][7][gc,cpu      ] GC(11) User=0.04s Sys=0.01s Real=0.01s
[2022-12-29T17:50:43.572+0000][7][safepoint   ] Safepoint "G1Concurrent", Time since last: 4469600 ns, Reaching safepoint: 477700 ns, At safepoint: 3712500 ns, Total: 4190200 ns
[2022-12-29T17:50:43.572+0000][7][gc,marking  ] GC(11) Concurrent Rebuild Remembered Sets
[2022-12-29T17:50:43.592+0000][7][gc,marking  ] GC(11) Concurrent Rebuild Remembered Sets 19.602ms
[2022-12-29T17:50:43.593+0000][7][gc,start    ] GC(11) Pause Cleanup
[2022-12-29T17:50:43.593+0000][7][gc          ] GC(11) Pause Cleanup 65M->65M(512M) 0.469ms
[2022-12-29T17:50:43.594+0000][7][gc,cpu      ] GC(11) User=0.01s Sys=0.00s Real=0.00s
[2022-12-29T17:50:43.594+0000][7][safepoint   ] Safepoint "G1Concurrent", Time since last: 20311700 ns, Reaching safepoint: 491800 ns, At safepoint: 1016500 ns, Total: 1508300 ns
[2022-12-29T17:50:43.594+0000][7][gc,marking  ] GC(11) Concurrent Cleanup for Next Mark
[2022-12-29T17:50:43.595+0000][7][gc,marking  ] GC(11) Concurrent Cleanup for Next Mark 0.515ms
[2022-12-29T17:50:43.595+0000][7][gc          ] GC(11) Concurrent Cycle 55.399ms
[2022-12-29T17:50:44.384+0000][7][safepoint   ] Safepoint "ICBufferFull", Time since last: 789978700 ns, Reaching safepoint: 260800 ns, At safepoint: 28800 ns, Total: 289600 ns
[2022-12-29T17:50:45.385+0000][7][safepoint   ] Safepoint "Cleanup", Time since last: 1000561200 ns, Reaching safepoint: 334600 ns, At safepoint: 51800 ns, Total: 386400 ns
[2022-12-29T17:50:45.597+0000][7][gc,start    ] GC(12) Pause Young (Concurrent Start) (G1 Evacuation Pause)
[2022-12-29T17:50:45.597+0000][7][gc,task     ] GC(12) Using 10 workers of 10 for evacuation
[2022-12-29T17:50:45.598+0000][7][gc,age      ] GC(12) Desired survivor size 20971520 bytes, new threshold 15 (max threshold 15)
[2022-12-29T17:50:45.609+0000][7][gc,age      ] GC(12) Age table with threshold 15 (max threshold 15)
[2022-12-29T17:50:45.609+0000][7][gc,age      ] GC(12) - age   1:    6512560 bytes,    6512560 total
[2022-12-29T17:50:45.609+0000][7][gc,age      ] GC(12) - age   2:   11496112 bytes,   18008672 total
[2022-12-29T17:50:45.610+0000][7][gc,phases   ] GC(12)   Pre Evacuate Collection Set: 0.3ms
[2022-12-29T17:50:45.610+0000][7][gc,phases   ] GC(12)   Merge Heap Roots: 0.3ms
[2022-12-29T17:50:45.610+0000][7][gc,phases   ] GC(12)   Evacuate Collection Set: 8.1ms
[2022-12-29T17:50:45.610+0000][7][gc,phases   ] GC(12)   Post Evacuate Collection Set: 1.8ms
[2022-12-29T17:50:45.611+0000][7][gc,phases   ] GC(12)   Other: 2.5ms
[2022-12-29T17:50:45.611+0000][7][gc,heap     ] GC(12) Eden regions: 72->0(71)
[2022-12-29T17:50:45.611+0000][7][gc,heap     ] GC(12) Survivor regions: 4->5(10)
[2022-12-29T17:50:45.612+0000][7][gc,heap     ] GC(12) Old regions: 11->11
[2022-12-29T17:50:45.612+0000][7][gc,heap     ] GC(12) Archive regions: 2->2
[2022-12-29T17:50:45.612+0000][7][gc,heap     ] GC(12) Humongous regions: 0->0
[2022-12-29T17:50:45.612+0000][7][gc,metaspace] GC(12) Metaspace: 51817K(55196K)->51817K(55196K) NonClass: 44880K(47312K)->44880K(47312K) Class: 6937K(7884K)->6937K(7884K)
[2022-12-29T17:50:45.613+0000][7][gc          ] GC(12) Pause Young (Concurrent Start) (G1 Evacuation Pause) 349M->65M(512M) 15.723ms
[2022-12-29T17:50:45.613+0000][7][gc,cpu      ] GC(12) User=0.14s Sys=0.00s Real=0.02s
[2022-12-29T17:50:45.613+0000][7][gc          ] GC(13) Concurrent Cycle
[2022-12-29T17:50:45.613+0000][7][gc,marking  ] GC(13) Concurrent Clear Claimed Marks
[2022-12-29T17:50:45.613+0000][7][safepoint   ] Safepoint "G1CollectForAllocation", Time since last: 211386300 ns, Reaching safepoint: 313300 ns, At safepoint: 16380000 ns, Total: 16693300 ns
[2022-12-29T17:50:45.614+0000][7][gc,marking  ] GC(13) Concurrent Clear Claimed Marks 0.361ms
[2022-12-29T17:50:45.614+0000][7][gc,marking  ] GC(13) Concurrent Scan Root Regions
[2022-12-29T17:50:45.624+0000][7][gc,marking  ] GC(13) Concurrent Scan Root Regions 9.887ms
[2022-12-29T17:50:45.625+0000][7][gc,marking  ] GC(13) Concurrent Mark (10.311s)
[2022-12-29T17:50:45.625+0000][7][gc,marking  ] GC(13) Concurrent Mark From Roots
[2022-12-29T17:50:45.625+0000][7][gc,task     ] GC(13) Using 3 workers of 3 for marking
[2022-12-29T17:50:45.665+0000][7][gc,marking  ] GC(13) Concurrent Mark From Roots 40.032ms
[2022-12-29T17:50:45.665+0000][7][gc,marking  ] GC(13) Concurrent Preclean
[2022-12-29T17:50:45.666+0000][7][gc,marking  ] GC(13) Concurrent Preclean 0.526ms
[2022-12-29T17:50:45.666+0000][7][gc,marking  ] GC(13) Concurrent Mark (10.311s, 10.352s) 41.617ms
[2022-12-29T17:50:45.667+0000][7][gc,start    ] GC(13) Pause Remark
[2022-12-29T17:50:45.670+0000][7][gc          ] GC(13) Pause Remark 71M->71M(512M) 3.076ms
[2022-12-29T17:50:45.670+0000][7][gc,cpu      ] GC(13) User=0.04s Sys=0.00s Real=0.01s
[2022-12-29T17:50:45.671+0000][7][safepoint   ] Safepoint "G1Concurrent", Time since last: 53365800 ns, Reaching safepoint: 354300 ns, At safepoint: 3910100 ns, Total: 4264400 ns
[2022-12-29T17:50:45.671+0000][7][gc,marking  ] GC(13) Concurrent Rebuild Remembered Sets
[2022-12-29T17:50:45.697+0000][7][gc,marking  ] GC(13) Concurrent Rebuild Remembered Sets 26.235ms
[2022-12-29T17:50:45.699+0000][7][gc,start    ] GC(13) Pause Cleanup
[2022-12-29T17:50:45.699+0000][7][gc          ] GC(13) Pause Cleanup 73M->73M(512M) 0.691ms
[2022-12-29T17:50:45.700+0000][7][gc,cpu      ] GC(13) User=0.02s Sys=0.00s Real=0.01s
[2022-12-29T17:50:45.701+0000][7][safepoint   ] Safepoint "G1Concurrent", Time since last: 27026100 ns, Reaching safepoint: 880400 ns, At safepoint: 1899000 ns, Total: 2779400 ns
[2022-12-29T17:50:45.701+0000][7][gc,marking  ] GC(13) Concurrent Cleanup for Next Mark
[2022-12-29T17:50:45.702+0000][7][gc,marking  ] GC(13) Concurrent Cleanup for Next Mark 0.896ms
[2022-12-29T17:50:45.702+0000][7][gc          ] GC(13) Concurrent Cycle 89.254ms
[2022-12-29T17:50:46.703+0000][7][safepoint   ] Safepoint "Cleanup", Time since last: 1000281600 ns, Reaching safepoint: 1682900 ns, At safepoint: 46500 ns, Total: 1729400 ns
[2022-12-29T17:50:47.704+0000][7][safepoint   ] Safepoint "Cleanup", Time since last: 1000911100 ns, Reaching safepoint: 416800 ns, At safepoint: 42300 ns, Total: 459100 ns
[2022-12-29T17:50:48.357+0000][7][safepoint   ] Safepoint "ICBufferFull", Time since last: 652069200 ns, Reaching safepoint: 380300 ns, At safepoint: 49200 ns, Total: 429500 ns
[2022-12-29T17:50:49.038+0000][7][safepoint   ] Safepoint "ICBufferFull", Time since last: 680796500 ns, Reaching safepoint: 588900 ns, At safepoint: 48100 ns, Total: 637000 ns
[2022-12-29T17:50:49.421+0000][7][safepoint   ] Safepoint "ICBufferFull", Time since last: 382707500 ns, Reaching safepoint: 228700 ns, At safepoint: 66000 ns, Total: 294700 ns
[2022-12-29T17:50:50.384+0000][7][gc,start    ] GC(14) Pause Young (Concurrent Start) (Metadata GC Threshold)
[2022-12-29T17:50:50.384+0000][7][gc,task     ] GC(14) Using 10 workers of 10 for evacuation
[2022-12-29T17:50:50.385+0000][7][gc,age      ] GC(14) Desired survivor size 20971520 bytes, new threshold 15 (max threshold 15)
[2022-12-29T17:50:50.402+0000][7][gc,age      ] GC(14) Age table with threshold 15 (max threshold 15)
[2022-12-29T17:50:50.403+0000][7][gc,age      ] GC(14) - age   1:   14276120 bytes,   14276120 total
[2022-12-29T17:50:50.403+0000][7][gc,age      ] GC(14) - age   2:    6150904 bytes,   20427024 total
[2022-12-29T17:50:50.404+0000][7][gc,age      ] GC(14) - age   3:   11478600 bytes,   31905624 total
[2022-12-29T17:50:50.404+0000][7][gc,phases   ] GC(14)   Pre Evacuate Collection Set: 0.4ms
[2022-12-29T17:50:50.405+0000][7][gc,phases   ] GC(14)   Merge Heap Roots: 0.2ms
[2022-12-29T17:50:50.405+0000][7][gc,phases   ] GC(14)   Evacuate Collection Set: 13.2ms
[2022-12-29T17:50:50.405+0000][7][gc,phases   ] GC(14)   Post Evacuate Collection Set: 3.3ms
[2022-12-29T17:50:50.406+0000][7][gc,phases   ] GC(14)   Other: 3.3ms
[2022-12-29T17:50:50.406+0000][7][gc,heap     ] GC(14) Eden regions: 63->0(68)
[2022-12-29T17:50:50.406+0000][7][gc,heap     ] GC(14) Survivor regions: 5->8(10)
[2022-12-29T17:50:50.407+0000][7][gc,heap     ] GC(14) Old regions: 11->11
[2022-12-29T17:50:50.407+0000][7][gc,heap     ] GC(14) Archive regions: 2->2
[2022-12-29T17:50:50.408+0000][7][gc,heap     ] GC(14) Humongous regions: 2->2
[2022-12-29T17:50:50.408+0000][7][gc,metaspace] GC(14) Metaspace: 88894K(92848K)->88894K(92848K) NonClass: 76850K(79716K)->76850K(79716K) Class: 12043K(13132K)->12043K(13132K)
[2022-12-29T17:50:50.408+0000][7][gc          ] GC(14) Pause Young (Concurrent Start) (Metadata GC Threshold) 325M->86M(512M) 24.620ms
[2022-12-29T17:50:50.409+0000][7][gc,cpu      ] GC(14) User=0.15s Sys=0.00s Real=0.02s
[2022-12-29T17:50:50.409+0000][7][gc          ] GC(15) Concurrent Cycle
[2022-12-29T17:50:50.410+0000][7][gc,marking  ] GC(15) Concurrent Clear Claimed Marks
[2022-12-29T17:50:50.410+0000][7][safepoint   ] Safepoint "CollectForMetadataAllocation", Time since last: 962439500 ns, Reaching safepoint: 429900 ns, At safepoint: 25746100 ns, Total: 26176000 ns
[2022-12-29T17:50:50.410+0000][7][gc,marking  ] GC(15) Concurrent Clear Claimed Marks 0.462ms
[2022-12-29T17:50:50.411+0000][7][gc,marking  ] GC(15) Concurrent Scan Root Regions
[2022-12-29T17:50:50.421+0000][7][gc,marking  ] GC(15) Concurrent Scan Root Regions 9.953ms
[2022-12-29T17:50:50.421+0000][7][gc,marking  ] GC(15) Concurrent Mark (15.107s)
[2022-12-29T17:50:50.422+0000][7][gc,marking  ] GC(15) Concurrent Mark From Roots
[2022-12-29T17:50:50.422+0000][7][gc,task     ] GC(15) Using 3 workers of 3 for marking
[2022-12-29T17:50:50.454+0000][7][gc,marking  ] GC(15) Concurrent Mark From Roots 31.788ms
[2022-12-29T17:50:50.454+0000][7][gc,marking  ] GC(15) Concurrent Preclean
[2022-12-29T17:50:50.454+0000][7][gc,marking  ] GC(15) Concurrent Preclean 0.615ms
[2022-12-29T17:50:50.455+0000][7][gc,marking  ] GC(15) Concurrent Mark (15.107s, 15.141s) 33.482ms
[2022-12-29T17:50:50.455+0000][7][gc,start    ] GC(15) Pause Remark
[2022-12-29T17:50:50.459+0000][7][gc          ] GC(15) Pause Remark 92M->92M(512M) 3.223ms
[2022-12-29T17:50:50.459+0000][7][gc,cpu      ] GC(15) User=0.01s Sys=0.01s Real=0.00s
[2022-12-29T17:50:50.459+0000][7][safepoint   ] Safepoint "G1Concurrent", Time since last: 45588800 ns, Reaching safepoint: 221000 ns, At safepoint: 3815600 ns, Total: 4036600 ns
[2022-12-29T17:50:50.459+0000][7][gc,marking  ] GC(15) Concurrent Rebuild Remembered Sets
[2022-12-29T17:50:50.484+0000][7][gc,marking  ] GC(15) Concurrent Rebuild Remembered Sets 24.515ms
[2022-12-29T17:50:50.485+0000][7][gc,start    ] GC(15) Pause Cleanup
[2022-12-29T17:50:50.485+0000][7][gc          ] GC(15) Pause Cleanup 92M->92M(512M) 0.529ms
[2022-12-29T17:50:50.486+0000][7][gc,cpu      ] GC(15) User=0.00s Sys=0.00s Real=0.00s
[2022-12-29T17:50:50.486+0000][7][safepoint   ] Safepoint "G1Concurrent", Time since last: 25123100 ns, Reaching safepoint: 617000 ns, At safepoint: 964000 ns, Total: 1581000 ns
[2022-12-29T17:50:50.486+0000][7][gc,marking  ] GC(15) Concurrent Cleanup for Next Mark
[2022-12-29T17:50:50.487+0000][7][gc,marking  ] GC(15) Concurrent Cleanup for Next Mark 0.592ms
[2022-12-29T17:50:50.487+0000][7][gc          ] GC(15) Concurrent Cycle 77.749ms
[2022-12-29T17:50:51.487+0000][7][safepoint   ] Safepoint "Cleanup", Time since last: 1000401100 ns, Reaching safepoint: 478300 ns, At safepoint: 50500 ns, Total: 528800 ns
[2022-12-29T17:50:52.488+0000][7][safepoint   ] Safepoint "Cleanup", Time since last: 1000757400 ns, Reaching safepoint: 277700 ns, At safepoint: 31400 ns, Total: 309100 ns
[2022-12-29T17:50:53.489+0000][7][safepoint   ] Safepoint "Cleanup", Time since last: 1000763500 ns, Reaching safepoint: 735900 ns, At safepoint: 79000 ns, Total: 814900 ns
[2022-12-29T17:50:55.492+0000][7][safepoint   ] Safepoint "Cleanup", Time since last: 2001690100 ns, Reaching safepoint: 750600 ns, At safepoint: 77600 ns, Total: 828200 ns
[2022-12-29T17:50:56.494+0000][7][safepoint   ] Safepoint "Cleanup", Time since last: 1001439600 ns, Reaching safepoint: 726000 ns, At safepoint: 75200 ns, Total: 801200 ns
[2022-12-29T17:51:03.497+0000][7][safepoint   ] Safepoint "Cleanup", Time since last: 7002501600 ns, Reaching safepoint: 256000 ns, At safepoint: 23300 ns, Total: 279300 ns
[2022-12-29T17:51:06.499+0000][7][safepoint   ] Safepoint "Cleanup", Time since last: 3001459700 ns, Reaching safepoint: 649700 ns, At safepoint: 72800 ns, Total: 722500 ns
[2022-12-29T17:51:08.501+0000][7][safepoint   ] Safepoint "Cleanup", Time since last: 2001540500 ns, Reaching safepoint: 375200 ns, At safepoint: 61200 ns, Total: 436400 ns
[2022-12-29T17:51:09.502+0000][7][safepoint   ] Safepoint "Cleanup", Time since last: 1000726200 ns, Reaching safepoint: 417400 ns, At safepoint: 39800 ns, Total: 457200 ns
[2022-12-29T17:51:11.504+0000][7][safepoint   ] Safepoint "Cleanup", Time since last: 2000913300 ns, Reaching safepoint: 929200 ns, At safepoint: 93300 ns, Total: 1022500 ns
[2022-12-29T17:51:12.506+0000][7][safepoint   ] Safepoint "Cleanup", Time since last: 1001374800 ns, Reaching safepoint: 697200 ns, At safepoint: 68500 ns, Total: 765700 ns
[2022-12-29T17:51:19.509+0000][7][safepoint   ] Safepoint "Cleanup", Time since last: 7001959500 ns, Reaching safepoint: 217100 ns, At safepoint: 21200 ns, Total: 238300 ns
[2022-12-29T17:51:20.510+0000][7][safepoint   ] Safepoint "Cleanup", Time since last: 1000594200 ns, Reaching safepoint: 266800 ns, At safepoint: 25100 ns, Total: 291900 ns
[2022-12-29T17:51:35.514+0000][7][safepoint   ] Safepoint "Cleanup", Time since last: 15003689800 ns, Reaching safepoint: 357700 ns, At safepoint: 29300 ns, Total: 387000 ns
[2022-12-29T17:51:43.517+0000][7][safepoint   ] Safepoint "Cleanup", Time since last: 8002624300 ns, Reaching safepoint: 1046500 ns, At safepoint: 88900 ns, Total: 1135400 ns
[2022-12-29T17:51:44.520+0000][7][safepoint   ] Safepoint "Cleanup", Time since last: 1001344300 ns, Reaching safepoint: 756300 ns, At safepoint: 82800 ns, Total: 839100 ns
[2022-12-29T17:51:49.523+0000][7][safepoint   ] Safepoint "Cleanup", Time since last: 5002341600 ns, Reaching safepoint: 890600 ns, At safepoint: 138200 ns, Total: 1028800 ns
[2022-12-29T17:51:51.526+0000][7][safepoint   ] Safepoint "Cleanup", Time since last: 2001829800 ns, Reaching safepoint: 788000 ns, At safepoint: 75800 ns, Total: 863800 ns
[2022-12-29T17:51:53.528+0000][7][safepoint   ] Safepoint "Cleanup", Time since last: 2001766400 ns, Reaching safepoint: 916900 ns, At safepoint: 94600 ns, Total: 1011500 ns
[2022-12-29T17:51:54.531+0000][7][safepoint   ] Safepoint "Cleanup", Time since last: 1001642300 ns, Reaching safepoint: 700200 ns, At safepoint: 16600 ns, Total: 716800 ns
[2022-12-29T17:51:56.533+0000][7][safepoint   ] Safepoint "Cleanup", Time since last: 2001672000 ns, Reaching safepoint: 914700 ns, At safepoint: 104800 ns, Total: 1019500 ns
[2022-12-29T17:51:58.536+0000][7][safepoint   ] Safepoint "Cleanup", Time since last: 2001728900 ns, Reaching safepoint: 905700 ns, At safepoint: 75200 ns, Total: 980900 ns
[2022-12-29T17:51:59.538+0000][7][safepoint   ] Safepoint "Cleanup", Time since last: 1001354900 ns, Reaching safepoint: 785000 ns, At safepoint: 76600 ns, Total: 861600 ns
[2022-12-29T17:52:04.542+0000][7][safepoint   ] Safepoint "Cleanup", Time since last: 5002556200 ns, Reaching safepoint: 619600 ns, At safepoint: 36300 ns, Total: 655900 ns
[2022-12-29T17:52:10.544+0000][7][safepoint   ] Safepoint "Cleanup", Time since last: 6001854800 ns, Reaching safepoint: 393000 ns, At safepoint: 37800 ns, Total: 430800 ns
[2022-12-29T17:52:19.547+0000][7][safepoint   ] Safepoint "Cleanup", Time since last: 9002525700 ns, Reaching safepoint: 761900 ns, At safepoint: 70000 ns, Total: 831900 ns
[2022-12-29T17:52:20.549+0000][7][safepoint   ] Safepoint "Cleanup", Time since last: 1001381700 ns, Reaching safepoint: 717200 ns, At safepoint: 76000 ns, Total: 793200 ns
[2022-12-29T17:52:26.552+0000][7][safepoint   ] Safepoint "Cleanup", Time since last: 6002111000 ns, Reaching safepoint: 215700 ns, At safepoint: 19600 ns, Total: 235300 ns
[2022-12-29T17:52:31.553+0000][7][safepoint   ] Safepoint "Cleanup", Time since last: 5001335900 ns, Reaching safepoint: 221400 ns, At safepoint: 18500 ns, Total: 239900 ns
[2022-12-29T17:52:32.554+0000][7][safepoint   ] Safepoint "Cleanup", Time since last: 1000399400 ns, Reaching safepoint: 247900 ns, At safepoint: 21700 ns, Total: 269600 ns
[2022-12-29T17:52:33.555+0000][7][safepoint   ] Safepoint "Cleanup", Time since last: 1000418200 ns, Reaching safepoint: 289400 ns, At safepoint: 31800 ns, Total: 321200 ns
[2022-12-29T17:52:36.557+0000][7][safepoint   ] Safepoint "Cleanup", Time since last: 3001186400 ns, Reaching safepoint: 675400 ns, At safepoint: 69500 ns, Total: 744900 ns
[2022-12-29T17:52:54.564+0000][7][safepoint   ] Safepoint "Cleanup", Time since last: 18005888200 ns, Reaching safepoint: 952300 ns, At safepoint: 78800 ns, Total: 1031100 ns
[2022-12-29T17:52:55.566+0000][7][safepoint   ] Safepoint "Cleanup", Time since last: 1001522300 ns, Reaching safepoint: 768200 ns, At safepoint: 73600 ns, Total: 841800 ns
[2022-12-29T17:53:15.574+0000][7][safepoint   ] Safepoint "Cleanup", Time since last: 20007619200 ns, Reaching safepoint: 805800 ns, At safepoint: 72100 ns, Total: 877900 ns
[2022-12-29T17:53:25.580+0000][7][safepoint   ] Safepoint "Cleanup", Time since last: 10004391300 ns, Reaching safepoint: 710000 ns, At safepoint: 60800 ns, Total: 770800 ns
[2022-12-29T17:53:49.589+0000][7][safepoint   ] Safepoint "Cleanup", Time since last: 24008470800 ns, Reaching safepoint: 408200 ns, At safepoint: 35800 ns, Total: 444000 ns
[2022-12-29T17:53:58.593+0000][7][safepoint   ] Safepoint "Cleanup", Time since last: 9003604300 ns, Reaching safepoint: 732600 ns, At safepoint: 72800 ns, Total: 805400 ns
[2022-12-29T17:53:59.595+0000][7][safepoint   ] Safepoint "Cleanup", Time since last: 1001479700 ns, Reaching safepoint: 802400 ns, At safepoint: 76000 ns, Total: 878400 ns
[2022-12-29T17:54:18.603+0000][7][safepoint   ] Safepoint "Cleanup", Time since last: 19006911800 ns, Reaching safepoint: 824500 ns, At safepoint: 74200 ns, Total: 898700 ns
[2022-12-29T17:54:20.606+0000][7][safepoint   ] Safepoint "Cleanup", Time since last: 2001895200 ns, Reaching safepoint: 771100 ns, At safepoint: 75500 ns, Total: 846600 ns
[2022-12-29T17:54:27.610+0000][7][safepoint   ] Safepoint "Cleanup", Time since last: 7003419200 ns, Reaching safepoint: 847400 ns, At safepoint: 75700 ns, Total: 923100 ns
[2022-12-29T17:54:45.617+0000][7][safepoint   ] Safepoint "Cleanup", Time since last: 18006367400 ns, Reaching safepoint: 297000 ns, At safepoint: 24700 ns, Total: 321700 ns
[2022-12-29T17:54:48.619+0000][7][safepoint   ] Safepoint "Cleanup", Time since last: 3001187100 ns, Reaching safepoint: 1003800 ns, At safepoint: 103800 ns, Total: 1107600 ns
[2022-12-29T17:54:49.622+0000][7][safepoint   ] Safepoint "Cleanup", Time since last: 1001561500 ns, Reaching safepoint: 1068300 ns, At safepoint: 106100 ns, Total: 1174400 ns
[2022-12-29T17:54:50.624+0000][7][safepoint   ] Safepoint "Cleanup", Time since last: 1001349700 ns, Reaching safepoint: 798500 ns, At safepoint: 76400 ns, Total: 874900 ns
[2022-12-29T17:55:00.628+0000][7][safepoint   ] Safepoint "Cleanup", Time since last: 10003524200 ns, Reaching safepoint: 741800 ns, At safepoint: 71800 ns, Total: 813600 ns
[2022-12-29T17:55:01.631+0000][7][safepoint   ] Safepoint "Cleanup", Time since last: 1001516600 ns, Reaching safepoint: 795100 ns, At safepoint: 77300 ns, Total: 872400 ns
[2022-12-29T17:55:05.634+0000][7][safepoint   ] Safepoint "Cleanup", Time since last: 4002390100 ns, Reaching safepoint: 958400 ns, At safepoint: 94900 ns, Total: 1053300 ns
[2022-12-29T17:55:07.637+0000][7][safepoint   ] Safepoint "Cleanup", Time since last: 2002046500 ns, Reaching safepoint: 955500 ns, At safepoint: 105500 ns, Total: 1061000 ns
[2022-12-29T17:55:11.640+0000][7][safepoint   ] Safepoint "Cleanup", Time since last: 4002260600 ns, Reaching safepoint: 281100 ns, At safepoint: 17200 ns, Total: 298300 ns
[2022-12-29T17:55:19.643+0000][7][safepoint   ] Safepoint "Cleanup", Time since last: 8002164100 ns, Reaching safepoint: 1059100 ns, At safepoint: 104900 ns, Total: 1164000 ns
[2022-12-29T17:55:29.649+0000][7][safepoint   ] Safepoint "Cleanup", Time since last: 10005081600 ns, Reaching safepoint: 781500 ns, At safepoint: 76000 ns, Total: 857500 ns
[2022-12-29T17:55:49.658+0000][7][safepoint   ] Safepoint "Cleanup", Time since last: 20007230800 ns, Reaching safepoint: 1043800 ns, At safepoint: 102800 ns, Total: 1146600 ns
[2022-12-29T17:55:51.660+0000][7][safepoint   ] Safepoint "Cleanup", Time since last: 2001595300 ns, Reaching safepoint: 772500 ns, At safepoint: 10800 ns, Total: 783300 ns
[2022-12-29T17:56:01.665+0000][7][safepoint   ] Safepoint "Cleanup", Time since last: 10004308000 ns, Reaching safepoint: 786800 ns, At safepoint: 162100 ns, Total: 948900 ns
[2022-12-29T17:56:11.671+0000][7][safepoint   ] Safepoint "Cleanup", Time since last: 10005096500 ns, Reaching safepoint: 871200 ns, At safepoint: 99500 ns, Total: 970700 ns
[2022-12-29T17:56:21.676+0000][7][safepoint   ] Safepoint "Cleanup", Time since last: 10003327600 ns, Reaching safepoint: 904300 ns, At safepoint: 77900 ns, Total: 982200 ns
[2022-12-29T17:56:22.677+0000][7][safepoint   ] Safepoint "Cleanup", Time since last: 1001536600 ns, Reaching safepoint: 293200 ns, At safepoint: 28000 ns, Total: 321200 ns
[2022-12-29T17:56:26.680+0000][7][safepoint   ] Safepoint "Cleanup", Time since last: 4001462600 ns, Reaching safepoint: 753900 ns, At safepoint: 92200 ns, Total: 846100 ns
[2022-12-29T17:56:49.689+0000][7][safepoint   ] Safepoint "Cleanup", Time since last: 23008343900 ns, Reaching safepoint: 712200 ns, At safepoint: 79300 ns, Total: 791500 ns
[2022-12-29T17:57:15.698+0000][7][safepoint   ] Safepoint "Cleanup", Time since last: 26008848800 ns, Reaching safepoint: 311900 ns, At safepoint: 50200 ns, Total: 362100 ns
[2022-12-29T17:57:50.711+0000][7][safepoint   ] Safepoint "Cleanup", Time since last: 35012573300 ns, Reaching safepoint: 729400 ns, At safepoint: 11100 ns, Total: 740500 ns
[2022-12-29T17:58:20.723+0000][7][safepoint   ] Safepoint "Cleanup", Time since last: 30011272700 ns, Reaching safepoint: 731200 ns, At safepoint: 10500 ns, Total: 741700 ns
[2022-12-29T17:58:28.728+0000][7][safepoint   ] Safepoint "Cleanup", Time since last: 8004076700 ns, Reaching safepoint: 505200 ns, At safepoint: 51300 ns, Total: 556500 ns
[2022-12-29T17:59:02.738+0000][7][safepoint   ] Safepoint "Cleanup", Time since last: 34009627200 ns, Reaching safepoint: 308200 ns, At safepoint: 27300 ns, Total: 335500 ns
[2022-12-29T17:59:03.739+0000][7][safepoint   ] Safepoint "Cleanup", Time since last: 1000880200 ns, Reaching safepoint: 201600 ns, At safepoint: 17500 ns, Total: 219100 ns
[2022-12-29T17:59:35.747+0000][7][safepoint   ] Safepoint "Cleanup", Time since last: 32007708400 ns, Reaching safepoint: 432500 ns, At safepoint: 43500 ns, Total: 476000 ns
[2022-12-29T18:00:24.756+0000][7][safepoint   ] Safepoint "Cleanup", Time since last: 49008354000 ns, Reaching safepoint: 523300 ns, At safepoint: 17600 ns, Total: 540900 ns
[2022-12-29T18:00:49.761+0000][7][safepoint   ] Safepoint "Cleanup", Time since last: 25004125300 ns, Reaching safepoint: 364300 ns, At safepoint: 34200 ns, Total: 398500 ns
[2022-12-29T18:00:50.762+0000][7][safepoint   ] Safepoint "Cleanup", Time since last: 1000618400 ns, Reaching safepoint: 427400 ns, At safepoint: 65700 ns, Total: 493100 ns
[2022-12-29T18:01:01.765+0000][7][safepoint   ] Safepoint "Cleanup", Time since last: 11002362600 ns, Reaching safepoint: 285800 ns, At safepoint: 38800 ns, Total: 324600 ns
[2022-12-29T18:01:02.766+0000][7][safepoint   ] Safepoint "Cleanup", Time since last: 1000785500 ns, Reaching safepoint: 333000 ns, At safepoint: 34100 ns, Total: 367100 ns
[2022-12-29T18:01:31.771+0000][7][safepoint   ] Safepoint "Cleanup", Time since last: 29005154200 ns, Reaching safepoint: 389400 ns, At safepoint: 41900 ns, Total: 431300 ns
[2022-12-29T18:02:19.780+0000][7][safepoint   ] Safepoint "Cleanup", Time since last: 48008058100 ns, Reaching safepoint: 382800 ns, At safepoint: 43200 ns, Total: 426000 ns
[2022-12-29T18:02:20.781+0000][7][safepoint   ] Safepoint "Cleanup", Time since last: 1000780000 ns, Reaching safepoint: 346600 ns, At safepoint: 18200 ns, Total: 364800 ns
[2022-12-29T18:02:50.787+0000][7][safepoint   ] Safepoint "Cleanup", Time since last: 30005858500 ns, Reaching safepoint: 447900 ns, At safepoint: 23000 ns, Total: 470900 ns
[2022-12-29T18:02:55.789+0000][7][safepoint   ] Safepoint "Cleanup", Time since last: 5001263600 ns, Reaching safepoint: 472600 ns, At safepoint: 25100 ns, Total: 497700 ns
[2022-12-29T18:03:20.794+0000][7][safepoint   ] Safepoint "Cleanup", Time since last: 25004617600 ns, Reaching safepoint: 590100 ns, At safepoint: 18500 ns, Total: 608600 ns
[2022-12-29T18:03:53.801+0000][7][safepoint   ] Safepoint "Cleanup", Time since last: 33006217600 ns, Reaching safepoint: 364300 ns, At safepoint: 44800 ns, Total: 409100 ns
[2022-12-29T18:04:49.811+0000][7][safepoint   ] Safepoint "Cleanup", Time since last: 56009297200 ns, Reaching safepoint: 467400 ns, At safepoint: 38300 ns, Total: 505700 ns
[2022-12-29T18:05:19.816+0000][7][safepoint   ] Safepoint "Cleanup", Time since last: 30004855900 ns, Reaching safepoint: 451300 ns, At safepoint: 54200 ns, Total: 505500 ns
[2022-12-29T18:05:49.821+0000][7][safepoint   ] Safepoint "Cleanup", Time since last: 30004784200 ns, Reaching safepoint: 252600 ns, At safepoint: 19700 ns, Total: 272300 ns
[2022-12-29T18:05:55.823+0000][7][safepoint   ] Safepoint "Cleanup", Time since last: 6001347200 ns, Reaching safepoint: 416000 ns, At safepoint: 21300 ns, Total: 437300 ns
[2022-12-29T18:05:58.824+0000][7][safepoint   ] Safepoint "Cleanup", Time since last: 3000838000 ns, Reaching safepoint: 200800 ns, At safepoint: 15000 ns, Total: 215800 ns
[2022-12-29T18:07:15.836+0000][7][safepoint   ] Safepoint "Cleanup", Time since last: 77011938100 ns, Reaching safepoint: 332500 ns, At safepoint: 14200 ns, Total: 346700 ns
[2022-12-29T18:07:19.838+0000][7][safepoint   ] Safepoint "Cleanup", Time since last: 4001076500 ns, Reaching safepoint: 408100 ns, At safepoint: 17700 ns, Total: 425800 ns
[2022-12-29T18:08:44.851+0000][7][safepoint   ] Safepoint "Cleanup", Time since last: 85012744200 ns, Reaching safepoint: 491800 ns, At safepoint: 19100 ns, Total: 510900 ns
[2022-12-29T18:08:49.852+0000][7][safepoint   ] Safepoint "Cleanup", Time since last: 5001055300 ns, Reaching safepoint: 341700 ns, At safepoint: 35700 ns, Total: 377400 ns
[2022-12-29T18:09:19.858+0000][7][safepoint   ] Safepoint "Cleanup", Time since last: 30004943700 ns, Reaching safepoint: 321900 ns, At safepoint: 42200 ns, Total: 364100 ns
[2022-12-29T18:09:45.863+0000][7][safepoint   ] Safepoint "Cleanup", Time since last: 26004742300 ns, Reaching safepoint: 465900 ns, At safepoint: 34200 ns, Total: 500100 ns
[2022-12-29T18:09:59.866+0000][7][safepoint   ] Safepoint "Cleanup", Time since last: 14002377300 ns, Reaching safepoint: 295700 ns, At safepoint: 18500 ns, Total: 314200 ns
[2022-12-29T18:10:30.871+0000][7][safepoint   ] Safepoint "Cleanup", Time since last: 31004733300 ns, Reaching safepoint: 429500 ns, At safepoint: 19700 ns, Total: 449200 ns
[2022-12-29T18:10:45.874+0000][7][safepoint   ] Safepoint "Cleanup", Time since last: 15002590900 ns, Reaching safepoint: 422600 ns, At safepoint: 19200 ns, Total: 441800 ns
[2022-12-29T18:11:19.880+0000][7][safepoint   ] Safepoint "Cleanup", Time since last: 34005567200 ns, Reaching safepoint: 484900 ns, At safepoint: 18200 ns, Total: 503100 ns
[2022-12-29T18:11:38.884+0000][7][safepoint   ] Safepoint "Cleanup", Time since last: 19003292500 ns, Reaching safepoint: 337600 ns, At safepoint: 19000 ns, Total: 356600 ns
[2022-12-29T18:11:47.885+0000][7][safepoint   ] Safepoint "Cleanup", Time since last: 9001666600 ns, Reaching safepoint: 236700 ns, At safepoint: 15000 ns, Total: 251700 ns
[2022-12-29T18:12:10.890+0000][7][safepoint   ] Safepoint "Cleanup", Time since last: 23003825400 ns, Reaching safepoint: 281800 ns, At safepoint: 90200 ns, Total: 372000 ns
[2022-12-29T18:14:12.909+0000][7][safepoint   ] Safepoint "Cleanup", Time since last: 122019129400 ns, Reaching safepoint: 496100 ns, At safepoint: 33000 ns, Total: 529100 ns
[2022-12-29T18:14:19.911+0000][7][safepoint   ] Safepoint "Cleanup", Time since last: 7001698700 ns, Reaching safepoint: 343000 ns, At safepoint: 34700 ns, Total: 377700 ns
[2022-12-29T18:14:54.918+0000][7][safepoint   ] Safepoint "Cleanup", Time since last: 35005873700 ns, Reaching safepoint: 905200 ns, At safepoint: 35300 ns, Total: 940500 ns
[2022-12-29T18:14:58.920+0000][7][safepoint   ] Safepoint "Cleanup", Time since last: 4001267900 ns, Reaching safepoint: 262100 ns, At safepoint: 13600 ns, Total: 275700 ns
[2022-12-29T18:15:19.924+0000][7][safepoint   ] Safepoint "Cleanup", Time since last: 21003770900 ns, Reaching safepoint: 359200 ns, At safepoint: 18500 ns, Total: 377700 ns
[2022-12-29T18:16:19.939+0000][7][safepoint   ] Safepoint "Cleanup", Time since last: 60014090000 ns, Reaching safepoint: 642100 ns, At safepoint: 68400 ns, Total: 710500 ns
[2022-12-29T18:17:19.958+0000][7][safepoint   ] Safepoint "Cleanup", Time since last: 60018862900 ns, Reaching safepoint: 764600 ns, At safepoint: 112100 ns, Total: 876700 ns
[2022-12-29T18:17:31.965+0000][7][safepoint   ] Safepoint "Cleanup", Time since last: 12005614800 ns, Reaching safepoint: 756900 ns, At safepoint: 81500 ns, Total: 838400 ns
[2022-12-29T18:17:55.974+0000][7][safepoint   ] Safepoint "Cleanup", Time since last: 24008033900 ns, Reaching safepoint: 709300 ns, At safepoint: 72100 ns, Total: 781400 ns
[2022-12-29T18:18:49.991+0000][7][safepoint   ] Safepoint "Cleanup", Time since last: 54016769300 ns, Reaching safepoint: 686600 ns, At safepoint: 71800 ns, Total: 758400 ns
[2022-12-29T18:19:05.998+0000][7][safepoint   ] Safepoint "Cleanup", Time since last: 16006232400 ns, Reaching safepoint: 479300 ns, At safepoint: 47600 ns, Total: 526900 ns
[2022-12-29T18:19:30.007+0000][7][safepoint   ] Safepoint "Cleanup", Time since last: 24007829800 ns, Reaching safepoint: 794200 ns, At safepoint: 70700 ns, Total: 864900 ns
[2022-12-29T18:20:20.024+0000][7][safepoint   ] Safepoint "Cleanup", Time since last: 50016409500 ns, Reaching safepoint: 988300 ns, At safepoint: 101300 ns, Total: 1089600 ns
[2022-12-29T18:20:26.028+0000][7][safepoint   ] Safepoint "Cleanup", Time since last: 6003345900 ns, Reaching safepoint: 322900 ns, At safepoint: 26000 ns, Total: 348900 ns
[2022-12-29T18:21:20.046+0000][7][safepoint   ] Safepoint "Cleanup", Time since last: 54017474000 ns, Reaching safepoint: 343900 ns, At safepoint: 35500 ns, Total: 379400 ns
[2022-12-29T18:21:24.048+0000][7][safepoint   ] Safepoint "Cleanup", Time since last: 4001493300 ns, Reaching safepoint: 238300 ns, At safepoint: 21100 ns, Total: 259400 ns
[2022-12-29T18:22:20.067+0000][7][safepoint   ] Safepoint "Cleanup", Time since last: 56018802700 ns, Reaching safepoint: 703700 ns, At safepoint: 72100 ns, Total: 775800 ns
[2022-12-29T18:22:29.070+0000][7][safepoint   ] Safepoint "Cleanup", Time since last: 9002799400 ns, Reaching safepoint: 351500 ns, At safepoint: 18200 ns, Total: 369700 ns
[2022-12-29T18:22:51.078+0000][7][safepoint   ] Safepoint "Cleanup", Time since last: 22007120700 ns, Reaching safepoint: 391600 ns, At safepoint: 40400 ns, Total: 432000 ns
[2022-12-29T18:22:59.081+0000][7][safepoint   ] Safepoint "Cleanup", Time since last: 8002431000 ns, Reaching safepoint: 321300 ns, At safepoint: 24600 ns, Total: 345900 ns
[2022-12-29T18:24:50.117+0000][7][safepoint   ] Safepoint "Cleanup", Time since last: 111036106500 ns, Reaching safepoint: 708300 ns, At safepoint: 72900 ns, Total: 781200 ns
[2022-12-29T18:25:50.141+0000][7][safepoint   ] Safepoint "Cleanup", Time since last: 60023098200 ns, Reaching safepoint: 301300 ns, At safepoint: 24000 ns, Total: 325300 ns
[2022-12-29T18:26:20.152+0000][7][safepoint   ] Safepoint "Cleanup", Time since last: 30010219200 ns, Reaching safepoint: 350300 ns, At safepoint: 32100 ns, Total: 382400 ns
[2022-12-29T18:27:05.169+0000][7][safepoint   ] Safepoint "Cleanup", Time since last: 45016941000 ns, Reaching safepoint: 692200 ns, At safepoint: 70700 ns, Total: 762900 ns
[2022-12-29T18:28:01.191+0000][7][safepoint   ] Safepoint "Cleanup", Time since last: 56020983500 ns, Reaching safepoint: 685400 ns, At safepoint: 86600 ns, Total: 772000 ns
[2022-12-29T18:28:20.200+0000][7][safepoint   ] Safepoint "Cleanup", Time since last: 19008880300 ns, Reaching safepoint: 360000 ns, At safepoint: 19900 ns, Total: 379900 ns
[2022-12-29T18:29:20.219+0000][7][safepoint   ] Safepoint "Cleanup", Time since last: 60018639400 ns, Reaching safepoint: 376700 ns, At safepoint: 38400 ns, Total: 415100 ns
[2022-12-29T18:29:50.230+0000][7][safepoint   ] Safepoint "Cleanup", Time since last: 30010496500 ns, Reaching safepoint: 288200 ns, At safepoint: 26400 ns, Total: 314600 ns
[2022-12-29T18:31:20.265+0000][7][safepoint   ] Safepoint "Cleanup", Time since last: 90034322200 ns, Reaching safepoint: 917500 ns, At safepoint: 89500 ns, Total: 1007000 ns
[2022-12-29T18:31:50.276+0000][7][safepoint   ] Safepoint "Cleanup", Time since last: 30009655400 ns, Reaching safepoint: 701700 ns, At safepoint: 67400 ns, Total: 769100 ns
[2022-12-29T18:33:20.306+0000][7][safepoint   ] Safepoint "Cleanup", Time since last: 90029977200 ns, Reaching safepoint: 333500 ns, At safepoint: 22900 ns, Total: 356400 ns
[2022-12-29T18:33:31.311+0000][7][safepoint   ] Safepoint "Cleanup", Time since last: 11004648700 ns, Reaching safepoint: 199100 ns, At safepoint: 17400 ns, Total: 216500 ns
[2022-12-29T18:33:50.318+0000][7][safepoint   ] Safepoint "Cleanup", Time since last: 19006326800 ns, Reaching safepoint: 349200 ns, At safepoint: 31700 ns, Total: 380900 ns
[2022-12-29T18:34:20.330+0000][7][safepoint   ] Safepoint "Cleanup", Time since last: 30010775300 ns, Reaching safepoint: 977200 ns, At safepoint: 99000 ns, Total: 1076200 ns
[2022-12-29T18:35:19.353+0000][7][safepoint   ] Safepoint "Cleanup", Time since last: 59022531000 ns, Reaching safepoint: 985700 ns, At safepoint: 97000 ns, Total: 1082700 ns
[2022-12-29T18:35:26.358+0000][7][safepoint   ] Safepoint "Cleanup", Time since last: 7003483300 ns, Reaching safepoint: 989400 ns, At safepoint: 98700 ns, Total: 1088100 ns
[2022-12-29T18:35:30.361+0000][7][safepoint   ] Safepoint "Cleanup", Time since last: 4002363600 ns, Reaching safepoint: 706600 ns, At safepoint: 77900 ns, Total: 784500 ns
[2022-12-29T18:35:35.364+0000][7][safepoint   ] Safepoint "Cleanup", Time since last: 5002507300 ns, Reaching safepoint: 615500 ns, At safepoint: 60600 ns, Total: 676100 ns
[2022-12-29T18:41:50.497+0000][7][safepoint   ] Safepoint "Cleanup", Time since last: 375132492600 ns, Reaching safepoint: 314200 ns, At safepoint: 26100 ns, Total: 340300 ns
[2022-12-29T18:45:20.565+0000][7][safepoint   ] Safepoint "Cleanup", Time since last: 210067065200 ns, Reaching safepoint: 650300 ns, At safepoint: 139200 ns, Total: 789500 ns
[2022-12-29T18:46:21.584+0000][7][safepoint   ] Safepoint "Cleanup", Time since last: 61018941500 ns, Reaching safepoint: 485700 ns, At safepoint: 47700 ns, Total: 533400 ns
[2022-12-29T18:46:36.590+0000][7][safepoint   ] Safepoint "Cleanup", Time since last: 15005123100 ns, Reaching safepoint: 828300 ns, At safepoint: 107200 ns, Total: 935500 ns
[2022-12-29T18:49:20.643+0000][7][safepoint   ] Safepoint "Cleanup", Time since last: 164052196900 ns, Reaching safepoint: 697000 ns, At safepoint: 73500 ns, Total: 770500 ns
[2022-12-29T18:49:21.645+0000][7][safepoint   ] Safepoint "Cleanup", Time since last: 1001327300 ns, Reaching safepoint: 714000 ns, At safepoint: 70900 ns, Total: 784900 ns
[2022-12-29T18:52:50.712+0000][7][safepoint   ] Safepoint "Cleanup", Time since last: 209065893500 ns, Reaching safepoint: 723500 ns, At safepoint: 76700 ns, Total: 800200 ns
[2022-12-29T18:52:52.715+0000][7][safepoint   ] Safepoint "Cleanup", Time since last: 2001808800 ns, Reaching safepoint: 983900 ns, At safepoint: 98100 ns, Total: 1082000 ns
[2022-12-29T18:53:20.725+0000][7][safepoint   ] Safepoint "Cleanup", Time since last: 28009969300 ns, Reaching safepoint: 195400 ns, At safepoint: 17600 ns, Total: 213000 ns
[2022-12-29T18:54:36.750+0000][7][safepoint   ] Safepoint "Cleanup", Time since last: 76023504300 ns, Reaching safepoint: 780800 ns, At safepoint: 76400 ns, Total: 857200 ns
[2022-12-29T18:54:50.755+0000][7][safepoint   ] Safepoint "Cleanup", Time since last: 14004641600 ns, Reaching safepoint: 1105900 ns, At safepoint: 89900 ns, Total: 1195800 ns
[2022-12-29T18:54:58.758+0000][7][safepoint   ] Safepoint "Cleanup", Time since last: 8002622900 ns, Reaching safepoint: 254000 ns, At safepoint: 14900 ns, Total: 268900 ns
[2022-12-29T18:59:59.848+0000][7][safepoint   ] Safepoint "Cleanup", Time since last: 301089160400 ns, Reaching safepoint: 695600 ns, At safepoint: 72900 ns, Total: 768500 ns
[2022-12-29T19:00:48.865+0000][7][safepoint   ] Safepoint "Cleanup", Time since last: 49015838900 ns, Reaching safepoint: 877900 ns, At safepoint: 110600 ns, Total: 988500 ns
[2022-12-29T19:01:20.876+0000][7][safepoint   ] Safepoint "Cleanup", Time since last: 32009938500 ns, Reaching safepoint: 737800 ns, At safepoint: 78700 ns, Total: 816500 ns
[2022-12-29T19:01:50.886+0000][7][safepoint   ] Safepoint "Cleanup", Time since last: 30009839900 ns, Reaching safepoint: 294200 ns, At safepoint: 26500 ns, Total: 320700 ns
[2022-12-29T19:02:20.895+0000][7][safepoint   ] Safepoint "Cleanup", Time since last: 30008274800 ns, Reaching safepoint: 697200 ns, At safepoint: 68600 ns, Total: 765800 ns
[2022-12-29T19:04:51.121+0000][7][safepoint   ] Safepoint "Cleanup", Time since last: 150225394500 ns, Reaching safepoint: 721100 ns, At safepoint: 73400 ns, Total: 794500 ns
[2022-12-29T19:11:44.253+0000][7][safepoint   ] Safepoint "Cleanup", Time since last: 413131295400 ns, Reaching safepoint: 740600 ns, At safepoint: 72500 ns, Total: 813100 ns
[2022-12-29T19:11:48.257+0000][7][safepoint   ] Safepoint "Cleanup", Time since last: 4002426800 ns, Reaching safepoint: 740400 ns, At safepoint: 70800 ns, Total: 811200 ns
[2022-12-29T19:14:20.301+0000][7][safepoint   ] Safepoint "Cleanup", Time since last: 152043653100 ns, Reaching safepoint: 582100 ns, At safepoint: 52200 ns, Total: 634300 ns
[2022-12-29T19:16:20.337+0000][7][safepoint   ] Safepoint "Cleanup", Time since last: 120035050600 ns, Reaching safepoint: 691900 ns, At safepoint: 112500 ns, Total: 804400 ns
[2022-12-29T19:19:06.389+0000][7][safepoint   ] Safepoint "Cleanup", Time since last: 166051600200 ns, Reaching safepoint: 716000 ns, At safepoint: 71400 ns, Total: 787400 ns
[2022-12-29T19:19:20.395+0000][7][safepoint   ] Safepoint "Cleanup", Time since last: 14005059100 ns, Reaching safepoint: 736400 ns, At safepoint: 74800 ns, Total: 811200 ns
[2022-12-29T19:20:29.418+0000][7][safepoint   ] Safepoint "Cleanup", Time since last: 69022248600 ns, Reaching safepoint: 1152800 ns, At safepoint: 103300 ns, Total: 1256100 ns
[2022-12-29T19:20:50.426+0000][7][safepoint   ] Safepoint "Cleanup", Time since last: 21007189700 ns, Reaching safepoint: 709000 ns, At safepoint: 76400 ns, Total: 785400 ns
[2022-12-29T19:22:20.454+0000][7][safepoint   ] Safepoint "Cleanup", Time since last: 90027045500 ns, Reaching safepoint: 712100 ns, At safepoint: 75800 ns, Total: 787900 ns
[2022-12-29T19:24:46.499+0000][7][safepoint   ] Safepoint "Cleanup", Time since last: 146044352300 ns, Reaching safepoint: 291100 ns, At safepoint: 37700 ns, Total: 328800 ns
[2022-12-29T19:24:49.501+0000][7][safepoint   ] Safepoint "Cleanup", Time since last: 3001127200 ns, Reaching safepoint: 608800 ns, At safepoint: 59600 ns, Total: 668400 ns
[2022-12-29T19:25:20.511+0000][7][safepoint   ] Safepoint "Cleanup", Time since last: 31009664600 ns, Reaching safepoint: 353100 ns, At safepoint: 36500 ns, Total: 389600 ns
[2022-12-29T19:25:50.522+0000][7][safepoint   ] Safepoint "Cleanup", Time since last: 30010356400 ns, Reaching safepoint: 957600 ns, At safepoint: 91800 ns, Total: 1049400 ns
[2022-12-29T19:27:20.552+0000][7][safepoint   ] Safepoint "Cleanup", Time since last: 90029215900 ns, Reaching safepoint: 692500 ns, At safepoint: 72600 ns, Total: 765100 ns
[2022-12-29T19:28:49.581+0000][7][safepoint   ] Safepoint "Cleanup", Time since last: 89028062600 ns, Reaching safepoint: 733200 ns, At safepoint: 73500 ns, Total: 806700 ns
[2022-12-29T19:30:49.618+0000][7][safepoint   ] Safepoint "Cleanup", Time since last: 120036204500 ns, Reaching safepoint: 719700 ns, At safepoint: 75100 ns, Total: 794800 ns
[2022-12-29T19:32:40.654+0000][7][safepoint   ] Safepoint "Cleanup", Time since last: 111035097900 ns, Reaching safepoint: 728800 ns, At safepoint: 75000 ns, Total: 803800 ns
[2022-12-29T19:32:50.659+0000][7][safepoint   ] Safepoint "Cleanup", Time since last: 10004154600 ns, Reaching safepoint: 720300 ns, At safepoint: 72400 ns, Total: 792700 ns
[2022-12-29T19:33:48.678+0000][7][safepoint   ] Safepoint "Cleanup", Time since last: 58018202100 ns, Reaching safepoint: 770700 ns, At safepoint: 80400 ns, Total: 851100 ns
[2022-12-29T19:34:48.697+0000][7][safepoint   ] Safepoint "Cleanup", Time since last: 60018765000 ns, Reaching safepoint: 711400 ns, At safepoint: 71900 ns, Total: 783300 ns
[2022-12-29T19:34:50.700+0000][7][safepoint   ] Safepoint "Cleanup", Time since last: 2001640700 ns, Reaching safepoint: 753700 ns, At safepoint: 90000 ns, Total: 843700 ns
[2022-12-29T19:35:20.711+0000][7][safepoint   ] Safepoint "Cleanup", Time since last: 30011004200 ns, Reaching safepoint: 444000 ns, At safepoint: 48700 ns, Total: 492700 ns
[2022-12-29T19:35:49.721+0000][7][safepoint   ] Safepoint "Cleanup", Time since last: 29008885600 ns, Reaching safepoint: 444100 ns, At safepoint: 47000 ns, Total: 491100 ns
[2022-12-29T19:35:50.722+0000][7][safepoint   ] Safepoint "Cleanup", Time since last: 1000779800 ns, Reaching safepoint: 186300 ns, At safepoint: 17000 ns, Total: 203300 ns
[2022-12-29T19:36:58.742+0000][7][safepoint   ] Safepoint "Cleanup", Time since last: 68019552900 ns, Reaching safepoint: 720200 ns, At safepoint: 77600 ns, Total: 797800 ns
[2022-12-29T19:41:39.828+0000][7][safepoint   ] Safepoint "Cleanup", Time since last: 281084785200 ns, Reaching safepoint: 762900 ns, At safepoint: 73500 ns, Total: 836400 ns
[2022-12-29T19:43:32.862+0000][7][safepoint   ] Safepoint "Cleanup", Time since last: 113033530300 ns, Reaching safepoint: 702700 ns, At safepoint: 71900 ns, Total: 774600 ns
[2022-12-29T19:45:20.895+0000][7][safepoint   ] Safepoint "Cleanup", Time since last: 108032201600 ns, Reaching safepoint: 747200 ns, At safepoint: 72000 ns, Total: 819200 ns
[2022-12-29T19:47:50.932+0000][7][safepoint   ] Safepoint "Cleanup", Time since last: 150035650300 ns, Reaching safepoint: 712200 ns, At safepoint: 73500 ns, Total: 785700 ns
[2022-12-29T19:50:20.963+0000][7][safepoint   ] Safepoint "Cleanup", Time since last: 150030772500 ns, Reaching safepoint: 676700 ns, At safepoint: 73000 ns, Total: 749700 ns
[2022-12-29T19:50:49.971+0000][7][safepoint   ] Safepoint "Cleanup", Time since last: 29007050300 ns, Reaching safepoint: 495000 ns, At safepoint: 50700 ns, Total: 545700 ns
[2022-12-29T19:50:50.973+0000][7][safepoint   ] Safepoint "Cleanup", Time since last: 1001016500 ns, Reaching safepoint: 758200 ns, At safepoint: 81100 ns, Total: 839300 ns
[2022-12-29T19:51:20.979+0000][7][safepoint   ] Safepoint "Cleanup", Time since last: 30005738500 ns, Reaching safepoint: 277300 ns, At safepoint: 27100 ns, Total: 304400 ns
[2022-12-29T19:54:21.014+0000][7][safepoint   ] Safepoint "Cleanup", Time since last: 180035058300 ns, Reaching safepoint: 264500 ns, At safepoint: 87000 ns, Total: 351500 ns
[2022-12-29T19:55:21.026+0000][7][safepoint   ] Safepoint "Cleanup", Time since last: 60011359600 ns, Reaching safepoint: 187000 ns, At safepoint: 28400 ns, Total: 215400 ns
[2022-12-29T19:56:51.045+0000][7][safepoint   ] Safepoint "Cleanup", Time since last: 90019674000 ns, Reaching safepoint: 170400 ns, At safepoint: 18300 ns, Total: 188700 ns
[2022-12-29T19:57:50.059+0000][7][safepoint   ] Safepoint "Cleanup", Time since last: 59013044000 ns, Reaching safepoint: 390400 ns, At safepoint: 41300 ns, Total: 431700 ns
[2022-12-29T19:58:20.065+0000][7][safepoint   ] Safepoint "Cleanup", Time since last: 30005733000 ns, Reaching safepoint: 379300 ns, At safepoint: 23900 ns, Total: 403200 ns
[2022-12-29T19:58:21.066+0000][7][safepoint   ] Safepoint "Cleanup", Time since last: 1000662900 ns, Reaching safepoint: 423700 ns, At safepoint: 21600 ns, Total: 445300 ns
[2022-12-29T19:58:50.072+0000][7][safepoint   ] Safepoint "Cleanup", Time since last: 29005644300 ns, Reaching safepoint: 332000 ns, At safepoint: 17300 ns, Total: 349300 ns
[2022-12-29T19:58:51.073+0000][7][safepoint   ] Safepoint "Cleanup", Time since last: 1000519800 ns, Reaching safepoint: 300200 ns, At safepoint: 19200 ns, Total: 319400 ns
[2022-12-29T19:59:20.080+0000][7][safepoint   ] Safepoint "Cleanup", Time since last: 29006165000 ns, Reaching safepoint: 884300 ns, At safepoint: 86500 ns, Total: 970800 ns
[2022-12-29T19:59:21.082+0000][7][safepoint   ] Safepoint "Cleanup", Time since last: 1001398000 ns, Reaching safepoint: 299100 ns, At safepoint: 24500 ns, Total: 323600 ns
[2022-12-29T19:59:51.088+0000][7][safepoint   ] Safepoint "Cleanup", Time since last: 30006285600 ns, Reaching safepoint: 168100 ns, At safepoint: 15400 ns, Total: 183500 ns
[2022-12-29T20:05:49.165+0000][7][safepoint   ] Safepoint "Cleanup", Time since last: 358076698600 ns, Reaching safepoint: 220900 ns, At safepoint: 14600 ns, Total: 235500 ns
[2022-12-29T20:09:07.642+0000][7][gc,heap,exit] Heap
[2022-12-29T20:09:07.642+0000][7][gc,heap,exit]  garbage-first heap   total 524288K, used 334765K [0x00000000e0000000, 0x0000000100000000)
[2022-12-29T20:09:07.642+0000][7][gc,heap,exit]   region size 4096K, 69 young (282624K), 8 survivors (32768K)
[2022-12-29T20:09:07.643+0000][7][gc,heap,exit]  Metaspace       used 90534K, capacity 93847K, committed 94588K, reserved 1130496K
[2022-12-29T20:09:07.643+0000][7][gc,heap,exit]   class space    used 12176K, capacity 13212K, committed 13336K, reserved 1048576K
