[2023-01-27T20:29:40.520+0000][7][gc] Using G1
[2023-01-27T20:29:40.658+0000][7][gc,init] Version: 15.0.1+9 (release)
[2023-01-27T20:29:40.659+0000][7][gc,init] CPUs: 12 total, 12 available
[2023-01-27T20:29:40.659+0000][7][gc,init] Memory: 12647M
[2023-01-27T20:29:40.659+0000][7][gc,init] Large Page Support: Disabled
[2023-01-27T20:29:40.659+0000][7][gc,init] NUMA Support: Disabled
[2023-01-27T20:29:40.659+0000][7][gc,init] Compressed Oops: Enabled (32-bit)
[2023-01-27T20:29:40.659+0000][7][gc,init] Heap Region Size: 4M
[2023-01-27T20:29:40.659+0000][7][gc,init] Heap Min Capacity: 512M
[2023-01-27T20:29:40.659+0000][7][gc,init] Heap Initial Capacity: 512M
[2023-01-27T20:29:40.660+0000][7][gc,init] Heap Max Capacity: 512M
[2023-01-27T20:29:40.660+0000][7][gc,init] Pre-touch: Enabled
[2023-01-27T20:29:40.660+0000][7][gc,init] Parallel Workers: 10
[2023-01-27T20:29:40.660+0000][7][gc,init] Concurrent Workers: 3
[2023-01-27T20:29:40.660+0000][7][gc,init] Concurrent Refinement Workers: 10
[2023-01-27T20:29:40.661+0000][7][gc,init] Periodic GC: Disabled
[2023-01-27T20:29:40.661+0000][7][gc,cds ] Mark closed archive regions in map: [0x00000000ffc00000, 0x00000000ffc7bff8]
[2023-01-27T20:29:40.661+0000][7][gc,cds ] Mark open archive regions in map: [0x00000000ffb00000, 0x00000000ffb51ff8]
[2023-01-27T20:29:40.661+0000][7][gc,metaspace] CDS archive(s) mapped at: [0x0000000800000000-0x0000000800b2a000-0x0000000800b2a000), size 11706368, SharedBaseAddress: 0x0000000800000000, ArchiveRelocationMode: 0.
[2023-01-27T20:29:40.662+0000][7][gc,metaspace] Compressed class space mapped at: 0x0000000800b2c000-0x0000000840b2c000, size: 1073741824
[2023-01-27T20:29:40.662+0000][7][gc,metaspace] Narrow klass base: 0x0000000800000000, Narrow klass shift: 3, Narrow klass range: 0x100000000
[2023-01-27T20:29:40.945+0000][7][safepoint   ] Safepoint "ICBufferFull", Time since last: 273719400 ns, Reaching safepoint: 229400 ns, At safepoint: 69200 ns, Total: 298600 ns
[2023-01-27T20:29:41.200+0000][7][gc,start    ] GC(0) Pause Young (Normal) (G1 Evacuation Pause)
[2023-01-27T20:29:41.201+0000][7][gc,task     ] GC(0) Using 10 workers of 10 for evacuation
[2023-01-27T20:29:41.201+0000][7][gc,age      ] GC(0) Desired survivor size 2097152 bytes, new threshold 15 (max threshold 15)
[2023-01-27T20:29:41.204+0000][7][gc,age      ] GC(0) Age table with threshold 15 (max threshold 15)
[2023-01-27T20:29:41.204+0000][7][gc,age      ] GC(0) - age   1:    4169704 bytes,    4169704 total
[2023-01-27T20:29:41.204+0000][7][gc,phases   ] GC(0)   Pre Evacuate Collection Set: 0.2ms
[2023-01-27T20:29:41.204+0000][7][gc,phases   ] GC(0)   Merge Heap Roots: 0.1ms
[2023-01-27T20:29:41.204+0000][7][gc,phases   ] GC(0)   Evacuate Collection Set: 1.4ms
[2023-01-27T20:29:41.204+0000][7][gc,phases   ] GC(0)   Post Evacuate Collection Set: 0.6ms
[2023-01-27T20:29:41.204+0000][7][gc,phases   ] GC(0)   Other: 1.9ms
[2023-01-27T20:29:41.204+0000][7][gc,heap     ] GC(0) Eden regions: 6->0(6)
[2023-01-27T20:29:41.205+0000][7][gc,heap     ] GC(0) Survivor regions: 0->1(1)
[2023-01-27T20:29:41.205+0000][7][gc,heap     ] GC(0) Old regions: 0->1
[2023-01-27T20:29:41.205+0000][7][gc,heap     ] GC(0) Archive regions: 2->2
[2023-01-27T20:29:41.205+0000][7][gc,heap     ] GC(0) Humongous regions: 0->0
[2023-01-27T20:29:41.205+0000][7][gc,metaspace] GC(0) Metaspace: 8291K(9216K)->8291K(9216K) NonClass: 7358K(8192K)->7358K(8192K) Class: 932K(1024K)->932K(1024K)
[2023-01-27T20:29:41.205+0000][7][gc          ] GC(0) Pause Young (Normal) (G1 Evacuation Pause) 27M->7M(512M) 5.104ms
[2023-01-27T20:29:41.205+0000][7][gc,cpu      ] GC(0) User=0.01s Sys=0.01s Real=0.00s
[2023-01-27T20:29:41.205+0000][7][safepoint   ] Safepoint "G1CollectForAllocation", Time since last: 255002300 ns, Reaching safepoint: 158800 ns, At safepoint: 5332000 ns, Total: 5490800 ns
[2023-01-27T20:29:41.694+0000][7][gc,start    ] GC(1) Pause Young (Normal) (G1 Evacuation Pause)
[2023-01-27T20:29:41.694+0000][7][gc,task     ] GC(1) Using 10 workers of 10 for evacuation
[2023-01-27T20:29:41.694+0000][7][gc,age      ] GC(1) Desired survivor size 2097152 bytes, new threshold 1 (max threshold 15)
[2023-01-27T20:29:41.698+0000][7][gc,age      ] GC(1) Age table with threshold 1 (max threshold 15)
[2023-01-27T20:29:41.698+0000][7][gc,age      ] GC(1) - age   1:    2055064 bytes,    2055064 total
[2023-01-27T20:29:41.698+0000][7][gc,phases   ] GC(1)   Pre Evacuate Collection Set: 0.2ms
[2023-01-27T20:29:41.698+0000][7][gc,phases   ] GC(1)   Merge Heap Roots: 0.2ms
[2023-01-27T20:29:41.699+0000][7][gc,phases   ] GC(1)   Evacuate Collection Set: 2.1ms
[2023-01-27T20:29:41.699+0000][7][gc,phases   ] GC(1)   Post Evacuate Collection Set: 0.8ms
[2023-01-27T20:29:41.699+0000][7][gc,phases   ] GC(1)   Other: 1.3ms
[2023-01-27T20:29:41.699+0000][7][gc,heap     ] GC(1) Eden regions: 6->0(13)
[2023-01-27T20:29:41.699+0000][7][gc,heap     ] GC(1) Survivor regions: 1->1(1)
[2023-01-27T20:29:41.699+0000][7][gc,heap     ] GC(1) Old regions: 1->2
[2023-01-27T20:29:41.699+0000][7][gc,heap     ] GC(1) Archive regions: 2->2
[2023-01-27T20:29:41.700+0000][7][gc,heap     ] GC(1) Humongous regions: 0->0
[2023-01-27T20:29:41.700+0000][7][gc,metaspace] GC(1) Metaspace: 12817K(13184K)->12817K(13184K) NonClass: 11312K(11520K)->11312K(11520K) Class: 1505K(1664K)->1505K(1664K)
[2023-01-27T20:29:41.700+0000][7][gc          ] GC(1) Pause Young (Normal) (G1 Evacuation Pause) 31M->10M(512M) 6.185ms
[2023-01-27T20:29:41.700+0000][7][gc,cpu      ] GC(1) User=0.02s Sys=0.00s Real=0.01s
[2023-01-27T20:29:41.700+0000][7][safepoint   ] Safepoint "G1CollectForAllocation", Time since last: 488171500 ns, Reaching safepoint: 182400 ns, At safepoint: 6465600 ns, Total: 6648000 ns
[2023-01-27T20:29:42.025+0000][7][safepoint   ] Safepoint "ICBufferFull", Time since last: 324562200 ns, Reaching safepoint: 295100 ns, At safepoint: 52200 ns, Total: 347300 ns
[2023-01-27T20:29:42.061+0000][7][gc,start    ] GC(2) Pause Young (Normal) (G1 Evacuation Pause)
[2023-01-27T20:29:42.061+0000][7][gc,task     ] GC(2) Using 10 workers of 10 for evacuation
[2023-01-27T20:29:42.062+0000][7][gc,age      ] GC(2) Desired survivor size 4194304 bytes, new threshold 15 (max threshold 15)
[2023-01-27T20:29:42.065+0000][7][gc,age      ] GC(2) Age table with threshold 15 (max threshold 15)
[2023-01-27T20:29:42.065+0000][7][gc,age      ] GC(2) - age   1:    1206448 bytes,    1206448 total
[2023-01-27T20:29:42.065+0000][7][gc,age      ] GC(2) - age   2:    2034136 bytes,    3240584 total
[2023-01-27T20:29:42.065+0000][7][gc,phases   ] GC(2)   Pre Evacuate Collection Set: 0.2ms
[2023-01-27T20:29:42.066+0000][7][gc,phases   ] GC(2)   Merge Heap Roots: 0.2ms
[2023-01-27T20:29:42.066+0000][7][gc,phases   ] GC(2)   Evacuate Collection Set: 1.3ms
[2023-01-27T20:29:42.066+0000][7][gc,phases   ] GC(2)   Post Evacuate Collection Set: 1.2ms
[2023-01-27T20:29:42.066+0000][7][gc,phases   ] GC(2)   Other: 1.4ms
[2023-01-27T20:29:42.066+0000][7][gc,heap     ] GC(2) Eden regions: 13->0(73)
[2023-01-27T20:29:42.066+0000][7][gc,heap     ] GC(2) Survivor regions: 1->1(2)
[2023-01-27T20:29:42.066+0000][7][gc,heap     ] GC(2) Old regions: 2->2
[2023-01-27T20:29:42.067+0000][7][gc,heap     ] GC(2) Archive regions: 2->2
[2023-01-27T20:29:42.067+0000][7][gc,heap     ] GC(2) Humongous regions: 0->0
[2023-01-27T20:29:42.067+0000][7][gc,metaspace] GC(2) Metaspace: 14783K(15232K)->14783K(15232K) NonClass: 13091K(13312K)->13091K(13312K) Class: 1691K(1920K)->1691K(1920K)
[2023-01-27T20:29:42.067+0000][7][gc          ] GC(2) Pause Young (Normal) (G1 Evacuation Pause) 62M->11M(512M) 5.662ms
[2023-01-27T20:29:42.067+0000][7][gc,cpu      ] GC(2) User=0.01s Sys=0.01s Real=0.00s
[2023-01-27T20:29:42.067+0000][7][safepoint   ] Safepoint "G1CollectForAllocation", Time since last: 35937000 ns, Reaching safepoint: 232500 ns, At safepoint: 5912900 ns, Total: 6145400 ns
[2023-01-27T20:29:42.132+0000][7][safepoint   ] Safepoint "ICBufferFull", Time since last: 65082900 ns, Reaching safepoint: 147200 ns, At safepoint: 15200 ns, Total: 162400 ns
[2023-01-27T20:29:42.134+0000][7][safepoint   ] Safepoint "ICBufferFull", Time since last: 1856400 ns, Reaching safepoint: 135400 ns, At safepoint: 15600 ns, Total: 151000 ns
[2023-01-27T20:29:42.137+0000][7][safepoint   ] Safepoint "ICBufferFull", Time since last: 2440100 ns, Reaching safepoint: 145000 ns, At safepoint: 15300 ns, Total: 160300 ns
[2023-01-27T20:29:42.139+0000][7][safepoint   ] Safepoint "ICBufferFull", Time since last: 1998500 ns, Reaching safepoint: 131700 ns, At safepoint: 15000 ns, Total: 146700 ns
[2023-01-27T20:29:42.142+0000][7][safepoint   ] Safepoint "ICBufferFull", Time since last: 2323500 ns, Reaching safepoint: 244400 ns, At safepoint: 28000 ns, Total: 272400 ns
[2023-01-27T20:29:42.144+0000][7][safepoint   ] Safepoint "ICBufferFull", Time since last: 2081700 ns, Reaching safepoint: 137900 ns, At safepoint: 14700 ns, Total: 152600 ns
[2023-01-27T20:29:42.146+0000][7][safepoint   ] Safepoint "ICBufferFull", Time since last: 1557300 ns, Reaching safepoint: 151600 ns, At safepoint: 14600 ns, Total: 166200 ns
[2023-01-27T20:29:42.148+0000][7][safepoint   ] Safepoint "ICBufferFull", Time since last: 1790200 ns, Reaching safepoint: 180600 ns, At safepoint: 16900 ns, Total: 197500 ns
[2023-01-27T20:29:42.150+0000][7][safepoint   ] Safepoint "ICBufferFull", Time since last: 2723900 ns, Reaching safepoint: 154800 ns, At safepoint: 15800 ns, Total: 170600 ns
[2023-01-27T20:29:42.154+0000][7][safepoint   ] Safepoint "ICBufferFull", Time since last: 3055800 ns, Reaching safepoint: 144400 ns, At safepoint: 15400 ns, Total: 159800 ns
[2023-01-27T20:29:42.156+0000][7][safepoint   ] Safepoint "ICBufferFull", Time since last: 1881900 ns, Reaching safepoint: 139800 ns, At safepoint: 26200 ns, Total: 166000 ns
[2023-01-27T20:29:42.158+0000][7][safepoint   ] Safepoint "ICBufferFull", Time since last: 2027400 ns, Reaching safepoint: 138500 ns, At safepoint: 26100 ns, Total: 164600 ns
[2023-01-27T20:29:42.161+0000][7][safepoint   ] Safepoint "ICBufferFull", Time since last: 2550400 ns, Reaching safepoint: 145200 ns, At safepoint: 15200 ns, Total: 160400 ns
[2023-01-27T20:29:42.163+0000][7][safepoint   ] Safepoint "ICBufferFull", Time since last: 2231500 ns, Reaching safepoint: 144100 ns, At safepoint: 15000 ns, Total: 159100 ns
[2023-01-27T20:29:42.165+0000][7][safepoint   ] Safepoint "ICBufferFull", Time since last: 2092200 ns, Reaching safepoint: 138300 ns, At safepoint: 14700 ns, Total: 153000 ns
[2023-01-27T20:29:42.167+0000][7][safepoint   ] Safepoint "ICBufferFull", Time since last: 1705800 ns, Reaching safepoint: 130500 ns, At safepoint: 14400 ns, Total: 144900 ns
[2023-01-27T20:29:42.170+0000][7][safepoint   ] Safepoint "ICBufferFull", Time since last: 2521900 ns, Reaching safepoint: 217700 ns, At safepoint: 17300 ns, Total: 235000 ns
[2023-01-27T20:29:42.174+0000][7][safepoint   ] Safepoint "ICBufferFull", Time since last: 3612200 ns, Reaching safepoint: 222300 ns, At safepoint: 41700 ns, Total: 264000 ns
[2023-01-27T20:29:42.177+0000][7][safepoint   ] Safepoint "ICBufferFull", Time since last: 3039000 ns, Reaching safepoint: 194500 ns, At safepoint: 29200 ns, Total: 223700 ns
[2023-01-27T20:29:42.178+0000][7][safepoint   ] Safepoint "ICBufferFull", Time since last: 876300 ns, Reaching safepoint: 143600 ns, At safepoint: 26900 ns, Total: 170500 ns
[2023-01-27T20:29:42.179+0000][7][safepoint   ] Safepoint "ICBufferFull", Time since last: 823000 ns, Reaching safepoint: 162700 ns, At safepoint: 59300 ns, Total: 222000 ns
[2023-01-27T20:29:42.180+0000][7][safepoint   ] Safepoint "ICBufferFull", Time since last: 920000 ns, Reaching safepoint: 253200 ns, At safepoint: 51100 ns, Total: 304300 ns
[2023-01-27T20:29:42.181+0000][7][safepoint   ] Safepoint "ICBufferFull", Time since last: 751300 ns, Reaching safepoint: 180800 ns, At safepoint: 13700 ns, Total: 194500 ns
[2023-01-27T20:29:42.182+0000][7][safepoint   ] Safepoint "ICBufferFull", Time since last: 796900 ns, Reaching safepoint: 230300 ns, At safepoint: 14800 ns, Total: 245100 ns
[2023-01-27T20:29:42.183+0000][7][safepoint   ] Safepoint "ICBufferFull", Time since last: 659500 ns, Reaching safepoint: 133300 ns, At safepoint: 27400 ns, Total: 160700 ns
[2023-01-27T20:29:42.184+0000][7][safepoint   ] Safepoint "ICBufferFull", Time since last: 1127100 ns, Reaching safepoint: 170400 ns, At safepoint: 28800 ns, Total: 199200 ns
[2023-01-27T20:29:42.186+0000][7][safepoint   ] Safepoint "ICBufferFull", Time since last: 967600 ns, Reaching safepoint: 164200 ns, At safepoint: 18100 ns, Total: 182300 ns
[2023-01-27T20:29:42.187+0000][7][safepoint   ] Safepoint "ICBufferFull", Time since last: 811000 ns, Reaching safepoint: 118400 ns, At safepoint: 13200 ns, Total: 131600 ns
[2023-01-27T20:29:42.187+0000][7][safepoint   ] Safepoint "ICBufferFull", Time since last: 723100 ns, Reaching safepoint: 118400 ns, At safepoint: 13300 ns, Total: 131700 ns
[2023-01-27T20:29:42.188+0000][7][safepoint   ] Safepoint "ICBufferFull", Time since last: 733200 ns, Reaching safepoint: 119300 ns, At safepoint: 13000 ns, Total: 132300 ns
[2023-01-27T20:29:42.189+0000][7][safepoint   ] Safepoint "ICBufferFull", Time since last: 792100 ns, Reaching safepoint: 167500 ns, At safepoint: 16800 ns, Total: 184300 ns
[2023-01-27T20:29:42.190+0000][7][safepoint   ] Safepoint "ICBufferFull", Time since last: 1047400 ns, Reaching safepoint: 148700 ns, At safepoint: 26500 ns, Total: 175200 ns
[2023-01-27T20:29:42.191+0000][7][safepoint   ] Safepoint "ICBufferFull", Time since last: 801300 ns, Reaching safepoint: 141700 ns, At safepoint: 15500 ns, Total: 157200 ns
[2023-01-27T20:29:42.192+0000][7][safepoint   ] Safepoint "ICBufferFull", Time since last: 756400 ns, Reaching safepoint: 135800 ns, At safepoint: 14700 ns, Total: 150500 ns
[2023-01-27T20:29:42.193+0000][7][safepoint   ] Safepoint "ICBufferFull", Time since last: 695500 ns, Reaching safepoint: 189600 ns, At safepoint: 50200 ns, Total: 239800 ns
[2023-01-27T20:29:42.195+0000][7][safepoint   ] Safepoint "ICBufferFull", Time since last: 919100 ns, Reaching safepoint: 275800 ns, At safepoint: 26800 ns, Total: 302600 ns
[2023-01-27T20:29:42.322+0000][7][safepoint   ] Safepoint "ICBufferFull", Time since last: 127222200 ns, Reaching safepoint: 183400 ns, At safepoint: 26700 ns, Total: 210100 ns
[2023-01-27T20:29:42.655+0000][7][gc,start    ] GC(3) Pause Young (Normal) (G1 Evacuation Pause)
[2023-01-27T20:29:42.655+0000][7][gc,task     ] GC(3) Using 10 workers of 10 for evacuation
[2023-01-27T20:29:42.655+0000][7][gc,age      ] GC(3) Desired survivor size 20971520 bytes, new threshold 15 (max threshold 15)
[2023-01-27T20:29:42.660+0000][7][gc,age      ] GC(3) Age table with threshold 15 (max threshold 15)
[2023-01-27T20:29:42.660+0000][7][gc,age      ] GC(3) - age   1:    5466688 bytes,    5466688 total
[2023-01-27T20:29:42.660+0000][7][gc,age      ] GC(3) - age   2:    1181408 bytes,    6648096 total
[2023-01-27T20:29:42.660+0000][7][gc,age      ] GC(3) - age   3:    2019944 bytes,    8668040 total
[2023-01-27T20:29:42.660+0000][7][gc,phases   ] GC(3)   Pre Evacuate Collection Set: 0.2ms
[2023-01-27T20:29:42.661+0000][7][gc,phases   ] GC(3)   Merge Heap Roots: 0.2ms
[2023-01-27T20:29:42.661+0000][7][gc,phases   ] GC(3)   Evacuate Collection Set: 3.0ms
[2023-01-27T20:29:42.661+0000][7][gc,phases   ] GC(3)   Post Evacuate Collection Set: 0.8ms
[2023-01-27T20:29:42.661+0000][7][gc,phases   ] GC(3)   Other: 1.4ms
[2023-01-27T20:29:42.661+0000][7][gc,heap     ] GC(3) Eden regions: 73->0(73)
[2023-01-27T20:29:42.661+0000][7][gc,heap     ] GC(3) Survivor regions: 1->3(10)
[2023-01-27T20:29:42.662+0000][7][gc,heap     ] GC(3) Old regions: 2->2
[2023-01-27T20:29:42.662+0000][7][gc,heap     ] GC(3) Archive regions: 2->2
[2023-01-27T20:29:42.662+0000][7][gc,heap     ] GC(3) Humongous regions: 0->0
[2023-01-27T20:29:42.662+0000][7][gc,metaspace] GC(3) Metaspace: 18543K(19328K)->18543K(19328K) NonClass: 16310K(16896K)->16310K(16896K) Class: 2232K(2432K)->2232K(2432K)
[2023-01-27T20:29:42.662+0000][7][gc          ] GC(3) Pause Young (Normal) (G1 Evacuation Pause) 303M->16M(512M) 7.505ms
[2023-01-27T20:29:42.663+0000][7][gc,cpu      ] GC(3) User=0.05s Sys=0.02s Real=0.01s
[2023-01-27T20:29:42.663+0000][7][safepoint   ] Safepoint "G1CollectForAllocation", Time since last: 332806900 ns, Reaching safepoint: 211600 ns, At safepoint: 7883600 ns, Total: 8095200 ns
[2023-01-27T20:29:43.055+0000][7][gc,start    ] GC(4) Pause Young (Normal) (G1 Evacuation Pause)
[2023-01-27T20:29:43.055+0000][7][gc,task     ] GC(4) Using 10 workers of 10 for evacuation
[2023-01-27T20:29:43.055+0000][7][gc,age      ] GC(4) Desired survivor size 20971520 bytes, new threshold 15 (max threshold 15)
[2023-01-27T20:29:43.060+0000][7][gc,age      ] GC(4) Age table with threshold 15 (max threshold 15)
[2023-01-27T20:29:43.060+0000][7][gc,age      ] GC(4) - age   1:    2337792 bytes,    2337792 total
[2023-01-27T20:29:43.060+0000][7][gc,age      ] GC(4) - age   2:    5419256 bytes,    7757048 total
[2023-01-27T20:29:43.061+0000][7][gc,age      ] GC(4) - age   3:    1181408 bytes,    8938456 total
[2023-01-27T20:29:43.061+0000][7][gc,age      ] GC(4) - age   4:    2019944 bytes,   10958400 total
[2023-01-27T20:29:43.061+0000][7][gc,phases   ] GC(4)   Pre Evacuate Collection Set: 0.2ms
[2023-01-27T20:29:43.061+0000][7][gc,phases   ] GC(4)   Merge Heap Roots: 0.2ms
[2023-01-27T20:29:43.061+0000][7][gc,phases   ] GC(4)   Evacuate Collection Set: 3.1ms
[2023-01-27T20:29:43.061+0000][7][gc,phases   ] GC(4)   Post Evacuate Collection Set: 0.9ms
[2023-01-27T20:29:43.062+0000][7][gc,phases   ] GC(4)   Other: 1.6ms
[2023-01-27T20:29:43.062+0000][7][gc,heap     ] GC(4) Eden regions: 73->0(73)
[2023-01-27T20:29:43.062+0000][7][gc,heap     ] GC(4) Survivor regions: 3->3(10)
[2023-01-27T20:29:43.062+0000][7][gc,heap     ] GC(4) Old regions: 2->2
[2023-01-27T20:29:43.062+0000][7][gc,heap     ] GC(4) Archive regions: 2->2
[2023-01-27T20:29:43.062+0000][7][gc,heap     ] GC(4) Humongous regions: 0->0
[2023-01-27T20:29:43.062+0000][7][gc,metaspace] GC(4) Metaspace: 19121K(20224K)->19121K(20224K) NonClass: 16824K(17664K)->16824K(17664K) Class: 2296K(2560K)->2296K(2560K)
[2023-01-27T20:29:43.063+0000][7][gc          ] GC(4) Pause Young (Normal) (G1 Evacuation Pause) 308M->18M(512M) 7.580ms
[2023-01-27T20:29:43.063+0000][7][gc,cpu      ] GC(4) User=0.06s Sys=0.00s Real=0.01s
[2023-01-27T20:29:43.063+0000][7][safepoint   ] Safepoint "G1CollectForAllocation", Time since last: 392007100 ns, Reaching safepoint: 179500 ns, At safepoint: 7972200 ns, Total: 8151700 ns
[2023-01-27T20:29:43.396+0000][7][gc,start    ] GC(5) Pause Young (Normal) (G1 Evacuation Pause)
[2023-01-27T20:29:43.396+0000][7][gc,task     ] GC(5) Using 10 workers of 10 for evacuation
[2023-01-27T20:29:43.396+0000][7][gc,age      ] GC(5) Desired survivor size 20971520 bytes, new threshold 15 (max threshold 15)
[2023-01-27T20:29:43.402+0000][7][gc,age      ] GC(5) Age table with threshold 15 (max threshold 15)
[2023-01-27T20:29:43.402+0000][7][gc,age      ] GC(5) - age   1:     888552 bytes,     888552 total
[2023-01-27T20:29:43.402+0000][7][gc,age      ] GC(5) - age   2:    1986680 bytes,    2875232 total
[2023-01-27T20:29:43.402+0000][7][gc,age      ] GC(5) - age   3:    5415080 bytes,    8290312 total
[2023-01-27T20:29:43.402+0000][7][gc,age      ] GC(5) - age   4:    1181408 bytes,    9471720 total
[2023-01-27T20:29:43.403+0000][7][gc,age      ] GC(5) - age   5:    2019944 bytes,   11491664 total
[2023-01-27T20:29:43.403+0000][7][gc,phases   ] GC(5)   Pre Evacuate Collection Set: 0.1ms
[2023-01-27T20:29:43.403+0000][7][gc,phases   ] GC(5)   Merge Heap Roots: 0.1ms
[2023-01-27T20:29:43.403+0000][7][gc,phases   ] GC(5)   Evacuate Collection Set: 4.2ms
[2023-01-27T20:29:43.403+0000][7][gc,phases   ] GC(5)   Post Evacuate Collection Set: 0.9ms
[2023-01-27T20:29:43.404+0000][7][gc,phases   ] GC(5)   Other: 1.7ms
[2023-01-27T20:29:43.404+0000][7][gc,heap     ] GC(5) Eden regions: 73->0(73)
[2023-01-27T20:29:43.404+0000][7][gc,heap     ] GC(5) Survivor regions: 3->3(10)
[2023-01-27T20:29:43.404+0000][7][gc,heap     ] GC(5) Old regions: 2->2
[2023-01-27T20:29:43.405+0000][7][gc,heap     ] GC(5) Archive regions: 2->2
[2023-01-27T20:29:43.405+0000][7][gc,heap     ] GC(5) Humongous regions: 0->0
[2023-01-27T20:29:43.405+0000][7][gc,metaspace] GC(5) Metaspace: 19508K(20864K)->19508K(20864K) NonClass: 17140K(18176K)->17140K(18176K) Class: 2368K(2688K)->2368K(2688K)
[2023-01-27T20:29:43.405+0000][7][gc          ] GC(5) Pause Young (Normal) (G1 Evacuation Pause) 310M->19M(512M) 9.336ms
[2023-01-27T20:29:43.405+0000][7][gc,cpu      ] GC(5) User=0.06s Sys=0.00s Real=0.01s
[2023-01-27T20:29:43.406+0000][7][safepoint   ] Safepoint "G1CollectForAllocation", Time since last: 332594800 ns, Reaching safepoint: 167800 ns, At safepoint: 9818200 ns, Total: 9986000 ns
[2023-01-27T20:29:43.702+0000][7][gc,start    ] GC(6) Pause Young (Normal) (G1 Evacuation Pause)
[2023-01-27T20:29:43.702+0000][7][gc,task     ] GC(6) Using 10 workers of 10 for evacuation
[2023-01-27T20:29:43.702+0000][7][gc,age      ] GC(6) Desired survivor size 20971520 bytes, new threshold 15 (max threshold 15)
[2023-01-27T20:29:43.707+0000][7][gc,age      ] GC(6) Age table with threshold 15 (max threshold 15)
[2023-01-27T20:29:43.707+0000][7][gc,age      ] GC(6) - age   1:    3602784 bytes,    3602784 total
[2023-01-27T20:29:43.707+0000][7][gc,age      ] GC(6) - age   2:     559504 bytes,    4162288 total
[2023-01-27T20:29:43.708+0000][7][gc,age      ] GC(6) - age   3:    1985576 bytes,    6147864 total
[2023-01-27T20:29:43.708+0000][7][gc,age      ] GC(6) - age   4:    5413888 bytes,   11561752 total
[2023-01-27T20:29:43.708+0000][7][gc,age      ] GC(6) - age   5:    1181232 bytes,   12742984 total
[2023-01-27T20:29:43.708+0000][7][gc,age      ] GC(6) - age   6:    2019944 bytes,   14762928 total
[2023-01-27T20:29:43.708+0000][7][gc,phases   ] GC(6)   Pre Evacuate Collection Set: 0.1ms
[2023-01-27T20:29:43.708+0000][7][gc,phases   ] GC(6)   Merge Heap Roots: 0.1ms
[2023-01-27T20:29:43.708+0000][7][gc,phases   ] GC(6)   Evacuate Collection Set: 3.5ms
[2023-01-27T20:29:43.708+0000][7][gc,phases   ] GC(6)   Post Evacuate Collection Set: 0.9ms
[2023-01-27T20:29:43.709+0000][7][gc,phases   ] GC(6)   Other: 1.5ms
[2023-01-27T20:29:43.709+0000][7][gc,heap     ] GC(6) Eden regions: 73->0(72)
[2023-01-27T20:29:43.709+0000][7][gc,heap     ] GC(6) Survivor regions: 3->4(10)
[2023-01-27T20:29:43.709+0000][7][gc,heap     ] GC(6) Old regions: 2->2
[2023-01-27T20:29:43.709+0000][7][gc,heap     ] GC(6) Archive regions: 2->2
[2023-01-27T20:29:43.709+0000][7][gc,heap     ] GC(6) Humongous regions: 0->0
[2023-01-27T20:29:43.709+0000][7][gc,metaspace] GC(6) Metaspace: 19911K(21248K)->19911K(21248K) NonClass: 17476K(18432K)->17476K(18432K) Class: 2435K(2816K)->2435K(2816K)
[2023-01-27T20:29:43.709+0000][7][gc          ] GC(6) Pause Young (Normal) (G1 Evacuation Pause) 311M->22M(512M) 7.402ms
[2023-01-27T20:29:43.709+0000][7][gc,cpu      ] GC(6) User=0.05s Sys=0.01s Real=0.01s
[2023-01-27T20:29:43.710+0000][7][safepoint   ] Safepoint "G1CollectForAllocation", Time since last: 296082200 ns, Reaching safepoint: 165800 ns, At safepoint: 7730700 ns, Total: 7896500 ns
[2023-01-27T20:29:43.908+0000][7][gc,start    ] GC(7) Pause Young (Concurrent Start) (Metadata GC Threshold)
[2023-01-27T20:29:43.908+0000][7][gc,task     ] GC(7) Using 10 workers of 10 for evacuation
[2023-01-27T20:29:43.909+0000][7][gc,age      ] GC(7) Desired survivor size 20971520 bytes, new threshold 15 (max threshold 15)
[2023-01-27T20:29:43.914+0000][7][gc,age      ] GC(7) Age table with threshold 15 (max threshold 15)
[2023-01-27T20:29:43.915+0000][7][gc,age      ] GC(7) - age   1:     747912 bytes,     747912 total
[2023-01-27T20:29:43.915+0000][7][gc,age      ] GC(7) - age   2:    2023920 bytes,    2771832 total
[2023-01-27T20:29:43.915+0000][7][gc,age      ] GC(7) - age   3:     558680 bytes,    3330512 total
[2023-01-27T20:29:43.915+0000][7][gc,age      ] GC(7) - age   4:    1985576 bytes,    5316088 total
[2023-01-27T20:29:43.915+0000][7][gc,age      ] GC(7) - age   5:    5413568 bytes,   10729656 total
[2023-01-27T20:29:43.915+0000][7][gc,age      ] GC(7) - age   6:    1181232 bytes,   11910888 total
[2023-01-27T20:29:43.915+0000][7][gc,age      ] GC(7) - age   7:    2019944 bytes,   13930832 total
[2023-01-27T20:29:43.916+0000][7][gc,phases   ] GC(7)   Pre Evacuate Collection Set: 0.2ms
[2023-01-27T20:29:43.916+0000][7][gc,phases   ] GC(7)   Merge Heap Roots: 0.2ms
[2023-01-27T20:29:43.916+0000][7][gc,phases   ] GC(7)   Evacuate Collection Set: 4.0ms
[2023-01-27T20:29:43.916+0000][7][gc,phases   ] GC(7)   Post Evacuate Collection Set: 0.9ms
[2023-01-27T20:29:43.916+0000][7][gc,phases   ] GC(7)   Other: 2.2ms
[2023-01-27T20:29:43.916+0000][7][gc,heap     ] GC(7) Eden regions: 49->0(72)
[2023-01-27T20:29:43.916+0000][7][gc,heap     ] GC(7) Survivor regions: 4->4(10)
[2023-01-27T20:29:43.917+0000][7][gc,heap     ] GC(7) Old regions: 2->2
[2023-01-27T20:29:43.917+0000][7][gc,heap     ] GC(7) Archive regions: 2->2
[2023-01-27T20:29:43.917+0000][7][gc,heap     ] GC(7) Humongous regions: 0->0
[2023-01-27T20:29:43.917+0000][7][gc,metaspace] GC(7) Metaspace: 19973K(21296K)->19973K(21296K) NonClass: 17525K(18480K)->17525K(18480K) Class: 2448K(2816K)->2448K(2816K)
[2023-01-27T20:29:43.917+0000][7][gc          ] GC(7) Pause Young (Concurrent Start) (Metadata GC Threshold) 218M->22M(512M) 9.007ms
[2023-01-27T20:29:43.917+0000][7][gc,cpu      ] GC(7) User=0.05s Sys=0.00s Real=0.01s
[2023-01-27T20:29:43.917+0000][7][gc          ] GC(8) Concurrent Cycle
[2023-01-27T20:29:43.918+0000][7][gc,marking  ] GC(8) Concurrent Clear Claimed Marks
[2023-01-27T20:29:43.918+0000][7][safepoint   ] Safepoint "CollectForMetadataAllocation", Time since last: 198309900 ns, Reaching safepoint: 191900 ns, At safepoint: 9472700 ns, Total: 9664600 ns
[2023-01-27T20:29:43.918+0000][7][gc,marking  ] GC(8) Concurrent Clear Claimed Marks 0.204ms
[2023-01-27T20:29:43.918+0000][7][gc,marking  ] GC(8) Concurrent Scan Root Regions
[2023-01-27T20:29:43.922+0000][7][gc,marking  ] GC(8) Concurrent Scan Root Regions 3.385ms
[2023-01-27T20:29:43.922+0000][7][gc,marking  ] GC(8) Concurrent Mark (3.507s)
[2023-01-27T20:29:43.922+0000][7][gc,marking  ] GC(8) Concurrent Mark From Roots
[2023-01-27T20:29:43.923+0000][7][gc,task     ] GC(8) Using 3 workers of 3 for marking
[2023-01-27T20:29:43.926+0000][7][gc,marking  ] GC(8) Concurrent Mark From Roots 4.029ms
[2023-01-27T20:29:43.927+0000][7][gc,marking  ] GC(8) Concurrent Preclean
[2023-01-27T20:29:43.927+0000][7][gc,marking  ] GC(8) Concurrent Preclean 0.303ms
[2023-01-27T20:29:43.927+0000][7][gc,marking  ] GC(8) Concurrent Mark (3.507s, 3.512s) 5.079ms
[2023-01-27T20:29:43.928+0000][7][gc,start    ] GC(8) Pause Remark
[2023-01-27T20:29:43.929+0000][7][gc          ] GC(8) Pause Remark 30M->30M(512M) 1.868ms
[2023-01-27T20:29:43.930+0000][7][gc,cpu      ] GC(8) User=0.02s Sys=0.01s Real=0.01s
[2023-01-27T20:29:43.930+0000][7][safepoint   ] Safepoint "G1Concurrent", Time since last: 9795900 ns, Reaching safepoint: 274400 ns, At safepoint: 2363800 ns, Total: 2638200 ns
[2023-01-27T20:29:43.930+0000][7][gc,marking  ] GC(8) Concurrent Rebuild Remembered Sets
[2023-01-27T20:29:43.933+0000][7][gc,marking  ] GC(8) Concurrent Rebuild Remembered Sets 2.859ms
[2023-01-27T20:29:43.934+0000][7][gc,start    ] GC(8) Pause Cleanup
[2023-01-27T20:29:43.935+0000][7][gc          ] GC(8) Pause Cleanup 32M->32M(512M) 0.428ms
[2023-01-27T20:29:43.935+0000][7][gc,cpu      ] GC(8) User=0.00s Sys=0.00s Real=0.00s
[2023-01-27T20:29:43.935+0000][7][safepoint   ] Safepoint "G1Concurrent", Time since last: 3440900 ns, Reaching safepoint: 734200 ns, At safepoint: 820800 ns, Total: 1555000 ns
[2023-01-27T20:29:43.935+0000][7][gc,marking  ] GC(8) Concurrent Cleanup for Next Mark
[2023-01-27T20:29:43.936+0000][7][gc,marking  ] GC(8) Concurrent Cleanup for Next Mark 0.756ms
[2023-01-27T20:29:43.936+0000][7][gc          ] GC(8) Concurrent Cycle 18.892ms
[2023-01-27T20:29:44.497+0000][7][safepoint   ] Safepoint "ICBufferFull", Time since last: 561576000 ns, Reaching safepoint: 306200 ns, At safepoint: 26800 ns, Total: 333000 ns
[2023-01-27T20:29:45.396+0000][7][safepoint   ] Safepoint "ICBufferFull", Time since last: 898945600 ns, Reaching safepoint: 322200 ns, At safepoint: 40300 ns, Total: 362500 ns
[2023-01-27T20:29:46.486+0000][7][gc,start    ] GC(9) Pause Young (Normal) (G1 Evacuation Pause)
[2023-01-27T20:29:46.486+0000][7][gc,task     ] GC(9) Using 10 workers of 10 for evacuation
[2023-01-27T20:29:46.487+0000][7][gc,age      ] GC(9) Desired survivor size 20971520 bytes, new threshold 15 (max threshold 15)
[2023-01-27T20:29:46.503+0000][7][gc,age      ] GC(9) Age table with threshold 15 (max threshold 15)
[2023-01-27T20:29:46.503+0000][7][gc,age      ] GC(9) - age   1:   26113944 bytes,   26113944 total
[2023-01-27T20:29:46.503+0000][7][gc,age      ] GC(9) - age   2:     708504 bytes,   26822448 total
[2023-01-27T20:29:46.503+0000][7][gc,age      ] GC(9) - age   3:    2006928 bytes,   28829376 total
[2023-01-27T20:29:46.503+0000][7][gc,age      ] GC(9) - age   4:     540824 bytes,   29370200 total
[2023-01-27T20:29:46.503+0000][7][gc,age      ] GC(9) - age   5:    1968648 bytes,   31338848 total
[2023-01-27T20:29:46.504+0000][7][gc,age      ] GC(9) - age   6:    5369448 bytes,   36708296 total
[2023-01-27T20:29:46.504+0000][7][gc,age      ] GC(9) - age   7:    1130968 bytes,   37839264 total
[2023-01-27T20:29:46.504+0000][7][gc,age      ] GC(9) - age   8:    2009584 bytes,   39848848 total
[2023-01-27T20:29:46.504+0000][7][gc,phases   ] GC(9)   Pre Evacuate Collection Set: 0.2ms
[2023-01-27T20:29:46.504+0000][7][gc,phases   ] GC(9)   Merge Heap Roots: 0.1ms
[2023-01-27T20:29:46.504+0000][7][gc,phases   ] GC(9)   Evacuate Collection Set: 14.3ms
[2023-01-27T20:29:46.504+0000][7][gc,phases   ] GC(9)   Post Evacuate Collection Set: 1.4ms
[2023-01-27T20:29:46.504+0000][7][gc,phases   ] GC(9)   Other: 1.9ms
[2023-01-27T20:29:46.504+0000][7][gc,heap     ] GC(9) Eden regions: 72->0(66)
[2023-01-27T20:29:46.505+0000][7][gc,heap     ] GC(9) Survivor regions: 4->10(10)
[2023-01-27T20:29:46.505+0000][7][gc,heap     ] GC(9) Old regions: 2->2
[2023-01-27T20:29:46.505+0000][7][gc,heap     ] GC(9) Archive regions: 2->2
[2023-01-27T20:29:46.505+0000][7][gc,heap     ] GC(9) Humongous regions: 0->0
[2023-01-27T20:29:46.505+0000][7][gc,metaspace] GC(9) Metaspace: 29954K(32000K)->29954K(32000K) NonClass: 26204K(27648K)->26204K(27648K) Class: 3750K(4352K)->3750K(4352K)
[2023-01-27T20:29:46.505+0000][7][gc          ] GC(9) Pause Young (Normal) (G1 Evacuation Pause) 310M->47M(512M) 19.153ms
[2023-01-27T20:29:46.505+0000][7][gc,cpu      ] GC(9) User=0.17s Sys=0.00s Real=0.02s
[2023-01-27T20:29:46.506+0000][7][safepoint   ] Safepoint "G1CollectForAllocation", Time since last: 1089639500 ns, Reaching safepoint: 233900 ns, At safepoint: 19573400 ns, Total: 19807300 ns
[2023-01-27T20:29:46.892+0000][7][safepoint   ] Safepoint "ICBufferFull", Time since last: 386311700 ns, Reaching safepoint: 169400 ns, At safepoint: 30100 ns, Total: 199500 ns
[2023-01-27T20:29:47.029+0000][7][gc,start    ] GC(10) Pause Young (Concurrent Start) (Metadata GC Threshold)
[2023-01-27T20:29:47.030+0000][7][gc,task     ] GC(10) Using 10 workers of 10 for evacuation
[2023-01-27T20:29:47.030+0000][7][gc,age      ] GC(10) Desired survivor size 20971520 bytes, new threshold 1 (max threshold 15)
[2023-01-27T20:29:47.045+0000][7][gc,age      ] GC(10) Age table with threshold 1 (max threshold 15)
[2023-01-27T20:29:47.045+0000][7][gc,age      ] GC(10) - age   1:   12767360 bytes,   12767360 total
[2023-01-27T20:29:47.046+0000][7][gc,phases   ] GC(10)   Pre Evacuate Collection Set: 0.2ms
[2023-01-27T20:29:47.046+0000][7][gc,phases   ] GC(10)   Merge Heap Roots: 0.2ms
[2023-01-27T20:29:47.046+0000][7][gc,phases   ] GC(10)   Evacuate Collection Set: 13.5ms
[2023-01-27T20:29:47.046+0000][7][gc,phases   ] GC(10)   Post Evacuate Collection Set: 1.1ms
[2023-01-27T20:29:47.047+0000][7][gc,phases   ] GC(10)   Other: 1.5ms
[2023-01-27T20:29:47.047+0000][7][gc,heap     ] GC(10) Eden regions: 21->0(72)
[2023-01-27T20:29:47.047+0000][7][gc,heap     ] GC(10) Survivor regions: 10->4(10)
[2023-01-27T20:29:47.047+0000][7][gc,heap     ] GC(10) Old regions: 2->11
[2023-01-27T20:29:47.047+0000][7][gc,heap     ] GC(10) Archive regions: 2->2
[2023-01-27T20:29:47.048+0000][7][gc,heap     ] GC(10) Humongous regions: 0->0
[2023-01-27T20:29:47.048+0000][7][gc,metaspace] GC(10) Metaspace: 33718K(35920K)->33718K(35920K) NonClass: 29360K(30928K)->29360K(30928K) Class: 4358K(4992K)->4358K(4992K)
[2023-01-27T20:29:47.048+0000][7][gc          ] GC(10) Pause Young (Concurrent Start) (Metadata GC Threshold) 129M->61M(512M) 18.720ms
[2023-01-27T20:29:47.048+0000][7][gc,cpu      ] GC(10) User=0.12s Sys=0.03s Real=0.01s
[2023-01-27T20:29:47.048+0000][7][gc          ] GC(11) Concurrent Cycle
[2023-01-27T20:29:47.048+0000][7][safepoint   ] Safepoint "CollectForMetadataAllocation", Time since last: 136879700 ns, Reaching safepoint: 142600 ns, At safepoint: 19210500 ns, Total: 19353100 ns
[2023-01-27T20:29:47.048+0000][7][gc,marking  ] GC(11) Concurrent Clear Claimed Marks
[2023-01-27T20:29:47.049+0000][7][gc,marking  ] GC(11) Concurrent Clear Claimed Marks 0.328ms
[2023-01-27T20:29:47.049+0000][7][gc,marking  ] GC(11) Concurrent Scan Root Regions
[2023-01-27T20:29:47.059+0000][7][gc,marking  ] GC(11) Concurrent Scan Root Regions 9.978ms
[2023-01-27T20:29:47.059+0000][7][gc,marking  ] GC(11) Concurrent Mark (6.644s)
[2023-01-27T20:29:47.059+0000][7][gc,marking  ] GC(11) Concurrent Mark From Roots
[2023-01-27T20:29:47.060+0000][7][gc,task     ] GC(11) Using 3 workers of 3 for marking
[2023-01-27T20:29:47.063+0000][7][gc,marking  ] GC(11) Concurrent Mark From Roots 3.676ms
[2023-01-27T20:29:47.063+0000][7][gc,marking  ] GC(11) Concurrent Preclean
[2023-01-27T20:29:47.063+0000][7][safepoint   ] Safepoint "CollectForMetadataAllocation", Time since last: 14870600 ns, Reaching safepoint: 137100 ns, At safepoint: 111200 ns, Total: 248300 ns
[2023-01-27T20:29:47.064+0000][7][gc,marking  ] GC(11) Concurrent Preclean 0.232ms
[2023-01-27T20:29:47.064+0000][7][gc,marking  ] GC(11) Concurrent Mark (6.644s, 6.649s) 4.557ms
[2023-01-27T20:29:47.064+0000][7][gc,start    ] GC(11) Pause Remark
[2023-01-27T20:29:47.066+0000][7][gc          ] GC(11) Pause Remark 63M->63M(512M) 1.562ms
[2023-01-27T20:29:47.066+0000][7][gc,cpu      ] GC(11) User=0.01s Sys=0.00s Real=0.00s
[2023-01-27T20:29:47.066+0000][7][safepoint   ] Safepoint "G1Concurrent", Time since last: 388200 ns, Reaching safepoint: 444300 ns, At safepoint: 1881000 ns, Total: 2325300 ns
[2023-01-27T20:29:47.066+0000][7][gc,marking  ] GC(11) Concurrent Rebuild Remembered Sets
[2023-01-27T20:29:47.078+0000][7][gc,marking  ] GC(11) Concurrent Rebuild Remembered Sets 11.294ms
[2023-01-27T20:29:47.078+0000][7][gc,start    ] GC(11) Pause Cleanup
[2023-01-27T20:29:47.079+0000][7][gc          ] GC(11) Pause Cleanup 65M->65M(512M) 0.281ms
[2023-01-27T20:29:47.079+0000][7][gc,cpu      ] GC(11) User=0.00s Sys=0.00s Real=0.00s
[2023-01-27T20:29:47.079+0000][7][safepoint   ] Safepoint "G1Concurrent", Time since last: 11665000 ns, Reaching safepoint: 524300 ns, At safepoint: 559300 ns, Total: 1083600 ns
[2023-01-27T20:29:47.079+0000][7][gc,marking  ] GC(11) Concurrent Cleanup for Next Mark
[2023-01-27T20:29:47.079+0000][7][gc,marking  ] GC(11) Concurrent Cleanup for Next Mark 0.320ms
[2023-01-27T20:29:47.080+0000][7][gc          ] GC(11) Concurrent Cycle 31.334ms
[2023-01-27T20:29:47.585+0000][7][safepoint   ] Safepoint "ICBufferFull", Time since last: 505424000 ns, Reaching safepoint: 191100 ns, At safepoint: 16000 ns, Total: 207100 ns
[2023-01-27T20:29:48.139+0000][7][safepoint   ] Safepoint "ICBufferFull", Time since last: 553842400 ns, Reaching safepoint: 174100 ns, At safepoint: 17500 ns, Total: 191600 ns
[2023-01-27T20:29:48.232+0000][7][gc,start    ] GC(12) Pause Young (Concurrent Start) (G1 Evacuation Pause)
[2023-01-27T20:29:48.232+0000][7][gc,task     ] GC(12) Using 10 workers of 10 for evacuation
[2023-01-27T20:29:48.232+0000][7][gc,age      ] GC(12) Desired survivor size 20971520 bytes, new threshold 15 (max threshold 15)
[2023-01-27T20:29:48.242+0000][7][gc,age      ] GC(12) Age table with threshold 15 (max threshold 15)
[2023-01-27T20:29:48.242+0000][7][gc,age      ] GC(12) - age   1:    7006704 bytes,    7006704 total
[2023-01-27T20:29:48.242+0000][7][gc,age      ] GC(12) - age   2:   12656240 bytes,   19662944 total
[2023-01-27T20:29:48.243+0000][7][gc,phases   ] GC(12)   Pre Evacuate Collection Set: 0.2ms
[2023-01-27T20:29:48.243+0000][7][gc,phases   ] GC(12)   Merge Heap Roots: 0.2ms
[2023-01-27T20:29:48.243+0000][7][gc,phases   ] GC(12)   Evacuate Collection Set: 7.7ms
[2023-01-27T20:29:48.243+0000][7][gc,phases   ] GC(12)   Post Evacuate Collection Set: 1.4ms
[2023-01-27T20:29:48.243+0000][7][gc,phases   ] GC(12)   Other: 1.2ms
[2023-01-27T20:29:48.243+0000][7][gc,heap     ] GC(12) Eden regions: 72->0(71)
[2023-01-27T20:29:48.243+0000][7][gc,heap     ] GC(12) Survivor regions: 4->5(10)
[2023-01-27T20:29:48.244+0000][7][gc,heap     ] GC(12) Old regions: 11->11
[2023-01-27T20:29:48.244+0000][7][gc,heap     ] GC(12) Archive regions: 2->2
[2023-01-27T20:29:48.244+0000][7][gc,heap     ] GC(12) Humongous regions: 0->0
[2023-01-27T20:29:48.244+0000][7][gc,metaspace] GC(12) Metaspace: 51722K(54812K)->51722K(54812K) NonClass: 44800K(47056K)->44800K(47056K) Class: 6921K(7756K)->6921K(7756K)
[2023-01-27T20:29:48.244+0000][7][gc          ] GC(12) Pause Young (Concurrent Start) (G1 Evacuation Pause) 349M->65M(512M) 12.316ms
[2023-01-27T20:29:48.244+0000][7][gc,cpu      ] GC(12) User=0.09s Sys=0.01s Real=0.01s
[2023-01-27T20:29:48.245+0000][7][gc          ] GC(13) Concurrent Cycle
[2023-01-27T20:29:48.245+0000][7][safepoint   ] Safepoint "G1CollectForAllocation", Time since last: 93069700 ns, Reaching safepoint: 176400 ns, At safepoint: 12674700 ns, Total: 12851100 ns
[2023-01-27T20:29:48.245+0000][7][gc,marking  ] GC(13) Concurrent Clear Claimed Marks
[2023-01-27T20:29:48.245+0000][7][gc,marking  ] GC(13) Concurrent Clear Claimed Marks 0.393ms
[2023-01-27T20:29:48.245+0000][7][gc,marking  ] GC(13) Concurrent Scan Root Regions
[2023-01-27T20:29:48.252+0000][7][gc,marking  ] GC(13) Concurrent Scan Root Regions 6.768ms
[2023-01-27T20:29:48.252+0000][7][gc,marking  ] GC(13) Concurrent Mark (7.837s)
[2023-01-27T20:29:48.252+0000][7][gc,marking  ] GC(13) Concurrent Mark From Roots
[2023-01-27T20:29:48.252+0000][7][gc,task     ] GC(13) Using 3 workers of 3 for marking
[2023-01-27T20:29:48.281+0000][7][gc,marking  ] GC(13) Concurrent Mark From Roots 28.281ms
[2023-01-27T20:29:48.281+0000][7][gc,marking  ] GC(13) Concurrent Preclean
[2023-01-27T20:29:48.281+0000][7][gc,marking  ] GC(13) Concurrent Preclean 0.414ms
[2023-01-27T20:29:48.281+0000][7][gc,marking  ] GC(13) Concurrent Mark (7.837s, 7.867s) 29.153ms
[2023-01-27T20:29:48.282+0000][7][gc,start    ] GC(13) Pause Remark
[2023-01-27T20:29:48.284+0000][7][gc          ] GC(13) Pause Remark 69M->69M(512M) 1.884ms
[2023-01-27T20:29:48.284+0000][7][gc,cpu      ] GC(13) User=0.01s Sys=0.00s Real=0.00s
[2023-01-27T20:29:48.284+0000][7][safepoint   ] Safepoint "G1Concurrent", Time since last: 37007000 ns, Reaching safepoint: 264000 ns, At safepoint: 2277900 ns, Total: 2541900 ns
[2023-01-27T20:29:48.284+0000][7][gc,marking  ] GC(13) Concurrent Rebuild Remembered Sets
[2023-01-27T20:29:48.304+0000][7][gc,marking  ] GC(13) Concurrent Rebuild Remembered Sets 19.970ms
[2023-01-27T20:29:48.305+0000][7][gc,start    ] GC(13) Pause Cleanup
[2023-01-27T20:29:48.305+0000][7][gc          ] GC(13) Pause Cleanup 69M->69M(512M) 0.311ms
[2023-01-27T20:29:48.306+0000][7][gc,cpu      ] GC(13) User=0.00s Sys=0.00s Real=0.00s
[2023-01-27T20:29:48.306+0000][7][safepoint   ] Safepoint "G1Concurrent", Time since last: 20369900 ns, Reaching safepoint: 654300 ns, At safepoint: 677200 ns, Total: 1331500 ns
[2023-01-27T20:29:48.306+0000][7][gc,marking  ] GC(13) Concurrent Cleanup for Next Mark
[2023-01-27T20:29:48.306+0000][7][gc,marking  ] GC(13) Concurrent Cleanup for Next Mark 0.402ms
[2023-01-27T20:29:48.307+0000][7][gc          ] GC(13) Concurrent Cycle 61.989ms
[2023-01-27T20:29:49.271+0000][7][safepoint   ] Safepoint "ICBufferFull", Time since last: 964164300 ns, Reaching safepoint: 1341600 ns, At safepoint: 23900 ns, Total: 1365500 ns
[2023-01-27T20:29:49.976+0000][7][safepoint   ] Safepoint "ICBufferFull", Time since last: 704927900 ns, Reaching safepoint: 177500 ns, At safepoint: 31400 ns, Total: 208900 ns
[2023-01-27T20:29:50.497+0000][7][safepoint   ] Safepoint "ICBufferFull", Time since last: 520703200 ns, Reaching safepoint: 284300 ns, At safepoint: 16700 ns, Total: 301000 ns
[2023-01-27T20:29:50.739+0000][7][safepoint   ] Safepoint "ICBufferFull", Time since last: 240787300 ns, Reaching safepoint: 202900 ns, At safepoint: 58100 ns, Total: 261000 ns
[2023-01-27T20:29:51.297+0000][7][gc,start    ] GC(14) Pause Young (Concurrent Start) (Metadata GC Threshold)
[2023-01-27T20:29:51.297+0000][7][gc,task     ] GC(14) Using 10 workers of 10 for evacuation
[2023-01-27T20:29:51.297+0000][7][gc,age      ] GC(14) Desired survivor size 20971520 bytes, new threshold 15 (max threshold 15)
[2023-01-27T20:29:51.313+0000][7][gc,age      ] GC(14) Age table with threshold 15 (max threshold 15)
[2023-01-27T20:29:51.313+0000][7][gc,age      ] GC(14) - age   1:   14039096 bytes,   14039096 total
[2023-01-27T20:29:51.314+0000][7][gc,age      ] GC(14) - age   2:    6142488 bytes,   20181584 total
[2023-01-27T20:29:51.314+0000][7][gc,age      ] GC(14) - age   3:   12638568 bytes,   32820152 total
[2023-01-27T20:29:51.314+0000][7][gc,phases   ] GC(14)   Pre Evacuate Collection Set: 0.2ms
[2023-01-27T20:29:51.314+0000][7][gc,phases   ] GC(14)   Merge Heap Roots: 0.1ms
[2023-01-27T20:29:51.314+0000][7][gc,phases   ] GC(14)   Evacuate Collection Set: 13.9ms
[2023-01-27T20:29:51.314+0000][7][gc,phases   ] GC(14)   Post Evacuate Collection Set: 2.1ms
[2023-01-27T20:29:51.315+0000][7][gc,phases   ] GC(14)   Other: 1.1ms
[2023-01-27T20:29:51.315+0000][7][gc,heap     ] GC(14) Eden regions: 60->0(67)
[2023-01-27T20:29:51.315+0000][7][gc,heap     ] GC(14) Survivor regions: 5->9(10)
[2023-01-27T20:29:51.315+0000][7][gc,heap     ] GC(14) Old regions: 11->11
[2023-01-27T20:29:51.315+0000][7][gc,heap     ] GC(14) Archive regions: 2->2
[2023-01-27T20:29:51.315+0000][7][gc,heap     ] GC(14) Humongous regions: 2->2
[2023-01-27T20:29:51.315+0000][7][gc,metaspace] GC(14) Metaspace: 87850K(91996K)->87850K(91996K) NonClass: 75953K(78992K)->75953K(78992K) Class: 11897K(13004K)->11897K(13004K)
[2023-01-27T20:29:51.316+0000][7][gc          ] GC(14) Pause Young (Concurrent Start) (Metadata GC Threshold) 313M->86M(512M) 19.075ms
[2023-01-27T20:29:51.316+0000][7][gc,cpu      ] GC(14) User=0.14s Sys=0.01s Real=0.02s
[2023-01-27T20:29:51.316+0000][7][gc          ] GC(15) Concurrent Cycle
[2023-01-27T20:29:51.316+0000][7][gc,marking  ] GC(15) Concurrent Clear Claimed Marks
[2023-01-27T20:29:51.316+0000][7][safepoint   ] Safepoint "CollectForMetadataAllocation", Time since last: 557902100 ns, Reaching safepoint: 160600 ns, At safepoint: 19548000 ns, Total: 19708600 ns
[2023-01-27T20:29:51.316+0000][7][gc,marking  ] GC(15) Concurrent Clear Claimed Marks 0.236ms
[2023-01-27T20:29:51.317+0000][7][gc,marking  ] GC(15) Concurrent Scan Root Regions
[2023-01-27T20:29:51.327+0000][7][gc,marking  ] GC(15) Concurrent Scan Root Regions 9.972ms
[2023-01-27T20:29:51.327+0000][7][gc,marking  ] GC(15) Concurrent Mark (10.912s)
[2023-01-27T20:29:51.327+0000][7][gc,marking  ] GC(15) Concurrent Mark From Roots
[2023-01-27T20:29:51.327+0000][7][gc,task     ] GC(15) Using 3 workers of 3 for marking
[2023-01-27T20:29:51.357+0000][7][gc,marking  ] GC(15) Concurrent Mark From Roots 30.515ms
[2023-01-27T20:29:51.358+0000][7][gc,marking  ] GC(15) Concurrent Preclean
[2023-01-27T20:29:51.358+0000][7][gc,marking  ] GC(15) Concurrent Preclean 0.568ms
[2023-01-27T20:29:51.358+0000][7][gc,marking  ] GC(15) Concurrent Mark (10.912s, 10.944s) 31.696ms
[2023-01-27T20:29:51.359+0000][7][gc,start    ] GC(15) Pause Remark
[2023-01-27T20:29:51.361+0000][7][gc          ] GC(15) Pause Remark 90M->90M(512M) 2.378ms
[2023-01-27T20:29:51.362+0000][7][gc,cpu      ] GC(15) User=0.02s Sys=0.00s Real=0.00s
[2023-01-27T20:29:51.362+0000][7][safepoint   ] Safepoint "G1Concurrent", Time since last: 42540000 ns, Reaching safepoint: 261200 ns, At safepoint: 2938800 ns, Total: 3200000 ns
[2023-01-27T20:29:51.362+0000][7][gc,marking  ] GC(15) Concurrent Rebuild Remembered Sets
[2023-01-27T20:29:51.388+0000][7][gc,marking  ] GC(15) Concurrent Rebuild Remembered Sets 25.604ms
[2023-01-27T20:29:51.389+0000][7][gc,start    ] GC(15) Pause Cleanup
[2023-01-27T20:29:51.389+0000][7][gc          ] GC(15) Pause Cleanup 90M->90M(512M) 0.380ms
[2023-01-27T20:29:51.389+0000][7][gc,cpu      ] GC(15) User=0.00s Sys=0.00s Real=0.00s
[2023-01-27T20:29:51.390+0000][7][safepoint   ] Safepoint "G1Concurrent", Time since last: 26190100 ns, Reaching safepoint: 691600 ns, At safepoint: 849500 ns, Total: 1541100 ns
[2023-01-27T20:29:51.390+0000][7][gc,marking  ] GC(15) Concurrent Cleanup for Next Mark
[2023-01-27T20:29:51.390+0000][7][gc,marking  ] GC(15) Concurrent Cleanup for Next Mark 0.487ms
[2023-01-27T20:29:51.391+0000][7][gc          ] GC(15) Concurrent Cycle 74.564ms
[2023-01-27T20:29:52.390+0000][7][safepoint   ] Safepoint "Cleanup", Time since last: 1000142300 ns, Reaching safepoint: 272300 ns, At safepoint: 4000 ns, Total: 276300 ns
[2023-01-27T20:29:54.391+0000][7][safepoint   ] Safepoint "Cleanup", Time since last: 2000655400 ns, Reaching safepoint: 184300 ns, At safepoint: 14400 ns, Total: 198700 ns
[2023-01-27T20:29:55.391+0000][7][safepoint   ] Safepoint "Cleanup", Time since last: 1000282500 ns, Reaching safepoint: 163600 ns, At safepoint: 15500 ns, Total: 179100 ns
[2023-01-27T20:29:56.392+0000][7][safepoint   ] Safepoint "Cleanup", Time since last: 1000276900 ns, Reaching safepoint: 158400 ns, At safepoint: 14500 ns, Total: 172900 ns
[2023-01-27T20:29:58.393+0000][7][safepoint   ] Safepoint "Cleanup", Time since last: 2000560000 ns, Reaching safepoint: 278400 ns, At safepoint: 18500 ns, Total: 296900 ns
[2023-01-27T20:30:06.395+0000][7][safepoint   ] Safepoint "Cleanup", Time since last: 8001747800 ns, Reaching safepoint: 210500 ns, At safepoint: 36300 ns, Total: 246800 ns
[2023-01-27T20:30:08.395+0000][7][safepoint   ] Safepoint "Cleanup", Time since last: 2000527200 ns, Reaching safepoint: 192700 ns, At safepoint: 17800 ns, Total: 210500 ns
[2023-01-27T20:30:10.396+0000][7][safepoint   ] Safepoint "Cleanup", Time since last: 2000406100 ns, Reaching safepoint: 257900 ns, At safepoint: 19500 ns, Total: 277400 ns
[2023-01-27T20:30:11.745+0000][7][gc,heap,exit] Heap
[2023-01-27T20:30:11.745+0000][7][gc,heap,exit]  garbage-first heap   total 524288K, used 134050K [0x00000000e0000000, 0x0000000100000000)
[2023-01-27T20:30:11.745+0000][7][gc,heap,exit]   region size 4096K, 21 young (86016K), 9 survivors (36864K)
[2023-01-27T20:30:11.745+0000][7][gc,heap,exit]  Metaspace       used 89268K, capacity 92670K, committed 93480K, reserved 1130496K
[2023-01-27T20:30:11.745+0000][7][gc,heap,exit]   class space    used 12104K, capacity 13144K, committed 13208K, reserved 1048576K
