[2022-12-27T19:51:57.235+0000][7][gc] Using G1
[2022-12-27T19:51:57.342+0000][7][gc,init] Version: 15.0.1+9 (release)
[2022-12-27T19:51:57.342+0000][7][gc,init] CPUs: 12 total, 12 available
[2022-12-27T19:51:57.343+0000][7][gc,init] Memory: 12647M
[2022-12-27T19:51:57.343+0000][7][gc,init] Large Page Support: Disabled
[2022-12-27T19:51:57.343+0000][7][gc,init] NUMA Support: Disabled
[2022-12-27T19:51:57.344+0000][7][gc,init] Compressed Oops: Enabled (32-bit)
[2022-12-27T19:51:57.344+0000][7][gc,init] Heap Region Size: 4M
[2022-12-27T19:51:57.344+0000][7][gc,init] Heap Min Capacity: 512M
[2022-12-27T19:51:57.345+0000][7][gc,init] Heap Initial Capacity: 512M
[2022-12-27T19:51:57.345+0000][7][gc,init] Heap Max Capacity: 512M
[2022-12-27T19:51:57.345+0000][7][gc,init] Pre-touch: Enabled
[2022-12-27T19:51:57.346+0000][7][gc,init] Parallel Workers: 10
[2022-12-27T19:51:57.346+0000][7][gc,init] Concurrent Workers: 3
[2022-12-27T19:51:57.346+0000][7][gc,init] Concurrent Refinement Workers: 10
[2022-12-27T19:51:57.347+0000][7][gc,init] Periodic GC: Disabled
[2022-12-27T19:51:57.347+0000][7][gc,cds ] Mark closed archive regions in map: [0x00000000ffc00000, 0x00000000ffc7bff8]
[2022-12-27T19:51:57.347+0000][7][gc,cds ] Mark open archive regions in map: [0x00000000ffb00000, 0x00000000ffb51ff8]
[2022-12-27T19:51:57.348+0000][7][gc,metaspace] CDS archive(s) mapped at: [0x0000000800000000-0x0000000800b2a000-0x0000000800b2a000), size 11706368, SharedBaseAddress: 0x0000000800000000, ArchiveRelocationMode: 0.
[2022-12-27T19:51:57.348+0000][7][gc,metaspace] Compressed class space mapped at: 0x0000000800b2c000-0x0000000840b2c000, size: 1073741824
[2022-12-27T19:51:57.348+0000][7][gc,metaspace] Narrow klass base: 0x0000000800000000, Narrow klass shift: 3, Narrow klass range: 0x100000000
[2022-12-27T19:51:57.614+0000][7][safepoint   ] Safepoint "ICBufferFull", Time since last: 255776300 ns, Reaching safepoint: 207600 ns, At safepoint: 28800 ns, Total: 236400 ns
[2022-12-27T19:51:57.800+0000][7][gc,start    ] GC(0) Pause Young (Normal) (G1 Evacuation Pause)
[2022-12-27T19:51:57.802+0000][7][gc,task     ] GC(0) Using 10 workers of 10 for evacuation
[2022-12-27T19:51:57.802+0000][7][gc,age      ] GC(0) Desired survivor size 2097152 bytes, new threshold 15 (max threshold 15)
[2022-12-27T19:51:57.806+0000][7][gc,age      ] GC(0) Age table with threshold 15 (max threshold 15)
[2022-12-27T19:51:57.806+0000][7][gc,age      ] GC(0) - age   1:    4170952 bytes,    4170952 total
[2022-12-27T19:51:57.806+0000][7][gc,phases   ] GC(0)   Pre Evacuate Collection Set: 0.2ms
[2022-12-27T19:51:57.807+0000][7][gc,phases   ] GC(0)   Merge Heap Roots: 0.3ms
[2022-12-27T19:51:57.807+0000][7][gc,phases   ] GC(0)   Evacuate Collection Set: 1.6ms
[2022-12-27T19:51:57.807+0000][7][gc,phases   ] GC(0)   Post Evacuate Collection Set: 0.9ms
[2022-12-27T19:51:57.807+0000][7][gc,phases   ] GC(0)   Other: 3.2ms
[2022-12-27T19:51:57.808+0000][7][gc,heap     ] GC(0) Eden regions: 6->0(6)
[2022-12-27T19:51:57.808+0000][7][gc,heap     ] GC(0) Survivor regions: 0->1(1)
[2022-12-27T19:51:57.808+0000][7][gc,heap     ] GC(0) Old regions: 0->1
[2022-12-27T19:51:57.809+0000][7][gc,heap     ] GC(0) Archive regions: 2->2
[2022-12-27T19:51:57.809+0000][7][gc,heap     ] GC(0) Humongous regions: 0->0
[2022-12-27T19:51:57.809+0000][7][gc,metaspace] GC(0) Metaspace: 8416K(9344K)->8416K(9344K) NonClass: 7467K(8192K)->7467K(8192K) Class: 948K(1152K)->948K(1152K)
[2022-12-27T19:51:57.809+0000][7][gc          ] GC(0) Pause Young (Normal) (G1 Evacuation Pause) 27M->7M(512M) 9.285ms
[2022-12-27T19:51:57.810+0000][7][gc,cpu      ] GC(0) User=0.02s Sys=0.01s Real=0.01s
[2022-12-27T19:51:57.810+0000][7][safepoint   ] Safepoint "G1CollectForAllocation", Time since last: 186272000 ns, Reaching safepoint: 158100 ns, At safepoint: 9840800 ns, Total: 9998900 ns
[2022-12-27T19:51:58.314+0000][7][gc,start    ] GC(1) Pause Young (Normal) (G1 Evacuation Pause)
[2022-12-27T19:51:58.314+0000][7][gc,task     ] GC(1) Using 10 workers of 10 for evacuation
[2022-12-27T19:51:58.314+0000][7][gc,age      ] GC(1) Desired survivor size 2097152 bytes, new threshold 1 (max threshold 15)
[2022-12-27T19:51:58.318+0000][7][gc,age      ] GC(1) Age table with threshold 1 (max threshold 15)
[2022-12-27T19:51:58.318+0000][7][gc,age      ] GC(1) - age   1:    2053896 bytes,    2053896 total
[2022-12-27T19:51:58.318+0000][7][gc,phases   ] GC(1)   Pre Evacuate Collection Set: 0.3ms
[2022-12-27T19:51:58.318+0000][7][gc,phases   ] GC(1)   Merge Heap Roots: 0.2ms
[2022-12-27T19:51:58.319+0000][7][gc,phases   ] GC(1)   Evacuate Collection Set: 1.9ms
[2022-12-27T19:51:58.319+0000][7][gc,phases   ] GC(1)   Post Evacuate Collection Set: 0.8ms
[2022-12-27T19:51:58.319+0000][7][gc,phases   ] GC(1)   Other: 1.4ms
[2022-12-27T19:51:58.319+0000][7][gc,heap     ] GC(1) Eden regions: 6->0(13)
[2022-12-27T19:51:58.319+0000][7][gc,heap     ] GC(1) Survivor regions: 1->1(1)
[2022-12-27T19:51:58.320+0000][7][gc,heap     ] GC(1) Old regions: 1->2
[2022-12-27T19:51:58.320+0000][7][gc,heap     ] GC(1) Archive regions: 2->2
[2022-12-27T19:51:58.320+0000][7][gc,heap     ] GC(1) Humongous regions: 0->0
[2022-12-27T19:51:58.320+0000][7][gc,metaspace] GC(1) Metaspace: 12910K(13184K)->12910K(13184K) NonClass: 11392K(11520K)->11392K(11520K) Class: 1518K(1664K)->1518K(1664K)
[2022-12-27T19:51:58.320+0000][7][gc          ] GC(1) Pause Young (Normal) (G1 Evacuation Pause) 31M->10M(512M) 6.815ms
[2022-12-27T19:51:58.321+0000][7][gc,cpu      ] GC(1) User=0.02s Sys=0.00s Real=0.00s
[2022-12-27T19:51:58.321+0000][7][safepoint   ] Safepoint "G1CollectForAllocation", Time since last: 503419600 ns, Reaching safepoint: 312000 ns, At safepoint: 7251900 ns, Total: 7563900 ns
[2022-12-27T19:51:58.641+0000][7][safepoint   ] Safepoint "ICBufferFull", Time since last: 319608500 ns, Reaching safepoint: 236100 ns, At safepoint: 29000 ns, Total: 265100 ns
[2022-12-27T19:51:58.680+0000][7][gc,start    ] GC(2) Pause Young (Normal) (G1 Evacuation Pause)
[2022-12-27T19:51:58.680+0000][7][gc,task     ] GC(2) Using 10 workers of 10 for evacuation
[2022-12-27T19:51:58.680+0000][7][gc,age      ] GC(2) Desired survivor size 4194304 bytes, new threshold 15 (max threshold 15)
[2022-12-27T19:51:58.683+0000][7][gc,age      ] GC(2) Age table with threshold 15 (max threshold 15)
[2022-12-27T19:51:58.684+0000][7][gc,age      ] GC(2) - age   1:    1196928 bytes,    1196928 total
[2022-12-27T19:51:58.684+0000][7][gc,age      ] GC(2) - age   2:    2033232 bytes,    3230160 total
[2022-12-27T19:51:58.684+0000][7][gc,phases   ] GC(2)   Pre Evacuate Collection Set: 0.2ms
[2022-12-27T19:51:58.685+0000][7][gc,phases   ] GC(2)   Merge Heap Roots: 0.3ms
[2022-12-27T19:51:58.685+0000][7][gc,phases   ] GC(2)   Evacuate Collection Set: 1.4ms
[2022-12-27T19:51:58.685+0000][7][gc,phases   ] GC(2)   Post Evacuate Collection Set: 1.1ms
[2022-12-27T19:51:58.685+0000][7][gc,phases   ] GC(2)   Other: 1.8ms
[2022-12-27T19:51:58.685+0000][7][gc,heap     ] GC(2) Eden regions: 13->0(74)
[2022-12-27T19:51:58.685+0000][7][gc,heap     ] GC(2) Survivor regions: 1->1(2)
[2022-12-27T19:51:58.685+0000][7][gc,heap     ] GC(2) Old regions: 2->2
[2022-12-27T19:51:58.686+0000][7][gc,heap     ] GC(2) Archive regions: 2->2
[2022-12-27T19:51:58.686+0000][7][gc,heap     ] GC(2) Humongous regions: 0->0
[2022-12-27T19:51:58.686+0000][7][gc,metaspace] GC(2) Metaspace: 14829K(15488K)->14829K(15488K) NonClass: 13126K(13568K)->13126K(13568K) Class: 1702K(1920K)->1702K(1920K)
[2022-12-27T19:51:58.686+0000][7][gc          ] GC(2) Pause Young (Normal) (G1 Evacuation Pause) 62M->11M(512M) 6.385ms
[2022-12-27T19:51:58.686+0000][7][gc,cpu      ] GC(2) User=0.02s Sys=0.02s Real=0.01s
[2022-12-27T19:51:58.686+0000][7][safepoint   ] Safepoint "G1CollectForAllocation", Time since last: 38738200 ns, Reaching safepoint: 188600 ns, At safepoint: 6802400 ns, Total: 6991000 ns
[2022-12-27T19:51:58.746+0000][7][safepoint   ] Safepoint "ICBufferFull", Time since last: 59822100 ns, Reaching safepoint: 170100 ns, At safepoint: 28800 ns, Total: 198900 ns
[2022-12-27T19:51:58.751+0000][7][safepoint   ] Safepoint "ICBufferFull", Time since last: 3734800 ns, Reaching safepoint: 254400 ns, At safepoint: 52700 ns, Total: 307100 ns
[2022-12-27T19:51:58.754+0000][7][safepoint   ] Safepoint "ICBufferFull", Time since last: 2736000 ns, Reaching safepoint: 214300 ns, At safepoint: 15000 ns, Total: 229300 ns
[2022-12-27T19:51:58.756+0000][7][safepoint   ] Safepoint "ICBufferFull", Time since last: 1981000 ns, Reaching safepoint: 218300 ns, At safepoint: 24700 ns, Total: 243000 ns
[2022-12-27T19:51:58.759+0000][7][safepoint   ] Safepoint "ICBufferFull", Time since last: 3117500 ns, Reaching safepoint: 178500 ns, At safepoint: 15500 ns, Total: 194000 ns
[2022-12-27T19:51:58.761+0000][7][safepoint   ] Safepoint "ICBufferFull", Time since last: 2111300 ns, Reaching safepoint: 166200 ns, At safepoint: 4500 ns, Total: 170700 ns
[2022-12-27T19:51:58.764+0000][7][safepoint   ] Safepoint "ICBufferFull", Time since last: 1939400 ns, Reaching safepoint: 314700 ns, At safepoint: 19900 ns, Total: 334600 ns
[2022-12-27T19:51:58.766+0000][7][safepoint   ] Safepoint "ICBufferFull", Time since last: 2394000 ns, Reaching safepoint: 194600 ns, At safepoint: 14500 ns, Total: 209100 ns
[2022-12-27T19:51:58.768+0000][7][safepoint   ] Safepoint "ICBufferFull", Time since last: 2055100 ns, Reaching safepoint: 191000 ns, At safepoint: 14700 ns, Total: 205700 ns
[2022-12-27T19:51:58.771+0000][7][safepoint   ] Safepoint "ICBufferFull", Time since last: 2499000 ns, Reaching safepoint: 263500 ns, At safepoint: 19500 ns, Total: 283000 ns
[2022-12-27T19:51:58.774+0000][7][safepoint   ] Safepoint "ICBufferFull", Time since last: 2121600 ns, Reaching safepoint: 154400 ns, At safepoint: 14800 ns, Total: 169200 ns
[2022-12-27T19:51:58.776+0000][7][safepoint   ] Safepoint "ICBufferFull", Time since last: 2405500 ns, Reaching safepoint: 165200 ns, At safepoint: 14400 ns, Total: 179600 ns
[2022-12-27T19:51:58.779+0000][7][safepoint   ] Safepoint "ICBufferFull", Time since last: 2816700 ns, Reaching safepoint: 344000 ns, At safepoint: 62000 ns, Total: 406000 ns
[2022-12-27T19:51:58.783+0000][7][safepoint   ] Safepoint "ICBufferFull", Time since last: 3307100 ns, Reaching safepoint: 202200 ns, At safepoint: 34700 ns, Total: 236900 ns
[2022-12-27T19:51:58.787+0000][7][safepoint   ] Safepoint "ICBufferFull", Time since last: 3987400 ns, Reaching safepoint: 242100 ns, At safepoint: 19000 ns, Total: 261100 ns
[2022-12-27T19:51:58.789+0000][7][safepoint   ] Safepoint "ICBufferFull", Time since last: 2142000 ns, Reaching safepoint: 190200 ns, At safepoint: 28900 ns, Total: 219100 ns
[2022-12-27T19:51:58.792+0000][7][safepoint   ] Safepoint "ICBufferFull", Time since last: 2159000 ns, Reaching safepoint: 216100 ns, At safepoint: 26300 ns, Total: 242400 ns
[2022-12-27T19:51:58.796+0000][7][safepoint   ] Safepoint "ICBufferFull", Time since last: 3754400 ns, Reaching safepoint: 171000 ns, At safepoint: 14900 ns, Total: 185900 ns
[2022-12-27T19:51:58.800+0000][7][safepoint   ] Safepoint "ICBufferFull", Time since last: 4031400 ns, Reaching safepoint: 266500 ns, At safepoint: 99300 ns, Total: 365800 ns
[2022-12-27T19:51:58.801+0000][7][safepoint   ] Safepoint "ICBufferFull", Time since last: 928900 ns, Reaching safepoint: 165900 ns, At safepoint: 42900 ns, Total: 208800 ns
[2022-12-27T19:51:58.803+0000][7][safepoint   ] Safepoint "ICBufferFull", Time since last: 919200 ns, Reaching safepoint: 216500 ns, At safepoint: 44300 ns, Total: 260800 ns
[2022-12-27T19:51:58.804+0000][7][safepoint   ] Safepoint "ICBufferFull", Time since last: 984200 ns, Reaching safepoint: 178900 ns, At safepoint: 39900 ns, Total: 218800 ns
[2022-12-27T19:51:58.805+0000][7][safepoint   ] Safepoint "ICBufferFull", Time since last: 926400 ns, Reaching safepoint: 163500 ns, At safepoint: 24800 ns, Total: 188300 ns
[2022-12-27T19:51:58.806+0000][7][safepoint   ] Safepoint "ICBufferFull", Time since last: 1017800 ns, Reaching safepoint: 171300 ns, At safepoint: 30100 ns, Total: 201400 ns
[2022-12-27T19:51:58.807+0000][7][safepoint   ] Safepoint "ICBufferFull", Time since last: 929800 ns, Reaching safepoint: 221300 ns, At safepoint: 30500 ns, Total: 251800 ns
[2022-12-27T19:51:58.809+0000][7][safepoint   ] Safepoint "ICBufferFull", Time since last: 934000 ns, Reaching safepoint: 295600 ns, At safepoint: 29500 ns, Total: 325100 ns
[2022-12-27T19:51:58.810+0000][7][safepoint   ] Safepoint "ICBufferFull", Time since last: 944200 ns, Reaching safepoint: 164800 ns, At safepoint: 14000 ns, Total: 178800 ns
[2022-12-27T19:51:58.811+0000][7][safepoint   ] Safepoint "ICBufferFull", Time since last: 1064900 ns, Reaching safepoint: 138500 ns, At safepoint: 17200 ns, Total: 155700 ns
[2022-12-27T19:51:58.812+0000][7][safepoint   ] Safepoint "ICBufferFull", Time since last: 1085000 ns, Reaching safepoint: 171600 ns, At safepoint: 18800 ns, Total: 190400 ns
[2022-12-27T19:51:58.814+0000][7][safepoint   ] Safepoint "ICBufferFull", Time since last: 1408100 ns, Reaching safepoint: 189900 ns, At safepoint: 15200 ns, Total: 205100 ns
[2022-12-27T19:51:58.815+0000][7][safepoint   ] Safepoint "ICBufferFull", Time since last: 949600 ns, Reaching safepoint: 215000 ns, At safepoint: 79100 ns, Total: 294100 ns
[2022-12-27T19:51:58.816+0000][7][safepoint   ] Safepoint "ICBufferFull", Time since last: 1153200 ns, Reaching safepoint: 213300 ns, At safepoint: 77200 ns, Total: 290500 ns
[2022-12-27T19:51:58.846+0000][7][safepoint   ] Safepoint "ICBufferFull", Time since last: 29055300 ns, Reaching safepoint: 292500 ns, At safepoint: 41700 ns, Total: 334200 ns
[2022-12-27T19:51:59.043+0000][7][safepoint   ] Safepoint "ICBufferFull", Time since last: 197034200 ns, Reaching safepoint: 301900 ns, At safepoint: 38800 ns, Total: 340700 ns
[2022-12-27T19:51:59.216+0000][7][gc,start    ] GC(3) Pause Young (Normal) (G1 Evacuation Pause)
[2022-12-27T19:51:59.216+0000][7][gc,task     ] GC(3) Using 10 workers of 10 for evacuation
[2022-12-27T19:51:59.217+0000][7][gc,age      ] GC(3) Desired survivor size 20971520 bytes, new threshold 15 (max threshold 15)
[2022-12-27T19:51:59.221+0000][7][gc,age      ] GC(3) Age table with threshold 15 (max threshold 15)
[2022-12-27T19:51:59.222+0000][7][gc,age      ] GC(3) - age   1:    6415176 bytes,    6415176 total
[2022-12-27T19:51:59.222+0000][7][gc,age      ] GC(3) - age   2:    1171968 bytes,    7587144 total
[2022-12-27T19:51:59.222+0000][7][gc,age      ] GC(3) - age   3:    2018952 bytes,    9606096 total
[2022-12-27T19:51:59.222+0000][7][gc,phases   ] GC(3)   Pre Evacuate Collection Set: 0.2ms
[2022-12-27T19:51:59.223+0000][7][gc,phases   ] GC(3)   Merge Heap Roots: 0.2ms
[2022-12-27T19:51:59.223+0000][7][gc,phases   ] GC(3)   Evacuate Collection Set: 2.7ms
[2022-12-27T19:51:59.223+0000][7][gc,phases   ] GC(3)   Post Evacuate Collection Set: 1.0ms
[2022-12-27T19:51:59.223+0000][7][gc,phases   ] GC(3)   Other: 2.3ms
[2022-12-27T19:51:59.224+0000][7][gc,heap     ] GC(3) Eden regions: 74->0(73)
[2022-12-27T19:51:59.224+0000][7][gc,heap     ] GC(3) Survivor regions: 1->3(10)
[2022-12-27T19:51:59.224+0000][7][gc,heap     ] GC(3) Old regions: 2->2
[2022-12-27T19:51:59.224+0000][7][gc,heap     ] GC(3) Archive regions: 2->2
[2022-12-27T19:51:59.224+0000][7][gc,heap     ] GC(3) Humongous regions: 0->0
[2022-12-27T19:51:59.225+0000][7][gc,metaspace] GC(3) Metaspace: 18632K(19712K)->18632K(19712K) NonClass: 16379K(17152K)->16379K(17152K) Class: 2253K(2560K)->2253K(2560K)
[2022-12-27T19:51:59.225+0000][7][gc          ] GC(3) Pause Young (Normal) (G1 Evacuation Pause) 307M->17M(512M) 8.960ms
[2022-12-27T19:51:59.225+0000][7][gc,cpu      ] GC(3) User=0.05s Sys=0.00s Real=0.01s
[2022-12-27T19:51:59.225+0000][7][safepoint   ] Safepoint "G1CollectForAllocation", Time since last: 172536900 ns, Reaching safepoint: 195500 ns, At safepoint: 9476400 ns, Total: 9671900 ns
[2022-12-27T19:51:59.537+0000][7][gc,start    ] GC(4) Pause Young (Normal) (G1 Evacuation Pause)
[2022-12-27T19:51:59.538+0000][7][gc,task     ] GC(4) Using 10 workers of 10 for evacuation
[2022-12-27T19:51:59.538+0000][7][gc,age      ] GC(4) Desired survivor size 20971520 bytes, new threshold 15 (max threshold 15)
[2022-12-27T19:51:59.543+0000][7][gc,age      ] GC(4) Age table with threshold 15 (max threshold 15)
[2022-12-27T19:51:59.543+0000][7][gc,age      ] GC(4) - age   1:    2157152 bytes,    2157152 total
[2022-12-27T19:51:59.543+0000][7][gc,age      ] GC(4) - age   2:    5441880 bytes,    7599032 total
[2022-12-27T19:51:59.544+0000][7][gc,age      ] GC(4) - age   3:    1171968 bytes,    8771000 total
[2022-12-27T19:51:59.544+0000][7][gc,age      ] GC(4) - age   4:    2018952 bytes,   10789952 total
[2022-12-27T19:51:59.544+0000][7][gc,phases   ] GC(4)   Pre Evacuate Collection Set: 0.3ms
[2022-12-27T19:51:59.545+0000][7][gc,phases   ] GC(4)   Merge Heap Roots: 0.2ms
[2022-12-27T19:51:59.545+0000][7][gc,phases   ] GC(4)   Evacuate Collection Set: 2.6ms
[2022-12-27T19:51:59.545+0000][7][gc,phases   ] GC(4)   Post Evacuate Collection Set: 1.1ms
[2022-12-27T19:51:59.545+0000][7][gc,phases   ] GC(4)   Other: 2.8ms
[2022-12-27T19:51:59.546+0000][7][gc,heap     ] GC(4) Eden regions: 73->0(73)
[2022-12-27T19:51:59.546+0000][7][gc,heap     ] GC(4) Survivor regions: 3->3(10)
[2022-12-27T19:51:59.546+0000][7][gc,heap     ] GC(4) Old regions: 2->2
[2022-12-27T19:51:59.546+0000][7][gc,heap     ] GC(4) Archive regions: 2->2
[2022-12-27T19:51:59.547+0000][7][gc,heap     ] GC(4) Humongous regions: 0->0
[2022-12-27T19:51:59.547+0000][7][gc,metaspace] GC(4) Metaspace: 19135K(20224K)->19135K(20224K) NonClass: 16828K(17664K)->16828K(17664K) Class: 2306K(2560K)->2306K(2560K)
[2022-12-27T19:51:59.547+0000][7][gc          ] GC(4) Pause Young (Normal) (G1 Evacuation Pause) 309M->19M(512M) 10.031ms
[2022-12-27T19:51:59.548+0000][7][gc,cpu      ] GC(4) User=0.04s Sys=0.00s Real=0.01s
[2022-12-27T19:51:59.548+0000][7][safepoint   ] Safepoint "G1CollectForAllocation", Time since last: 311553100 ns, Reaching safepoint: 299100 ns, At safepoint: 10666700 ns, Total: 10965800 ns
[2022-12-27T19:51:59.799+0000][7][gc,start    ] GC(5) Pause Young (Normal) (G1 Evacuation Pause)
[2022-12-27T19:51:59.800+0000][7][gc,task     ] GC(5) Using 10 workers of 10 for evacuation
[2022-12-27T19:51:59.800+0000][7][gc,age      ] GC(5) Desired survivor size 20971520 bytes, new threshold 15 (max threshold 15)
[2022-12-27T19:51:59.805+0000][7][gc,age      ] GC(5) Age table with threshold 15 (max threshold 15)
[2022-12-27T19:51:59.806+0000][7][gc,age      ] GC(5) - age   1:     597176 bytes,     597176 total
[2022-12-27T19:51:59.806+0000][7][gc,age      ] GC(5) - age   2:    1963912 bytes,    2561088 total
[2022-12-27T19:51:59.807+0000][7][gc,age      ] GC(5) - age   3:    5437704 bytes,    7998792 total
[2022-12-27T19:51:59.807+0000][7][gc,age      ] GC(5) - age   4:    1171968 bytes,    9170760 total
[2022-12-27T19:51:59.807+0000][7][gc,age      ] GC(5) - age   5:    2018952 bytes,   11189712 total
[2022-12-27T19:51:59.808+0000][7][gc,phases   ] GC(5)   Pre Evacuate Collection Set: 0.2ms
[2022-12-27T19:51:59.808+0000][7][gc,phases   ] GC(5)   Merge Heap Roots: 0.2ms
[2022-12-27T19:51:59.808+0000][7][gc,phases   ] GC(5)   Evacuate Collection Set: 3.6ms
[2022-12-27T19:51:59.809+0000][7][gc,phases   ] GC(5)   Post Evacuate Collection Set: 1.2ms
[2022-12-27T19:51:59.809+0000][7][gc,phases   ] GC(5)   Other: 3.4ms
[2022-12-27T19:51:59.809+0000][7][gc,heap     ] GC(5) Eden regions: 73->0(73)
[2022-12-27T19:51:59.809+0000][7][gc,heap     ] GC(5) Survivor regions: 3->3(10)
[2022-12-27T19:51:59.810+0000][7][gc,heap     ] GC(5) Old regions: 2->2
[2022-12-27T19:51:59.810+0000][7][gc,heap     ] GC(5) Archive regions: 2->2
[2022-12-27T19:51:59.810+0000][7][gc,heap     ] GC(5) Humongous regions: 0->0
[2022-12-27T19:51:59.810+0000][7][gc,metaspace] GC(5) Metaspace: 19525K(20608K)->19525K(20608K) NonClass: 17146K(17920K)->17146K(17920K) Class: 2378K(2688K)->2378K(2688K)
[2022-12-27T19:51:59.811+0000][7][gc          ] GC(5) Pause Young (Normal) (G1 Evacuation Pause) 311M->19M(512M) 11.556ms
[2022-12-27T19:51:59.811+0000][7][gc,cpu      ] GC(5) User=0.05s Sys=0.00s Real=0.01s
[2022-12-27T19:51:59.811+0000][7][safepoint   ] Safepoint "G1CollectForAllocation", Time since last: 250828400 ns, Reaching safepoint: 271000 ns, At safepoint: 11849600 ns, Total: 12120600 ns
[2022-12-27T19:52:00.074+0000][7][gc,start    ] GC(6) Pause Young (Normal) (G1 Evacuation Pause)
[2022-12-27T19:52:00.074+0000][7][gc,task     ] GC(6) Using 10 workers of 10 for evacuation
[2022-12-27T19:52:00.075+0000][7][gc,age      ] GC(6) Desired survivor size 20971520 bytes, new threshold 15 (max threshold 15)
[2022-12-27T19:52:00.079+0000][7][gc,age      ] GC(6) Age table with threshold 15 (max threshold 15)
[2022-12-27T19:52:00.080+0000][7][gc,age      ] GC(6) - age   1:    2094984 bytes,    2094984 total
[2022-12-27T19:52:00.080+0000][7][gc,age      ] GC(6) - age   2:     559704 bytes,    2654688 total
[2022-12-27T19:52:00.080+0000][7][gc,age      ] GC(6) - age   3:    1962808 bytes,    4617496 total
[2022-12-27T19:52:00.081+0000][7][gc,age      ] GC(6) - age   4:    5436192 bytes,   10053688 total
[2022-12-27T19:52:00.081+0000][7][gc,age      ] GC(6) - age   5:    1171792 bytes,   11225480 total
[2022-12-27T19:52:00.082+0000][7][gc,age      ] GC(6) - age   6:    2018952 bytes,   13244432 total
[2022-12-27T19:52:00.082+0000][7][gc,phases   ] GC(6)   Pre Evacuate Collection Set: 0.2ms
[2022-12-27T19:52:00.082+0000][7][gc,phases   ] GC(6)   Merge Heap Roots: 0.2ms
[2022-12-27T19:52:00.082+0000][7][gc,phases   ] GC(6)   Evacuate Collection Set: 3.0ms
[2022-12-27T19:52:00.083+0000][7][gc,phases   ] GC(6)   Post Evacuate Collection Set: 1.0ms
[2022-12-27T19:52:00.083+0000][7][gc,phases   ] GC(6)   Other: 3.5ms
[2022-12-27T19:52:00.083+0000][7][gc,heap     ] GC(6) Eden regions: 73->0(72)
[2022-12-27T19:52:00.084+0000][7][gc,heap     ] GC(6) Survivor regions: 3->4(10)
[2022-12-27T19:52:00.084+0000][7][gc,heap     ] GC(6) Old regions: 2->2
[2022-12-27T19:52:00.084+0000][7][gc,heap     ] GC(6) Archive regions: 2->2
[2022-12-27T19:52:00.085+0000][7][gc,heap     ] GC(6) Humongous regions: 0->0
[2022-12-27T19:52:00.085+0000][7][gc,metaspace] GC(6) Metaspace: 19936K(21248K)->19936K(21248K) NonClass: 17488K(18432K)->17488K(18432K) Class: 2447K(2816K)->2447K(2816K)
[2022-12-27T19:52:00.085+0000][7][gc          ] GC(6) Pause Young (Normal) (G1 Evacuation Pause) 311M->21M(512M) 11.203ms
[2022-12-27T19:52:00.086+0000][7][gc,cpu      ] GC(6) User=0.04s Sys=0.00s Real=0.01s
[2022-12-27T19:52:00.086+0000][7][safepoint   ] Safepoint "G1CollectForAllocation", Time since last: 262960300 ns, Reaching safepoint: 168300 ns, At safepoint: 11872000 ns, Total: 12040300 ns
[2022-12-27T19:52:00.214+0000][7][gc,start    ] GC(7) Pause Young (Concurrent Start) (Metadata GC Threshold)
[2022-12-27T19:52:00.214+0000][7][gc,task     ] GC(7) Using 10 workers of 10 for evacuation
[2022-12-27T19:52:00.215+0000][7][gc,age      ] GC(7) Desired survivor size 20971520 bytes, new threshold 15 (max threshold 15)
[2022-12-27T19:52:00.220+0000][7][gc,age      ] GC(7) Age table with threshold 15 (max threshold 15)
[2022-12-27T19:52:00.221+0000][7][gc,age      ] GC(7) - age   1:     711104 bytes,     711104 total
[2022-12-27T19:52:00.221+0000][7][gc,age      ] GC(7) - age   2:    2060544 bytes,    2771648 total
[2022-12-27T19:52:00.221+0000][7][gc,age      ] GC(7) - age   3:     558944 bytes,    3330592 total
[2022-12-27T19:52:00.222+0000][7][gc,age      ] GC(7) - age   4:    1962808 bytes,    5293400 total
[2022-12-27T19:52:00.222+0000][7][gc,age      ] GC(7) - age   5:    5436192 bytes,   10729592 total
[2022-12-27T19:52:00.222+0000][7][gc,age      ] GC(7) - age   6:    1171792 bytes,   11901384 total
[2022-12-27T19:52:00.222+0000][7][gc,age      ] GC(7) - age   7:    2018952 bytes,   13920336 total
[2022-12-27T19:52:00.223+0000][7][gc,phases   ] GC(7)   Pre Evacuate Collection Set: 0.3ms
[2022-12-27T19:52:00.223+0000][7][gc,phases   ] GC(7)   Merge Heap Roots: 0.3ms
[2022-12-27T19:52:00.223+0000][7][gc,phases   ] GC(7)   Evacuate Collection Set: 3.3ms
[2022-12-27T19:52:00.224+0000][7][gc,phases   ] GC(7)   Post Evacuate Collection Set: 1.2ms
[2022-12-27T19:52:00.224+0000][7][gc,phases   ] GC(7)   Other: 3.7ms
[2022-12-27T19:52:00.224+0000][7][gc,heap     ] GC(7) Eden regions: 48->0(72)
[2022-12-27T19:52:00.225+0000][7][gc,heap     ] GC(7) Survivor regions: 4->4(10)
[2022-12-27T19:52:00.225+0000][7][gc,heap     ] GC(7) Old regions: 2->2
[2022-12-27T19:52:00.225+0000][7][gc,heap     ] GC(7) Archive regions: 2->2
[2022-12-27T19:52:00.225+0000][7][gc,heap     ] GC(7) Humongous regions: 0->0
[2022-12-27T19:52:00.226+0000][7][gc,metaspace] GC(7) Metaspace: 19989K(21248K)->19989K(21248K) NonClass: 17531K(18432K)->17531K(18432K) Class: 2458K(2816K)->2458K(2816K)
[2022-12-27T19:52:00.226+0000][7][gc          ] GC(7) Pause Young (Concurrent Start) (Metadata GC Threshold) 211M->22M(512M) 11.742ms
[2022-12-27T19:52:00.226+0000][7][gc,cpu      ] GC(7) User=0.05s Sys=0.00s Real=0.01s
[2022-12-27T19:52:00.226+0000][7][gc          ] GC(8) Concurrent Cycle
[2022-12-27T19:52:00.226+0000][7][safepoint   ] Safepoint "CollectForMetadataAllocation", Time since last: 127936500 ns, Reaching safepoint: 181400 ns, At safepoint: 12323300 ns, Total: 12504700 ns
[2022-12-27T19:52:00.226+0000][7][gc,marking  ] GC(8) Concurrent Clear Claimed Marks
[2022-12-27T19:52:00.227+0000][7][gc,marking  ] GC(8) Concurrent Clear Claimed Marks 0.300ms
[2022-12-27T19:52:00.227+0000][7][gc,marking  ] GC(8) Concurrent Scan Root Regions
[2022-12-27T19:52:00.229+0000][7][gc,marking  ] GC(8) Concurrent Scan Root Regions 2.091ms
[2022-12-27T19:52:00.229+0000][7][gc,marking  ] GC(8) Concurrent Mark (3.026s)
[2022-12-27T19:52:00.229+0000][7][gc,marking  ] GC(8) Concurrent Mark From Roots
[2022-12-27T19:52:00.230+0000][7][gc,task     ] GC(8) Using 3 workers of 3 for marking
[2022-12-27T19:52:00.233+0000][7][gc,marking  ] GC(8) Concurrent Mark From Roots 3.314ms
[2022-12-27T19:52:00.233+0000][7][gc,marking  ] GC(8) Concurrent Preclean
[2022-12-27T19:52:00.233+0000][7][gc,marking  ] GC(8) Concurrent Preclean 0.207ms
[2022-12-27T19:52:00.233+0000][7][gc,marking  ] GC(8) Concurrent Mark (3.026s, 3.030s) 4.015ms
[2022-12-27T19:52:00.234+0000][7][gc,start    ] GC(8) Pause Remark
[2022-12-27T19:52:00.235+0000][7][gc          ] GC(8) Pause Remark 32M->32M(512M) 1.654ms
[2022-12-27T19:52:00.236+0000][7][gc,cpu      ] GC(8) User=0.01s Sys=0.00s Real=0.00s
[2022-12-27T19:52:00.236+0000][7][safepoint   ] Safepoint "G1Concurrent", Time since last: 7051500 ns, Reaching safepoint: 244400 ns, At safepoint: 2202100 ns, Total: 2446500 ns
[2022-12-27T19:52:00.236+0000][7][gc,marking  ] GC(8) Concurrent Rebuild Remembered Sets
[2022-12-27T19:52:00.239+0000][7][gc,marking  ] GC(8) Concurrent Rebuild Remembered Sets 2.936ms
[2022-12-27T19:52:00.240+0000][7][gc,start    ] GC(8) Pause Cleanup
[2022-12-27T19:52:00.241+0000][7][gc          ] GC(8) Pause Cleanup 36M->36M(512M) 0.518ms
[2022-12-27T19:52:00.241+0000][7][gc,cpu      ] GC(8) User=0.00s Sys=0.00s Real=0.00s
[2022-12-27T19:52:00.241+0000][7][safepoint   ] Safepoint "G1Concurrent", Time since last: 3636900 ns, Reaching safepoint: 665300 ns, At safepoint: 1128300 ns, Total: 1793600 ns
[2022-12-27T19:52:00.242+0000][7][gc,marking  ] GC(8) Concurrent Cleanup for Next Mark
[2022-12-27T19:52:00.242+0000][7][gc,marking  ] GC(8) Concurrent Cleanup for Next Mark 0.565ms
[2022-12-27T19:52:00.242+0000][7][gc          ] GC(8) Concurrent Cycle 16.232ms
[2022-12-27T19:52:00.767+0000][7][safepoint   ] Safepoint "ICBufferFull", Time since last: 525878600 ns, Reaching safepoint: 240200 ns, At safepoint: 15000 ns, Total: 255200 ns
[2022-12-27T19:52:01.132+0000][7][safepoint   ] Safepoint "ICBufferFull", Time since last: 364772800 ns, Reaching safepoint: 285100 ns, At safepoint: 31000 ns, Total: 316100 ns
[2022-12-27T19:52:01.864+0000][7][gc,start    ] GC(9) Pause Young (Normal) (G1 Evacuation Pause)
[2022-12-27T19:52:01.864+0000][7][gc,task     ] GC(9) Using 10 workers of 10 for evacuation
[2022-12-27T19:52:01.865+0000][7][gc,age      ] GC(9) Desired survivor size 20971520 bytes, new threshold 15 (max threshold 15)
[2022-12-27T19:52:01.879+0000][7][gc,age      ] GC(9) Age table with threshold 15 (max threshold 15)
[2022-12-27T19:52:01.879+0000][7][gc,age      ] GC(9) - age   1:   27034784 bytes,   27034784 total
[2022-12-27T19:52:01.880+0000][7][gc,age      ] GC(9) - age   2:     672568 bytes,   27707352 total
[2022-12-27T19:52:01.880+0000][7][gc,age      ] GC(9) - age   3:    2043432 bytes,   29750784 total
[2022-12-27T19:52:01.880+0000][7][gc,age      ] GC(9) - age   4:     541120 bytes,   30291904 total
[2022-12-27T19:52:01.880+0000][7][gc,age      ] GC(9) - age   5:    1946368 bytes,   32238272 total
[2022-12-27T19:52:01.881+0000][7][gc,age      ] GC(9) - age   6:    5391608 bytes,   37629880 total
[2022-12-27T19:52:01.881+0000][7][gc,age      ] GC(9) - age   7:    1121528 bytes,   38751408 total
[2022-12-27T19:52:01.881+0000][7][gc,age      ] GC(9) - age   8:    2008816 bytes,   40760224 total
[2022-12-27T19:52:01.881+0000][7][gc,phases   ] GC(9)   Pre Evacuate Collection Set: 0.2ms
[2022-12-27T19:52:01.881+0000][7][gc,phases   ] GC(9)   Merge Heap Roots: 0.3ms
[2022-12-27T19:52:01.882+0000][7][gc,phases   ] GC(9)   Evacuate Collection Set: 11.9ms
[2022-12-27T19:52:01.882+0000][7][gc,phases   ] GC(9)   Post Evacuate Collection Set: 1.6ms
[2022-12-27T19:52:01.882+0000][7][gc,phases   ] GC(9)   Other: 3.1ms
[2022-12-27T19:52:01.882+0000][7][gc,heap     ] GC(9) Eden regions: 72->0(66)
[2022-12-27T19:52:01.882+0000][7][gc,heap     ] GC(9) Survivor regions: 4->10(10)
[2022-12-27T19:52:01.882+0000][7][gc,heap     ] GC(9) Old regions: 2->2
[2022-12-27T19:52:01.882+0000][7][gc,heap     ] GC(9) Archive regions: 2->2
[2022-12-27T19:52:01.883+0000][7][gc,heap     ] GC(9) Humongous regions: 0->0
[2022-12-27T19:52:01.883+0000][7][gc,metaspace] GC(9) Metaspace: 30108K(32000K)->30108K(32000K) NonClass: 26337K(27648K)->26337K(27648K) Class: 3770K(4352K)->3770K(4352K)
[2022-12-27T19:52:01.883+0000][7][gc          ] GC(9) Pause Young (Normal) (G1 Evacuation Pause) 310M->47M(512M) 18.810ms
[2022-12-27T19:52:01.883+0000][7][gc,cpu      ] GC(9) User=0.12s Sys=0.00s Real=0.02s
[2022-12-27T19:52:01.883+0000][7][safepoint   ] Safepoint "G1CollectForAllocation", Time since last: 731381500 ns, Reaching safepoint: 162800 ns, At safepoint: 19151000 ns, Total: 19313800 ns
[2022-12-27T19:52:02.445+0000][7][gc,start    ] GC(10) Pause Young (Concurrent Start) (Metadata GC Threshold)
[2022-12-27T19:52:02.445+0000][7][gc,task     ] GC(10) Using 10 workers of 10 for evacuation
[2022-12-27T19:52:02.445+0000][7][gc,age      ] GC(10) Desired survivor size 20971520 bytes, new threshold 1 (max threshold 15)
[2022-12-27T19:52:02.462+0000][7][gc,age      ] GC(10) Age table with threshold 1 (max threshold 15)
[2022-12-27T19:52:02.462+0000][7][gc,age      ] GC(10) - age   1:   11576320 bytes,   11576320 total
[2022-12-27T19:52:02.462+0000][7][gc,phases   ] GC(10)   Pre Evacuate Collection Set: 0.2ms
[2022-12-27T19:52:02.462+0000][7][gc,phases   ] GC(10)   Merge Heap Roots: 0.1ms
[2022-12-27T19:52:02.462+0000][7][gc,phases   ] GC(10)   Evacuate Collection Set: 15.2ms
[2022-12-27T19:52:02.462+0000][7][gc,phases   ] GC(10)   Post Evacuate Collection Set: 0.9ms
[2022-12-27T19:52:02.463+0000][7][gc,phases   ] GC(10)   Other: 0.9ms
[2022-12-27T19:52:02.463+0000][7][gc,heap     ] GC(10) Eden regions: 21->0(72)
[2022-12-27T19:52:02.463+0000][7][gc,heap     ] GC(10) Survivor regions: 10->4(10)
[2022-12-27T19:52:02.463+0000][7][gc,heap     ] GC(10) Old regions: 2->11
[2022-12-27T19:52:02.463+0000][7][gc,heap     ] GC(10) Archive regions: 2->2
[2022-12-27T19:52:02.463+0000][7][gc,heap     ] GC(10) Humongous regions: 0->0
[2022-12-27T19:52:02.463+0000][7][gc,metaspace] GC(10) Metaspace: 33831K(35840K)->33831K(35840K) NonClass: 29455K(30848K)->29455K(30848K) Class: 4375K(4992K)->4375K(4992K)
[2022-12-27T19:52:02.463+0000][7][gc          ] GC(10) Pause Young (Concurrent Start) (Metadata GC Threshold) 129M->60M(512M) 18.727ms
[2022-12-27T19:52:02.464+0000][7][gc,cpu      ] GC(10) User=0.15s Sys=0.01s Real=0.02s
[2022-12-27T19:52:02.464+0000][7][gc          ] GC(11) Concurrent Cycle
[2022-12-27T19:52:02.464+0000][7][gc,marking  ] GC(11) Concurrent Clear Claimed Marks
[2022-12-27T19:52:02.464+0000][7][gc,marking  ] GC(11) Concurrent Clear Claimed Marks 0.152ms
[2022-12-27T19:52:02.464+0000][7][gc,marking  ] GC(11) Concurrent Scan Root Regions
[2022-12-27T19:52:02.464+0000][7][safepoint   ] Safepoint "CollectForMetadataAllocation", Time since last: 561294600 ns, Reaching safepoint: 235400 ns, At safepoint: 19490200 ns, Total: 19725600 ns
[2022-12-27T19:52:02.476+0000][7][gc,marking  ] GC(11) Concurrent Scan Root Regions 12.319ms
[2022-12-27T19:52:02.477+0000][7][gc,marking  ] GC(11) Concurrent Mark (5.273s)
[2022-12-27T19:52:02.477+0000][7][gc,marking  ] GC(11) Concurrent Mark From Roots
[2022-12-27T19:52:02.477+0000][7][gc,task     ] GC(11) Using 3 workers of 3 for marking
[2022-12-27T19:52:02.480+0000][7][gc,marking  ] GC(11) Concurrent Mark From Roots 2.801ms
[2022-12-27T19:52:02.480+0000][7][gc,marking  ] GC(11) Concurrent Preclean
[2022-12-27T19:52:02.480+0000][7][gc,marking  ] GC(11) Concurrent Preclean 0.201ms
[2022-12-27T19:52:02.480+0000][7][gc,marking  ] GC(11) Concurrent Mark (5.273s, 5.277s) 3.455ms
[2022-12-27T19:52:02.481+0000][7][gc,start    ] GC(11) Pause Remark
[2022-12-27T19:52:02.482+0000][7][gc          ] GC(11) Pause Remark 62M->62M(512M) 1.593ms
[2022-12-27T19:52:02.482+0000][7][gc,cpu      ] GC(11) User=0.01s Sys=0.00s Real=0.00s
[2022-12-27T19:52:02.482+0000][7][safepoint   ] Safepoint "G1Concurrent", Time since last: 16085800 ns, Reaching safepoint: 259300 ns, At safepoint: 1919000 ns, Total: 2178300 ns
[2022-12-27T19:52:02.483+0000][7][gc,marking  ] GC(11) Concurrent Rebuild Remembered Sets
[2022-12-27T19:52:02.494+0000][7][gc,marking  ] GC(11) Concurrent Rebuild Remembered Sets 11.217ms
[2022-12-27T19:52:02.494+0000][7][gc,start    ] GC(11) Pause Cleanup
[2022-12-27T19:52:02.495+0000][7][gc          ] GC(11) Pause Cleanup 64M->64M(512M) 0.283ms
[2022-12-27T19:52:02.495+0000][7][gc,cpu      ] GC(11) User=0.00s Sys=0.00s Real=0.00s
[2022-12-27T19:52:02.495+0000][7][safepoint   ] Safepoint "G1Concurrent", Time since last: 11635100 ns, Reaching safepoint: 287900 ns, At safepoint: 557400 ns, Total: 845300 ns
[2022-12-27T19:52:02.495+0000][7][gc,marking  ] GC(11) Concurrent Cleanup for Next Mark
[2022-12-27T19:52:02.495+0000][7][gc,marking  ] GC(11) Concurrent Cleanup for Next Mark 0.349ms
[2022-12-27T19:52:02.496+0000][7][gc          ] GC(11) Concurrent Cycle 31.844ms
[2022-12-27T19:52:02.766+0000][7][safepoint   ] Safepoint "ICBufferFull", Time since last: 270834300 ns, Reaching safepoint: 266500 ns, At safepoint: 18900 ns, Total: 285400 ns
[2022-12-27T19:52:03.583+0000][7][safepoint   ] Safepoint "ICBufferFull", Time since last: 816492400 ns, Reaching safepoint: 206300 ns, At safepoint: 43100 ns, Total: 249400 ns
[2022-12-27T19:52:03.615+0000][7][safepoint   ] Safepoint "ICBufferFull", Time since last: 31629300 ns, Reaching safepoint: 259600 ns, At safepoint: 33300 ns, Total: 292900 ns
[2022-12-27T19:52:03.686+0000][7][gc,start    ] GC(12) Pause Young (Normal) (G1 Evacuation Pause)
[2022-12-27T19:52:03.687+0000][7][gc,task     ] GC(12) Using 10 workers of 10 for evacuation
[2022-12-27T19:52:03.687+0000][7][gc,age      ] GC(12) Desired survivor size 20971520 bytes, new threshold 15 (max threshold 15)
[2022-12-27T19:52:03.694+0000][7][gc,age      ] GC(12) Age table with threshold 15 (max threshold 15)
[2022-12-27T19:52:03.695+0000][7][gc,age      ] GC(12) - age   1:    7006840 bytes,    7006840 total
[2022-12-27T19:52:03.695+0000][7][gc,age      ] GC(12) - age   2:   11502296 bytes,   18509136 total
[2022-12-27T19:52:03.695+0000][7][gc,phases   ] GC(12)   Pre Evacuate Collection Set: 0.1ms
[2022-12-27T19:52:03.695+0000][7][gc,phases   ] GC(12)   Merge Heap Roots: 0.1ms
[2022-12-27T19:52:03.695+0000][7][gc,phases   ] GC(12)   Evacuate Collection Set: 5.9ms
[2022-12-27T19:52:03.696+0000][7][gc,phases   ] GC(12)   Post Evacuate Collection Set: 1.3ms
[2022-12-27T19:52:03.696+0000][7][gc,phases   ] GC(12)   Other: 1.2ms
[2022-12-27T19:52:03.696+0000][7][gc,heap     ] GC(12) Eden regions: 72->0(71)
[2022-12-27T19:52:03.696+0000][7][gc,heap     ] GC(12) Survivor regions: 4->5(10)
[2022-12-27T19:52:03.696+0000][7][gc,heap     ] GC(12) Old regions: 11->11
[2022-12-27T19:52:03.696+0000][7][gc,heap     ] GC(12) Archive regions: 2->2
[2022-12-27T19:52:03.696+0000][7][gc,heap     ] GC(12) Humongous regions: 0->0
[2022-12-27T19:52:03.697+0000][7][gc,metaspace] GC(12) Metaspace: 51828K(54860K)->51828K(54860K) NonClass: 44892K(47104K)->44892K(47104K) Class: 6936K(7756K)->6936K(7756K)
[2022-12-27T19:52:03.697+0000][7][gc          ] GC(12) Pause Young (Normal) (G1 Evacuation Pause) 348M->66M(512M) 10.493ms
[2022-12-27T19:52:03.697+0000][7][gc,cpu      ] GC(12) User=0.07s Sys=0.01s Real=0.01s
[2022-12-27T19:52:03.697+0000][7][safepoint   ] Safepoint "G1CollectForAllocation", Time since last: 71333200 ns, Reaching safepoint: 178100 ns, At safepoint: 10796900 ns, Total: 10975000 ns
[2022-12-27T19:52:03.984+0000][7][gc,start    ] GC(13) Pause Young (Concurrent Start) (Metadata GC Threshold)
[2022-12-27T19:52:03.984+0000][7][gc,task     ] GC(13) Using 10 workers of 10 for evacuation
[2022-12-27T19:52:03.985+0000][7][gc,age      ] GC(13) Desired survivor size 20971520 bytes, new threshold 15 (max threshold 15)
[2022-12-27T19:52:03.993+0000][7][gc,age      ] GC(13) Age table with threshold 15 (max threshold 15)
[2022-12-27T19:52:03.994+0000][7][gc,age      ] GC(13) - age   1:    2447104 bytes,    2447104 total
[2022-12-27T19:52:03.994+0000][7][gc,age      ] GC(13) - age   2:    6318760 bytes,    8765864 total
[2022-12-27T19:52:03.994+0000][7][gc,age      ] GC(13) - age   3:   11500472 bytes,   20266336 total
[2022-12-27T19:52:03.994+0000][7][gc,phases   ] GC(13)   Pre Evacuate Collection Set: 0.2ms
[2022-12-27T19:52:03.994+0000][7][gc,phases   ] GC(13)   Merge Heap Roots: 0.2ms
[2022-12-27T19:52:03.995+0000][7][gc,phases   ] GC(13)   Evacuate Collection Set: 6.1ms
[2022-12-27T19:52:03.995+0000][7][gc,phases   ] GC(13)   Post Evacuate Collection Set: 1.8ms
[2022-12-27T19:52:03.995+0000][7][gc,phases   ] GC(13)   Other: 1.8ms
[2022-12-27T19:52:03.995+0000][7][gc,heap     ] GC(13) Eden regions: 8->0(70)
[2022-12-27T19:52:03.996+0000][7][gc,heap     ] GC(13) Survivor regions: 5->6(10)
[2022-12-27T19:52:03.996+0000][7][gc,heap     ] GC(13) Old regions: 11->11
[2022-12-27T19:52:03.996+0000][7][gc,heap     ] GC(13) Archive regions: 2->2
[2022-12-27T19:52:03.996+0000][7][gc,heap     ] GC(13) Humongous regions: 0->0
[2022-12-27T19:52:03.996+0000][7][gc,metaspace] GC(13) Metaspace: 57115K(60288K)->57115K(60288K) NonClass: 49611K(51892K)->49611K(51892K) Class: 7504K(8396K)->7504K(8396K)
[2022-12-27T19:52:03.997+0000][7][gc          ] GC(13) Pause Young (Concurrent Start) (Metadata GC Threshold) 96M->67M(512M) 12.390ms
[2022-12-27T19:52:03.997+0000][7][gc,cpu      ] GC(13) User=0.08s Sys=0.00s Real=0.01s
[2022-12-27T19:52:03.997+0000][7][gc          ] GC(14) Concurrent Cycle
[2022-12-27T19:52:03.997+0000][7][safepoint   ] Safepoint "CollectForMetadataAllocation", Time since last: 286833700 ns, Reaching safepoint: 306000 ns, At safepoint: 13021500 ns, Total: 13327500 ns
[2022-12-27T19:52:03.997+0000][7][gc,marking  ] GC(14) Concurrent Clear Claimed Marks
[2022-12-27T19:52:03.998+0000][7][gc,marking  ] GC(14) Concurrent Clear Claimed Marks 0.521ms
[2022-12-27T19:52:03.998+0000][7][gc,marking  ] GC(14) Concurrent Scan Root Regions
[2022-12-27T19:52:04.004+0000][7][gc,marking  ] GC(14) Concurrent Scan Root Regions 6.295ms
[2022-12-27T19:52:04.004+0000][7][gc,marking  ] GC(14) Concurrent Mark (6.801s)
[2022-12-27T19:52:04.005+0000][7][gc,marking  ] GC(14) Concurrent Mark From Roots
[2022-12-27T19:52:04.005+0000][7][gc,task     ] GC(14) Using 3 workers of 3 for marking
[2022-12-27T19:52:04.029+0000][7][safepoint   ] Safepoint "CollectForMetadataAllocation", Time since last: 31148600 ns, Reaching safepoint: 234100 ns, At safepoint: 133200 ns, Total: 367300 ns
[2022-12-27T19:52:04.031+0000][7][gc,marking  ] GC(14) Concurrent Mark From Roots 26.669ms
[2022-12-27T19:52:04.032+0000][7][gc,marking  ] GC(14) Concurrent Preclean
[2022-12-27T19:52:04.032+0000][7][gc,marking  ] GC(14) Concurrent Preclean 0.434ms
[2022-12-27T19:52:04.032+0000][7][gc,marking  ] GC(14) Concurrent Mark (6.801s, 6.829s) 27.887ms
[2022-12-27T19:52:04.033+0000][7][gc,start    ] GC(14) Pause Remark
[2022-12-27T19:52:04.035+0000][7][gc          ] GC(14) Pause Remark 73M->73M(512M) 2.468ms
[2022-12-27T19:52:04.036+0000][7][gc,cpu      ] GC(14) User=0.02s Sys=0.00s Real=0.00s
[2022-12-27T19:52:04.036+0000][7][safepoint   ] Safepoint "G1Concurrent", Time since last: 3928700 ns, Reaching safepoint: 187500 ns, At safepoint: 3118600 ns, Total: 3306100 ns
[2022-12-27T19:52:04.036+0000][7][gc,marking  ] GC(14) Concurrent Rebuild Remembered Sets
[2022-12-27T19:52:04.056+0000][7][gc,marking  ] GC(14) Concurrent Rebuild Remembered Sets 19.870ms
[2022-12-27T19:52:04.057+0000][7][gc,start    ] GC(14) Pause Cleanup
[2022-12-27T19:52:04.058+0000][7][gc          ] GC(14) Pause Cleanup 73M->73M(512M) 0.612ms
[2022-12-27T19:52:04.058+0000][7][gc,cpu      ] GC(14) User=0.00s Sys=0.00s Real=0.00s
[2022-12-27T19:52:04.058+0000][7][safepoint   ] Safepoint "G1Concurrent", Time since last: 20638500 ns, Reaching safepoint: 615200 ns, At safepoint: 1209500 ns, Total: 1824700 ns
[2022-12-27T19:52:04.059+0000][7][gc,marking  ] GC(14) Concurrent Cleanup for Next Mark
[2022-12-27T19:52:04.059+0000][7][gc,marking  ] GC(14) Concurrent Cleanup for Next Mark 0.818ms
[2022-12-27T19:52:04.060+0000][7][gc          ] GC(14) Concurrent Cycle 62.776ms
[2022-12-27T19:52:04.831+0000][7][safepoint   ] Safepoint "ICBufferFull", Time since last: 772189700 ns, Reaching safepoint: 716700 ns, At safepoint: 19100 ns, Total: 735800 ns
[2022-12-27T19:52:05.486+0000][7][safepoint   ] Safepoint "ICBufferFull", Time since last: 654548000 ns, Reaching safepoint: 390600 ns, At safepoint: 36000 ns, Total: 426600 ns
[2022-12-27T19:52:05.877+0000][7][safepoint   ] Safepoint "ICBufferFull", Time since last: 390068900 ns, Reaching safepoint: 158600 ns, At safepoint: 27300 ns, Total: 185900 ns
[2022-12-27T19:52:06.339+0000][7][safepoint   ] Safepoint "ICBufferFull", Time since last: 462091600 ns, Reaching safepoint: 147100 ns, At safepoint: 15800 ns, Total: 162900 ns
[2022-12-27T19:52:07.339+0000][7][safepoint   ] Safepoint "Cleanup", Time since last: 1000446800 ns, Reaching safepoint: 144400 ns, At safepoint: 13900 ns, Total: 158300 ns
[2022-12-27T19:52:09.341+0000][7][safepoint   ] Safepoint "Cleanup", Time since last: 2000919100 ns, Reaching safepoint: 336100 ns, At safepoint: 35600 ns, Total: 371700 ns
[2022-12-27T19:52:10.342+0000][7][safepoint   ] Safepoint "Cleanup", Time since last: 1000863100 ns, Reaching safepoint: 588900 ns, At safepoint: 96900 ns, Total: 685800 ns
[2022-12-27T19:52:12.344+0000][7][safepoint   ] Safepoint "Cleanup", Time since last: 2001232800 ns, Reaching safepoint: 257800 ns, At safepoint: 18900 ns, Total: 276700 ns
[2022-12-27T19:52:14.345+0000][7][safepoint   ] Safepoint "Cleanup", Time since last: 2000563500 ns, Reaching safepoint: 153100 ns, At safepoint: 13800 ns, Total: 166900 ns
[2022-12-27T19:52:18.347+0000][7][safepoint   ] Safepoint "Cleanup", Time since last: 4001260700 ns, Reaching safepoint: 797100 ns, At safepoint: 73600 ns, Total: 870700 ns
[2022-12-27T19:52:24.349+0000][7][safepoint   ] Safepoint "Cleanup", Time since last: 6002422800 ns, Reaching safepoint: 323600 ns, At safepoint: 18600 ns, Total: 342200 ns
[2022-12-27T19:52:26.351+0000][7][safepoint   ] Safepoint "Cleanup", Time since last: 2000829900 ns, Reaching safepoint: 489600 ns, At safepoint: 47600 ns, Total: 537200 ns
[2022-12-27T19:52:28.352+0000][7][safepoint   ] Safepoint "Cleanup", Time since last: 2001081200 ns, Reaching safepoint: 213900 ns, At safepoint: 32200 ns, Total: 246100 ns
[2022-12-27T19:52:29.355+0000][7][safepoint   ] Safepoint "Cleanup", Time since last: 1001730100 ns, Reaching safepoint: 757200 ns, At safepoint: 128600 ns, Total: 885800 ns
[2022-12-27T19:52:33.358+0000][7][safepoint   ] Safepoint "Cleanup", Time since last: 4002411300 ns, Reaching safepoint: 356400 ns, At safepoint: 37600 ns, Total: 394000 ns
[2022-12-27T19:52:36.359+0000][7][safepoint   ] Safepoint "Cleanup", Time since last: 3001505400 ns, Reaching safepoint: 299500 ns, At safepoint: 24200 ns, Total: 323700 ns
[2022-12-27T19:52:37.361+0000][7][safepoint   ] Safepoint "Cleanup", Time since last: 1000602200 ns, Reaching safepoint: 829800 ns, At safepoint: 11900 ns, Total: 841700 ns
[2022-12-27T19:52:50.367+0000][7][safepoint   ] Safepoint "Cleanup", Time since last: 13005801300 ns, Reaching safepoint: 323100 ns, At safepoint: 28900 ns, Total: 352000 ns
[2022-12-27T19:52:52.369+0000][7][safepoint   ] Safepoint "Cleanup", Time since last: 2001064400 ns, Reaching safepoint: 1024100 ns, At safepoint: 87600 ns, Total: 1111700 ns
[2022-12-27T19:52:53.372+0000][7][safepoint   ] Safepoint "Cleanup", Time since last: 1001730600 ns, Reaching safepoint: 711700 ns, At safepoint: 81200 ns, Total: 792900 ns
[2022-12-27T19:53:01.375+0000][7][safepoint   ] Safepoint "Cleanup", Time since last: 8003205300 ns, Reaching safepoint: 157800 ns, At safepoint: 14200 ns, Total: 172000 ns
[2022-12-27T19:53:06.377+0000][7][safepoint   ] Safepoint "Cleanup", Time since last: 5001485500 ns, Reaching safepoint: 223600 ns, At safepoint: 17200 ns, Total: 240800 ns
[2022-12-27T19:53:08.378+0000][7][safepoint   ] Safepoint "Cleanup", Time since last: 2000935500 ns, Reaching safepoint: 219800 ns, At safepoint: 19500 ns, Total: 239300 ns
[2022-12-27T19:53:09.379+0000][7][safepoint   ] Safepoint "Cleanup", Time since last: 1000536900 ns, Reaching safepoint: 197900 ns, At safepoint: 12900 ns, Total: 210800 ns
[2022-12-27T19:53:11.380+0000][7][safepoint   ] Safepoint "Cleanup", Time since last: 2000631900 ns, Reaching safepoint: 306200 ns, At safepoint: 37700 ns, Total: 343900 ns
[2022-12-27T19:53:15.382+0000][7][safepoint   ] Safepoint "Cleanup", Time since last: 4001282200 ns, Reaching safepoint: 712700 ns, At safepoint: 72000 ns, Total: 784700 ns
[2022-12-27T19:53:36.388+0000][7][safepoint   ] Safepoint "Cleanup", Time since last: 21006229800 ns, Reaching safepoint: 283800 ns, At safepoint: 18400 ns, Total: 302200 ns
[2022-12-27T19:53:44.391+0000][7][safepoint   ] Safepoint "Cleanup", Time since last: 8002295900 ns, Reaching safepoint: 458000 ns, At safepoint: 44300 ns, Total: 502300 ns
[2022-12-27T19:53:48.393+0000][7][safepoint   ] Safepoint "Cleanup", Time since last: 4001597800 ns, Reaching safepoint: 306000 ns, At safepoint: 20400 ns, Total: 326400 ns
[2022-12-27T19:53:49.394+0000][7][safepoint   ] Safepoint "Cleanup", Time since last: 1000394000 ns, Reaching safepoint: 275700 ns, At safepoint: 14600 ns, Total: 290300 ns
[2022-12-27T19:53:50.395+0000][7][safepoint   ] Safepoint "Cleanup", Time since last: 1000825200 ns, Reaching safepoint: 213400 ns, At safepoint: 16000 ns, Total: 229400 ns
[2022-12-27T19:54:12.402+0000][7][safepoint   ] Safepoint "Cleanup", Time since last: 22006367100 ns, Reaching safepoint: 546700 ns, At safepoint: 53600 ns, Total: 600300 ns
[2022-12-27T19:54:13.403+0000][7][safepoint   ] Safepoint "Cleanup", Time since last: 1000999100 ns, Reaching safepoint: 205500 ns, At safepoint: 15000 ns, Total: 220500 ns
[2022-12-27T19:54:33.409+0000][7][safepoint   ] Safepoint "Cleanup", Time since last: 20005423200 ns, Reaching safepoint: 735400 ns, At safepoint: 71800 ns, Total: 807200 ns
[2022-12-27T19:54:43.414+0000][7][safepoint   ] Safepoint "Cleanup", Time since last: 10003556300 ns, Reaching safepoint: 801700 ns, At safepoint: 76700 ns, Total: 878400 ns
[2022-12-27T19:55:15.424+0000][7][safepoint   ] Safepoint "Cleanup", Time since last: 32009787700 ns, Reaching safepoint: 755400 ns, At safepoint: 127000 ns, Total: 882400 ns
[2022-12-27T19:55:17.427+0000][7][safepoint   ] Safepoint "Cleanup", Time since last: 2001476300 ns, Reaching safepoint: 763000 ns, At safepoint: 76000 ns, Total: 839000 ns
[2022-12-27T19:55:20.428+0000][7][safepoint   ] Safepoint "Cleanup", Time since last: 3001472000 ns, Reaching safepoint: 290100 ns, At safepoint: 36100 ns, Total: 326200 ns
[2022-12-27T19:55:35.433+0000][7][safepoint   ] Safepoint "Cleanup", Time since last: 15004244200 ns, Reaching safepoint: 821400 ns, At safepoint: 67300 ns, Total: 888700 ns
[2022-12-27T19:55:37.435+0000][7][safepoint   ] Safepoint "Cleanup", Time since last: 2001010800 ns, Reaching safepoint: 732800 ns, At safepoint: 9500 ns, Total: 742300 ns
[2022-12-27T19:55:44.438+0000][7][safepoint   ] Safepoint "Cleanup", Time since last: 7002861600 ns, Reaching safepoint: 246700 ns, At safepoint: 35400 ns, Total: 282100 ns
[2022-12-27T19:56:02.441+0000][7][safepoint   ] Safepoint "Cleanup", Time since last: 18002699900 ns, Reaching safepoint: 155900 ns, At safepoint: 16600 ns, Total: 172500 ns
[2022-12-27T19:56:05.442+0000][7][safepoint   ] Safepoint "Cleanup", Time since last: 3000464700 ns, Reaching safepoint: 164100 ns, At safepoint: 13700 ns, Total: 177800 ns
[2022-12-27T19:56:06.442+0000][7][safepoint   ] Safepoint "Cleanup", Time since last: 1000338100 ns, Reaching safepoint: 150800 ns, At safepoint: 14600 ns, Total: 165400 ns
[2022-12-27T19:56:07.443+0000][7][safepoint   ] Safepoint "Cleanup", Time since last: 1000137700 ns, Reaching safepoint: 144400 ns, At safepoint: 2900 ns, Total: 147300 ns
[2022-12-27T19:56:17.446+0000][7][safepoint   ] Safepoint "Cleanup", Time since last: 10002878800 ns, Reaching safepoint: 571200 ns, At safepoint: 59700 ns, Total: 630900 ns
[2022-12-27T19:56:18.447+0000][7][safepoint   ] Safepoint "Cleanup", Time since last: 1001020300 ns, Reaching safepoint: 246100 ns, At safepoint: 33400 ns, Total: 279500 ns
[2022-12-27T19:56:22.450+0000][7][safepoint   ] Safepoint "Cleanup", Time since last: 4001422000 ns, Reaching safepoint: 612600 ns, At safepoint: 59900 ns, Total: 672500 ns
[2022-12-27T19:56:24.452+0000][7][safepoint   ] Safepoint "Cleanup", Time since last: 2001489000 ns, Reaching safepoint: 736900 ns, At safepoint: 70400 ns, Total: 807300 ns
[2022-12-27T19:56:29.454+0000][7][safepoint   ] Safepoint "Cleanup", Time since last: 5002050400 ns, Reaching safepoint: 236400 ns, At safepoint: 19900 ns, Total: 256300 ns
[2022-12-27T19:56:36.456+0000][7][safepoint   ] Safepoint "Cleanup", Time since last: 7001389600 ns, Reaching safepoint: 178200 ns, At safepoint: 16000 ns, Total: 194200 ns
[2022-12-27T19:56:47.458+0000][7][safepoint   ] Safepoint "Cleanup", Time since last: 11002429900 ns, Reaching safepoint: 228400 ns, At safepoint: 23000 ns, Total: 251400 ns
[2022-12-27T19:57:06.463+0000][7][safepoint   ] Safepoint "Cleanup", Time since last: 19004005400 ns, Reaching safepoint: 363800 ns, At safepoint: 29800 ns, Total: 393600 ns
[2022-12-27T19:57:09.464+0000][7][safepoint   ] Safepoint "Cleanup", Time since last: 3000888200 ns, Reaching safepoint: 187000 ns, At safepoint: 16800 ns, Total: 203800 ns
[2022-12-27T19:57:19.467+0000][7][safepoint   ] Safepoint "Cleanup", Time since last: 10002686300 ns, Reaching safepoint: 190100 ns, At safepoint: 18400 ns, Total: 208500 ns
[2022-12-27T19:57:20.468+0000][7][safepoint   ] Safepoint "Cleanup", Time since last: 1000721300 ns, Reaching safepoint: 674100 ns, At safepoint: 64400 ns, Total: 738500 ns
[2022-12-27T19:57:39.474+0000][7][safepoint   ] Safepoint "Cleanup", Time since last: 19005137400 ns, Reaching safepoint: 153800 ns, At safepoint: 14500 ns, Total: 168300 ns
[2022-12-27T19:57:40.474+0000][7][safepoint   ] Safepoint "Cleanup", Time since last: 1000363500 ns, Reaching safepoint: 259700 ns, At safepoint: 24900 ns, Total: 284600 ns
[2022-12-27T19:57:44.476+0000][7][safepoint   ] Safepoint "Cleanup", Time since last: 4001430500 ns, Reaching safepoint: 708800 ns, At safepoint: 80300 ns, Total: 789100 ns
[2022-12-27T19:58:05.483+0000][7][safepoint   ] Safepoint "Cleanup", Time since last: 21005228800 ns, Reaching safepoint: 728900 ns, At safepoint: 87200 ns, Total: 816100 ns
[2022-12-27T19:58:06.484+0000][7][safepoint   ] Safepoint "Cleanup", Time since last: 1001336900 ns, Reaching safepoint: 344100 ns, At safepoint: 35300 ns, Total: 379400 ns
[2022-12-27T19:58:30.491+0000][7][safepoint   ] Safepoint "Cleanup", Time since last: 24005894500 ns, Reaching safepoint: 366100 ns, At safepoint: 35100 ns, Total: 401200 ns
[2022-12-27T19:58:32.492+0000][7][safepoint   ] Safepoint "Cleanup", Time since last: 2001162200 ns, Reaching safepoint: 211700 ns, At safepoint: 14600 ns, Total: 226300 ns
[2022-12-27T19:59:09.502+0000][7][safepoint   ] Safepoint "Cleanup", Time since last: 37009091700 ns, Reaching safepoint: 707300 ns, At safepoint: 71400 ns, Total: 778700 ns
[2022-12-27T19:59:37.511+0000][7][safepoint   ] Safepoint "Cleanup", Time since last: 28007863900 ns, Reaching safepoint: 896800 ns, At safepoint: 96900 ns, Total: 993700 ns
[2022-12-27T20:00:22.525+0000][7][safepoint   ] Safepoint "Cleanup", Time since last: 45013242000 ns, Reaching safepoint: 805000 ns, At safepoint: 70800 ns, Total: 875800 ns
[2022-12-27T20:00:40.531+0000][7][safepoint   ] Safepoint "Cleanup", Time since last: 18005783100 ns, Reaching safepoint: 774000 ns, At safepoint: 77100 ns, Total: 851100 ns
[2022-12-27T20:00:54.537+0000][7][safepoint   ] Safepoint "Cleanup", Time since last: 14004808400 ns, Reaching safepoint: 655900 ns, At safepoint: 65000 ns, Total: 720900 ns
[2022-12-27T20:02:06.555+0000][7][safepoint   ] Safepoint "Cleanup", Time since last: 72017072600 ns, Reaching safepoint: 991700 ns, At safepoint: 80900 ns, Total: 1072600 ns
[2022-12-27T20:02:07.557+0000][7][safepoint   ] Safepoint "Cleanup", Time since last: 1001441500 ns, Reaching safepoint: 661300 ns, At safepoint: 69500 ns, Total: 730800 ns
[2022-12-27T20:02:20.562+0000][7][safepoint   ] Safepoint "Cleanup", Time since last: 13004302500 ns, Reaching safepoint: 205400 ns, At safepoint: 17000 ns, Total: 222400 ns
[2022-12-27T20:04:06.581+0000][7][safepoint   ] Safepoint "Cleanup", Time since last: 106018883900 ns, Reaching safepoint: 169400 ns, At safepoint: 14700 ns, Total: 184100 ns
[2022-12-27T20:04:36.586+0000][7][safepoint   ] Safepoint "Cleanup", Time since last: 30005416200 ns, Reaching safepoint: 185900 ns, At safepoint: 15400 ns, Total: 201300 ns
[2022-12-27T20:05:36.597+0000][7][safepoint   ] Safepoint "Cleanup", Time since last: 60009479200 ns, Reaching safepoint: 614800 ns, At safepoint: 65700 ns, Total: 680500 ns
[2022-12-27T20:06:36.609+0000][7][safepoint   ] Safepoint "Cleanup", Time since last: 60012478700 ns, Reaching safepoint: 282700 ns, At safepoint: 23200 ns, Total: 305900 ns
[2022-12-27T20:07:06.616+0000][7][safepoint   ] Safepoint "Cleanup", Time since last: 30006177200 ns, Reaching safepoint: 200000 ns, At safepoint: 12600 ns, Total: 212600 ns
[2022-12-27T20:07:14.617+0000][7][safepoint   ] Safepoint "Cleanup", Time since last: 8001458600 ns, Reaching safepoint: 222100 ns, At safepoint: 18900 ns, Total: 241000 ns
[2022-12-27T20:07:16.619+0000][7][safepoint   ] Safepoint "Cleanup", Time since last: 2000820000 ns, Reaching safepoint: 522600 ns, At safepoint: 48400 ns, Total: 571000 ns
[2022-12-27T20:07:57.628+0000][7][safepoint   ] Safepoint "Cleanup", Time since last: 41008754800 ns, Reaching safepoint: 636000 ns, At safepoint: 69900 ns, Total: 705900 ns
[2022-12-27T20:08:34.637+0000][7][safepoint   ] Safepoint "Cleanup", Time since last: 37008708600 ns, Reaching safepoint: 170900 ns, At safepoint: 14900 ns, Total: 185800 ns
[2022-12-27T20:08:36.638+0000][7][safepoint   ] Safepoint "Cleanup", Time since last: 2000703300 ns, Reaching safepoint: 162600 ns, At safepoint: 14100 ns, Total: 176700 ns
[2022-12-27T20:10:03.656+0000][7][safepoint   ] Safepoint "Cleanup", Time since last: 87017305800 ns, Reaching safepoint: 166500 ns, At safepoint: 14600 ns, Total: 181100 ns
[2022-12-27T20:10:06.657+0000][7][safepoint   ] Safepoint "Cleanup", Time since last: 3000698400 ns, Reaching safepoint: 273400 ns, At safepoint: 56500 ns, Total: 329900 ns
[2022-12-27T20:11:04.668+0000][7][safepoint   ] Safepoint "Cleanup", Time since last: 58011077500 ns, Reaching safepoint: 364700 ns, At safepoint: 35400 ns, Total: 400100 ns
[2022-12-27T20:11:18.671+0000][7][safepoint   ] Safepoint "Cleanup", Time since last: 14002789700 ns, Reaching safepoint: 267000 ns, At safepoint: 19600 ns, Total: 286600 ns
[2022-12-27T20:11:36.675+0000][7][safepoint   ] Safepoint "Cleanup", Time since last: 18003361100 ns, Reaching safepoint: 318200 ns, At safepoint: 19100 ns, Total: 337300 ns
[2022-12-27T20:11:49.678+0000][7][safepoint   ] Safepoint "Cleanup", Time since last: 13002805900 ns, Reaching safepoint: 271400 ns, At safepoint: 20800 ns, Total: 292200 ns
[2022-12-27T20:12:04.681+0000][7][safepoint   ] Safepoint "Cleanup", Time since last: 15002475400 ns, Reaching safepoint: 382700 ns, At safepoint: 20400 ns, Total: 403100 ns
[2022-12-27T20:12:36.688+0000][7][safepoint   ] Safepoint "Cleanup", Time since last: 32006548200 ns, Reaching safepoint: 198500 ns, At safepoint: 21700 ns, Total: 220200 ns
[2022-12-27T20:13:04.693+0000][7][safepoint   ] Safepoint "Cleanup", Time since last: 28004896800 ns, Reaching safepoint: 284200 ns, At safepoint: 22500 ns, Total: 306700 ns
[2022-12-27T20:13:29.698+0000][7][safepoint   ] Safepoint "Cleanup", Time since last: 25004637800 ns, Reaching safepoint: 281100 ns, At safepoint: 23500 ns, Total: 304600 ns
[2022-12-27T20:14:06.705+0000][7][safepoint   ] Safepoint "Cleanup", Time since last: 37006745600 ns, Reaching safepoint: 201600 ns, At safepoint: 15800 ns, Total: 217400 ns
[2022-12-27T20:16:13.730+0000][7][safepoint   ] Safepoint "Cleanup", Time since last: 127025231700 ns, Reaching safepoint: 248200 ns, At safepoint: 20100 ns, Total: 268300 ns
[2022-12-27T20:16:15.731+0000][7][safepoint   ] Safepoint "Cleanup", Time since last: 2000570700 ns, Reaching safepoint: 196400 ns, At safepoint: 28800 ns, Total: 225200 ns
[2022-12-27T20:16:36.736+0000][7][safepoint   ] Safepoint "Cleanup", Time since last: 21004535000 ns, Reaching safepoint: 275900 ns, At safepoint: 19300 ns, Total: 295200 ns
[2022-12-27T20:17:36.750+0000][7][safepoint   ] Safepoint "Cleanup", Time since last: 60013967800 ns, Reaching safepoint: 261500 ns, At safepoint: 21900 ns, Total: 283400 ns
[2022-12-27T20:18:36.761+0000][7][safepoint   ] Safepoint "Cleanup", Time since last: 60010553100 ns, Reaching safepoint: 175400 ns, At safepoint: 14300 ns, Total: 189700 ns
[2022-12-27T20:18:48.764+0000][7][safepoint   ] Safepoint "Cleanup", Time since last: 12002537900 ns, Reaching safepoint: 161800 ns, At safepoint: 14100 ns, Total: 175900 ns
[2022-12-27T20:19:14.769+0000][7][safepoint   ] Safepoint "Cleanup", Time since last: 26005588900 ns, Reaching safepoint: 164600 ns, At safepoint: 15700 ns, Total: 180300 ns
[2022-12-27T20:19:37.774+0000][7][safepoint   ] Safepoint "Cleanup", Time since last: 23004640300 ns, Reaching safepoint: 279100 ns, At safepoint: 15400 ns, Total: 294500 ns
[2022-12-27T20:20:03.781+0000][7][safepoint   ] Safepoint "Cleanup", Time since last: 26006643300 ns, Reaching safepoint: 200800 ns, At safepoint: 20600 ns, Total: 221400 ns
[2022-12-27T20:20:06.783+0000][7][safepoint   ] Safepoint "Cleanup", Time since last: 3000943400 ns, Reaching safepoint: 935100 ns, At safepoint: 92700 ns, Total: 1027800 ns
[2022-12-27T20:20:24.788+0000][7][safepoint   ] Safepoint "Cleanup", Time since last: 18004305100 ns, Reaching safepoint: 194800 ns, At safepoint: 15300 ns, Total: 210100 ns
[2022-12-27T20:21:36.803+0000][7][safepoint   ] Safepoint "Cleanup", Time since last: 72015228600 ns, Reaching safepoint: 232600 ns, At safepoint: 57100 ns, Total: 289700 ns
[2022-12-27T20:21:44.805+0000][7][safepoint   ] Safepoint "Cleanup", Time since last: 8001919700 ns, Reaching safepoint: 221800 ns, At safepoint: 18100 ns, Total: 239900 ns
[2022-12-27T20:21:45.163+0000][7][gc,start    ] GC(15) Pause Young (Concurrent Start) (G1 Evacuation Pause)
[2022-12-27T20:21:45.163+0000][7][gc,task     ] GC(15) Using 10 workers of 10 for evacuation
[2022-12-27T20:21:45.163+0000][7][gc,age      ] GC(15) Desired survivor size 20971520 bytes, new threshold 15 (max threshold 15)
[2022-12-27T20:21:45.178+0000][7][gc,age      ] GC(15) Age table with threshold 15 (max threshold 15)
[2022-12-27T20:21:45.178+0000][7][gc,age      ] GC(15) - age   1:   12022608 bytes,   12022608 total
[2022-12-27T20:21:45.178+0000][7][gc,age      ] GC(15) - age   2:    2368400 bytes,   14391008 total
[2022-12-27T20:21:45.179+0000][7][gc,age      ] GC(15) - age   3:    6140456 bytes,   20531464 total
[2022-12-27T20:21:45.179+0000][7][gc,age      ] GC(15) - age   4:   11484920 bytes,   32016384 total
[2022-12-27T20:21:45.179+0000][7][gc,phases   ] GC(15)   Pre Evacuate Collection Set: 0.2ms
[2022-12-27T20:21:45.180+0000][7][gc,phases   ] GC(15)   Merge Heap Roots: 0.1ms
[2022-12-27T20:21:45.180+0000][7][gc,phases   ] GC(15)   Evacuate Collection Set: 11.9ms
[2022-12-27T20:21:45.180+0000][7][gc,phases   ] GC(15)   Post Evacuate Collection Set: 1.8ms
[2022-12-27T20:21:45.181+0000][7][gc,phases   ] GC(15)   Other: 2.4ms
[2022-12-27T20:21:45.181+0000][7][gc,heap     ] GC(15) Eden regions: 70->0(68)
[2022-12-27T20:21:45.181+0000][7][gc,heap     ] GC(15) Survivor regions: 6->8(10)
[2022-12-27T20:21:45.181+0000][7][gc,heap     ] GC(15) Old regions: 11->11
[2022-12-27T20:21:45.181+0000][7][gc,heap     ] GC(15) Archive regions: 2->2
[2022-12-27T20:21:45.181+0000][7][gc,heap     ] GC(15) Humongous regions: 2->2
[2022-12-27T20:21:45.181+0000][7][gc,metaspace] GC(15) Metaspace: 90012K(93772K)->90012K(93772K) NonClass: 77870K(80564K)->77870K(80564K) Class: 12141K(13208K)->12141K(13208K)
[2022-12-27T20:21:45.182+0000][7][gc          ] GC(15) Pause Young (Concurrent Start) (G1 Evacuation Pause) 355M->86M(512M) 18.764ms
[2022-12-27T20:21:45.182+0000][7][gc,cpu      ] GC(15) User=0.12s Sys=0.00s Real=0.01s
[2022-12-27T20:21:45.182+0000][7][gc          ] GC(16) Concurrent Cycle
[2022-12-27T20:21:45.182+0000][7][safepoint   ] Safepoint "G1CollectForAllocation", Time since last: 357355300 ns, Reaching safepoint: 240300 ns, At safepoint: 19199300 ns, Total: 19439600 ns
[2022-12-27T20:21:45.182+0000][7][gc,marking  ] GC(16) Concurrent Clear Claimed Marks
[2022-12-27T20:21:45.183+0000][7][gc,marking  ] GC(16) Concurrent Clear Claimed Marks 0.336ms
[2022-12-27T20:21:45.183+0000][7][gc,marking  ] GC(16) Concurrent Scan Root Regions
[2022-12-27T20:21:45.190+0000][7][gc,marking  ] GC(16) Concurrent Scan Root Regions 7.379ms
[2022-12-27T20:21:45.190+0000][7][gc,marking  ] GC(16) Concurrent Mark (1787.987s)
[2022-12-27T20:21:45.191+0000][7][gc,marking  ] GC(16) Concurrent Mark From Roots
[2022-12-27T20:21:45.191+0000][7][gc,task     ] GC(16) Using 3 workers of 3 for marking
[2022-12-27T20:21:45.211+0000][7][gc,marking  ] GC(16) Concurrent Mark From Roots 20.718ms
[2022-12-27T20:21:45.212+0000][7][gc,marking  ] GC(16) Concurrent Preclean
[2022-12-27T20:21:45.212+0000][7][gc,marking  ] GC(16) Concurrent Preclean 0.660ms
[2022-12-27T20:21:45.212+0000][7][gc,marking  ] GC(16) Concurrent Mark (1787.987s, 1788.009s) 22.071ms
[2022-12-27T20:21:45.213+0000][7][gc,start    ] GC(16) Pause Remark
[2022-12-27T20:21:45.220+0000][7][gc          ] GC(16) Pause Remark 89M->89M(512M) 7.207ms
[2022-12-27T20:21:45.221+0000][7][gc,cpu      ] GC(16) User=0.04s Sys=0.00s Real=0.00s
[2022-12-27T20:21:45.221+0000][7][safepoint   ] Safepoint "G1Concurrent", Time since last: 30537100 ns, Reaching safepoint: 278900 ns, At safepoint: 7956100 ns, Total: 8235000 ns
[2022-12-27T20:21:45.221+0000][7][gc,marking  ] GC(16) Concurrent Rebuild Remembered Sets
[2022-12-27T20:21:45.237+0000][7][gc,marking  ] GC(16) Concurrent Rebuild Remembered Sets 15.981ms
[2022-12-27T20:21:45.238+0000][7][gc,start    ] GC(16) Pause Cleanup
[2022-12-27T20:21:45.239+0000][7][gc          ] GC(16) Pause Cleanup 89M->89M(512M) 0.607ms
[2022-12-27T20:21:45.239+0000][7][gc,cpu      ] GC(16) User=0.00s Sys=0.00s Real=0.00s
[2022-12-27T20:21:45.239+0000][7][safepoint   ] Safepoint "G1Concurrent", Time since last: 16805200 ns, Reaching safepoint: 369300 ns, At safepoint: 1322800 ns, Total: 1692100 ns
[2022-12-27T20:21:45.240+0000][7][gc,marking  ] GC(16) Concurrent Cleanup for Next Mark
[2022-12-27T20:21:45.240+0000][7][gc,marking  ] GC(16) Concurrent Cleanup for Next Mark 0.565ms
[2022-12-27T20:21:45.240+0000][7][gc          ] GC(16) Concurrent Cycle 58.435ms
[2022-12-27T20:21:46.240+0000][7][safepoint   ] Safepoint "Cleanup", Time since last: 1000428500 ns, Reaching safepoint: 278700 ns, At safepoint: 20000 ns, Total: 298700 ns
[2022-12-27T20:22:06.245+0000][7][safepoint   ] Safepoint "Cleanup", Time since last: 20004500500 ns, Reaching safepoint: 432400 ns, At safepoint: 41100 ns, Total: 473500 ns
[2022-12-27T20:22:07.246+0000][7][safepoint   ] Safepoint "Cleanup", Time since last: 1000891500 ns, Reaching safepoint: 299900 ns, At safepoint: 34800 ns, Total: 334700 ns
[2022-12-27T20:22:36.253+0000][7][safepoint   ] Safepoint "Cleanup", Time since last: 29005931800 ns, Reaching safepoint: 310900 ns, At safepoint: 17800 ns, Total: 328700 ns
[2022-12-27T20:22:40.254+0000][7][safepoint   ] Safepoint "Cleanup", Time since last: 4001182200 ns, Reaching safepoint: 488500 ns, At safepoint: 50300 ns, Total: 538800 ns
[2022-12-27T20:23:36.266+0000][7][safepoint   ] Safepoint "Cleanup", Time since last: 56011642600 ns, Reaching safepoint: 374200 ns, At safepoint: 35500 ns, Total: 409700 ns
[2022-12-27T20:23:46.270+0000][7][safepoint   ] Safepoint "Cleanup", Time since last: 10002915300 ns, Reaching safepoint: 246200 ns, At safepoint: 30400 ns, Total: 276600 ns
[2022-12-27T20:24:09.275+0000][7][safepoint   ] Safepoint "Cleanup", Time since last: 23005524400 ns, Reaching safepoint: 170800 ns, At safepoint: 15600 ns, Total: 186400 ns
[2022-12-27T20:24:16.277+0000][7][safepoint   ] Safepoint "Cleanup", Time since last: 7001335300 ns, Reaching safepoint: 384700 ns, At safepoint: 38400 ns, Total: 423100 ns
[2022-12-27T20:26:07.299+0000][7][safepoint   ] Safepoint "Cleanup", Time since last: 111021528100 ns, Reaching safepoint: 490700 ns, At safepoint: 53100 ns, Total: 543800 ns
[2022-12-27T20:27:07.313+0000][7][safepoint   ] Safepoint "Cleanup", Time since last: 60013982400 ns, Reaching safepoint: 220600 ns, At safepoint: 14800 ns, Total: 235400 ns
[2022-12-27T20:27:36.319+0000][7][safepoint   ] Safepoint "Cleanup", Time since last: 29005598600 ns, Reaching safepoint: 527500 ns, At safepoint: 51200 ns, Total: 578700 ns
[2022-12-27T20:28:22.329+0000][7][safepoint   ] Safepoint "Cleanup", Time since last: 46009517900 ns, Reaching safepoint: 193500 ns, At safepoint: 16500 ns, Total: 210000 ns
[2022-12-27T20:29:36.341+0000][7][safepoint   ] Safepoint "Cleanup", Time since last: 74012024300 ns, Reaching safepoint: 182500 ns, At safepoint: 17300 ns, Total: 199800 ns
[2022-12-27T20:30:37.352+0000][7][safepoint   ] Safepoint "Cleanup", Time since last: 61010233300 ns, Reaching safepoint: 157100 ns, At safepoint: 15100 ns, Total: 172200 ns
[2022-12-27T20:31:07.357+0000][7][safepoint   ] Safepoint "Cleanup", Time since last: 30005516000 ns, Reaching safepoint: 150700 ns, At safepoint: 16300 ns, Total: 167000 ns
[2022-12-27T20:32:37.371+0000][7][safepoint   ] Safepoint "Cleanup", Time since last: 90013632400 ns, Reaching safepoint: 198500 ns, At safepoint: 18300 ns, Total: 216800 ns
[2022-12-27T20:33:06.378+0000][7][safepoint   ] Safepoint "Cleanup", Time since last: 29005716800 ns, Reaching safepoint: 546100 ns, At safepoint: 50600 ns, Total: 596700 ns
[2022-12-27T20:34:36.394+0000][7][safepoint   ] Safepoint "Cleanup", Time since last: 90016449900 ns, Reaching safepoint: 155500 ns, At safepoint: 14500 ns, Total: 170000 ns
[2022-12-27T20:34:37.395+0000][7][safepoint   ] Safepoint "Cleanup", Time since last: 1000505300 ns, Reaching safepoint: 275800 ns, At safepoint: 24500 ns, Total: 300300 ns
[2022-12-27T20:34:49.398+0000][7][safepoint   ] Safepoint "Cleanup", Time since last: 12002389900 ns, Reaching safepoint: 291700 ns, At safepoint: 19200 ns, Total: 310900 ns
[2022-12-27T20:35:06.401+0000][7][safepoint   ] Safepoint "Cleanup", Time since last: 17002726700 ns, Reaching safepoint: 154900 ns, At safepoint: 14700 ns, Total: 169600 ns
[2022-12-27T20:35:36.405+0000][7][safepoint   ] Safepoint "Cleanup", Time since last: 30003625100 ns, Reaching safepoint: 246100 ns, At safepoint: 22100 ns, Total: 268200 ns
[2022-12-27T20:36:36.415+0000][7][safepoint   ] Safepoint "Cleanup", Time since last: 60009989300 ns, Reaching safepoint: 160400 ns, At safepoint: 15500 ns, Total: 175900 ns
[2022-12-27T20:36:43.416+0000][7][safepoint   ] Safepoint "Cleanup", Time since last: 7001116400 ns, Reaching safepoint: 164000 ns, At safepoint: 25700 ns, Total: 189700 ns
[2022-12-27T20:36:46.417+0000][7][safepoint   ] Safepoint "Cleanup", Time since last: 3000873600 ns, Reaching safepoint: 366800 ns, At safepoint: 37300 ns, Total: 404100 ns
[2022-12-27T20:36:52.420+0000][7][safepoint   ] Safepoint "Cleanup", Time since last: 6002172100 ns, Reaching safepoint: 173900 ns, At safepoint: 14200 ns, Total: 188100 ns
[2022-12-27T20:43:07.484+0000][7][safepoint   ] Safepoint "Cleanup", Time since last: 375063855300 ns, Reaching safepoint: 195600 ns, At safepoint: 38400 ns, Total: 234000 ns
[2022-12-27T20:46:33.518+0000][7][safepoint   ] Safepoint "Cleanup", Time since last: 206034300700 ns, Reaching safepoint: 306000 ns, At safepoint: 28400 ns, Total: 334400 ns
[2022-12-27T20:47:43.667+0000][7][safepoint   ] Safepoint "Cleanup", Time since last: 70148795500 ns, Reaching safepoint: 250600 ns, At safepoint: 48800 ns, Total: 299400 ns
[2022-12-27T20:47:43.720+0000][7][gc,heap,exit] Heap
[2022-12-27T20:47:43.721+0000][7][gc,heap,exit]  garbage-first heap   total 524288K, used 158636K [0x00000000e0000000, 0x0000000100000000)
[2022-12-27T20:47:43.721+0000][7][gc,heap,exit]   region size 4096K, 26 young (106496K), 8 survivors (32768K)
[2022-12-27T20:47:43.721+0000][7][gc,heap,exit]  Metaspace       used 90242K, capacity 93583K, committed 94156K, reserved 1130496K
[2022-12-27T20:47:43.721+0000][7][gc,heap,exit]   class space    used 12168K, capacity 13195K, committed 13336K, reserved 1048576K
