[2023-01-08T10:31:50.644+0000][7][gc] Using G1
[2023-01-08T10:31:50.807+0000][7][gc,init] Version: 15.0.1+9 (release)
[2023-01-08T10:31:50.807+0000][7][gc,init] CPUs: 12 total, 12 available
[2023-01-08T10:31:50.807+0000][7][gc,init] Memory: 12647M
[2023-01-08T10:31:50.808+0000][7][gc,init] Large Page Support: Disabled
[2023-01-08T10:31:50.808+0000][7][gc,init] NUMA Support: Disabled
[2023-01-08T10:31:50.809+0000][7][gc,init] Compressed Oops: Enabled (32-bit)
[2023-01-08T10:31:50.809+0000][7][gc,init] Heap Region Size: 4M
[2023-01-08T10:31:50.810+0000][7][gc,init] Heap Min Capacity: 512M
[2023-01-08T10:31:50.810+0000][7][gc,init] Heap Initial Capacity: 512M
[2023-01-08T10:31:50.811+0000][7][gc,init] Heap Max Capacity: 512M
[2023-01-08T10:31:50.811+0000][7][gc,init] Pre-touch: Enabled
[2023-01-08T10:31:50.812+0000][7][gc,init] Parallel Workers: 10
[2023-01-08T10:31:50.812+0000][7][gc,init] Concurrent Workers: 3
[2023-01-08T10:31:50.812+0000][7][gc,init] Concurrent Refinement Workers: 10
[2023-01-08T10:31:50.813+0000][7][gc,init] Periodic GC: Disabled
[2023-01-08T10:31:50.813+0000][7][gc,cds ] Mark closed archive regions in map: [0x00000000ffc00000, 0x00000000ffc7bff8]
[2023-01-08T10:31:50.814+0000][7][gc,cds ] Mark open archive regions in map: [0x00000000ffb00000, 0x00000000ffb51ff8]
[2023-01-08T10:31:50.814+0000][7][gc,metaspace] CDS archive(s) mapped at: [0x0000000800000000-0x0000000800b2a000-0x0000000800b2a000), size 11706368, SharedBaseAddress: 0x0000000800000000, ArchiveRelocationMode: 0.
[2023-01-08T10:31:50.814+0000][7][gc,metaspace] Compressed class space mapped at: 0x0000000800b2c000-0x0000000840b2c000, size: 1073741824
[2023-01-08T10:31:50.815+0000][7][gc,metaspace] Narrow klass base: 0x0000000800000000, Narrow klass shift: 3, Narrow klass range: 0x100000000
[2023-01-08T10:31:51.302+0000][7][safepoint   ] Safepoint "ICBufferFull", Time since last: 473888800 ns, Reaching safepoint: 275100 ns, At safepoint: 62500 ns, Total: 337600 ns
[2023-01-08T10:31:51.613+0000][7][gc,start    ] GC(0) Pause Young (Normal) (G1 Evacuation Pause)
[2023-01-08T10:31:51.616+0000][7][gc,task     ] GC(0) Using 10 workers of 10 for evacuation
[2023-01-08T10:31:51.616+0000][7][gc,age      ] GC(0) Desired survivor size 2097152 bytes, new threshold 15 (max threshold 15)
[2023-01-08T10:31:51.620+0000][7][gc,age      ] GC(0) Age table with threshold 15 (max threshold 15)
[2023-01-08T10:31:51.621+0000][7][gc,age      ] GC(0) - age   1:    4169472 bytes,    4169472 total
[2023-01-08T10:31:51.621+0000][7][gc,phases   ] GC(0)   Pre Evacuate Collection Set: 0.2ms
[2023-01-08T10:31:51.621+0000][7][gc,phases   ] GC(0)   Merge Heap Roots: 0.3ms
[2023-01-08T10:31:51.622+0000][7][gc,phases   ] GC(0)   Evacuate Collection Set: 1.9ms
[2023-01-08T10:31:51.622+0000][7][gc,phases   ] GC(0)   Post Evacuate Collection Set: 0.9ms
[2023-01-08T10:31:51.622+0000][7][gc,phases   ] GC(0)   Other: 5.2ms
[2023-01-08T10:31:51.623+0000][7][gc,heap     ] GC(0) Eden regions: 6->0(6)
[2023-01-08T10:31:51.623+0000][7][gc,heap     ] GC(0) Survivor regions: 0->1(1)
[2023-01-08T10:31:51.624+0000][7][gc,heap     ] GC(0) Old regions: 0->1
[2023-01-08T10:31:51.624+0000][7][gc,heap     ] GC(0) Archive regions: 2->2
[2023-01-08T10:31:51.625+0000][7][gc,heap     ] GC(0) Humongous regions: 0->0
[2023-01-08T10:31:51.625+0000][7][gc,metaspace] GC(0) Metaspace: 8383K(9344K)->8383K(9344K) NonClass: 7439K(8192K)->7439K(8192K) Class: 944K(1152K)->944K(1152K)
[2023-01-08T10:31:51.626+0000][7][gc          ] GC(0) Pause Young (Normal) (G1 Evacuation Pause) 27M->7M(512M) 13.393ms
[2023-01-08T10:31:51.626+0000][7][gc,cpu      ] GC(0) User=0.03s Sys=0.01s Real=0.01s
[2023-01-08T10:31:51.627+0000][7][safepoint   ] Safepoint "G1CollectForAllocation", Time since last: 310028000 ns, Reaching safepoint: 347900 ns, At safepoint: 14242300 ns, Total: 14590200 ns
[2023-01-08T10:31:52.391+0000][7][gc,start    ] GC(1) Pause Young (Normal) (G1 Evacuation Pause)
[2023-01-08T10:31:52.391+0000][7][gc,task     ] GC(1) Using 10 workers of 10 for evacuation
[2023-01-08T10:31:52.392+0000][7][gc,age      ] GC(1) Desired survivor size 2097152 bytes, new threshold 1 (max threshold 15)
[2023-01-08T10:31:52.397+0000][7][gc,age      ] GC(1) Age table with threshold 1 (max threshold 15)
[2023-01-08T10:31:52.398+0000][7][gc,age      ] GC(1) - age   1:    2123448 bytes,    2123448 total
[2023-01-08T10:31:52.398+0000][7][gc,phases   ] GC(1)   Pre Evacuate Collection Set: 0.3ms
[2023-01-08T10:31:52.398+0000][7][gc,phases   ] GC(1)   Merge Heap Roots: 0.3ms
[2023-01-08T10:31:52.398+0000][7][gc,phases   ] GC(1)   Evacuate Collection Set: 3.5ms
[2023-01-08T10:31:52.399+0000][7][gc,phases   ] GC(1)   Post Evacuate Collection Set: 1.2ms
[2023-01-08T10:31:52.399+0000][7][gc,phases   ] GC(1)   Other: 1.8ms
[2023-01-08T10:31:52.399+0000][7][gc,heap     ] GC(1) Eden regions: 6->0(12)
[2023-01-08T10:31:52.400+0000][7][gc,heap     ] GC(1) Survivor regions: 1->1(1)
[2023-01-08T10:31:52.400+0000][7][gc,heap     ] GC(1) Old regions: 1->2
[2023-01-08T10:31:52.400+0000][7][gc,heap     ] GC(1) Archive regions: 2->2
[2023-01-08T10:31:52.401+0000][7][gc,heap     ] GC(1) Humongous regions: 0->0
[2023-01-08T10:31:52.401+0000][7][gc,metaspace] GC(1) Metaspace: 12829K(13440K)->12829K(13440K) NonClass: 11318K(11776K)->11318K(11776K) Class: 1510K(1664K)->1510K(1664K)
[2023-01-08T10:31:52.401+0000][7][gc          ] GC(1) Pause Young (Normal) (G1 Evacuation Pause) 31M->10M(512M) 10.527ms
[2023-01-08T10:31:52.401+0000][7][gc,cpu      ] GC(1) User=0.03s Sys=0.01s Real=0.01s
[2023-01-08T10:31:52.402+0000][7][safepoint   ] Safepoint "G1CollectForAllocation", Time since last: 763696300 ns, Reaching safepoint: 245900 ns, At safepoint: 11068000 ns, Total: 11313900 ns
[2023-01-08T10:31:53.003+0000][7][safepoint   ] Safepoint "ICBufferFull", Time since last: 600777800 ns, Reaching safepoint: 297600 ns, At safepoint: 39200 ns, Total: 336800 ns
[2023-01-08T10:31:53.040+0000][7][gc,start    ] GC(2) Pause Young (Normal) (G1 Evacuation Pause)
[2023-01-08T10:31:53.041+0000][7][gc,task     ] GC(2) Using 10 workers of 10 for evacuation
[2023-01-08T10:31:53.041+0000][7][gc,age      ] GC(2) Desired survivor size 4194304 bytes, new threshold 15 (max threshold 15)
[2023-01-08T10:31:53.047+0000][7][gc,age      ] GC(2) Age table with threshold 15 (max threshold 15)
[2023-01-08T10:31:53.047+0000][7][gc,age      ] GC(2) - age   1:    1162056 bytes,    1162056 total
[2023-01-08T10:31:53.048+0000][7][gc,age      ] GC(2) - age   2:    2031560 bytes,    3193616 total
[2023-01-08T10:31:53.048+0000][7][gc,phases   ] GC(2)   Pre Evacuate Collection Set: 0.4ms
[2023-01-08T10:31:53.048+0000][7][gc,phases   ] GC(2)   Merge Heap Roots: 0.3ms
[2023-01-08T10:31:53.048+0000][7][gc,phases   ] GC(2)   Evacuate Collection Set: 2.3ms
[2023-01-08T10:31:53.049+0000][7][gc,phases   ] GC(2)   Post Evacuate Collection Set: 2.2ms
[2023-01-08T10:31:53.049+0000][7][gc,phases   ] GC(2)   Other: 2.5ms
[2023-01-08T10:31:53.049+0000][7][gc,heap     ] GC(2) Eden regions: 12->0(73)
[2023-01-08T10:31:53.049+0000][7][gc,heap     ] GC(2) Survivor regions: 1->1(2)
[2023-01-08T10:31:53.050+0000][7][gc,heap     ] GC(2) Old regions: 2->2
[2023-01-08T10:31:53.050+0000][7][gc,heap     ] GC(2) Archive regions: 2->2
[2023-01-08T10:31:53.050+0000][7][gc,heap     ] GC(2) Humongous regions: 0->0
[2023-01-08T10:31:53.050+0000][7][gc,metaspace] GC(2) Metaspace: 14801K(15232K)->14801K(15232K) NonClass: 13104K(13312K)->13104K(13312K) Class: 1696K(1920K)->1696K(1920K)
[2023-01-08T10:31:53.051+0000][7][gc          ] GC(2) Pause Young (Normal) (G1 Evacuation Pause) 58M->11M(512M) 10.245ms
[2023-01-08T10:31:53.051+0000][7][gc,cpu      ] GC(2) User=0.03s Sys=0.00s Real=0.01s
[2023-01-08T10:31:53.051+0000][7][safepoint   ] Safepoint "G1CollectForAllocation", Time since last: 37039700 ns, Reaching safepoint: 503600 ns, At safepoint: 10871600 ns, Total: 11375200 ns
[2023-01-08T10:31:53.195+0000][7][safepoint   ] Safepoint "ICBufferFull", Time since last: 143716700 ns, Reaching safepoint: 267300 ns, At safepoint: 26700 ns, Total: 294000 ns
[2023-01-08T10:31:53.201+0000][7][safepoint   ] Safepoint "ICBufferFull", Time since last: 5116000 ns, Reaching safepoint: 262100 ns, At safepoint: 48100 ns, Total: 310200 ns
[2023-01-08T10:31:53.206+0000][7][safepoint   ] Safepoint "ICBufferFull", Time since last: 5146000 ns, Reaching safepoint: 316900 ns, At safepoint: 44600 ns, Total: 361500 ns
[2023-01-08T10:31:53.212+0000][7][safepoint   ] Safepoint "ICBufferFull", Time since last: 5724100 ns, Reaching safepoint: 313600 ns, At safepoint: 32100 ns, Total: 345700 ns
[2023-01-08T10:31:53.217+0000][7][safepoint   ] Safepoint "ICBufferFull", Time since last: 4164600 ns, Reaching safepoint: 271200 ns, At safepoint: 28700 ns, Total: 299900 ns
[2023-01-08T10:31:53.221+0000][7][safepoint   ] Safepoint "ICBufferFull", Time since last: 3616700 ns, Reaching safepoint: 338900 ns, At safepoint: 28100 ns, Total: 367000 ns
[2023-01-08T10:31:53.225+0000][7][safepoint   ] Safepoint "ICBufferFull", Time since last: 4486600 ns, Reaching safepoint: 239600 ns, At safepoint: 22600 ns, Total: 262200 ns
[2023-01-08T10:31:53.230+0000][7][safepoint   ] Safepoint "ICBufferFull", Time since last: 4363700 ns, Reaching safepoint: 264600 ns, At safepoint: 46200 ns, Total: 310800 ns
[2023-01-08T10:31:53.235+0000][7][safepoint   ] Safepoint "ICBufferFull", Time since last: 4259300 ns, Reaching safepoint: 249700 ns, At safepoint: 27300 ns, Total: 277000 ns
[2023-01-08T10:31:53.240+0000][7][safepoint   ] Safepoint "ICBufferFull", Time since last: 4742200 ns, Reaching safepoint: 354200 ns, At safepoint: 37700 ns, Total: 391900 ns
[2023-01-08T10:31:53.244+0000][7][safepoint   ] Safepoint "ICBufferFull", Time since last: 4221900 ns, Reaching safepoint: 264700 ns, At safepoint: 26300 ns, Total: 291000 ns
[2023-01-08T10:31:53.248+0000][7][safepoint   ] Safepoint "ICBufferFull", Time since last: 3655900 ns, Reaching safepoint: 208400 ns, At safepoint: 22800 ns, Total: 231200 ns
[2023-01-08T10:31:53.252+0000][7][safepoint   ] Safepoint "ICBufferFull", Time since last: 3740500 ns, Reaching safepoint: 316600 ns, At safepoint: 50000 ns, Total: 366600 ns
[2023-01-08T10:31:53.258+0000][7][safepoint   ] Safepoint "ICBufferFull", Time since last: 5562200 ns, Reaching safepoint: 271600 ns, At safepoint: 26500 ns, Total: 298100 ns
[2023-01-08T10:31:53.263+0000][7][safepoint   ] Safepoint "ICBufferFull", Time since last: 4019100 ns, Reaching safepoint: 275400 ns, At safepoint: 28300 ns, Total: 303700 ns
[2023-01-08T10:31:53.579+0000][7][safepoint   ] Safepoint "ICBufferFull", Time since last: 316097000 ns, Reaching safepoint: 269500 ns, At safepoint: 67500 ns, Total: 337000 ns
[2023-01-08T10:31:54.046+0000][7][gc,start    ] GC(3) Pause Young (Normal) (G1 Evacuation Pause)
[2023-01-08T10:31:54.047+0000][7][gc,task     ] GC(3) Using 10 workers of 10 for evacuation
[2023-01-08T10:31:54.047+0000][7][gc,age      ] GC(3) Desired survivor size 20971520 bytes, new threshold 15 (max threshold 15)
[2023-01-08T10:31:54.054+0000][7][gc,age      ] GC(3) Age table with threshold 15 (max threshold 15)
[2023-01-08T10:31:54.054+0000][7][gc,age      ] GC(3) - age   1:    6999344 bytes,    6999344 total
[2023-01-08T10:31:54.055+0000][7][gc,age      ] GC(3) - age   2:    1136328 bytes,    8135672 total
[2023-01-08T10:31:54.055+0000][7][gc,age      ] GC(3) - age   3:    2017216 bytes,   10152888 total
[2023-01-08T10:31:54.055+0000][7][gc,phases   ] GC(3)   Pre Evacuate Collection Set: 0.3ms
[2023-01-08T10:31:54.056+0000][7][gc,phases   ] GC(3)   Merge Heap Roots: 0.4ms
[2023-01-08T10:31:54.056+0000][7][gc,phases   ] GC(3)   Evacuate Collection Set: 4.2ms
[2023-01-08T10:31:54.057+0000][7][gc,phases   ] GC(3)   Post Evacuate Collection Set: 1.3ms
[2023-01-08T10:31:54.057+0000][7][gc,phases   ] GC(3)   Other: 3.0ms
[2023-01-08T10:31:54.057+0000][7][gc,heap     ] GC(3) Eden regions: 73->0(73)
[2023-01-08T10:31:54.057+0000][7][gc,heap     ] GC(3) Survivor regions: 1->3(10)
[2023-01-08T10:31:54.058+0000][7][gc,heap     ] GC(3) Old regions: 2->2
[2023-01-08T10:31:54.058+0000][7][gc,heap     ] GC(3) Archive regions: 2->2
[2023-01-08T10:31:54.058+0000][7][gc,heap     ] GC(3) Humongous regions: 0->0
[2023-01-08T10:31:54.059+0000][7][gc,metaspace] GC(3) Metaspace: 18371K(19072K)->18371K(19072K) NonClass: 16177K(16640K)->16177K(16640K) Class: 2194K(2432K)->2194K(2432K)
[2023-01-08T10:31:54.059+0000][7][gc          ] GC(3) Pause Young (Normal) (G1 Evacuation Pause) 303M->17M(512M) 12.868ms
[2023-01-08T10:31:54.059+0000][7][gc,cpu      ] GC(3) User=0.09s Sys=0.00s Real=0.02s
[2023-01-08T10:31:54.060+0000][7][safepoint   ] Safepoint "G1CollectForAllocation", Time since last: 466838200 ns, Reaching safepoint: 394900 ns, At safepoint: 13703000 ns, Total: 14097900 ns
[2023-01-08T10:31:54.709+0000][7][gc,start    ] GC(4) Pause Young (Normal) (G1 Evacuation Pause)
[2023-01-08T10:31:54.710+0000][7][gc,task     ] GC(4) Using 10 workers of 10 for evacuation
[2023-01-08T10:31:54.710+0000][7][gc,age      ] GC(4) Desired survivor size 20971520 bytes, new threshold 15 (max threshold 15)
[2023-01-08T10:31:54.716+0000][7][gc,age      ] GC(4) Age table with threshold 15 (max threshold 15)
[2023-01-08T10:31:54.716+0000][7][gc,age      ] GC(4) - age   1:    3355480 bytes,    3355480 total
[2023-01-08T10:31:54.717+0000][7][gc,age      ] GC(4) - age   2:    4655016 bytes,    8010496 total
[2023-01-08T10:31:54.717+0000][7][gc,age      ] GC(4) - age   3:    1136328 bytes,    9146824 total
[2023-01-08T10:31:54.717+0000][7][gc,age      ] GC(4) - age   4:    2017216 bytes,   11164040 total
[2023-01-08T10:31:54.717+0000][7][gc,phases   ] GC(4)   Pre Evacuate Collection Set: 0.3ms
[2023-01-08T10:31:54.718+0000][7][gc,phases   ] GC(4)   Merge Heap Roots: 0.2ms
[2023-01-08T10:31:54.718+0000][7][gc,phases   ] GC(4)   Evacuate Collection Set: 4.2ms
[2023-01-08T10:31:54.718+0000][7][gc,phases   ] GC(4)   Post Evacuate Collection Set: 1.4ms
[2023-01-08T10:31:54.719+0000][7][gc,phases   ] GC(4)   Other: 2.3ms
[2023-01-08T10:31:54.719+0000][7][gc,heap     ] GC(4) Eden regions: 73->0(73)
[2023-01-08T10:31:54.719+0000][7][gc,heap     ] GC(4) Survivor regions: 3->3(10)
[2023-01-08T10:31:54.719+0000][7][gc,heap     ] GC(4) Old regions: 2->2
[2023-01-08T10:31:54.719+0000][7][gc,heap     ] GC(4) Archive regions: 2->2
[2023-01-08T10:31:54.720+0000][7][gc,heap     ] GC(4) Humongous regions: 0->0
[2023-01-08T10:31:54.720+0000][7][gc,metaspace] GC(4) Metaspace: 19137K(20224K)->19137K(20224K) NonClass: 16834K(17664K)->16834K(17664K) Class: 2302K(2560K)->2302K(2560K)
[2023-01-08T10:31:54.720+0000][7][gc          ] GC(4) Pause Young (Normal) (G1 Evacuation Pause) 309M->19M(512M) 11.053ms
[2023-01-08T10:31:54.721+0000][7][gc,cpu      ] GC(4) User=0.08s Sys=0.01s Real=0.02s
[2023-01-08T10:31:54.721+0000][7][safepoint   ] Safepoint "G1CollectForAllocation", Time since last: 648952300 ns, Reaching safepoint: 283600 ns, At safepoint: 11865300 ns, Total: 12148900 ns
[2023-01-08T10:31:55.228+0000][7][gc,start    ] GC(5) Pause Young (Normal) (G1 Evacuation Pause)
[2023-01-08T10:31:55.228+0000][7][gc,task     ] GC(5) Using 10 workers of 10 for evacuation
[2023-01-08T10:31:55.229+0000][7][gc,age      ] GC(5) Desired survivor size 20971520 bytes, new threshold 15 (max threshold 15)
[2023-01-08T10:31:55.235+0000][7][gc,age      ] GC(5) Age table with threshold 15 (max threshold 15)
[2023-01-08T10:31:55.236+0000][7][gc,age      ] GC(5) - age   1:     984552 bytes,     984552 total
[2023-01-08T10:31:55.236+0000][7][gc,age      ] GC(5) - age   2:    2787616 bytes,    3772168 total
[2023-01-08T10:31:55.236+0000][7][gc,age      ] GC(5) - age   3:    4651128 bytes,    8423296 total
[2023-01-08T10:31:55.237+0000][7][gc,age      ] GC(5) - age   4:    1136328 bytes,    9559624 total
[2023-01-08T10:31:55.237+0000][7][gc,age      ] GC(5) - age   5:    2017216 bytes,   11576840 total
[2023-01-08T10:31:55.237+0000][7][gc,phases   ] GC(5)   Pre Evacuate Collection Set: 0.3ms
[2023-01-08T10:31:55.238+0000][7][gc,phases   ] GC(5)   Merge Heap Roots: 0.3ms
[2023-01-08T10:31:55.238+0000][7][gc,phases   ] GC(5)   Evacuate Collection Set: 3.8ms
[2023-01-08T10:31:55.239+0000][7][gc,phases   ] GC(5)   Post Evacuate Collection Set: 1.7ms
[2023-01-08T10:31:55.239+0000][7][gc,phases   ] GC(5)   Other: 3.7ms
[2023-01-08T10:31:55.239+0000][7][gc,heap     ] GC(5) Eden regions: 73->0(73)
[2023-01-08T10:31:55.240+0000][7][gc,heap     ] GC(5) Survivor regions: 3->3(10)
[2023-01-08T10:31:55.240+0000][7][gc,heap     ] GC(5) Old regions: 2->2
[2023-01-08T10:31:55.240+0000][7][gc,heap     ] GC(5) Archive regions: 2->2
[2023-01-08T10:31:55.241+0000][7][gc,heap     ] GC(5) Humongous regions: 0->0
[2023-01-08T10:31:55.241+0000][7][gc,metaspace] GC(5) Metaspace: 19526K(20608K)->19526K(20608K) NonClass: 17153K(17920K)->17153K(17920K) Class: 2373K(2688K)->2373K(2688K)
[2023-01-08T10:31:55.242+0000][7][gc          ] GC(5) Pause Young (Normal) (G1 Evacuation Pause) 311M->19M(512M) 13.776ms
[2023-01-08T10:31:55.242+0000][7][gc,cpu      ] GC(5) User=0.06s Sys=0.01s Real=0.02s
[2023-01-08T10:31:55.242+0000][7][safepoint   ] Safepoint "G1CollectForAllocation", Time since last: 506491200 ns, Reaching safepoint: 244000 ns, At safepoint: 14607700 ns, Total: 14851700 ns
[2023-01-08T10:31:55.699+0000][7][gc,start    ] GC(6) Pause Young (Normal) (G1 Evacuation Pause)
[2023-01-08T10:31:55.699+0000][7][gc,task     ] GC(6) Using 10 workers of 10 for evacuation
[2023-01-08T10:31:55.700+0000][7][gc,age      ] GC(6) Desired survivor size 20971520 bytes, new threshold 15 (max threshold 15)
[2023-01-08T10:31:55.707+0000][7][gc,age      ] GC(6) Age table with threshold 15 (max threshold 15)
[2023-01-08T10:31:55.707+0000][7][gc,age      ] GC(6) - age   1:    2399728 bytes,    2399728 total
[2023-01-08T10:31:55.707+0000][7][gc,age      ] GC(6) - age   2:     559768 bytes,    2959496 total
[2023-01-08T10:31:55.707+0000][7][gc,age      ] GC(6) - age   3:    2785840 bytes,    5745336 total
[2023-01-08T10:31:55.708+0000][7][gc,age      ] GC(6) - age   4:    4650608 bytes,   10395944 total
[2023-01-08T10:31:55.708+0000][7][gc,age      ] GC(6) - age   5:    1136152 bytes,   11532096 total
[2023-01-08T10:31:55.708+0000][7][gc,age      ] GC(6) - age   6:    2017216 bytes,   13549312 total
[2023-01-08T10:31:55.708+0000][7][gc,phases   ] GC(6)   Pre Evacuate Collection Set: 0.2ms
[2023-01-08T10:31:55.708+0000][7][gc,phases   ] GC(6)   Merge Heap Roots: 0.2ms
[2023-01-08T10:31:55.709+0000][7][gc,phases   ] GC(6)   Evacuate Collection Set: 4.9ms
[2023-01-08T10:31:55.709+0000][7][gc,phases   ] GC(6)   Post Evacuate Collection Set: 1.4ms
[2023-01-08T10:31:55.709+0000][7][gc,phases   ] GC(6)   Other: 2.4ms
[2023-01-08T10:31:55.710+0000][7][gc,heap     ] GC(6) Eden regions: 73->0(72)
[2023-01-08T10:31:55.710+0000][7][gc,heap     ] GC(6) Survivor regions: 3->4(10)
[2023-01-08T10:31:55.710+0000][7][gc,heap     ] GC(6) Old regions: 2->2
[2023-01-08T10:31:55.711+0000][7][gc,heap     ] GC(6) Archive regions: 2->2
[2023-01-08T10:31:55.711+0000][7][gc,heap     ] GC(6) Humongous regions: 0->0
[2023-01-08T10:31:55.711+0000][7][gc,metaspace] GC(6) Metaspace: 19930K(21248K)->19930K(21248K) NonClass: 17489K(18432K)->17489K(18432K) Class: 2441K(2816K)->2441K(2816K)
[2023-01-08T10:31:55.711+0000][7][gc          ] GC(6) Pause Young (Normal) (G1 Evacuation Pause) 311M->21M(512M) 12.343ms
[2023-01-08T10:31:55.712+0000][7][gc,cpu      ] GC(6) User=0.08s Sys=0.01s Real=0.02s
[2023-01-08T10:31:55.712+0000][7][safepoint   ] Safepoint "G1CollectForAllocation", Time since last: 456282700 ns, Reaching safepoint: 351700 ns, At safepoint: 12918200 ns, Total: 13269900 ns
[2023-01-08T10:31:56.046+0000][7][gc,start    ] GC(7) Pause Young (Concurrent Start) (Metadata GC Threshold)
[2023-01-08T10:31:56.046+0000][7][gc,task     ] GC(7) Using 10 workers of 10 for evacuation
[2023-01-08T10:31:56.047+0000][7][gc,age      ] GC(7) Desired survivor size 20971520 bytes, new threshold 15 (max threshold 15)
[2023-01-08T10:31:56.055+0000][7][gc,age      ] GC(7) Age table with threshold 15 (max threshold 15)
[2023-01-08T10:31:56.055+0000][7][gc,age      ] GC(7) - age   1:     747712 bytes,     747712 total
[2023-01-08T10:31:56.056+0000][7][gc,age      ] GC(7) - age   2:    2023952 bytes,    2771664 total
[2023-01-08T10:31:56.056+0000][7][gc,age      ] GC(7) - age   3:     558944 bytes,    3330608 total
[2023-01-08T10:31:56.056+0000][7][gc,age      ] GC(7) - age   4:    2785840 bytes,    6116448 total
[2023-01-08T10:31:56.057+0000][7][gc,age      ] GC(7) - age   5:    4650288 bytes,   10766736 total
[2023-01-08T10:31:56.057+0000][7][gc,age      ] GC(7) - age   6:    1136152 bytes,   11902888 total
[2023-01-08T10:31:56.057+0000][7][gc,age      ] GC(7) - age   7:    2017216 bytes,   13920104 total
[2023-01-08T10:31:56.058+0000][7][gc,phases   ] GC(7)   Pre Evacuate Collection Set: 0.4ms
[2023-01-08T10:31:56.058+0000][7][gc,phases   ] GC(7)   Merge Heap Roots: 0.3ms
[2023-01-08T10:31:56.058+0000][7][gc,phases   ] GC(7)   Evacuate Collection Set: 5.9ms
[2023-01-08T10:31:56.058+0000][7][gc,phases   ] GC(7)   Post Evacuate Collection Set: 1.2ms
[2023-01-08T10:31:56.059+0000][7][gc,phases   ] GC(7)   Other: 4.1ms
[2023-01-08T10:31:56.059+0000][7][gc,heap     ] GC(7) Eden regions: 51->0(72)
[2023-01-08T10:31:56.059+0000][7][gc,heap     ] GC(7) Survivor regions: 4->4(10)
[2023-01-08T10:31:56.059+0000][7][gc,heap     ] GC(7) Old regions: 2->2
[2023-01-08T10:31:56.060+0000][7][gc,heap     ] GC(7) Archive regions: 2->2
[2023-01-08T10:31:56.060+0000][7][gc,heap     ] GC(7) Humongous regions: 0->0
[2023-01-08T10:31:56.060+0000][7][gc,metaspace] GC(7) Metaspace: 19993K(21296K)->19993K(21296K) NonClass: 17539K(18480K)->17539K(18480K) Class: 2453K(2816K)->2453K(2816K)
[2023-01-08T10:31:56.060+0000][7][gc          ] GC(7) Pause Young (Concurrent Start) (Metadata GC Threshold) 223M->22M(512M) 14.397ms
[2023-01-08T10:31:56.060+0000][7][gc,cpu      ] GC(7) User=0.07s Sys=0.00s Real=0.02s
[2023-01-08T10:31:56.061+0000][7][gc          ] GC(8) Concurrent Cycle
[2023-01-08T10:31:56.061+0000][7][safepoint   ] Safepoint "CollectForMetadataAllocation", Time since last: 333647300 ns, Reaching safepoint: 251100 ns, At safepoint: 15309800 ns, Total: 15560900 ns
[2023-01-08T10:31:56.061+0000][7][gc,marking  ] GC(8) Concurrent Clear Claimed Marks
[2023-01-08T10:31:56.062+0000][7][gc,marking  ] GC(8) Concurrent Clear Claimed Marks 0.721ms
[2023-01-08T10:31:56.063+0000][7][gc,marking  ] GC(8) Concurrent Scan Root Regions
[2023-01-08T10:31:56.066+0000][7][gc,marking  ] GC(8) Concurrent Scan Root Regions 3.777ms
[2023-01-08T10:31:56.067+0000][7][gc,marking  ] GC(8) Concurrent Mark (5.523s)
[2023-01-08T10:31:56.067+0000][7][gc,marking  ] GC(8) Concurrent Mark From Roots
[2023-01-08T10:31:56.067+0000][7][gc,task     ] GC(8) Using 3 workers of 3 for marking
[2023-01-08T10:31:56.075+0000][7][gc,marking  ] GC(8) Concurrent Mark From Roots 8.384ms
[2023-01-08T10:31:56.076+0000][7][gc,marking  ] GC(8) Concurrent Preclean
[2023-01-08T10:31:56.076+0000][7][gc,marking  ] GC(8) Concurrent Preclean 0.317ms
[2023-01-08T10:31:56.076+0000][7][gc,marking  ] GC(8) Concurrent Mark (5.523s, 5.532s) 9.412ms
[2023-01-08T10:31:56.077+0000][7][gc,start    ] GC(8) Pause Remark
[2023-01-08T10:31:56.079+0000][7][gc          ] GC(8) Pause Remark 30M->30M(512M) 2.488ms
[2023-01-08T10:31:56.080+0000][7][gc,cpu      ] GC(8) User=0.02s Sys=0.00s Real=0.01s
[2023-01-08T10:31:56.080+0000][7][safepoint   ] Safepoint "G1Concurrent", Time since last: 15209800 ns, Reaching safepoint: 353200 ns, At safepoint: 3180300 ns, Total: 3533500 ns
[2023-01-08T10:31:56.080+0000][7][gc,marking  ] GC(8) Concurrent Rebuild Remembered Sets
[2023-01-08T10:31:56.083+0000][7][gc,marking  ] GC(8) Concurrent Rebuild Remembered Sets 3.414ms
[2023-01-08T10:31:56.086+0000][7][gc,start    ] GC(8) Pause Cleanup
[2023-01-08T10:31:56.086+0000][7][gc          ] GC(8) Pause Cleanup 36M->36M(512M) 0.530ms
[2023-01-08T10:31:56.087+0000][7][gc,cpu      ] GC(8) User=0.00s Sys=0.00s Real=0.00s
[2023-01-08T10:31:56.087+0000][7][safepoint   ] Safepoint "G1Concurrent", Time since last: 5177500 ns, Reaching safepoint: 766400 ns, At safepoint: 1093300 ns, Total: 1859700 ns
[2023-01-08T10:31:56.087+0000][7][gc,marking  ] GC(8) Concurrent Cleanup for Next Mark
[2023-01-08T10:31:56.088+0000][7][gc,marking  ] GC(8) Concurrent Cleanup for Next Mark 0.789ms
[2023-01-08T10:31:56.088+0000][7][gc          ] GC(8) Concurrent Cycle 27.582ms
[2023-01-08T10:31:57.111+0000][7][safepoint   ] Safepoint "ICBufferFull", Time since last: 1023730200 ns, Reaching safepoint: 373600 ns, At safepoint: 41300 ns, Total: 414900 ns
[2023-01-08T10:31:57.903+0000][7][safepoint   ] Safepoint "ICBufferFull", Time since last: 791368000 ns, Reaching safepoint: 479100 ns, At safepoint: 70900 ns, Total: 550000 ns
[2023-01-08T10:31:58.904+0000][7][safepoint   ] Safepoint "Cleanup", Time since last: 1000646100 ns, Reaching safepoint: 481400 ns, At safepoint: 156000 ns, Total: 637400 ns
[2023-01-08T10:31:58.933+0000][7][gc,start    ] GC(9) Pause Young (Normal) (G1 Evacuation Pause)
[2023-01-08T10:31:58.934+0000][7][gc,task     ] GC(9) Using 10 workers of 10 for evacuation
[2023-01-08T10:31:58.934+0000][7][gc,age      ] GC(9) Desired survivor size 20971520 bytes, new threshold 15 (max threshold 15)
[2023-01-08T10:31:58.952+0000][7][gc,age      ] GC(9) Age table with threshold 15 (max threshold 15)
[2023-01-08T10:31:58.953+0000][7][gc,age      ] GC(9) - age   1:   26126056 bytes,   26126056 total
[2023-01-08T10:31:58.953+0000][7][gc,age      ] GC(9) - age   2:     708336 bytes,   26834392 total
[2023-01-08T10:31:58.954+0000][7][gc,age      ] GC(9) - age   3:    2006928 bytes,   28841320 total
[2023-01-08T10:31:58.954+0000][7][gc,age      ] GC(9) - age   4:     541120 bytes,   29382440 total
[2023-01-08T10:31:58.954+0000][7][gc,age      ] GC(9) - age   5:    2767920 bytes,   32150360 total
[2023-01-08T10:31:58.955+0000][7][gc,age      ] GC(9) - age   6:    4599288 bytes,   36749648 total
[2023-01-08T10:31:58.955+0000][7][gc,age      ] GC(9) - age   7:    1093720 bytes,   37843368 total
[2023-01-08T10:31:58.955+0000][7][gc,age      ] GC(9) - age   8:    2007336 bytes,   39850704 total
[2023-01-08T10:31:58.956+0000][7][gc,phases   ] GC(9)   Pre Evacuate Collection Set: 0.3ms
[2023-01-08T10:31:58.956+0000][7][gc,phases   ] GC(9)   Merge Heap Roots: 0.3ms
[2023-01-08T10:31:58.956+0000][7][gc,phases   ] GC(9)   Evacuate Collection Set: 14.8ms
[2023-01-08T10:31:58.957+0000][7][gc,phases   ] GC(9)   Post Evacuate Collection Set: 2.5ms
[2023-01-08T10:31:58.957+0000][7][gc,phases   ] GC(9)   Other: 4.3ms
[2023-01-08T10:31:58.958+0000][7][gc,heap     ] GC(9) Eden regions: 72->0(66)
[2023-01-08T10:31:58.958+0000][7][gc,heap     ] GC(9) Survivor regions: 4->10(10)
[2023-01-08T10:31:58.959+0000][7][gc,heap     ] GC(9) Old regions: 2->2
[2023-01-08T10:31:58.959+0000][7][gc,heap     ] GC(9) Archive regions: 2->2
[2023-01-08T10:31:58.960+0000][7][gc,heap     ] GC(9) Humongous regions: 0->0
[2023-01-08T10:31:58.960+0000][7][gc,metaspace] GC(9) Metaspace: 30032K(32256K)->30032K(32256K) NonClass: 26271K(27904K)->26271K(27904K) Class: 3760K(4352K)->3760K(4352K)
[2023-01-08T10:31:58.961+0000][7][gc          ] GC(9) Pause Young (Normal) (G1 Evacuation Pause) 310M->47M(512M) 27.435ms
[2023-01-08T10:31:58.961+0000][7][gc,cpu      ] GC(9) User=0.21s Sys=0.01s Real=0.03s
[2023-01-08T10:31:58.962+0000][7][safepoint   ] Safepoint "G1CollectForAllocation", Time since last: 28861400 ns, Reaching safepoint: 319500 ns, At safepoint: 28704400 ns, Total: 29023900 ns
[2023-01-08T10:31:59.723+0000][7][gc,start    ] GC(10) Pause Young (Concurrent Start) (Metadata GC Threshold)
[2023-01-08T10:31:59.724+0000][7][gc,task     ] GC(10) Using 10 workers of 10 for evacuation
[2023-01-08T10:31:59.724+0000][7][gc,age      ] GC(10) Desired survivor size 20971520 bytes, new threshold 1 (max threshold 15)
[2023-01-08T10:31:59.749+0000][7][gc,age      ] GC(10) Age table with threshold 1 (max threshold 15)
[2023-01-08T10:31:59.750+0000][7][gc,age      ] GC(10) - age   1:   12815096 bytes,   12815096 total
[2023-01-08T10:31:59.750+0000][7][gc,phases   ] GC(10)   Pre Evacuate Collection Set: 0.4ms
[2023-01-08T10:31:59.750+0000][7][gc,phases   ] GC(10)   Merge Heap Roots: 0.3ms
[2023-01-08T10:31:59.751+0000][7][gc,phases   ] GC(10)   Evacuate Collection Set: 22.6ms
[2023-01-08T10:31:59.751+0000][7][gc,phases   ] GC(10)   Post Evacuate Collection Set: 1.4ms
[2023-01-08T10:31:59.752+0000][7][gc,phases   ] GC(10)   Other: 2.4ms
[2023-01-08T10:31:59.752+0000][7][gc,heap     ] GC(10) Eden regions: 21->0(72)
[2023-01-08T10:31:59.753+0000][7][gc,heap     ] GC(10) Survivor regions: 10->4(10)
[2023-01-08T10:31:59.754+0000][7][gc,heap     ] GC(10) Old regions: 2->11
[2023-01-08T10:31:59.754+0000][7][gc,heap     ] GC(10) Archive regions: 2->2
[2023-01-08T10:31:59.755+0000][7][gc,heap     ] GC(10) Humongous regions: 0->0
[2023-01-08T10:31:59.755+0000][7][gc,metaspace] GC(10) Metaspace: 33725K(35920K)->33725K(35920K) NonClass: 29366K(30928K)->29366K(30928K) Class: 4358K(4992K)->4358K(4992K)
[2023-01-08T10:31:59.756+0000][7][gc          ] GC(10) Pause Young (Concurrent Start) (Metadata GC Threshold) 129M->60M(512M) 32.487ms
[2023-01-08T10:31:59.756+0000][7][gc,cpu      ] GC(10) User=0.26s Sys=0.01s Real=0.03s
[2023-01-08T10:31:59.757+0000][7][gc          ] GC(11) Concurrent Cycle
[2023-01-08T10:31:59.757+0000][7][gc,marking  ] GC(11) Concurrent Clear Claimed Marks
[2023-01-08T10:31:59.757+0000][7][safepoint   ] Safepoint "CollectForMetadataAllocation", Time since last: 760578500 ns, Reaching safepoint: 278700 ns, At safepoint: 34033700 ns, Total: 34312400 ns
[2023-01-08T10:31:59.758+0000][7][gc,marking  ] GC(11) Concurrent Clear Claimed Marks 0.595ms
[2023-01-08T10:31:59.758+0000][7][gc,marking  ] GC(11) Concurrent Scan Root Regions
[2023-01-08T10:31:59.775+0000][7][gc,marking  ] GC(11) Concurrent Scan Root Regions 16.515ms
[2023-01-08T10:31:59.775+0000][7][gc,marking  ] GC(11) Concurrent Mark (9.231s)
[2023-01-08T10:31:59.776+0000][7][gc,marking  ] GC(11) Concurrent Mark From Roots
[2023-01-08T10:31:59.776+0000][7][gc,task     ] GC(11) Using 3 workers of 3 for marking
[2023-01-08T10:31:59.782+0000][7][safepoint   ] Safepoint "CollectForMetadataAllocation", Time since last: 23927500 ns, Reaching safepoint: 508900 ns, At safepoint: 401100 ns, Total: 910000 ns
[2023-01-08T10:31:59.783+0000][7][gc,marking  ] GC(11) Concurrent Mark From Roots 6.983ms
[2023-01-08T10:31:59.783+0000][7][gc,marking  ] GC(11) Concurrent Preclean
[2023-01-08T10:31:59.784+0000][7][gc,marking  ] GC(11) Concurrent Preclean 0.375ms
[2023-01-08T10:31:59.784+0000][7][gc,marking  ] GC(11) Concurrent Mark (9.231s, 9.240s) 8.547ms
[2023-01-08T10:31:59.785+0000][7][gc,start    ] GC(11) Pause Remark
[2023-01-08T10:31:59.788+0000][7][gc          ] GC(11) Pause Remark 62M->62M(512M) 2.963ms
[2023-01-08T10:31:59.788+0000][7][gc,cpu      ] GC(11) User=0.02s Sys=0.00s Real=0.00s
[2023-01-08T10:31:59.788+0000][7][safepoint   ] Safepoint "G1Concurrent", Time since last: 2394600 ns, Reaching safepoint: 358700 ns, At safepoint: 3869200 ns, Total: 4227900 ns
[2023-01-08T10:31:59.789+0000][7][gc,marking  ] GC(11) Concurrent Rebuild Remembered Sets
[2023-01-08T10:31:59.807+0000][7][gc,marking  ] GC(11) Concurrent Rebuild Remembered Sets 18.524ms
[2023-01-08T10:31:59.808+0000][7][gc,start    ] GC(11) Pause Cleanup
[2023-01-08T10:31:59.809+0000][7][gc          ] GC(11) Pause Cleanup 64M->64M(512M) 0.688ms
[2023-01-08T10:31:59.811+0000][7][gc,cpu      ] GC(11) User=0.02s Sys=0.00s Real=0.01s
[2023-01-08T10:31:59.811+0000][7][safepoint   ] Safepoint "G1Concurrent", Time since last: 19460600 ns, Reaching safepoint: 552800 ns, At safepoint: 2638500 ns, Total: 3191300 ns
[2023-01-08T10:31:59.812+0000][7][gc,marking  ] GC(11) Concurrent Cleanup for Next Mark
[2023-01-08T10:31:59.812+0000][7][gc,marking  ] GC(11) Concurrent Cleanup for Next Mark 0.764ms
[2023-01-08T10:31:59.813+0000][7][gc          ] GC(11) Concurrent Cycle 56.086ms
[2023-01-08T10:32:00.558+0000][7][safepoint   ] Safepoint "ICBufferFull", Time since last: 746455000 ns, Reaching safepoint: 299800 ns, At safepoint: 33300 ns, Total: 333100 ns
[2023-01-08T10:32:01.587+0000][7][safepoint   ] Safepoint "ICBufferFull", Time since last: 1029099900 ns, Reaching safepoint: 236100 ns, At safepoint: 24200 ns, Total: 260300 ns
[2023-01-08T10:32:01.775+0000][7][gc,start    ] GC(12) Pause Young (Concurrent Start) (G1 Evacuation Pause)
[2023-01-08T10:32:01.775+0000][7][gc,task     ] GC(12) Using 10 workers of 10 for evacuation
[2023-01-08T10:32:01.775+0000][7][gc,age      ] GC(12) Desired survivor size 20971520 bytes, new threshold 15 (max threshold 15)
[2023-01-08T10:32:01.788+0000][7][gc,age      ] GC(12) Age table with threshold 15 (max threshold 15)
[2023-01-08T10:32:01.788+0000][7][gc,age      ] GC(12) - age   1:    6512264 bytes,    6512264 total
[2023-01-08T10:32:01.789+0000][7][gc,age      ] GC(12) - age   2:   12646952 bytes,   19159216 total
[2023-01-08T10:32:01.789+0000][7][gc,phases   ] GC(12)   Pre Evacuate Collection Set: 0.3ms
[2023-01-08T10:32:01.789+0000][7][gc,phases   ] GC(12)   Merge Heap Roots: 0.2ms
[2023-01-08T10:32:01.789+0000][7][gc,phases   ] GC(12)   Evacuate Collection Set: 10.2ms
[2023-01-08T10:32:01.790+0000][7][gc,phases   ] GC(12)   Post Evacuate Collection Set: 1.8ms
[2023-01-08T10:32:01.790+0000][7][gc,phases   ] GC(12)   Other: 1.9ms
[2023-01-08T10:32:01.790+0000][7][gc,heap     ] GC(12) Eden regions: 72->0(71)
[2023-01-08T10:32:01.790+0000][7][gc,heap     ] GC(12) Survivor regions: 4->5(10)
[2023-01-08T10:32:01.791+0000][7][gc,heap     ] GC(12) Old regions: 11->11
[2023-01-08T10:32:01.791+0000][7][gc,heap     ] GC(12) Archive regions: 2->2
[2023-01-08T10:32:01.791+0000][7][gc,heap     ] GC(12) Humongous regions: 0->0
[2023-01-08T10:32:01.791+0000][7][gc,metaspace] GC(12) Metaspace: 51757K(55068K)->51757K(55068K) NonClass: 44830K(47312K)->44830K(47312K) Class: 6927K(7756K)->6927K(7756K)
[2023-01-08T10:32:01.792+0000][7][gc          ] GC(12) Pause Young (Concurrent Start) (G1 Evacuation Pause) 348M->65M(512M) 17.063ms
[2023-01-08T10:32:01.792+0000][7][gc,cpu      ] GC(12) User=0.16s Sys=0.00s Real=0.02s
[2023-01-08T10:32:01.792+0000][7][gc          ] GC(13) Concurrent Cycle
[2023-01-08T10:32:01.792+0000][7][safepoint   ] Safepoint "G1CollectForAllocation", Time since last: 186920400 ns, Reaching safepoint: 302300 ns, At safepoint: 17658800 ns, Total: 17961100 ns
[2023-01-08T10:32:01.792+0000][7][gc,marking  ] GC(13) Concurrent Clear Claimed Marks
[2023-01-08T10:32:01.793+0000][7][gc,marking  ] GC(13) Concurrent Clear Claimed Marks 0.568ms
[2023-01-08T10:32:01.793+0000][7][gc,marking  ] GC(13) Concurrent Scan Root Regions
[2023-01-08T10:32:01.803+0000][7][gc,marking  ] GC(13) Concurrent Scan Root Regions 9.765ms
[2023-01-08T10:32:01.803+0000][7][gc,marking  ] GC(13) Concurrent Mark (11.260s)
[2023-01-08T10:32:01.804+0000][7][gc,marking  ] GC(13) Concurrent Mark From Roots
[2023-01-08T10:32:01.804+0000][7][gc,task     ] GC(13) Using 3 workers of 3 for marking
[2023-01-08T10:32:01.844+0000][7][gc,marking  ] GC(13) Concurrent Mark From Roots 40.072ms
[2023-01-08T10:32:01.844+0000][7][gc,marking  ] GC(13) Concurrent Preclean
[2023-01-08T10:32:01.845+0000][7][gc,marking  ] GC(13) Concurrent Preclean 0.725ms
[2023-01-08T10:32:01.845+0000][7][gc,marking  ] GC(13) Concurrent Mark (11.260s, 11.301s) 41.776ms
[2023-01-08T10:32:01.846+0000][7][gc,start    ] GC(13) Pause Remark
[2023-01-08T10:32:01.850+0000][7][gc          ] GC(13) Pause Remark 71M->71M(512M) 3.518ms
[2023-01-08T10:32:01.850+0000][7][gc,cpu      ] GC(13) User=0.02s Sys=0.02s Real=0.01s
[2023-01-08T10:32:01.851+0000][7][safepoint   ] Safepoint "G1Concurrent", Time since last: 53533300 ns, Reaching safepoint: 398300 ns, At safepoint: 4460100 ns, Total: 4858400 ns
[2023-01-08T10:32:01.851+0000][7][gc,marking  ] GC(13) Concurrent Rebuild Remembered Sets
[2023-01-08T10:32:01.879+0000][7][gc,marking  ] GC(13) Concurrent Rebuild Remembered Sets 28.233ms
[2023-01-08T10:32:01.881+0000][7][gc,start    ] GC(13) Pause Cleanup
[2023-01-08T10:32:01.881+0000][7][gc          ] GC(13) Pause Cleanup 73M->73M(512M) 0.531ms
[2023-01-08T10:32:01.881+0000][7][gc,cpu      ] GC(13) User=0.00s Sys=0.00s Real=0.00s
[2023-01-08T10:32:01.882+0000][7][safepoint   ] Safepoint "G1Concurrent", Time since last: 29171300 ns, Reaching safepoint: 795400 ns, At safepoint: 1009000 ns, Total: 1804400 ns
[2023-01-08T10:32:01.882+0000][7][gc,marking  ] GC(13) Concurrent Cleanup for Next Mark
[2023-01-08T10:32:01.882+0000][7][gc,marking  ] GC(13) Concurrent Cleanup for Next Mark 0.619ms
[2023-01-08T10:32:01.883+0000][7][gc          ] GC(13) Concurrent Cycle 90.632ms
[2023-01-08T10:32:03.107+0000][7][safepoint   ] Safepoint "Cleanup", Time since last: 1224222900 ns, Reaching safepoint: 1020100 ns, At safepoint: 30500 ns, Total: 1050600 ns
[2023-01-08T10:32:03.841+0000][7][safepoint   ] Safepoint "ICBufferFull", Time since last: 733968400 ns, Reaching safepoint: 309600 ns, At safepoint: 59700 ns, Total: 369300 ns
[2023-01-08T10:32:04.555+0000][7][safepoint   ] Safepoint "ICBufferFull", Time since last: 713694800 ns, Reaching safepoint: 394300 ns, At safepoint: 52200 ns, Total: 446500 ns
[2023-01-08T10:32:05.507+0000][7][safepoint   ] Safepoint "ICBufferFull", Time since last: 951467700 ns, Reaching safepoint: 311800 ns, At safepoint: 34100 ns, Total: 345900 ns
[2023-01-08T10:32:06.289+0000][7][safepoint   ] Safepoint "ICBufferFull", Time since last: 781202400 ns, Reaching safepoint: 375500 ns, At safepoint: 90000 ns, Total: 465500 ns
[2023-01-08T10:32:06.941+0000][7][gc,start    ] GC(14) Pause Young (Concurrent Start) (Metadata GC Threshold)
[2023-01-08T10:32:06.941+0000][7][gc,task     ] GC(14) Using 10 workers of 10 for evacuation
[2023-01-08T10:32:06.942+0000][7][gc,age      ] GC(14) Desired survivor size 20971520 bytes, new threshold 15 (max threshold 15)
[2023-01-08T10:32:06.965+0000][7][gc,age      ] GC(14) Age table with threshold 15 (max threshold 15)
[2023-01-08T10:32:06.965+0000][7][gc,age      ] GC(14) - age   1:   14077832 bytes,   14077832 total
[2023-01-08T10:32:06.965+0000][7][gc,age      ] GC(14) - age   2:    6148640 bytes,   20226472 total
[2023-01-08T10:32:06.966+0000][7][gc,age      ] GC(14) - age   3:   12629432 bytes,   32855904 total
[2023-01-08T10:32:06.966+0000][7][gc,phases   ] GC(14)   Pre Evacuate Collection Set: 0.5ms
[2023-01-08T10:32:06.966+0000][7][gc,phases   ] GC(14)   Merge Heap Roots: 0.3ms
[2023-01-08T10:32:06.967+0000][7][gc,phases   ] GC(14)   Evacuate Collection Set: 18.3ms
[2023-01-08T10:32:06.967+0000][7][gc,phases   ] GC(14)   Post Evacuate Collection Set: 3.2ms
[2023-01-08T10:32:06.968+0000][7][gc,phases   ] GC(14)   Other: 2.9ms
[2023-01-08T10:32:06.968+0000][7][gc,heap     ] GC(14) Eden regions: 62->0(67)
[2023-01-08T10:32:06.968+0000][7][gc,heap     ] GC(14) Survivor regions: 5->9(10)
[2023-01-08T10:32:06.969+0000][7][gc,heap     ] GC(14) Old regions: 11->11
[2023-01-08T10:32:06.969+0000][7][gc,heap     ] GC(14) Archive regions: 2->2
[2023-01-08T10:32:06.969+0000][7][gc,heap     ] GC(14) Humongous regions: 2->2
[2023-01-08T10:32:06.970+0000][7][gc,metaspace] GC(14) Metaspace: 88273K(92420K)->88273K(92420K) NonClass: 76328K(79288K)->76328K(79288K) Class: 11945K(13132K)->11945K(13132K)
[2023-01-08T10:32:06.970+0000][7][gc          ] GC(14) Pause Young (Concurrent Start) (Metadata GC Threshold) 319M->86M(512M) 29.399ms
[2023-01-08T10:32:06.971+0000][7][gc,cpu      ] GC(14) User=0.19s Sys=0.00s Real=0.03s
[2023-01-08T10:32:06.971+0000][7][gc          ] GC(15) Concurrent Cycle
[2023-01-08T10:32:06.972+0000][7][gc,marking  ] GC(15) Concurrent Clear Claimed Marks
[2023-01-08T10:32:06.972+0000][7][safepoint   ] Safepoint "CollectForMetadataAllocation", Time since last: 651895500 ns, Reaching safepoint: 323700 ns, At safepoint: 30660500 ns, Total: 30984200 ns
[2023-01-08T10:32:06.972+0000][7][gc,marking  ] GC(15) Concurrent Clear Claimed Marks 0.501ms
[2023-01-08T10:32:06.973+0000][7][gc,marking  ] GC(15) Concurrent Scan Root Regions
[2023-01-08T10:32:06.987+0000][7][gc,marking  ] GC(15) Concurrent Scan Root Regions 14.361ms
[2023-01-08T10:32:06.988+0000][7][gc,marking  ] GC(15) Concurrent Mark (16.444s)
[2023-01-08T10:32:06.988+0000][7][gc,marking  ] GC(15) Concurrent Mark From Roots
[2023-01-08T10:32:06.989+0000][7][gc,task     ] GC(15) Using 3 workers of 3 for marking
[2023-01-08T10:32:07.033+0000][7][gc,marking  ] GC(15) Concurrent Mark From Roots 44.856ms
[2023-01-08T10:32:07.034+0000][7][gc,marking  ] GC(15) Concurrent Preclean
[2023-01-08T10:32:07.034+0000][7][gc,marking  ] GC(15) Concurrent Preclean 0.805ms
[2023-01-08T10:32:07.035+0000][7][gc,marking  ] GC(15) Concurrent Mark (16.444s, 16.491s) 46.726ms
[2023-01-08T10:32:07.036+0000][7][gc,start    ] GC(15) Pause Remark
[2023-01-08T10:32:07.040+0000][7][gc          ] GC(15) Pause Remark 90M->90M(512M) 4.290ms
[2023-01-08T10:32:07.041+0000][7][gc,cpu      ] GC(15) User=0.02s Sys=0.00s Real=0.01s
[2023-01-08T10:32:07.041+0000][7][safepoint   ] Safepoint "G1Concurrent", Time since last: 63593900 ns, Reaching safepoint: 359600 ns, At safepoint: 5446300 ns, Total: 5805900 ns
[2023-01-08T10:32:07.042+0000][7][gc,marking  ] GC(15) Concurrent Rebuild Remembered Sets
[2023-01-08T10:32:07.071+0000][7][gc,marking  ] GC(15) Concurrent Rebuild Remembered Sets 29.844ms
[2023-01-08T10:32:07.072+0000][7][gc,start    ] GC(15) Pause Cleanup
[2023-01-08T10:32:07.073+0000][7][gc          ] GC(15) Pause Cleanup 90M->90M(512M) 0.683ms
[2023-01-08T10:32:07.073+0000][7][gc,cpu      ] GC(15) User=0.00s Sys=0.00s Real=0.00s
[2023-01-08T10:32:07.074+0000][7][safepoint   ] Safepoint "G1Concurrent", Time since last: 30771400 ns, Reaching safepoint: 645500 ns, At safepoint: 1277300 ns, Total: 1922800 ns
[2023-01-08T10:32:07.074+0000][7][gc,marking  ] GC(15) Concurrent Cleanup for Next Mark
[2023-01-08T10:32:07.075+0000][7][gc,marking  ] GC(15) Concurrent Cleanup for Next Mark 0.750ms
[2023-01-08T10:32:07.075+0000][7][gc          ] GC(15) Concurrent Cycle 104.008ms
[2023-01-08T10:32:08.075+0000][7][safepoint   ] Safepoint "Cleanup", Time since last: 1000602400 ns, Reaching safepoint: 585200 ns, At safepoint: 25700 ns, Total: 610900 ns
[2023-01-08T10:32:10.076+0000][7][safepoint   ] Safepoint "Cleanup", Time since last: 2000971600 ns, Reaching safepoint: 416900 ns, At safepoint: 42600 ns, Total: 459500 ns
[2023-01-08T10:32:11.078+0000][7][safepoint   ] Safepoint "Cleanup", Time since last: 1000854800 ns, Reaching safepoint: 363400 ns, At safepoint: 35400 ns, Total: 398800 ns
[2023-01-08T10:32:12.079+0000][7][safepoint   ] Safepoint "Cleanup", Time since last: 1000798000 ns, Reaching safepoint: 361600 ns, At safepoint: 26100 ns, Total: 387700 ns
[2023-01-08T10:32:17.081+0000][7][safepoint   ] Safepoint "Cleanup", Time since last: 5001330100 ns, Reaching safepoint: 867300 ns, At safepoint: 91100 ns, Total: 958400 ns
[2023-01-08T10:32:20.083+0000][7][safepoint   ] Safepoint "Cleanup", Time since last: 3001673100 ns, Reaching safepoint: 276300 ns, At safepoint: 24500 ns, Total: 300800 ns
[2023-01-08T10:32:22.084+0000][7][safepoint   ] Safepoint "Cleanup", Time since last: 2000702300 ns, Reaching safepoint: 433600 ns, At safepoint: 63800 ns, Total: 497400 ns
[2023-01-08T10:32:27.087+0000][7][safepoint   ] Safepoint "Cleanup", Time since last: 5002052400 ns, Reaching safepoint: 531700 ns, At safepoint: 47500 ns, Total: 579200 ns
[2023-01-08T10:32:28.088+0000][7][safepoint   ] Safepoint "Cleanup", Time since last: 1000967000 ns, Reaching safepoint: 532400 ns, At safepoint: 48700 ns, Total: 581100 ns
[2023-01-08T10:32:29.089+0000][7][safepoint   ] Safepoint "Cleanup", Time since last: 1000596200 ns, Reaching safepoint: 305100 ns, At safepoint: 26500 ns, Total: 331600 ns
[2023-01-08T10:32:36.091+0000][7][safepoint   ] Safepoint "Cleanup", Time since last: 7001361400 ns, Reaching safepoint: 490400 ns, At safepoint: 22900 ns, Total: 513300 ns
[2023-01-08T10:32:37.092+0000][7][safepoint   ] Safepoint "Cleanup", Time since last: 1000670300 ns, Reaching safepoint: 369600 ns, At safepoint: 57400 ns, Total: 427000 ns
[2023-01-08T10:32:39.094+0000][7][safepoint   ] Safepoint "Cleanup", Time since last: 2001200700 ns, Reaching safepoint: 318700 ns, At safepoint: 54300 ns, Total: 373000 ns
[2023-01-08T10:32:42.096+0000][7][safepoint   ] Safepoint "Cleanup", Time since last: 3001284100 ns, Reaching safepoint: 457800 ns, At safepoint: 29700 ns, Total: 487500 ns
[2023-01-08T10:32:51.098+0000][7][safepoint   ] Safepoint "Cleanup", Time since last: 9002235300 ns, Reaching safepoint: 484200 ns, At safepoint: 37300 ns, Total: 521500 ns
[2023-01-08T10:32:52.100+0000][7][safepoint   ] Safepoint "Cleanup", Time since last: 1000784800 ns, Reaching safepoint: 491500 ns, At safepoint: 43200 ns, Total: 534700 ns
[2023-01-08T10:33:00.102+0000][7][safepoint   ] Safepoint "Cleanup", Time since last: 8002194700 ns, Reaching safepoint: 366000 ns, At safepoint: 33500 ns, Total: 399500 ns
[2023-01-08T10:33:06.105+0000][7][safepoint   ] Safepoint "Cleanup", Time since last: 6001956900 ns, Reaching safepoint: 571000 ns, At safepoint: 60200 ns, Total: 631200 ns
[2023-01-08T10:33:07.106+0000][7][safepoint   ] Safepoint "Cleanup", Time since last: 1001072000 ns, Reaching safepoint: 405200 ns, At safepoint: 47700 ns, Total: 452900 ns
[2023-01-08T10:33:08.108+0000][7][safepoint   ] Safepoint "Cleanup", Time since last: 1000929800 ns, Reaching safepoint: 328700 ns, At safepoint: 63200 ns, Total: 391900 ns
[2023-01-08T10:33:10.109+0000][7][safepoint   ] Safepoint "Cleanup", Time since last: 2000845700 ns, Reaching safepoint: 575100 ns, At safepoint: 94000 ns, Total: 669100 ns
[2023-01-08T10:33:11.111+0000][7][safepoint   ] Safepoint "Cleanup", Time since last: 1001242700 ns, Reaching safepoint: 569000 ns, At safepoint: 53100 ns, Total: 622100 ns
[2023-01-08T10:33:14.113+0000][7][safepoint   ] Safepoint "Cleanup", Time since last: 3001464700 ns, Reaching safepoint: 535400 ns, At safepoint: 24500 ns, Total: 559900 ns
[2023-01-08T10:33:15.114+0000][7][safepoint   ] Safepoint "Cleanup", Time since last: 1000695600 ns, Reaching safepoint: 358400 ns, At safepoint: 69800 ns, Total: 428200 ns
[2023-01-08T10:33:36.119+0000][7][safepoint   ] Safepoint "Cleanup", Time since last: 21004422900 ns, Reaching safepoint: 591900 ns, At safepoint: 53400 ns, Total: 645300 ns
[2023-01-08T10:33:42.122+0000][7][safepoint   ] Safepoint "Cleanup", Time since last: 6001732500 ns, Reaching safepoint: 533400 ns, At safepoint: 49100 ns, Total: 582500 ns
[2023-01-08T10:33:47.123+0000][7][safepoint   ] Safepoint "Cleanup", Time since last: 5001232800 ns, Reaching safepoint: 258500 ns, At safepoint: 23200 ns, Total: 281700 ns
[2023-01-08T10:33:48.125+0000][7][safepoint   ] Safepoint "Cleanup", Time since last: 1000870700 ns, Reaching safepoint: 446000 ns, At safepoint: 24000 ns, Total: 470000 ns
[2023-01-08T10:33:49.126+0000][7][safepoint   ] Safepoint "Cleanup", Time since last: 1000864600 ns, Reaching safepoint: 256000 ns, At safepoint: 28200 ns, Total: 284200 ns
[2023-01-08T10:33:52.127+0000][7][safepoint   ] Safepoint "Cleanup", Time since last: 3001086600 ns, Reaching safepoint: 498100 ns, At safepoint: 24000 ns, Total: 522100 ns
[2023-01-08T10:34:06.131+0000][7][safepoint   ] Safepoint "Cleanup", Time since last: 14003398400 ns, Reaching safepoint: 342400 ns, At safepoint: 37100 ns, Total: 379500 ns
[2023-01-08T10:34:12.133+0000][7][safepoint   ] Safepoint "Cleanup", Time since last: 6001369800 ns, Reaching safepoint: 428500 ns, At safepoint: 33400 ns, Total: 461900 ns
[2023-01-08T10:34:14.134+0000][7][safepoint   ] Safepoint "Cleanup", Time since last: 2000534300 ns, Reaching safepoint: 563800 ns, At safepoint: 48200 ns, Total: 612000 ns
[2023-01-08T10:34:33.139+0000][7][safepoint   ] Safepoint "Cleanup", Time since last: 19004499600 ns, Reaching safepoint: 558400 ns, At safepoint: 46700 ns, Total: 605100 ns
[2023-01-08T10:34:37.142+0000][7][safepoint   ] Safepoint "Cleanup", Time since last: 4002190600 ns, Reaching safepoint: 641400 ns, At safepoint: 68400 ns, Total: 709800 ns
[2023-01-08T10:34:42.144+0000][7][safepoint   ] Safepoint "Cleanup", Time since last: 5001934200 ns, Reaching safepoint: 370200 ns, At safepoint: 32500 ns, Total: 402700 ns
[2023-01-08T10:35:15.152+0000][7][safepoint   ] Safepoint "Cleanup", Time since last: 33006785800 ns, Reaching safepoint: 391400 ns, At safepoint: 32500 ns, Total: 423900 ns
[2023-01-08T10:35:16.153+0000][7][safepoint   ] Safepoint "Cleanup", Time since last: 1000751200 ns, Reaching safepoint: 321200 ns, At safepoint: 22900 ns, Total: 344100 ns
[2023-01-08T10:35:20.154+0000][7][safepoint   ] Safepoint "Cleanup", Time since last: 4001092900 ns, Reaching safepoint: 606400 ns, At safepoint: 56100 ns, Total: 662500 ns
[2023-01-08T10:35:35.160+0000][7][safepoint   ] Safepoint "Cleanup", Time since last: 15004476400 ns, Reaching safepoint: 586400 ns, At safepoint: 24300 ns, Total: 610700 ns
[2023-01-08T10:35:37.161+0000][7][safepoint   ] Safepoint "Cleanup", Time since last: 2000952200 ns, Reaching safepoint: 448100 ns, At safepoint: 45300 ns, Total: 493400 ns
[2023-01-08T10:35:43.163+0000][7][safepoint   ] Safepoint "Cleanup", Time since last: 6002075100 ns, Reaching safepoint: 294500 ns, At safepoint: 27900 ns, Total: 322400 ns
[2023-01-08T10:36:02.168+0000][7][safepoint   ] Safepoint "Cleanup", Time since last: 19004254800 ns, Reaching safepoint: 454000 ns, At safepoint: 41200 ns, Total: 495200 ns
[2023-01-08T10:36:04.170+0000][7][safepoint   ] Safepoint "Cleanup", Time since last: 2001182900 ns, Reaching safepoint: 270900 ns, At safepoint: 26900 ns, Total: 297800 ns
[2023-01-08T10:36:06.171+0000][7][safepoint   ] Safepoint "Cleanup", Time since last: 2000631000 ns, Reaching safepoint: 308600 ns, At safepoint: 27700 ns, Total: 336300 ns
[2023-01-08T10:36:07.171+0000][7][safepoint   ] Safepoint "Cleanup", Time since last: 1000540800 ns, Reaching safepoint: 298300 ns, At safepoint: 27600 ns, Total: 325900 ns
[2023-01-08T10:36:16.175+0000][7][safepoint   ] Safepoint "Cleanup", Time since last: 9003117100 ns, Reaching safepoint: 436800 ns, At safepoint: 47600 ns, Total: 484400 ns
[2023-01-08T10:36:17.177+0000][7][safepoint   ] Safepoint "Cleanup", Time since last: 1001088400 ns, Reaching safepoint: 816500 ns, At safepoint: 85400 ns, Total: 901900 ns
[2023-01-08T10:36:18.179+0000][7][safepoint   ] Safepoint "Cleanup", Time since last: 1001425300 ns, Reaching safepoint: 479700 ns, At safepoint: 51700 ns, Total: 531400 ns
[2023-01-08T10:36:22.181+0000][7][safepoint   ] Safepoint "Cleanup", Time since last: 4001847900 ns, Reaching safepoint: 517500 ns, At safepoint: 50800 ns, Total: 568300 ns
[2023-01-08T10:36:27.184+0000][7][safepoint   ] Safepoint "Cleanup", Time since last: 5001814500 ns, Reaching safepoint: 377000 ns, At safepoint: 36400 ns, Total: 413400 ns
[2023-01-08T10:36:36.187+0000][7][safepoint   ] Safepoint "Cleanup", Time since last: 9002566300 ns, Reaching safepoint: 484200 ns, At safepoint: 26500 ns, Total: 510700 ns
[2023-01-08T10:36:46.190+0000][7][safepoint   ] Safepoint "Cleanup", Time since last: 10003147100 ns, Reaching safepoint: 308300 ns, At safepoint: 29800 ns, Total: 338100 ns
[2023-01-08T10:37:06.196+0000][7][safepoint   ] Safepoint "Cleanup", Time since last: 20005415800 ns, Reaching safepoint: 296700 ns, At safepoint: 24800 ns, Total: 321500 ns
[2023-01-08T10:37:07.197+0000][7][safepoint   ] Safepoint "Cleanup", Time since last: 1000548500 ns, Reaching safepoint: 440900 ns, At safepoint: 30800 ns, Total: 471700 ns
[2023-01-08T10:37:18.201+0000][7][safepoint   ] Safepoint "Cleanup", Time since last: 11003203800 ns, Reaching safepoint: 315000 ns, At safepoint: 26800 ns, Total: 341800 ns
[2023-01-08T10:37:38.206+0000][7][safepoint   ] Safepoint "Cleanup", Time since last: 20004785900 ns, Reaching safepoint: 335700 ns, At safepoint: 57500 ns, Total: 393200 ns
[2023-01-08T10:37:42.207+0000][7][safepoint   ] Safepoint "Cleanup", Time since last: 4001209000 ns, Reaching safepoint: 477500 ns, At safepoint: 47100 ns, Total: 524600 ns
[2023-01-08T10:38:06.213+0000][7][safepoint   ] Safepoint "Cleanup", Time since last: 24005202500 ns, Reaching safepoint: 575200 ns, At safepoint: 63400 ns, Total: 638600 ns
[2023-01-08T10:38:32.221+0000][7][safepoint   ] Safepoint "Cleanup", Time since last: 26006624700 ns, Reaching safepoint: 764000 ns, At safepoint: 71000 ns, Total: 835000 ns
[2023-01-08T10:39:07.230+0000][7][safepoint   ] Safepoint "Cleanup", Time since last: 35008416100 ns, Reaching safepoint: 701400 ns, At safepoint: 74800 ns, Total: 776200 ns
[2023-01-08T10:39:37.238+0000][7][safepoint   ] Safepoint "Cleanup", Time since last: 30008112100 ns, Reaching safepoint: 294900 ns, At safepoint: 23800 ns, Total: 318700 ns
[2023-01-08T10:40:05.245+0000][7][safepoint   ] Safepoint "Cleanup", Time since last: 28006405900 ns, Reaching safepoint: 273400 ns, At safepoint: 29400 ns, Total: 302800 ns
[2023-01-08T10:40:05.313+0000][7][gc,heap,exit] Heap
[2023-01-08T10:40:05.314+0000][7][gc,heap,exit]  garbage-first heap   total 524288K, used 146318K [0x00000000e0000000, 0x0000000100000000)
[2023-01-08T10:40:05.314+0000][7][gc,heap,exit]   region size 4096K, 24 young (98304K), 9 survivors (36864K)
[2023-01-08T10:40:05.314+0000][7][gc,heap,exit]  Metaspace       used 90008K, capacity 93394K, committed 94084K, reserved 1130496K
[2023-01-08T10:40:05.315+0000][7][gc,heap,exit]   class space    used 12171K, capacity 13212K, committed 13260K, reserved 1048576K
