[2022-12-27T18:23:05.972+0000][7][gc] Using G1
[2022-12-27T18:23:06.114+0000][7][gc,init] Version: 15.0.1+9 (release)
[2022-12-27T18:23:06.115+0000][7][gc,init] CPUs: 12 total, 12 available
[2022-12-27T18:23:06.115+0000][7][gc,init] Memory: 12647M
[2022-12-27T18:23:06.115+0000][7][gc,init] Large Page Support: Disabled
[2022-12-27T18:23:06.115+0000][7][gc,init] NUMA Support: Disabled
[2022-12-27T18:23:06.115+0000][7][gc,init] Compressed Oops: Enabled (32-bit)
[2022-12-27T18:23:06.115+0000][7][gc,init] Heap Region Size: 4M
[2022-12-27T18:23:06.115+0000][7][gc,init] Heap Min Capacity: 512M
[2022-12-27T18:23:06.116+0000][7][gc,init] Heap Initial Capacity: 512M
[2022-12-27T18:23:06.116+0000][7][gc,init] Heap Max Capacity: 512M
[2022-12-27T18:23:06.116+0000][7][gc,init] Pre-touch: Enabled
[2022-12-27T18:23:06.116+0000][7][gc,init] Parallel Workers: 10
[2022-12-27T18:23:06.116+0000][7][gc,init] Concurrent Workers: 3
[2022-12-27T18:23:06.116+0000][7][gc,init] Concurrent Refinement Workers: 10
[2022-12-27T18:23:06.117+0000][7][gc,init] Periodic GC: Disabled
[2022-12-27T18:23:06.117+0000][7][gc,cds ] Mark closed archive regions in map: [0x00000000ffc00000, 0x00000000ffc7bff8]
[2022-12-27T18:23:06.117+0000][7][gc,cds ] Mark open archive regions in map: [0x00000000ffb00000, 0x00000000ffb51ff8]
[2022-12-27T18:23:06.117+0000][7][gc,metaspace] CDS archive(s) mapped at: [0x0000000800000000-0x0000000800b2a000-0x0000000800b2a000), size 11706368, SharedBaseAddress: 0x0000000800000000, ArchiveRelocationMode: 0.
[2022-12-27T18:23:06.117+0000][7][gc,metaspace] Compressed class space mapped at: 0x0000000800b2c000-0x0000000840b2c000, size: 1073741824
[2022-12-27T18:23:06.117+0000][7][gc,metaspace] Narrow klass base: 0x0000000800000000, Narrow klass shift: 3, Narrow klass range: 0x100000000
[2022-12-27T18:23:06.396+0000][7][safepoint   ] Safepoint "ICBufferFull", Time since last: 268577200 ns, Reaching safepoint: 143600 ns, At safepoint: 18200 ns, Total: 161800 ns
[2022-12-27T18:23:06.708+0000][7][gc,start    ] GC(0) Pause Young (Normal) (G1 Evacuation Pause)
[2022-12-27T18:23:06.709+0000][7][gc,task     ] GC(0) Using 10 workers of 10 for evacuation
[2022-12-27T18:23:06.709+0000][7][gc,age      ] GC(0) Desired survivor size 2097152 bytes, new threshold 15 (max threshold 15)
[2022-12-27T18:23:06.711+0000][7][gc,age      ] GC(0) Age table with threshold 15 (max threshold 15)
[2022-12-27T18:23:06.712+0000][7][gc,age      ] GC(0) - age   1:    4171336 bytes,    4171336 total
[2022-12-27T18:23:06.712+0000][7][gc,phases   ] GC(0)   Pre Evacuate Collection Set: 0.1ms
[2022-12-27T18:23:06.712+0000][7][gc,phases   ] GC(0)   Merge Heap Roots: 0.1ms
[2022-12-27T18:23:06.712+0000][7][gc,phases   ] GC(0)   Evacuate Collection Set: 1.2ms
[2022-12-27T18:23:06.712+0000][7][gc,phases   ] GC(0)   Post Evacuate Collection Set: 0.7ms
[2022-12-27T18:23:06.712+0000][7][gc,phases   ] GC(0)   Other: 2.0ms
[2022-12-27T18:23:06.712+0000][7][gc,heap     ] GC(0) Eden regions: 6->0(6)
[2022-12-27T18:23:06.712+0000][7][gc,heap     ] GC(0) Survivor regions: 0->1(1)
[2022-12-27T18:23:06.713+0000][7][gc,heap     ] GC(0) Old regions: 0->1
[2022-12-27T18:23:06.713+0000][7][gc,heap     ] GC(0) Archive regions: 2->2
[2022-12-27T18:23:06.713+0000][7][gc,heap     ] GC(0) Humongous regions: 0->0
[2022-12-27T18:23:06.713+0000][7][gc,metaspace] GC(0) Metaspace: 8395K(9344K)->8395K(9344K) NonClass: 7451K(8192K)->7451K(8192K) Class: 944K(1152K)->944K(1152K)
[2022-12-27T18:23:06.713+0000][7][gc          ] GC(0) Pause Young (Normal) (G1 Evacuation Pause) 27M->7M(512M) 5.458ms
[2022-12-27T18:23:06.713+0000][7][gc,cpu      ] GC(0) User=0.02s Sys=0.00s Real=0.01s
[2022-12-27T18:23:06.713+0000][7][safepoint   ] Safepoint "G1CollectForAllocation", Time since last: 311782100 ns, Reaching safepoint: 111800 ns, At safepoint: 5757800 ns, Total: 5869600 ns
[2022-12-27T18:23:07.264+0000][7][safepoint   ] Safepoint "ICBufferFull", Time since last: 550533300 ns, Reaching safepoint: 181900 ns, At safepoint: 30900 ns, Total: 212800 ns
[2022-12-27T18:23:07.287+0000][7][gc,start    ] GC(1) Pause Young (Normal) (G1 Evacuation Pause)
[2022-12-27T18:23:07.287+0000][7][gc,task     ] GC(1) Using 10 workers of 10 for evacuation
[2022-12-27T18:23:07.287+0000][7][gc,age      ] GC(1) Desired survivor size 2097152 bytes, new threshold 1 (max threshold 15)
[2022-12-27T18:23:07.290+0000][7][gc,age      ] GC(1) Age table with threshold 1 (max threshold 15)
[2022-12-27T18:23:07.290+0000][7][gc,age      ] GC(1) - age   1:    2054904 bytes,    2054904 total
[2022-12-27T18:23:07.291+0000][7][gc,phases   ] GC(1)   Pre Evacuate Collection Set: 0.2ms
[2022-12-27T18:23:07.291+0000][7][gc,phases   ] GC(1)   Merge Heap Roots: 0.1ms
[2022-12-27T18:23:07.291+0000][7][gc,phases   ] GC(1)   Evacuate Collection Set: 2.0ms
[2022-12-27T18:23:07.291+0000][7][gc,phases   ] GC(1)   Post Evacuate Collection Set: 0.6ms
[2022-12-27T18:23:07.291+0000][7][gc,phases   ] GC(1)   Other: 1.1ms
[2022-12-27T18:23:07.291+0000][7][gc,heap     ] GC(1) Eden regions: 6->0(13)
[2022-12-27T18:23:07.291+0000][7][gc,heap     ] GC(1) Survivor regions: 1->1(1)
[2022-12-27T18:23:07.292+0000][7][gc,heap     ] GC(1) Old regions: 1->2
[2022-12-27T18:23:07.292+0000][7][gc,heap     ] GC(1) Archive regions: 2->2
[2022-12-27T18:23:07.292+0000][7][gc,heap     ] GC(1) Humongous regions: 0->0
[2022-12-27T18:23:07.292+0000][7][gc,metaspace] GC(1) Metaspace: 12921K(13440K)->12921K(13440K) NonClass: 11405K(11776K)->11405K(11776K) Class: 1516K(1664K)->1516K(1664K)
[2022-12-27T18:23:07.292+0000][7][gc          ] GC(1) Pause Young (Normal) (G1 Evacuation Pause) 31M->10M(512M) 5.456ms
[2022-12-27T18:23:07.292+0000][7][gc,cpu      ] GC(1) User=0.02s Sys=0.00s Real=0.00s
[2022-12-27T18:23:07.292+0000][7][safepoint   ] Safepoint "G1CollectForAllocation", Time since last: 22292300 ns, Reaching safepoint: 212100 ns, At safepoint: 5717500 ns, Total: 5929600 ns
[2022-12-27T18:23:07.924+0000][7][safepoint   ] Safepoint "ICBufferFull", Time since last: 631598500 ns, Reaching safepoint: 239500 ns, At safepoint: 50600 ns, Total: 290100 ns
[2022-12-27T18:23:07.986+0000][7][gc,start    ] GC(2) Pause Young (Normal) (G1 Evacuation Pause)
[2022-12-27T18:23:07.987+0000][7][gc,task     ] GC(2) Using 10 workers of 10 for evacuation
[2022-12-27T18:23:07.987+0000][7][gc,age      ] GC(2) Desired survivor size 4194304 bytes, new threshold 15 (max threshold 15)
[2022-12-27T18:23:07.990+0000][7][gc,age      ] GC(2) Age table with threshold 15 (max threshold 15)
[2022-12-27T18:23:07.990+0000][7][gc,age      ] GC(2) - age   1:    1202840 bytes,    1202840 total
[2022-12-27T18:23:07.990+0000][7][gc,age      ] GC(2) - age   2:    2033672 bytes,    3236512 total
[2022-12-27T18:23:07.990+0000][7][gc,phases   ] GC(2)   Pre Evacuate Collection Set: 0.2ms
[2022-12-27T18:23:07.991+0000][7][gc,phases   ] GC(2)   Merge Heap Roots: 0.2ms
[2022-12-27T18:23:07.991+0000][7][gc,phases   ] GC(2)   Evacuate Collection Set: 1.4ms
[2022-12-27T18:23:07.991+0000][7][gc,phases   ] GC(2)   Post Evacuate Collection Set: 1.2ms
[2022-12-27T18:23:07.991+0000][7][gc,phases   ] GC(2)   Other: 1.2ms
[2022-12-27T18:23:07.991+0000][7][gc,heap     ] GC(2) Eden regions: 13->0(73)
[2022-12-27T18:23:07.991+0000][7][gc,heap     ] GC(2) Survivor regions: 1->1(2)
[2022-12-27T18:23:07.991+0000][7][gc,heap     ] GC(2) Old regions: 2->2
[2022-12-27T18:23:07.991+0000][7][gc,heap     ] GC(2) Archive regions: 2->2
[2022-12-27T18:23:07.991+0000][7][gc,heap     ] GC(2) Humongous regions: 0->0
[2022-12-27T18:23:07.991+0000][7][gc,metaspace] GC(2) Metaspace: 14893K(15488K)->14893K(15488K) NonClass: 13190K(13568K)->13190K(13568K) Class: 1703K(1920K)->1703K(1920K)
[2022-12-27T18:23:07.992+0000][7][gc          ] GC(2) Pause Young (Normal) (G1 Evacuation Pause) 62M->11M(512M) 5.198ms
[2022-12-27T18:23:07.992+0000][7][gc,cpu      ] GC(2) User=0.02s Sys=0.00s Real=0.00s
[2022-12-27T18:23:07.992+0000][7][safepoint   ] Safepoint "G1CollectForAllocation", Time since last: 61939700 ns, Reaching safepoint: 213100 ns, At safepoint: 5473300 ns, Total: 5686400 ns
[2022-12-27T18:23:08.075+0000][7][safepoint   ] Safepoint "ICBufferFull", Time since last: 83029100 ns, Reaching safepoint: 155300 ns, At safepoint: 15900 ns, Total: 171200 ns
[2022-12-27T18:23:08.078+0000][7][safepoint   ] Safepoint "ICBufferFull", Time since last: 2904400 ns, Reaching safepoint: 169400 ns, At safepoint: 16000 ns, Total: 185400 ns
[2022-12-27T18:23:08.083+0000][7][safepoint   ] Safepoint "ICBufferFull", Time since last: 4819000 ns, Reaching safepoint: 183600 ns, At safepoint: 19500 ns, Total: 203100 ns
[2022-12-27T18:23:08.086+0000][7][safepoint   ] Safepoint "ICBufferFull", Time since last: 2743800 ns, Reaching safepoint: 170100 ns, At safepoint: 18500 ns, Total: 188600 ns
[2022-12-27T18:23:08.090+0000][7][safepoint   ] Safepoint "ICBufferFull", Time since last: 3587400 ns, Reaching safepoint: 173500 ns, At safepoint: 17800 ns, Total: 191300 ns
[2022-12-27T18:23:08.093+0000][7][safepoint   ] Safepoint "ICBufferFull", Time since last: 2538200 ns, Reaching safepoint: 187300 ns, At safepoint: 19300 ns, Total: 206600 ns
[2022-12-27T18:23:08.095+0000][7][safepoint   ] Safepoint "ICBufferFull", Time since last: 2387700 ns, Reaching safepoint: 157400 ns, At safepoint: 15500 ns, Total: 172900 ns
[2022-12-27T18:23:08.097+0000][7][safepoint   ] Safepoint "ICBufferFull", Time since last: 1845600 ns, Reaching safepoint: 153900 ns, At safepoint: 20000 ns, Total: 173900 ns
[2022-12-27T18:23:08.100+0000][7][safepoint   ] Safepoint "ICBufferFull", Time since last: 3125900 ns, Reaching safepoint: 154500 ns, At safepoint: 16200 ns, Total: 170700 ns
[2022-12-27T18:23:08.104+0000][7][safepoint   ] Safepoint "ICBufferFull", Time since last: 3000400 ns, Reaching safepoint: 216100 ns, At safepoint: 22500 ns, Total: 238600 ns
[2022-12-27T18:23:08.106+0000][7][safepoint   ] Safepoint "ICBufferFull", Time since last: 2577900 ns, Reaching safepoint: 166100 ns, At safepoint: 27300 ns, Total: 193400 ns
[2022-12-27T18:23:08.109+0000][7][safepoint   ] Safepoint "ICBufferFull", Time since last: 2645400 ns, Reaching safepoint: 243700 ns, At safepoint: 17800 ns, Total: 261500 ns
[2022-12-27T18:23:08.114+0000][7][safepoint   ] Safepoint "ICBufferFull", Time since last: 4398500 ns, Reaching safepoint: 245000 ns, At safepoint: 27700 ns, Total: 272700 ns
[2022-12-27T18:23:08.117+0000][7][safepoint   ] Safepoint "ICBufferFull", Time since last: 3026800 ns, Reaching safepoint: 165100 ns, At safepoint: 15700 ns, Total: 180800 ns
[2022-12-27T18:23:08.121+0000][7][safepoint   ] Safepoint "ICBufferFull", Time since last: 3182100 ns, Reaching safepoint: 141900 ns, At safepoint: 25800 ns, Total: 167700 ns
[2022-12-27T18:23:08.123+0000][7][safepoint   ] Safepoint "ICBufferFull", Time since last: 2036700 ns, Reaching safepoint: 144300 ns, At safepoint: 42100 ns, Total: 186400 ns
[2022-12-27T18:23:08.126+0000][7][safepoint   ] Safepoint "ICBufferFull", Time since last: 2923000 ns, Reaching safepoint: 223000 ns, At safepoint: 40200 ns, Total: 263200 ns
[2022-12-27T18:23:08.133+0000][7][safepoint   ] Safepoint "ICBufferFull", Time since last: 6470200 ns, Reaching safepoint: 189700 ns, At safepoint: 21000 ns, Total: 210700 ns
[2022-12-27T18:23:08.136+0000][7][safepoint   ] Safepoint "ICBufferFull", Time since last: 3410800 ns, Reaching safepoint: 176900 ns, At safepoint: 17600 ns, Total: 194500 ns
[2022-12-27T18:23:08.137+0000][7][safepoint   ] Safepoint "ICBufferFull", Time since last: 824400 ns, Reaching safepoint: 131200 ns, At safepoint: 15300 ns, Total: 146500 ns
[2022-12-27T18:23:08.138+0000][7][safepoint   ] Safepoint "ICBufferFull", Time since last: 706300 ns, Reaching safepoint: 123300 ns, At safepoint: 13700 ns, Total: 137000 ns
[2022-12-27T18:23:08.139+0000][7][safepoint   ] Safepoint "ICBufferFull", Time since last: 967700 ns, Reaching safepoint: 189500 ns, At safepoint: 20800 ns, Total: 210300 ns
[2022-12-27T18:23:08.141+0000][7][safepoint   ] Safepoint "ICBufferFull", Time since last: 1321100 ns, Reaching safepoint: 152000 ns, At safepoint: 16200 ns, Total: 168200 ns
[2022-12-27T18:23:08.142+0000][7][safepoint   ] Safepoint "ICBufferFull", Time since last: 896200 ns, Reaching safepoint: 167900 ns, At safepoint: 19800 ns, Total: 187700 ns
[2022-12-27T18:23:08.143+0000][7][safepoint   ] Safepoint "ICBufferFull", Time since last: 1463900 ns, Reaching safepoint: 169100 ns, At safepoint: 18500 ns, Total: 187600 ns
[2022-12-27T18:23:08.145+0000][7][safepoint   ] Safepoint "ICBufferFull", Time since last: 1021600 ns, Reaching safepoint: 155800 ns, At safepoint: 17700 ns, Total: 173500 ns
[2022-12-27T18:23:08.146+0000][7][safepoint   ] Safepoint "ICBufferFull", Time since last: 986200 ns, Reaching safepoint: 175000 ns, At safepoint: 16400 ns, Total: 191400 ns
[2022-12-27T18:23:08.147+0000][7][safepoint   ] Safepoint "ICBufferFull", Time since last: 1189000 ns, Reaching safepoint: 224900 ns, At safepoint: 37500 ns, Total: 262400 ns
[2022-12-27T18:23:08.149+0000][7][safepoint   ] Safepoint "ICBufferFull", Time since last: 1104500 ns, Reaching safepoint: 133900 ns, At safepoint: 25500 ns, Total: 159400 ns
[2022-12-27T18:23:08.149+0000][7][safepoint   ] Safepoint "ICBufferFull", Time since last: 782700 ns, Reaching safepoint: 118300 ns, At safepoint: 14300 ns, Total: 132600 ns
[2022-12-27T18:23:08.150+0000][7][safepoint   ] Safepoint "ICBufferFull", Time since last: 769100 ns, Reaching safepoint: 133700 ns, At safepoint: 13400 ns, Total: 147100 ns
[2022-12-27T18:23:08.151+0000][7][safepoint   ] Safepoint "ICBufferFull", Time since last: 739800 ns, Reaching safepoint: 136900 ns, At safepoint: 24800 ns, Total: 161700 ns
[2022-12-27T18:23:08.152+0000][7][safepoint   ] Safepoint "ICBufferFull", Time since last: 926100 ns, Reaching safepoint: 183700 ns, At safepoint: 22500 ns, Total: 206200 ns
[2022-12-27T18:23:08.154+0000][7][safepoint   ] Safepoint "ICBufferFull", Time since last: 1126600 ns, Reaching safepoint: 163300 ns, At safepoint: 17100 ns, Total: 180400 ns
[2022-12-27T18:23:08.155+0000][7][safepoint   ] Safepoint "ICBufferFull", Time since last: 873500 ns, Reaching safepoint: 134400 ns, At safepoint: 14800 ns, Total: 149200 ns
[2022-12-27T18:23:08.156+0000][7][safepoint   ] Safepoint "ICBufferFull", Time since last: 1125700 ns, Reaching safepoint: 200400 ns, At safepoint: 19200 ns, Total: 219600 ns
[2022-12-27T18:23:08.161+0000][7][safepoint   ] Safepoint "ICBufferFull", Time since last: 5101200 ns, Reaching safepoint: 169200 ns, At safepoint: 15500 ns, Total: 184700 ns
[2022-12-27T18:23:08.165+0000][7][safepoint   ] Safepoint "ICBufferFull", Time since last: 3360200 ns, Reaching safepoint: 137900 ns, At safepoint: 14500 ns, Total: 152400 ns
[2022-12-27T18:23:08.167+0000][7][safepoint   ] Safepoint "ICBufferFull", Time since last: 1349400 ns, Reaching safepoint: 187200 ns, At safepoint: 51200 ns, Total: 238400 ns
[2022-12-27T18:23:08.328+0000][7][safepoint   ] Safepoint "ICBufferFull", Time since last: 161093200 ns, Reaching safepoint: 188100 ns, At safepoint: 22100 ns, Total: 210200 ns
[2022-12-27T18:23:08.731+0000][7][gc,start    ] GC(3) Pause Young (Normal) (G1 Evacuation Pause)
[2022-12-27T18:23:08.732+0000][7][gc,task     ] GC(3) Using 10 workers of 10 for evacuation
[2022-12-27T18:23:08.732+0000][7][gc,age      ] GC(3) Desired survivor size 20971520 bytes, new threshold 15 (max threshold 15)
[2022-12-27T18:23:08.737+0000][7][gc,age      ] GC(3) Age table with threshold 15 (max threshold 15)
[2022-12-27T18:23:08.737+0000][7][gc,age      ] GC(3) - age   1:    5426328 bytes,    5426328 total
[2022-12-27T18:23:08.737+0000][7][gc,age      ] GC(3) - age   2:    1181008 bytes,    6607336 total
[2022-12-27T18:23:08.737+0000][7][gc,age      ] GC(3) - age   3:    2019328 bytes,    8626664 total
[2022-12-27T18:23:08.737+0000][7][gc,phases   ] GC(3)   Pre Evacuate Collection Set: 0.2ms
[2022-12-27T18:23:08.737+0000][7][gc,phases   ] GC(3)   Merge Heap Roots: 0.2ms
[2022-12-27T18:23:08.737+0000][7][gc,phases   ] GC(3)   Evacuate Collection Set: 3.4ms
[2022-12-27T18:23:08.738+0000][7][gc,phases   ] GC(3)   Post Evacuate Collection Set: 0.8ms
[2022-12-27T18:23:08.738+0000][7][gc,phases   ] GC(3)   Other: 1.3ms
[2022-12-27T18:23:08.738+0000][7][gc,heap     ] GC(3) Eden regions: 73->0(73)
[2022-12-27T18:23:08.738+0000][7][gc,heap     ] GC(3) Survivor regions: 1->3(10)
[2022-12-27T18:23:08.738+0000][7][gc,heap     ] GC(3) Old regions: 2->2
[2022-12-27T18:23:08.738+0000][7][gc,heap     ] GC(3) Archive regions: 2->2
[2022-12-27T18:23:08.738+0000][7][gc,heap     ] GC(3) Humongous regions: 0->0
[2022-12-27T18:23:08.738+0000][7][gc,metaspace] GC(3) Metaspace: 18537K(19328K)->18537K(19328K) NonClass: 16320K(16896K)->16320K(16896K) Class: 2216K(2432K)->2216K(2432K)
[2022-12-27T18:23:08.739+0000][7][gc          ] GC(3) Pause Young (Normal) (G1 Evacuation Pause) 303M->16M(512M) 7.101ms
[2022-12-27T18:23:08.739+0000][7][gc,cpu      ] GC(3) User=0.06s Sys=0.00s Real=0.01s
[2022-12-27T18:23:08.739+0000][7][safepoint   ] Safepoint "G1CollectForAllocation", Time since last: 403398500 ns, Reaching safepoint: 222500 ns, At safepoint: 7393200 ns, Total: 7615700 ns
[2022-12-27T18:23:09.158+0000][7][gc,start    ] GC(4) Pause Young (Normal) (G1 Evacuation Pause)
[2022-12-27T18:23:09.158+0000][7][gc,task     ] GC(4) Using 10 workers of 10 for evacuation
[2022-12-27T18:23:09.158+0000][7][gc,age      ] GC(4) Desired survivor size 20971520 bytes, new threshold 15 (max threshold 15)
[2022-12-27T18:23:09.163+0000][7][gc,age      ] GC(4) Age table with threshold 15 (max threshold 15)
[2022-12-27T18:23:09.163+0000][7][gc,age      ] GC(4) - age   1:    2927272 bytes,    2927272 total
[2022-12-27T18:23:09.163+0000][7][gc,age      ] GC(4) - age   2:    5375712 bytes,    8302984 total
[2022-12-27T18:23:09.164+0000][7][gc,age      ] GC(4) - age   3:    1181008 bytes,    9483992 total
[2022-12-27T18:23:09.164+0000][7][gc,age      ] GC(4) - age   4:    2019328 bytes,   11503320 total
[2022-12-27T18:23:09.164+0000][7][gc,phases   ] GC(4)   Pre Evacuate Collection Set: 0.2ms
[2022-12-27T18:23:09.164+0000][7][gc,phases   ] GC(4)   Merge Heap Roots: 0.1ms
[2022-12-27T18:23:09.164+0000][7][gc,phases   ] GC(4)   Evacuate Collection Set: 3.3ms
[2022-12-27T18:23:09.165+0000][7][gc,phases   ] GC(4)   Post Evacuate Collection Set: 1.1ms
[2022-12-27T18:23:09.165+0000][7][gc,phases   ] GC(4)   Other: 1.6ms
[2022-12-27T18:23:09.165+0000][7][gc,heap     ] GC(4) Eden regions: 73->0(73)
[2022-12-27T18:23:09.165+0000][7][gc,heap     ] GC(4) Survivor regions: 3->3(10)
[2022-12-27T18:23:09.165+0000][7][gc,heap     ] GC(4) Old regions: 2->2
[2022-12-27T18:23:09.165+0000][7][gc,heap     ] GC(4) Archive regions: 2->2
[2022-12-27T18:23:09.166+0000][7][gc,heap     ] GC(4) Humongous regions: 0->0
[2022-12-27T18:23:09.166+0000][7][gc,metaspace] GC(4) Metaspace: 19210K(20224K)->19210K(20224K) NonClass: 16901K(17664K)->16901K(17664K) Class: 2308K(2560K)->2308K(2560K)
[2022-12-27T18:23:09.166+0000][7][gc          ] GC(4) Pause Young (Normal) (G1 Evacuation Pause) 308M->19M(512M) 8.257ms
[2022-12-27T18:23:09.166+0000][7][gc,cpu      ] GC(4) User=0.04s Sys=0.01s Real=0.01s
[2022-12-27T18:23:09.166+0000][7][safepoint   ] Safepoint "G1CollectForAllocation", Time since last: 418615600 ns, Reaching safepoint: 179400 ns, At safepoint: 8761900 ns, Total: 8941300 ns
[2022-12-27T18:23:09.503+0000][7][gc,start    ] GC(5) Pause Young (Normal) (G1 Evacuation Pause)
[2022-12-27T18:23:09.504+0000][7][gc,task     ] GC(5) Using 10 workers of 10 for evacuation
[2022-12-27T18:23:09.504+0000][7][gc,age      ] GC(5) Desired survivor size 20971520 bytes, new threshold 15 (max threshold 15)
[2022-12-27T18:23:09.509+0000][7][gc,age      ] GC(5) Age table with threshold 15 (max threshold 15)
[2022-12-27T18:23:09.509+0000][7][gc,age      ] GC(5) - age   1:    1436328 bytes,    1436328 total
[2022-12-27T18:23:09.509+0000][7][gc,age      ] GC(5) - age   2:    2030016 bytes,    3466344 total
[2022-12-27T18:23:09.509+0000][7][gc,age      ] GC(5) - age   3:    5371696 bytes,    8838040 total
[2022-12-27T18:23:09.509+0000][7][gc,age      ] GC(5) - age   4:    1181008 bytes,   10019048 total
[2022-12-27T18:23:09.509+0000][7][gc,age      ] GC(5) - age   5:    2019328 bytes,   12038376 total
[2022-12-27T18:23:09.510+0000][7][gc,phases   ] GC(5)   Pre Evacuate Collection Set: 0.1ms
[2022-12-27T18:23:09.510+0000][7][gc,phases   ] GC(5)   Merge Heap Roots: 0.1ms
[2022-12-27T18:23:09.510+0000][7][gc,phases   ] GC(5)   Evacuate Collection Set: 3.5ms
[2022-12-27T18:23:09.510+0000][7][gc,phases   ] GC(5)   Post Evacuate Collection Set: 0.9ms
[2022-12-27T18:23:09.510+0000][7][gc,phases   ] GC(5)   Other: 1.4ms
[2022-12-27T18:23:09.510+0000][7][gc,heap     ] GC(5) Eden regions: 73->0(72)
[2022-12-27T18:23:09.510+0000][7][gc,heap     ] GC(5) Survivor regions: 3->4(10)
[2022-12-27T18:23:09.511+0000][7][gc,heap     ] GC(5) Old regions: 2->2
[2022-12-27T18:23:09.511+0000][7][gc,heap     ] GC(5) Archive regions: 2->2
[2022-12-27T18:23:09.511+0000][7][gc,heap     ] GC(5) Humongous regions: 0->0
[2022-12-27T18:23:09.511+0000][7][gc,metaspace] GC(5) Metaspace: 19599K(20864K)->19599K(20864K) NonClass: 17219K(18176K)->17219K(18176K) Class: 2379K(2688K)->2379K(2688K)
[2022-12-27T18:23:09.511+0000][7][gc          ] GC(5) Pause Young (Normal) (G1 Evacuation Pause) 311M->20M(512M) 7.598ms
[2022-12-27T18:23:09.511+0000][7][gc,cpu      ] GC(5) User=0.03s Sys=0.00s Real=0.00s
[2022-12-27T18:23:09.511+0000][7][safepoint   ] Safepoint "G1CollectForAllocation", Time since last: 336903200 ns, Reaching safepoint: 163400 ns, At safepoint: 7935200 ns, Total: 8098600 ns
[2022-12-27T18:23:09.792+0000][7][gc,start    ] GC(6) Pause Young (Concurrent Start) (Metadata GC Threshold)
[2022-12-27T18:23:09.792+0000][7][gc,task     ] GC(6) Using 10 workers of 10 for evacuation
[2022-12-27T18:23:09.793+0000][7][gc,age      ] GC(6) Desired survivor size 20971520 bytes, new threshold 15 (max threshold 15)
[2022-12-27T18:23:09.797+0000][7][gc,age      ] GC(6) Age table with threshold 15 (max threshold 15)
[2022-12-27T18:23:09.797+0000][7][gc,age      ] GC(6) - age   1:    2005760 bytes,    2005760 total
[2022-12-27T18:23:09.798+0000][7][gc,age      ] GC(6) - age   2:     559696 bytes,    2565456 total
[2022-12-27T18:23:09.798+0000][7][gc,age      ] GC(6) - age   3:    2028240 bytes,    4593696 total
[2022-12-27T18:23:09.798+0000][7][gc,age      ] GC(6) - age   4:    5371176 bytes,    9964872 total
[2022-12-27T18:23:09.798+0000][7][gc,age      ] GC(6) - age   5:    1180832 bytes,   11145704 total
[2022-12-27T18:23:09.798+0000][7][gc,age      ] GC(6) - age   6:    2019328 bytes,   13165032 total
[2022-12-27T18:23:09.798+0000][7][gc,phases   ] GC(6)   Pre Evacuate Collection Set: 0.2ms
[2022-12-27T18:23:09.799+0000][7][gc,phases   ] GC(6)   Merge Heap Roots: 0.1ms
[2022-12-27T18:23:09.799+0000][7][gc,phases   ] GC(6)   Evacuate Collection Set: 3.2ms
[2022-12-27T18:23:09.799+0000][7][gc,phases   ] GC(6)   Post Evacuate Collection Set: 0.9ms
[2022-12-27T18:23:09.799+0000][7][gc,phases   ] GC(6)   Other: 1.8ms
[2022-12-27T18:23:09.799+0000][7][gc,heap     ] GC(6) Eden regions: 62->0(72)
[2022-12-27T18:23:09.799+0000][7][gc,heap     ] GC(6) Survivor regions: 4->4(10)
[2022-12-27T18:23:09.799+0000][7][gc,heap     ] GC(6) Old regions: 2->2
[2022-12-27T18:23:09.799+0000][7][gc,heap     ] GC(6) Archive regions: 2->2
[2022-12-27T18:23:09.800+0000][7][gc,heap     ] GC(6) Humongous regions: 0->0
[2022-12-27T18:23:09.800+0000][7][gc,metaspace] GC(6) Metaspace: 19971K(21248K)->19971K(21248K) NonClass: 17529K(18432K)->17529K(18432K) Class: 2441K(2816K)->2441K(2816K)
[2022-12-27T18:23:09.800+0000][7][gc          ] GC(6) Pause Young (Concurrent Start) (Metadata GC Threshold) 268M->21M(512M) 7.630ms
[2022-12-27T18:23:09.800+0000][7][gc,cpu      ] GC(6) User=0.06s Sys=0.00s Real=0.01s
[2022-12-27T18:23:09.800+0000][7][gc          ] GC(7) Concurrent Cycle
[2022-12-27T18:23:09.800+0000][7][gc,marking  ] GC(7) Concurrent Clear Claimed Marks
[2022-12-27T18:23:09.800+0000][7][gc,marking  ] GC(7) Concurrent Clear Claimed Marks 0.152ms
[2022-12-27T18:23:09.801+0000][7][gc,marking  ] GC(7) Concurrent Scan Root Regions
[2022-12-27T18:23:09.801+0000][7][safepoint   ] Safepoint "CollectForMetadataAllocation", Time since last: 280553800 ns, Reaching safepoint: 243800 ns, At safepoint: 8461000 ns, Total: 8704800 ns
[2022-12-27T18:23:09.803+0000][7][gc,marking  ] GC(7) Concurrent Scan Root Regions 2.508ms
[2022-12-27T18:23:09.803+0000][7][gc,marking  ] GC(7) Concurrent Mark (3.856s)
[2022-12-27T18:23:09.803+0000][7][gc,marking  ] GC(7) Concurrent Mark From Roots
[2022-12-27T18:23:09.804+0000][7][gc,task     ] GC(7) Using 3 workers of 3 for marking
[2022-12-27T18:23:09.808+0000][7][gc,marking  ] GC(7) Concurrent Mark From Roots 4.789ms
[2022-12-27T18:23:09.808+0000][7][gc,marking  ] GC(7) Concurrent Preclean
[2022-12-27T18:23:09.809+0000][7][gc,marking  ] GC(7) Concurrent Preclean 0.249ms
[2022-12-27T18:23:09.809+0000][7][gc,marking  ] GC(7) Concurrent Mark (3.856s, 3.861s) 5.592ms
[2022-12-27T18:23:09.809+0000][7][gc,start    ] GC(7) Pause Remark
[2022-12-27T18:23:09.811+0000][7][gc          ] GC(7) Pause Remark 29M->29M(512M) 1.905ms
[2022-12-27T18:23:09.811+0000][7][gc,cpu      ] GC(7) User=0.01s Sys=0.00s Real=0.00s
[2022-12-27T18:23:09.812+0000][7][safepoint   ] Safepoint "G1Concurrent", Time since last: 8399400 ns, Reaching safepoint: 260400 ns, At safepoint: 2366900 ns, Total: 2627300 ns
[2022-12-27T18:23:09.812+0000][7][gc,marking  ] GC(7) Concurrent Rebuild Remembered Sets
[2022-12-27T18:23:09.815+0000][7][gc,marking  ] GC(7) Concurrent Rebuild Remembered Sets 3.137ms
[2022-12-27T18:23:09.816+0000][7][gc,start    ] GC(7) Pause Cleanup
[2022-12-27T18:23:09.817+0000][7][gc          ] GC(7) Pause Cleanup 33M->33M(512M) 0.435ms
[2022-12-27T18:23:09.817+0000][7][gc,cpu      ] GC(7) User=0.00s Sys=0.00s Real=0.00s
[2022-12-27T18:23:09.817+0000][7][safepoint   ] Safepoint "G1Concurrent", Time since last: 3670900 ns, Reaching safepoint: 773900 ns, At safepoint: 905600 ns, Total: 1679500 ns
[2022-12-27T18:23:09.817+0000][7][gc,marking  ] GC(7) Concurrent Cleanup for Next Mark
[2022-12-27T18:23:09.818+0000][7][gc,marking  ] GC(7) Concurrent Cleanup for Next Mark 0.784ms
[2022-12-27T18:23:09.818+0000][7][gc          ] GC(7) Concurrent Cycle 18.367ms
[2022-12-27T18:23:10.075+0000][7][gc,start    ] GC(8) Pause Young (Normal) (G1 Evacuation Pause)
[2022-12-27T18:23:10.075+0000][7][gc,task     ] GC(8) Using 10 workers of 10 for evacuation
[2022-12-27T18:23:10.075+0000][7][gc,age      ] GC(8) Desired survivor size 20971520 bytes, new threshold 15 (max threshold 15)
[2022-12-27T18:23:10.081+0000][7][gc,age      ] GC(8) Age table with threshold 15 (max threshold 15)
[2022-12-27T18:23:10.081+0000][7][gc,age      ] GC(8) - age   1:    1489040 bytes,    1489040 total
[2022-12-27T18:23:10.081+0000][7][gc,age      ] GC(8) - age   2:    1981368 bytes,    3470408 total
[2022-12-27T18:23:10.081+0000][7][gc,age      ] GC(8) - age   3:     558680 bytes,    4029088 total
[2022-12-27T18:23:10.081+0000][7][gc,age      ] GC(8) - age   4:    2028240 bytes,    6057328 total
[2022-12-27T18:23:10.081+0000][7][gc,age      ] GC(8) - age   5:    5370856 bytes,   11428184 total
[2022-12-27T18:23:10.081+0000][7][gc,age      ] GC(8) - age   6:    1180704 bytes,   12608888 total
[2022-12-27T18:23:10.082+0000][7][gc,age      ] GC(8) - age   7:    2017600 bytes,   14626488 total
[2022-12-27T18:23:10.082+0000][7][gc,phases   ] GC(8)   Pre Evacuate Collection Set: 0.1ms
[2022-12-27T18:23:10.082+0000][7][gc,phases   ] GC(8)   Merge Heap Roots: 0.1ms
[2022-12-27T18:23:10.082+0000][7][gc,phases   ] GC(8)   Evacuate Collection Set: 4.1ms
[2022-12-27T18:23:10.082+0000][7][gc,phases   ] GC(8)   Post Evacuate Collection Set: 0.8ms
[2022-12-27T18:23:10.082+0000][7][gc,phases   ] GC(8)   Other: 1.7ms
[2022-12-27T18:23:10.082+0000][7][gc,heap     ] GC(8) Eden regions: 72->0(72)
[2022-12-27T18:23:10.083+0000][7][gc,heap     ] GC(8) Survivor regions: 4->4(10)
[2022-12-27T18:23:10.083+0000][7][gc,heap     ] GC(8) Old regions: 2->2
[2022-12-27T18:23:10.083+0000][7][gc,heap     ] GC(8) Archive regions: 2->2
[2022-12-27T18:23:10.083+0000][7][gc,heap     ] GC(8) Humongous regions: 0->0
[2022-12-27T18:23:10.083+0000][7][gc,metaspace] GC(8) Metaspace: 20062K(21504K)->20062K(21504K) NonClass: 17600K(18688K)->17600K(18688K) Class: 2462K(2816K)->2462K(2816K)
[2022-12-27T18:23:10.083+0000][7][gc          ] GC(8) Pause Young (Normal) (G1 Evacuation Pause) 309M->23M(512M) 8.674ms
[2022-12-27T18:23:10.084+0000][7][gc,cpu      ] GC(8) User=0.07s Sys=0.00s Real=0.01s
[2022-12-27T18:23:10.084+0000][7][safepoint   ] Safepoint "G1CollectForAllocation", Time since last: 257588700 ns, Reaching safepoint: 178200 ns, At safepoint: 9041100 ns, Total: 9219300 ns
[2022-12-27T18:23:10.701+0000][7][safepoint   ] Safepoint "ICBufferFull", Time since last: 616542200 ns, Reaching safepoint: 187700 ns, At safepoint: 19900 ns, Total: 207600 ns
[2022-12-27T18:23:11.112+0000][7][safepoint   ] Safepoint "ICBufferFull", Time since last: 411464600 ns, Reaching safepoint: 240600 ns, At safepoint: 36000 ns, Total: 276600 ns
[2022-12-27T18:23:12.085+0000][7][safepoint   ] Safepoint "ICBufferFull", Time since last: 972360600 ns, Reaching safepoint: 168800 ns, At safepoint: 41600 ns, Total: 210400 ns
[2022-12-27T18:23:12.264+0000][7][gc,start    ] GC(9) Pause Young (Normal) (G1 Evacuation Pause)
[2022-12-27T18:23:12.264+0000][7][gc,task     ] GC(9) Using 10 workers of 10 for evacuation
[2022-12-27T18:23:12.264+0000][7][gc,age      ] GC(9) Desired survivor size 20971520 bytes, new threshold 15 (max threshold 15)
[2022-12-27T18:23:12.281+0000][7][gc,age      ] GC(9) Age table with threshold 15 (max threshold 15)
[2022-12-27T18:23:12.281+0000][7][gc,age      ] GC(9) - age   1:   28010392 bytes,   28010392 total
[2022-12-27T18:23:12.281+0000][7][gc,age      ] GC(9) - age   2:     864896 bytes,   28875288 total
[2022-12-27T18:23:12.281+0000][7][gc,age      ] GC(9) - age   3:    1966680 bytes,   30841968 total
[2022-12-27T18:23:12.282+0000][7][gc,age      ] GC(9) - age   4:     540856 bytes,   31382824 total
[2022-12-27T18:23:12.282+0000][7][gc,age      ] GC(9) - age   5:    2010608 bytes,   33393432 total
[2022-12-27T18:23:12.282+0000][7][gc,age      ] GC(9) - age   6:    5327504 bytes,   38720936 total
[2022-12-27T18:23:12.282+0000][7][gc,age      ] GC(9) - age   7:    1130824 bytes,   39851760 total
[2022-12-27T18:23:12.283+0000][7][gc,age      ] GC(9) - age   8:    2009480 bytes,   41861240 total
[2022-12-27T18:23:12.283+0000][7][gc,phases   ] GC(9)   Pre Evacuate Collection Set: 0.1ms
[2022-12-27T18:23:12.283+0000][7][gc,phases   ] GC(9)   Merge Heap Roots: 0.1ms
[2022-12-27T18:23:12.283+0000][7][gc,phases   ] GC(9)   Evacuate Collection Set: 14.3ms
[2022-12-27T18:23:12.284+0000][7][gc,phases   ] GC(9)   Post Evacuate Collection Set: 1.6ms
[2022-12-27T18:23:12.284+0000][7][gc,phases   ] GC(9)   Other: 2.8ms
[2022-12-27T18:23:12.284+0000][7][gc,heap     ] GC(9) Eden regions: 72->0(66)
[2022-12-27T18:23:12.284+0000][7][gc,heap     ] GC(9) Survivor regions: 4->10(10)
[2022-12-27T18:23:12.284+0000][7][gc,heap     ] GC(9) Old regions: 2->3
[2022-12-27T18:23:12.284+0000][7][gc,heap     ] GC(9) Archive regions: 2->2
[2022-12-27T18:23:12.284+0000][7][gc,heap     ] GC(9) Humongous regions: 0->0
[2022-12-27T18:23:12.284+0000][7][gc,metaspace] GC(9) Metaspace: 30079K(32000K)->30079K(32000K) NonClass: 26313K(27648K)->26313K(27648K) Class: 3766K(4352K)->3766K(4352K)
[2022-12-27T18:23:12.284+0000][7][gc          ] GC(9) Pause Young (Normal) (G1 Evacuation Pause) 311M->52M(512M) 20.435ms
[2022-12-27T18:23:12.285+0000][7][gc,cpu      ] GC(9) User=0.14s Sys=0.00s Real=0.02s
[2022-12-27T18:23:12.285+0000][7][safepoint   ] Safepoint "G1CollectForAllocation", Time since last: 178945400 ns, Reaching safepoint: 164700 ns, At safepoint: 20788200 ns, Total: 20952900 ns
[2022-12-27T18:23:12.604+0000][7][gc,start    ] GC(10) Pause Young (Concurrent Start) (Metadata GC Threshold)
[2022-12-27T18:23:12.604+0000][7][gc,task     ] GC(10) Using 10 workers of 10 for evacuation
[2022-12-27T18:23:12.605+0000][7][gc,age      ] GC(10) Desired survivor size 20971520 bytes, new threshold 1 (max threshold 15)
[2022-12-27T18:23:12.624+0000][7][gc,age      ] GC(10) Age table with threshold 1 (max threshold 15)
[2022-12-27T18:23:12.624+0000][7][gc,age      ] GC(10) - age   1:    6247928 bytes,    6247928 total
[2022-12-27T18:23:12.624+0000][7][gc,phases   ] GC(10)   Pre Evacuate Collection Set: 0.2ms
[2022-12-27T18:23:12.624+0000][7][gc,phases   ] GC(10)   Merge Heap Roots: 0.1ms
[2022-12-27T18:23:12.625+0000][7][gc,phases   ] GC(10)   Evacuate Collection Set: 17.2ms
[2022-12-27T18:23:12.625+0000][7][gc,phases   ] GC(10)   Post Evacuate Collection Set: 1.4ms
[2022-12-27T18:23:12.625+0000][7][gc,phases   ] GC(10)   Other: 0.9ms
[2022-12-27T18:23:12.625+0000][7][gc,heap     ] GC(10) Eden regions: 9->0(70)
[2022-12-27T18:23:12.625+0000][7][gc,heap     ] GC(10) Survivor regions: 10->3(10)
[2022-12-27T18:23:12.626+0000][7][gc,heap     ] GC(10) Old regions: 3->13
[2022-12-27T18:23:12.626+0000][7][gc,heap     ] GC(10) Archive regions: 2->2
[2022-12-27T18:23:12.626+0000][7][gc,heap     ] GC(10) Humongous regions: 0->0
[2022-12-27T18:23:12.626+0000][7][gc,metaspace] GC(10) Metaspace: 33731K(35840K)->33731K(35840K) NonClass: 29372K(30848K)->29372K(30848K) Class: 4359K(4992K)->4359K(4992K)
[2022-12-27T18:23:12.626+0000][7][gc          ] GC(10) Pause Young (Concurrent Start) (Metadata GC Threshold) 88M->62M(512M) 21.888ms
[2022-12-27T18:23:12.626+0000][7][gc,cpu      ] GC(10) User=0.19s Sys=0.00s Real=0.02s
[2022-12-27T18:23:12.627+0000][7][gc          ] GC(11) Concurrent Cycle
[2022-12-27T18:23:12.627+0000][7][gc,marking  ] GC(11) Concurrent Clear Claimed Marks
[2022-12-27T18:23:12.627+0000][7][safepoint   ] Safepoint "CollectForMetadataAllocation", Time since last: 319320300 ns, Reaching safepoint: 197600 ns, At safepoint: 22395000 ns, Total: 22592600 ns
[2022-12-27T18:23:12.627+0000][7][gc,marking  ] GC(11) Concurrent Clear Claimed Marks 0.223ms
[2022-12-27T18:23:12.627+0000][7][gc,marking  ] GC(11) Concurrent Scan Root Regions
[2022-12-27T18:23:12.637+0000][7][gc,marking  ] GC(11) Concurrent Scan Root Regions 9.811ms
[2022-12-27T18:23:12.637+0000][7][gc,marking  ] GC(11) Concurrent Mark (6.690s)
[2022-12-27T18:23:12.637+0000][7][gc,marking  ] GC(11) Concurrent Mark From Roots
[2022-12-27T18:23:12.638+0000][7][gc,task     ] GC(11) Using 3 workers of 3 for marking
[2022-12-27T18:23:12.646+0000][7][safepoint   ] Safepoint "CollectForMetadataAllocation", Time since last: 17637200 ns, Reaching safepoint: 1381100 ns, At safepoint: 156400 ns, Total: 1537500 ns
[2022-12-27T18:23:12.648+0000][7][gc,marking  ] GC(11) Concurrent Mark From Roots 10.700ms
[2022-12-27T18:23:12.648+0000][7][gc,marking  ] GC(11) Concurrent Preclean
[2022-12-27T18:23:12.649+0000][7][gc,marking  ] GC(11) Concurrent Preclean 0.244ms
[2022-12-27T18:23:12.649+0000][7][gc,marking  ] GC(11) Concurrent Mark (6.690s, 6.701s) 11.461ms
[2022-12-27T18:23:12.649+0000][7][gc,start    ] GC(11) Pause Remark
[2022-12-27T18:23:12.651+0000][7][gc          ] GC(11) Pause Remark 64M->64M(512M) 1.651ms
[2022-12-27T18:23:12.651+0000][7][gc,cpu      ] GC(11) User=0.01s Sys=0.00s Real=0.00s
[2022-12-27T18:23:12.651+0000][7][safepoint   ] Safepoint "G1Concurrent", Time since last: 3033700 ns, Reaching safepoint: 582600 ns, At safepoint: 2007800 ns, Total: 2590400 ns
[2022-12-27T18:23:12.652+0000][7][gc,marking  ] GC(11) Concurrent Rebuild Remembered Sets
[2022-12-27T18:23:12.665+0000][7][gc,marking  ] GC(11) Concurrent Rebuild Remembered Sets 13.538ms
[2022-12-27T18:23:12.666+0000][7][gc,start    ] GC(11) Pause Cleanup
[2022-12-27T18:23:12.666+0000][7][gc          ] GC(11) Pause Cleanup 66M->66M(512M) 0.333ms
[2022-12-27T18:23:12.666+0000][7][gc,cpu      ] GC(11) User=0.00s Sys=0.00s Real=0.00s
[2022-12-27T18:23:12.667+0000][7][safepoint   ] Safepoint "G1Concurrent", Time since last: 13972100 ns, Reaching safepoint: 417000 ns, At safepoint: 697500 ns, Total: 1114500 ns
[2022-12-27T18:23:12.667+0000][7][gc,marking  ] GC(11) Concurrent Cleanup for Next Mark
[2022-12-27T18:23:12.667+0000][7][gc,marking  ] GC(11) Concurrent Cleanup for Next Mark 0.503ms
[2022-12-27T18:23:12.667+0000][7][gc          ] GC(11) Concurrent Cycle 40.893ms
[2022-12-27T18:23:13.114+0000][7][safepoint   ] Safepoint "ICBufferFull", Time since last: 447480400 ns, Reaching safepoint: 154200 ns, At safepoint: 15500 ns, Total: 169700 ns
[2022-12-27T18:23:13.970+0000][7][safepoint   ] Safepoint "ICBufferFull", Time since last: 855086900 ns, Reaching safepoint: 410900 ns, At safepoint: 33600 ns, Total: 444500 ns
[2022-12-27T18:23:14.053+0000][7][gc,start    ] GC(12) Pause Young (Concurrent Start) (G1 Evacuation Pause)
[2022-12-27T18:23:14.053+0000][7][gc,task     ] GC(12) Using 10 workers of 10 for evacuation
[2022-12-27T18:23:14.054+0000][7][gc,age      ] GC(12) Desired survivor size 20971520 bytes, new threshold 15 (max threshold 15)
[2022-12-27T18:23:14.061+0000][7][gc,age      ] GC(12) Age table with threshold 15 (max threshold 15)
[2022-12-27T18:23:14.062+0000][7][gc,age      ] GC(12) - age   1:    6505400 bytes,    6505400 total
[2022-12-27T18:23:14.062+0000][7][gc,age      ] GC(12) - age   2:    6035080 bytes,   12540480 total
[2022-12-27T18:23:14.062+0000][7][gc,phases   ] GC(12)   Pre Evacuate Collection Set: 0.3ms
[2022-12-27T18:23:14.062+0000][7][gc,phases   ] GC(12)   Merge Heap Roots: 0.2ms
[2022-12-27T18:23:14.062+0000][7][gc,phases   ] GC(12)   Evacuate Collection Set: 6.0ms
[2022-12-27T18:23:14.062+0000][7][gc,phases   ] GC(12)   Post Evacuate Collection Set: 1.1ms
[2022-12-27T18:23:14.063+0000][7][gc,phases   ] GC(12)   Other: 1.1ms
[2022-12-27T18:23:14.063+0000][7][gc,heap     ] GC(12) Eden regions: 70->0(72)
[2022-12-27T18:23:14.063+0000][7][gc,heap     ] GC(12) Survivor regions: 3->4(10)
[2022-12-27T18:23:14.063+0000][7][gc,heap     ] GC(12) Old regions: 13->13
[2022-12-27T18:23:14.063+0000][7][gc,heap     ] GC(12) Archive regions: 2->2
[2022-12-27T18:23:14.064+0000][7][gc,heap     ] GC(12) Humongous regions: 0->0
[2022-12-27T18:23:14.064+0000][7][gc,metaspace] GC(12) Metaspace: 51753K(54860K)->51753K(54860K) NonClass: 44829K(47104K)->44829K(47104K) Class: 6923K(7756K)->6923K(7756K)
[2022-12-27T18:23:14.064+0000][7][gc          ] GC(12) Pause Young (Concurrent Start) (G1 Evacuation Pause) 342M->65M(512M) 10.990ms
[2022-12-27T18:23:14.064+0000][7][gc,cpu      ] GC(12) User=0.07s Sys=0.00s Real=0.01s
[2022-12-27T18:23:14.065+0000][7][gc          ] GC(13) Concurrent Cycle
[2022-12-27T18:23:14.065+0000][7][gc,marking  ] GC(13) Concurrent Clear Claimed Marks
[2022-12-27T18:23:14.065+0000][7][safepoint   ] Safepoint "G1CollectForAllocation", Time since last: 83192700 ns, Reaching safepoint: 199700 ns, At safepoint: 11399500 ns, Total: 11599200 ns
[2022-12-27T18:23:14.065+0000][7][gc,marking  ] GC(13) Concurrent Clear Claimed Marks 0.232ms
[2022-12-27T18:23:14.065+0000][7][gc,marking  ] GC(13) Concurrent Scan Root Regions
[2022-12-27T18:23:14.071+0000][7][gc,marking  ] GC(13) Concurrent Scan Root Regions 5.441ms
[2022-12-27T18:23:14.071+0000][7][gc,marking  ] GC(13) Concurrent Mark (8.123s)
[2022-12-27T18:23:14.071+0000][7][gc,marking  ] GC(13) Concurrent Mark From Roots
[2022-12-27T18:23:14.071+0000][7][gc,task     ] GC(13) Using 3 workers of 3 for marking
[2022-12-27T18:23:14.111+0000][7][gc,marking  ] GC(13) Concurrent Mark From Roots 40.171ms
[2022-12-27T18:23:14.112+0000][7][gc,marking  ] GC(13) Concurrent Preclean
[2022-12-27T18:23:14.112+0000][7][gc,marking  ] GC(13) Concurrent Preclean 0.459ms
[2022-12-27T18:23:14.112+0000][7][gc,marking  ] GC(13) Concurrent Mark (8.123s, 8.165s) 41.332ms
[2022-12-27T18:23:14.113+0000][7][gc,start    ] GC(13) Pause Remark
[2022-12-27T18:23:14.116+0000][7][gc          ] GC(13) Pause Remark 75M->75M(512M) 3.011ms
[2022-12-27T18:23:14.116+0000][7][gc,cpu      ] GC(13) User=0.02s Sys=0.00s Real=0.00s
[2022-12-27T18:23:14.117+0000][7][safepoint   ] Safepoint "G1Concurrent", Time since last: 48090100 ns, Reaching safepoint: 416500 ns, At safepoint: 3532200 ns, Total: 3948700 ns
[2022-12-27T18:23:14.117+0000][7][gc,marking  ] GC(13) Concurrent Rebuild Remembered Sets
[2022-12-27T18:23:14.142+0000][7][gc,marking  ] GC(13) Concurrent Rebuild Remembered Sets 24.807ms
[2022-12-27T18:23:14.143+0000][7][gc,start    ] GC(13) Pause Cleanup
[2022-12-27T18:23:14.143+0000][7][gc          ] GC(13) Pause Cleanup 77M->77M(512M) 0.361ms
[2022-12-27T18:23:14.144+0000][7][gc,cpu      ] GC(13) User=0.00s Sys=0.00s Real=0.00s
[2022-12-27T18:23:14.144+0000][7][safepoint   ] Safepoint "G1Concurrent", Time since last: 25370600 ns, Reaching safepoint: 1009800 ns, At safepoint: 803300 ns, Total: 1813100 ns
[2022-12-27T18:23:14.144+0000][7][gc,marking  ] GC(13) Concurrent Cleanup for Next Mark
[2022-12-27T18:23:14.145+0000][7][gc,marking  ] GC(13) Concurrent Cleanup for Next Mark 0.513ms
[2022-12-27T18:23:14.145+0000][7][gc          ] GC(13) Concurrent Cycle 80.209ms
[2022-12-27T18:23:15.224+0000][7][safepoint   ] Safepoint "Cleanup", Time since last: 1079313400 ns, Reaching safepoint: 1105900 ns, At safepoint: 19000 ns, Total: 1124900 ns
[2022-12-27T18:23:15.724+0000][7][safepoint   ] Safepoint "ICBufferFull", Time since last: 499083200 ns, Reaching safepoint: 198800 ns, At safepoint: 26000 ns, Total: 224800 ns
[2022-12-27T18:23:16.367+0000][7][safepoint   ] Safepoint "ICBufferFull", Time since last: 643641700 ns, Reaching safepoint: 263900 ns, At safepoint: 36000 ns, Total: 299900 ns
[2022-12-27T18:23:16.909+0000][7][safepoint   ] Safepoint "ICBufferFull", Time since last: 540900200 ns, Reaching safepoint: 242200 ns, At safepoint: 40400 ns, Total: 282600 ns
[2022-12-27T18:23:17.650+0000][7][gc,start    ] GC(14) Pause Young (Concurrent Start) (Metadata GC Threshold)
[2022-12-27T18:23:17.650+0000][7][gc,task     ] GC(14) Using 10 workers of 10 for evacuation
[2022-12-27T18:23:17.651+0000][7][gc,age      ] GC(14) Desired survivor size 20971520 bytes, new threshold 15 (max threshold 15)
[2022-12-27T18:23:17.666+0000][7][gc,age      ] GC(14) Age table with threshold 15 (max threshold 15)
[2022-12-27T18:23:17.666+0000][7][gc,age      ] GC(14) - age   1:   13830128 bytes,   13830128 total
[2022-12-27T18:23:17.666+0000][7][gc,age      ] GC(14) - age   2:    6143024 bytes,   19973152 total
[2022-12-27T18:23:17.666+0000][7][gc,age      ] GC(14) - age   3:    6017760 bytes,   25990912 total
[2022-12-27T18:23:17.666+0000][7][gc,phases   ] GC(14)   Pre Evacuate Collection Set: 0.2ms
[2022-12-27T18:23:17.666+0000][7][gc,phases   ] GC(14)   Merge Heap Roots: 0.1ms
[2022-12-27T18:23:17.666+0000][7][gc,phases   ] GC(14)   Evacuate Collection Set: 12.6ms
[2022-12-27T18:23:17.667+0000][7][gc,phases   ] GC(14)   Post Evacuate Collection Set: 1.9ms
[2022-12-27T18:23:17.667+0000][7][gc,phases   ] GC(14)   Other: 1.1ms
[2022-12-27T18:23:17.667+0000][7][gc,heap     ] GC(14) Eden regions: 61->0(69)
[2022-12-27T18:23:17.667+0000][7][gc,heap     ] GC(14) Survivor regions: 4->7(10)
[2022-12-27T18:23:17.667+0000][7][gc,heap     ] GC(14) Old regions: 13->13
[2022-12-27T18:23:17.667+0000][7][gc,heap     ] GC(14) Archive regions: 2->2
[2022-12-27T18:23:17.667+0000][7][gc,heap     ] GC(14) Humongous regions: 2->2
[2022-12-27T18:23:17.668+0000][7][gc,metaspace] GC(14) Metaspace: 87243K(91436K)->87243K(91436K) NonClass: 75436K(78560K)->75436K(78560K) Class: 11806K(12876K)->11806K(12876K)
[2022-12-27T18:23:17.668+0000][7][gc          ] GC(14) Pause Young (Concurrent Start) (Metadata GC Threshold) 317M->86M(512M) 17.453ms
[2022-12-27T18:23:17.668+0000][7][gc,cpu      ] GC(14) User=0.12s Sys=0.02s Real=0.02s
[2022-12-27T18:23:17.668+0000][7][gc          ] GC(15) Concurrent Cycle
[2022-12-27T18:23:17.668+0000][7][safepoint   ] Safepoint "CollectForMetadataAllocation", Time since last: 741386500 ns, Reaching safepoint: 183900 ns, At safepoint: 17930200 ns, Total: 18114100 ns
[2022-12-27T18:23:17.668+0000][7][gc,marking  ] GC(15) Concurrent Clear Claimed Marks
[2022-12-27T18:23:17.669+0000][7][gc,marking  ] GC(15) Concurrent Clear Claimed Marks 0.432ms
[2022-12-27T18:23:17.669+0000][7][gc,marking  ] GC(15) Concurrent Scan Root Regions
[2022-12-27T18:23:17.677+0000][7][gc,marking  ] GC(15) Concurrent Scan Root Regions 8.410ms
[2022-12-27T18:23:17.677+0000][7][gc,marking  ] GC(15) Concurrent Mark (11.730s)
[2022-12-27T18:23:17.678+0000][7][gc,marking  ] GC(15) Concurrent Mark From Roots
[2022-12-27T18:23:17.678+0000][7][gc,task     ] GC(15) Using 3 workers of 3 for marking
[2022-12-27T18:23:17.698+0000][7][safepoint   ] Safepoint "CollectForMetadataAllocation", Time since last: 29441800 ns, Reaching safepoint: 219600 ns, At safepoint: 180200 ns, Total: 399800 ns
[2022-12-27T18:23:17.709+0000][7][gc,marking  ] GC(15) Concurrent Mark From Roots 31.636ms
[2022-12-27T18:23:17.709+0000][7][gc,marking  ] GC(15) Concurrent Preclean
[2022-12-27T18:23:17.710+0000][7][gc,marking  ] GC(15) Concurrent Preclean 0.344ms
[2022-12-27T18:23:17.710+0000][7][gc,marking  ] GC(15) Concurrent Mark (11.730s, 11.762s) 32.549ms
[2022-12-27T18:23:17.710+0000][7][gc,start    ] GC(15) Pause Remark
[2022-12-27T18:23:17.712+0000][7][gc          ] GC(15) Pause Remark 93M->93M(512M) 1.941ms
[2022-12-27T18:23:17.712+0000][7][gc,cpu      ] GC(15) User=0.01s Sys=0.00s Real=0.00s
[2022-12-27T18:23:17.713+0000][7][safepoint   ] Safepoint "G1Concurrent", Time since last: 12118100 ns, Reaching safepoint: 141500 ns, At safepoint: 2315000 ns, Total: 2456500 ns
[2022-12-27T18:23:17.713+0000][7][gc,marking  ] GC(15) Concurrent Rebuild Remembered Sets
[2022-12-27T18:23:17.734+0000][7][gc,marking  ] GC(15) Concurrent Rebuild Remembered Sets 20.696ms
[2022-12-27T18:23:17.734+0000][7][gc,start    ] GC(15) Pause Cleanup
[2022-12-27T18:23:17.735+0000][7][gc          ] GC(15) Pause Cleanup 93M->93M(512M) 0.382ms
[2022-12-27T18:23:17.735+0000][7][gc,cpu      ] GC(15) User=0.00s Sys=0.00s Real=0.00s
[2022-12-27T18:23:17.735+0000][7][safepoint   ] Safepoint "G1Concurrent", Time since last: 21214400 ns, Reaching safepoint: 407500 ns, At safepoint: 718800 ns, Total: 1126300 ns
[2022-12-27T18:23:17.735+0000][7][gc,marking  ] GC(15) Concurrent Cleanup for Next Mark
[2022-12-27T18:23:17.736+0000][7][gc,marking  ] GC(15) Concurrent Cleanup for Next Mark 0.427ms
[2022-12-27T18:23:17.736+0000][7][gc          ] GC(15) Concurrent Cycle 67.725ms
[2022-12-27T18:23:18.735+0000][7][safepoint   ] Safepoint "Cleanup", Time since last: 1000307700 ns, Reaching safepoint: 161800 ns, At safepoint: 16500 ns, Total: 178300 ns
[2022-12-27T18:23:20.736+0000][7][safepoint   ] Safepoint "Cleanup", Time since last: 2000367400 ns, Reaching safepoint: 291700 ns, At safepoint: 35500 ns, Total: 327200 ns
[2022-12-27T18:23:21.737+0000][7][safepoint   ] Safepoint "Cleanup", Time since last: 1000489500 ns, Reaching safepoint: 149800 ns, At safepoint: 15300 ns, Total: 165100 ns
[2022-12-27T18:23:24.737+0000][7][safepoint   ] Safepoint "Cleanup", Time since last: 3000438400 ns, Reaching safepoint: 138900 ns, At safepoint: 15600 ns, Total: 154500 ns
[2022-12-27T18:23:34.739+0000][7][safepoint   ] Safepoint "Cleanup", Time since last: 10001044400 ns, Reaching safepoint: 204100 ns, At safepoint: 20800 ns, Total: 224900 ns
[2022-12-27T18:23:36.739+0000][7][safepoint   ] Safepoint "Cleanup", Time since last: 2000435500 ns, Reaching safepoint: 141100 ns, At safepoint: 14100 ns, Total: 155200 ns
[2022-12-27T18:23:39.740+0000][7][safepoint   ] Safepoint "Cleanup", Time since last: 3000483500 ns, Reaching safepoint: 207500 ns, At safepoint: 20900 ns, Total: 228400 ns
[2022-12-27T18:23:44.741+0000][7][safepoint   ] Safepoint "Cleanup", Time since last: 5000683900 ns, Reaching safepoint: 198600 ns, At safepoint: 128500 ns, Total: 327100 ns
[2022-12-27T18:23:47.741+0000][7][safepoint   ] Safepoint "Cleanup", Time since last: 3000224000 ns, Reaching safepoint: 152300 ns, At safepoint: 2800 ns, Total: 155100 ns
[2022-12-27T18:24:00.743+0000][7][safepoint   ] Safepoint "Cleanup", Time since last: 13001539000 ns, Reaching safepoint: 193000 ns, At safepoint: 21100 ns, Total: 214100 ns
[2022-12-27T18:24:02.744+0000][7][safepoint   ] Safepoint "Cleanup", Time since last: 2000369700 ns, Reaching safepoint: 159500 ns, At safepoint: 14800 ns, Total: 174300 ns
[2022-12-27T18:24:03.744+0000][7][safepoint   ] Safepoint "Cleanup", Time since last: 1000250800 ns, Reaching safepoint: 170000 ns, At safepoint: 16600 ns, Total: 186600 ns
[2022-12-27T18:24:11.745+0000][7][safepoint   ] Safepoint "Cleanup", Time since last: 8000896900 ns, Reaching safepoint: 177900 ns, At safepoint: 15800 ns, Total: 193700 ns
[2022-12-27T18:24:13.746+0000][7][safepoint   ] Safepoint "Cleanup", Time since last: 2000325700 ns, Reaching safepoint: 184900 ns, At safepoint: 19000 ns, Total: 203900 ns
[2022-12-27T18:24:17.746+0000][7][safepoint   ] Safepoint "Cleanup", Time since last: 4000557700 ns, Reaching safepoint: 159300 ns, At safepoint: 19700 ns, Total: 179000 ns
[2022-12-27T18:24:18.747+0000][7][safepoint   ] Safepoint "Cleanup", Time since last: 1000285600 ns, Reaching safepoint: 168400 ns, At safepoint: 19200 ns, Total: 187600 ns
[2022-12-27T18:24:21.748+0000][7][safepoint   ] Safepoint "Cleanup", Time since last: 3000516300 ns, Reaching safepoint: 199300 ns, At safepoint: 16700 ns, Total: 216000 ns
[2022-12-27T18:24:26.748+0000][7][safepoint   ] Safepoint "Cleanup", Time since last: 5000699500 ns, Reaching safepoint: 169100 ns, At safepoint: 15300 ns, Total: 184400 ns
[2022-12-27T18:24:54.751+0000][7][safepoint   ] Safepoint "Cleanup", Time since last: 28002603500 ns, Reaching safepoint: 195000 ns, At safepoint: 19300 ns, Total: 214300 ns
[2022-12-27T18:24:56.752+0000][7][safepoint   ] Safepoint "Cleanup", Time since last: 2000390100 ns, Reaching safepoint: 165700 ns, At safepoint: 6100 ns, Total: 171800 ns
[2022-12-27T18:24:58.752+0000][7][safepoint   ] Safepoint "Cleanup", Time since last: 2000381700 ns, Reaching safepoint: 168300 ns, At safepoint: 15000 ns, Total: 183300 ns
[2022-12-27T18:24:59.753+0000][7][safepoint   ] Safepoint "Cleanup", Time since last: 1000218900 ns, Reaching safepoint: 256100 ns, At safepoint: 18000 ns, Total: 274100 ns
[2022-12-27T18:25:00.753+0000][7][safepoint   ] Safepoint "Cleanup", Time since last: 1000231100 ns, Reaching safepoint: 167600 ns, At safepoint: 16200 ns, Total: 183800 ns
[2022-12-27T18:25:22.756+0000][7][safepoint   ] Safepoint "Cleanup", Time since last: 22002058800 ns, Reaching safepoint: 165100 ns, At safepoint: 14100 ns, Total: 179200 ns
[2022-12-27T18:25:23.756+0000][7][safepoint   ] Safepoint "Cleanup", Time since last: 1000247400 ns, Reaching safepoint: 156000 ns, At safepoint: 15500 ns, Total: 171500 ns
[2022-12-27T18:25:27.757+0000][7][safepoint   ] Safepoint "Cleanup", Time since last: 4000469400 ns, Reaching safepoint: 163500 ns, At safepoint: 15200 ns, Total: 178700 ns
[2022-12-27T18:25:43.758+0000][7][safepoint   ] Safepoint "Cleanup", Time since last: 16001423000 ns, Reaching safepoint: 184900 ns, At safepoint: 15700 ns, Total: 200600 ns
[2022-12-27T18:25:47.759+0000][7][safepoint   ] Safepoint "Cleanup", Time since last: 4000485800 ns, Reaching safepoint: 167900 ns, At safepoint: 15500 ns, Total: 183400 ns
[2022-12-27T18:25:49.759+0000][7][safepoint   ] Safepoint "Cleanup", Time since last: 2000305500 ns, Reaching safepoint: 148900 ns, At safepoint: 13800 ns, Total: 162700 ns
[2022-12-27T18:25:53.760+0000][7][safepoint   ] Safepoint "Cleanup", Time since last: 4000491000 ns, Reaching safepoint: 280800 ns, At safepoint: 16300 ns, Total: 297100 ns
[2022-12-27T18:26:25.764+0000][7][safepoint   ] Safepoint "Cleanup", Time since last: 32003158800 ns, Reaching safepoint: 205300 ns, At safepoint: 17300 ns, Total: 222600 ns
[2022-12-27T18:26:27.764+0000][7][safepoint   ] Safepoint "Cleanup", Time since last: 2000311900 ns, Reaching safepoint: 149500 ns, At safepoint: 15100 ns, Total: 164600 ns
[2022-12-27T18:26:45.766+0000][7][safepoint   ] Safepoint "Cleanup", Time since last: 18001543000 ns, Reaching safepoint: 183200 ns, At safepoint: 14600 ns, Total: 197800 ns
[2022-12-27T18:26:47.766+0000][7][safepoint   ] Safepoint "Cleanup", Time since last: 2000304100 ns, Reaching safepoint: 147800 ns, At safepoint: 14600 ns, Total: 162400 ns
[2022-12-27T18:26:54.767+0000][7][safepoint   ] Safepoint "Cleanup", Time since last: 7000774100 ns, Reaching safepoint: 170400 ns, At safepoint: 15700 ns, Total: 186100 ns
[2022-12-27T18:27:12.769+0000][7][safepoint   ] Safepoint "Cleanup", Time since last: 18002016900 ns, Reaching safepoint: 196900 ns, At safepoint: 14700 ns, Total: 211600 ns
[2022-12-27T18:27:16.770+0000][7][safepoint   ] Safepoint "Cleanup", Time since last: 4000466100 ns, Reaching safepoint: 152700 ns, At safepoint: 14700 ns, Total: 167400 ns
[2022-12-27T18:27:17.770+0000][7][safepoint   ] Safepoint "Cleanup", Time since last: 1000207900 ns, Reaching safepoint: 153500 ns, At safepoint: 14700 ns, Total: 168200 ns
[2022-12-27T18:27:27.772+0000][7][safepoint   ] Safepoint "Cleanup", Time since last: 10000970500 ns, Reaching safepoint: 233000 ns, At safepoint: 38200 ns, Total: 271200 ns
[2022-12-27T18:27:28.772+0000][7][safepoint   ] Safepoint "Cleanup", Time since last: 1000357400 ns, Reaching safepoint: 164600 ns, At safepoint: 15200 ns, Total: 179800 ns
[2022-12-27T18:27:32.773+0000][7][safepoint   ] Safepoint "Cleanup", Time since last: 4000531400 ns, Reaching safepoint: 165600 ns, At safepoint: 15000 ns, Total: 180600 ns
[2022-12-27T18:27:34.773+0000][7][safepoint   ] Safepoint "Cleanup", Time since last: 2000323500 ns, Reaching safepoint: 171600 ns, At safepoint: 15700 ns, Total: 187300 ns
[2022-12-27T18:27:39.774+0000][7][safepoint   ] Safepoint "Cleanup", Time since last: 5000613500 ns, Reaching safepoint: 155800 ns, At safepoint: 16500 ns, Total: 172300 ns
[2022-12-27T18:27:47.775+0000][7][safepoint   ] Safepoint "Cleanup", Time since last: 8000828100 ns, Reaching safepoint: 159100 ns, At safepoint: 5100 ns, Total: 164200 ns
[2022-12-27T18:27:58.777+0000][7][safepoint   ] Safepoint "Cleanup", Time since last: 11001089500 ns, Reaching safepoint: 226300 ns, At safepoint: 9300 ns, Total: 235600 ns
[2022-12-27T18:28:29.780+0000][7][safepoint   ] Safepoint "Cleanup", Time since last: 31002918600 ns, Reaching safepoint: 165200 ns, At safepoint: 5100 ns, Total: 170300 ns
[2022-12-27T18:28:49.782+0000][7][safepoint   ] Safepoint "Cleanup", Time since last: 20001869400 ns, Reaching safepoint: 182700 ns, At safepoint: 15300 ns, Total: 198000 ns
[2022-12-27T18:28:54.783+0000][7][safepoint   ] Safepoint "Cleanup", Time since last: 5000651600 ns, Reaching safepoint: 261600 ns, At safepoint: 23600 ns, Total: 285200 ns
[2022-12-27T18:29:17.785+0000][7][safepoint   ] Safepoint "Cleanup", Time since last: 23002520000 ns, Reaching safepoint: 185000 ns, At safepoint: 16400 ns, Total: 201400 ns
[2022-12-27T18:29:40.788+0000][7][safepoint   ] Safepoint "Cleanup", Time since last: 23002079500 ns, Reaching safepoint: 187400 ns, At safepoint: 16300 ns, Total: 203700 ns
[2022-12-27T18:29:41.788+0000][7][safepoint   ] Safepoint "Cleanup", Time since last: 1000253500 ns, Reaching safepoint: 192100 ns, At safepoint: 20000 ns, Total: 212100 ns
[2022-12-27T18:29:42.789+0000][7][safepoint   ] Safepoint "Cleanup", Time since last: 1000283400 ns, Reaching safepoint: 156500 ns, At safepoint: 15500 ns, Total: 172000 ns
[2022-12-27T18:30:17.792+0000][7][safepoint   ] Safepoint "Cleanup", Time since last: 35003174700 ns, Reaching safepoint: 179400 ns, At safepoint: 18600 ns, Total: 198000 ns
[2022-12-27T18:30:19.793+0000][7][safepoint   ] Safepoint "Cleanup", Time since last: 2000351500 ns, Reaching safepoint: 187800 ns, At safepoint: 17700 ns, Total: 205500 ns
[2022-12-27T18:30:56.796+0000][7][safepoint   ] Safepoint "Cleanup", Time since last: 37003460900 ns, Reaching safepoint: 157500 ns, At safepoint: 16500 ns, Total: 174000 ns
[2022-12-27T18:31:30.800+0000][7][safepoint   ] Safepoint "Cleanup", Time since last: 34003791300 ns, Reaching safepoint: 173300 ns, At safepoint: 15600 ns, Total: 188900 ns
[2022-12-27T18:31:49.804+0000][7][safepoint   ] Safepoint "Cleanup", Time since last: 19003661200 ns, Reaching safepoint: 170900 ns, At safepoint: 13300 ns, Total: 184200 ns
[2022-12-27T18:31:50.805+0000][7][safepoint   ] Safepoint "Cleanup", Time since last: 1000442600 ns, Reaching safepoint: 464600 ns, At safepoint: 45000 ns, Total: 509600 ns
[2022-12-27T18:32:04.808+0000][7][safepoint   ] Safepoint "Cleanup", Time since last: 14003172500 ns, Reaching safepoint: 271700 ns, At safepoint: 24600 ns, Total: 296300 ns
[2022-12-27T18:32:47.817+0000][7][safepoint   ] Safepoint "Cleanup", Time since last: 43008325000 ns, Reaching safepoint: 284300 ns, At safepoint: 26400 ns, Total: 310700 ns
[2022-12-27T18:33:17.825+0000][7][safepoint   ] Safepoint "Cleanup", Time since last: 30007351400 ns, Reaching safepoint: 166800 ns, At safepoint: 2400 ns, Total: 169200 ns
[2022-12-27T18:33:29.828+0000][7][safepoint   ] Safepoint "Cleanup", Time since last: 12002799300 ns, Reaching safepoint: 245800 ns, At safepoint: 15400 ns, Total: 261200 ns
[2022-12-27T18:33:30.829+0000][7][safepoint   ] Safepoint "Cleanup", Time since last: 1000760600 ns, Reaching safepoint: 382500 ns, At safepoint: 33600 ns, Total: 416100 ns
[2022-12-27T18:33:58.833+0000][7][safepoint   ] Safepoint "Cleanup", Time since last: 28004370600 ns, Reaching safepoint: 176000 ns, At safepoint: 14100 ns, Total: 190100 ns
[2022-12-27T18:35:47.845+0000][7][safepoint   ] Safepoint "Cleanup", Time since last: 109011898800 ns, Reaching safepoint: 175200 ns, At safepoint: 15700 ns, Total: 190900 ns
[2022-12-27T18:37:47.863+0000][7][safepoint   ] Safepoint "Cleanup", Time since last: 120017661200 ns, Reaching safepoint: 207000 ns, At safepoint: 34600 ns, Total: 241600 ns
[2022-12-27T18:38:17.870+0000][7][safepoint   ] Safepoint "Cleanup", Time since last: 30006022500 ns, Reaching safepoint: 211300 ns, At safepoint: 20800 ns, Total: 232100 ns
[2022-12-27T18:38:24.872+0000][7][safepoint   ] Safepoint "Cleanup", Time since last: 7001993200 ns, Reaching safepoint: 467200 ns, At safepoint: 42100 ns, Total: 509300 ns
[2022-12-27T18:38:26.873+0000][7][safepoint   ] Safepoint "Cleanup", Time since last: 2000807000 ns, Reaching safepoint: 157800 ns, At safepoint: 13200 ns, Total: 171000 ns
[2022-12-27T18:39:07.879+0000][7][safepoint   ] Safepoint "Cleanup", Time since last: 41005699700 ns, Reaching safepoint: 275500 ns, At safepoint: 22800 ns, Total: 298300 ns
[2022-12-27T18:39:44.887+0000][7][safepoint   ] Safepoint "Cleanup", Time since last: 37007385200 ns, Reaching safepoint: 297600 ns, At safepoint: 18400 ns, Total: 316000 ns
[2022-12-27T18:39:47.888+0000][7][safepoint   ] Safepoint "Cleanup", Time since last: 3000898900 ns, Reaching safepoint: 228100 ns, At safepoint: 18800 ns, Total: 246900 ns
[2022-12-27T18:40:17.895+0000][7][safepoint   ] Safepoint "Cleanup", Time since last: 30006236100 ns, Reaching safepoint: 489000 ns, At safepoint: 18500 ns, Total: 507500 ns
[2022-12-27T18:41:12.905+0000][7][safepoint   ] Safepoint "Cleanup", Time since last: 55009719800 ns, Reaching safepoint: 753900 ns, At safepoint: 84400 ns, Total: 838300 ns
[2022-12-27T18:41:17.907+0000][7][safepoint   ] Safepoint "Cleanup", Time since last: 5001786500 ns, Reaching safepoint: 248800 ns, At safepoint: 20600 ns, Total: 269400 ns
[2022-12-27T18:41:47.913+0000][7][safepoint   ] Safepoint "Cleanup", Time since last: 30005765400 ns, Reaching safepoint: 175500 ns, At safepoint: 22000 ns, Total: 197500 ns
[2022-12-27T18:42:14.918+0000][7][safepoint   ] Safepoint "Cleanup", Time since last: 27004488500 ns, Reaching safepoint: 191600 ns, At safepoint: 25000 ns, Total: 216600 ns
[2022-12-27T18:42:17.919+0000][7][safepoint   ] Safepoint "Cleanup", Time since last: 3000405500 ns, Reaching safepoint: 179100 ns, At safepoint: 19500 ns, Total: 198600 ns
[2022-12-27T18:42:19.919+0000][7][safepoint   ] Safepoint "Cleanup", Time since last: 2000414700 ns, Reaching safepoint: 191200 ns, At safepoint: 16500 ns, Total: 207700 ns
[2022-12-27T18:42:59.927+0000][7][safepoint   ] Safepoint "Cleanup", Time since last: 40007774400 ns, Reaching safepoint: 321000 ns, At safepoint: 31700 ns, Total: 352700 ns
[2022-12-27T18:43:14.931+0000][7][safepoint   ] Safepoint "Cleanup", Time since last: 15003738100 ns, Reaching safepoint: 285100 ns, At safepoint: 25400 ns, Total: 310500 ns
[2022-12-27T18:43:25.934+0000][7][safepoint   ] Safepoint "Cleanup", Time since last: 11002618600 ns, Reaching safepoint: 363200 ns, At safepoint: 34400 ns, Total: 397600 ns
[2022-12-27T18:43:47.939+0000][7][safepoint   ] Safepoint "Cleanup", Time since last: 22004173600 ns, Reaching safepoint: 171100 ns, At safepoint: 14900 ns, Total: 186000 ns
[2022-12-27T18:43:53.940+0000][7][safepoint   ] Safepoint "Cleanup", Time since last: 6000633700 ns, Reaching safepoint: 157100 ns, At safepoint: 14200 ns, Total: 171300 ns
[2022-12-27T18:44:06.942+0000][7][safepoint   ] Safepoint "Cleanup", Time since last: 13001728400 ns, Reaching safepoint: 333900 ns, At safepoint: 29200 ns, Total: 363100 ns
[2022-12-27T18:44:16.943+0000][7][safepoint   ] Safepoint "Cleanup", Time since last: 10001381800 ns, Reaching safepoint: 155900 ns, At safepoint: 14800 ns, Total: 170700 ns
[2022-12-27T18:44:39.948+0000][7][safepoint   ] Safepoint "Cleanup", Time since last: 23004968600 ns, Reaching safepoint: 210700 ns, At safepoint: 20800 ns, Total: 231500 ns
[2022-12-27T18:46:07.963+0000][7][safepoint   ] Safepoint "Cleanup", Time since last: 88014896400 ns, Reaching safepoint: 152500 ns, At safepoint: 15200 ns, Total: 167700 ns
[2022-12-27T18:46:40.970+0000][7][safepoint   ] Safepoint "Cleanup", Time since last: 33006587600 ns, Reaching safepoint: 363800 ns, At safepoint: 36100 ns, Total: 399900 ns
[2022-12-27T18:47:21.979+0000][7][safepoint   ] Safepoint "Cleanup", Time since last: 41008387800 ns, Reaching safepoint: 208900 ns, At safepoint: 19600 ns, Total: 228500 ns
[2022-12-27T18:47:26.981+0000][7][safepoint   ] Safepoint "Cleanup", Time since last: 5001517900 ns, Reaching safepoint: 459300 ns, At safepoint: 96200 ns, Total: 555500 ns
[2022-12-27T18:47:47.986+0000][7][safepoint   ] Safepoint "Cleanup", Time since last: 21004472700 ns, Reaching safepoint: 193700 ns, At safepoint: 17800 ns, Total: 211500 ns
[2022-12-27T18:48:47.998+0000][7][safepoint   ] Safepoint "Cleanup", Time since last: 60011449900 ns, Reaching safepoint: 279400 ns, At safepoint: 24700 ns, Total: 304100 ns
[2022-12-27T18:49:18.003+0000][7][safepoint   ] Safepoint "Cleanup", Time since last: 30005412700 ns, Reaching safepoint: 174400 ns, At safepoint: 14100 ns, Total: 188500 ns
[2022-12-27T18:49:48.009+0000][7][safepoint   ] Safepoint "Cleanup", Time since last: 30005976300 ns, Reaching safepoint: 262600 ns, At safepoint: 50700 ns, Total: 313300 ns
[2022-12-27T18:50:00.012+0000][7][safepoint   ] Safepoint "Cleanup", Time since last: 12002729300 ns, Reaching safepoint: 179400 ns, At safepoint: 15300 ns, Total: 194700 ns
[2022-12-27T18:50:25.019+0000][7][safepoint   ] Safepoint "Cleanup", Time since last: 25006483100 ns, Reaching safepoint: 297500 ns, At safepoint: 23600 ns, Total: 321100 ns
[2022-12-27T18:51:18.028+0000][7][safepoint   ] Safepoint "Cleanup", Time since last: 53008637400 ns, Reaching safepoint: 156500 ns, At safepoint: 15200 ns, Total: 171700 ns
[2022-12-27T18:51:35.030+0000][7][safepoint   ] Safepoint "Cleanup", Time since last: 17001909000 ns, Reaching safepoint: 165500 ns, At safepoint: 14700 ns, Total: 180200 ns
[2022-12-27T18:51:57.034+0000][7][safepoint   ] Safepoint "Cleanup", Time since last: 22003654500 ns, Reaching safepoint: 184900 ns, At safepoint: 15000 ns, Total: 199900 ns
[2022-12-27T18:52:48.044+0000][7][safepoint   ] Safepoint "Cleanup", Time since last: 51009823400 ns, Reaching safepoint: 207900 ns, At safepoint: 20400 ns, Total: 228300 ns
[2022-12-27T18:52:55.046+0000][7][safepoint   ] Safepoint "Cleanup", Time since last: 7001713000 ns, Reaching safepoint: 427700 ns, At safepoint: 40400 ns, Total: 468100 ns
[2022-12-27T18:53:48.057+0000][7][safepoint   ] Safepoint "Cleanup", Time since last: 53010899100 ns, Reaching safepoint: 193900 ns, At safepoint: 12600 ns, Total: 206500 ns
[2022-12-27T18:53:51.059+0000][7][safepoint   ] Safepoint "Cleanup", Time since last: 3000948800 ns, Reaching safepoint: 311100 ns, At safepoint: 28400 ns, Total: 339500 ns
[2022-12-27T18:54:18.064+0000][7][safepoint   ] Safepoint "Cleanup", Time since last: 27004799900 ns, Reaching safepoint: 157200 ns, At safepoint: 13600 ns, Total: 170800 ns
[2022-12-27T18:54:48.070+0000][7][safepoint   ] Safepoint "Cleanup", Time since last: 30006296800 ns, Reaching safepoint: 180600 ns, At safepoint: 14300 ns, Total: 194900 ns
[2022-12-27T18:54:57.072+0000][7][safepoint   ] Safepoint "Cleanup", Time since last: 9001988300 ns, Reaching safepoint: 157500 ns, At safepoint: 13400 ns, Total: 170900 ns
[2022-12-27T18:55:20.076+0000][7][safepoint   ] Safepoint "Cleanup", Time since last: 23004033200 ns, Reaching safepoint: 206600 ns, At safepoint: 19400 ns, Total: 226000 ns
[2022-12-27T18:55:27.077+0000][7][safepoint   ] Safepoint "Cleanup", Time since last: 7000784300 ns, Reaching safepoint: 158000 ns, At safepoint: 15000 ns, Total: 173000 ns
[2022-12-27T18:56:48.091+0000][7][safepoint   ] Safepoint "Cleanup", Time since last: 81013758800 ns, Reaching safepoint: 309700 ns, At safepoint: 36400 ns, Total: 346100 ns
[2022-12-27T18:57:17.098+0000][7][safepoint   ] Safepoint "Cleanup", Time since last: 29006018200 ns, Reaching safepoint: 160000 ns, At safepoint: 15100 ns, Total: 175100 ns
[2022-12-27T18:57:18.098+0000][7][safepoint   ] Safepoint "Cleanup", Time since last: 1000455400 ns, Reaching safepoint: 168100 ns, At safepoint: 15500 ns, Total: 183600 ns
[2022-12-27T18:58:18.111+0000][7][safepoint   ] Safepoint "Cleanup", Time since last: 60012551700 ns, Reaching safepoint: 233100 ns, At safepoint: 20600 ns, Total: 253700 ns
[2022-12-27T18:58:47.117+0000][7][safepoint   ] Safepoint "Cleanup", Time since last: 29005242400 ns, Reaching safepoint: 172800 ns, At safepoint: 15800 ns, Total: 188600 ns
[2022-12-27T18:59:32.126+0000][7][safepoint   ] Safepoint "Cleanup", Time since last: 45009646300 ns, Reaching safepoint: 241100 ns, At safepoint: 22400 ns, Total: 263500 ns
[2022-12-27T19:00:47.141+0000][7][safepoint   ] Safepoint "Cleanup", Time since last: 75014602700 ns, Reaching safepoint: 218000 ns, At safepoint: 13300 ns, Total: 231300 ns
[2022-12-27T19:01:48.151+0000][7][safepoint   ] Safepoint "Cleanup", Time since last: 61009223600 ns, Reaching safepoint: 155900 ns, At safepoint: 13800 ns, Total: 169700 ns
[2022-12-27T19:02:18.158+0000][7][safepoint   ] Safepoint "Cleanup", Time since last: 30007054600 ns, Reaching safepoint: 177800 ns, At safepoint: 17000 ns, Total: 194800 ns
[2022-12-27T19:03:48.173+0000][7][safepoint   ] Safepoint "Cleanup", Time since last: 90015070200 ns, Reaching safepoint: 172200 ns, At safepoint: 15600 ns, Total: 187800 ns
[2022-12-27T19:04:17.179+0000][7][safepoint   ] Safepoint "Cleanup", Time since last: 29005962800 ns, Reaching safepoint: 157700 ns, At safepoint: 13200 ns, Total: 170900 ns
[2022-12-27T19:05:47.198+0000][7][safepoint   ] Safepoint "Cleanup", Time since last: 90018285700 ns, Reaching safepoint: 246100 ns, At safepoint: 55400 ns, Total: 301500 ns
[2022-12-27T19:05:48.199+0000][7][safepoint   ] Safepoint "Cleanup", Time since last: 1000358700 ns, Reaching safepoint: 214700 ns, At safepoint: 18800 ns, Total: 233500 ns
[2022-12-27T19:06:00.203+0000][7][safepoint   ] Safepoint "Cleanup", Time since last: 12003755900 ns, Reaching safepoint: 369900 ns, At safepoint: 42300 ns, Total: 412200 ns
[2022-12-27T19:06:17.206+0000][7][safepoint   ] Safepoint "Cleanup", Time since last: 17002963000 ns, Reaching safepoint: 514500 ns, At safepoint: 27600 ns, Total: 542100 ns
[2022-12-27T19:06:47.213+0000][7][safepoint   ] Safepoint "Cleanup", Time since last: 30006330900 ns, Reaching safepoint: 211800 ns, At safepoint: 16700 ns, Total: 228500 ns
[2022-12-27T19:07:47.226+0000][7][safepoint   ] Safepoint "Cleanup", Time since last: 60013296700 ns, Reaching safepoint: 333700 ns, At safepoint: 32900 ns, Total: 366600 ns
[2022-12-27T19:07:54.228+0000][7][safepoint   ] Safepoint "Cleanup", Time since last: 7001450400 ns, Reaching safepoint: 176900 ns, At safepoint: 14600 ns, Total: 191500 ns
[2022-12-27T19:08:02.230+0000][7][safepoint   ] Safepoint "Cleanup", Time since last: 8001508800 ns, Reaching safepoint: 172800 ns, At safepoint: 14300 ns, Total: 187100 ns
[2022-12-27T19:08:03.230+0000][7][safepoint   ] Safepoint "Cleanup", Time since last: 1000421200 ns, Reaching safepoint: 206700 ns, At safepoint: 17400 ns, Total: 224100 ns
[2022-12-27T19:09:48.249+0000][7][safepoint   ] Safepoint "Cleanup", Time since last: 105017999500 ns, Reaching safepoint: 364500 ns, At safepoint: 24500 ns, Total: 389000 ns
[2022-12-27T19:10:17.255+0000][7][safepoint   ] Safepoint "Cleanup", Time since last: 29005705600 ns, Reaching safepoint: 159400 ns, At safepoint: 14400 ns, Total: 173800 ns
[2022-12-27T19:14:18.300+0000][7][safepoint   ] Safepoint "Cleanup", Time since last: 241045058200 ns, Reaching safepoint: 511800 ns, At safepoint: 50600 ns, Total: 562400 ns
[2022-12-27T19:18:48.353+0000][7][safepoint   ] Safepoint "Cleanup", Time since last: 270052055000 ns, Reaching safepoint: 162400 ns, At safepoint: 15100 ns, Total: 177500 ns
[2022-12-27T19:18:59.354+0000][7][safepoint   ] Safepoint "Cleanup", Time since last: 11001461800 ns, Reaching safepoint: 190000 ns, At safepoint: 14800 ns, Total: 204800 ns
[2022-12-27T19:21:46.388+0000][7][safepoint   ] Safepoint "Cleanup", Time since last: 167033183000 ns, Reaching safepoint: 432800 ns, At safepoint: 72200 ns, Total: 505000 ns
[2022-12-27T19:21:49.389+0000][7][safepoint   ] Safepoint "Cleanup", Time since last: 3001059200 ns, Reaching safepoint: 381900 ns, At safepoint: 35900 ns, Total: 417800 ns
[2022-12-27T19:25:18.432+0000][7][safepoint   ] Safepoint "Cleanup", Time since last: 209042751900 ns, Reaching safepoint: 249600 ns, At safepoint: 15200 ns, Total: 264800 ns
[2022-12-27T19:25:19.433+0000][7][safepoint   ] Safepoint "Cleanup", Time since last: 1000358200 ns, Reaching safepoint: 164600 ns, At safepoint: 15300 ns, Total: 179900 ns
[2022-12-27T19:26:17.444+0000][7][safepoint   ] Safepoint "Cleanup", Time since last: 58010677900 ns, Reaching safepoint: 299600 ns, At safepoint: 52900 ns, Total: 352500 ns
[2022-12-27T19:27:03.455+0000][7][safepoint   ] Safepoint "Cleanup", Time since last: 46009940400 ns, Reaching safepoint: 654300 ns, At safepoint: 80400 ns, Total: 734700 ns
[2022-12-27T19:27:18.459+0000][7][safepoint   ] Safepoint "Cleanup", Time since last: 15003754500 ns, Reaching safepoint: 395900 ns, At safepoint: 56800 ns, Total: 452700 ns
[2022-12-27T19:27:26.461+0000][7][safepoint   ] Safepoint "Cleanup", Time since last: 8001952300 ns, Reaching safepoint: 338500 ns, At safepoint: 55900 ns, Total: 394400 ns
[2022-12-27T19:27:35.463+0000][7][safepoint   ] Safepoint "Cleanup", Time since last: 9001751500 ns, Reaching safepoint: 300000 ns, At safepoint: 42900 ns, Total: 342900 ns
[2022-12-27T19:33:16.514+0000][7][safepoint   ] Safepoint "Cleanup", Time since last: 341051060200 ns, Reaching safepoint: 163500 ns, At safepoint: 15100 ns, Total: 178600 ns
[2022-12-27T19:33:48.518+0000][7][safepoint   ] Safepoint "Cleanup", Time since last: 32003363400 ns, Reaching safepoint: 150400 ns, At safepoint: 14500 ns, Total: 164900 ns
[2022-12-27T19:34:18.523+0000][7][safepoint   ] Safepoint "Cleanup", Time since last: 30004632800 ns, Reaching safepoint: 627400 ns, At safepoint: 58900 ns, Total: 686300 ns
[2022-12-27T19:34:48.527+0000][7][safepoint   ] Safepoint "Cleanup", Time since last: 30003727500 ns, Reaching safepoint: 157500 ns, At safepoint: 15500 ns, Total: 173000 ns
[2022-12-27T19:38:17.557+0000][7][safepoint   ] Safepoint "Cleanup", Time since last: 209029739300 ns, Reaching safepoint: 321600 ns, At safepoint: 31000 ns, Total: 352600 ns
[2022-12-27T19:38:47.564+0000][7][safepoint   ] Safepoint "Cleanup", Time since last: 30006121600 ns, Reaching safepoint: 141200 ns, At safepoint: 15100 ns, Total: 156300 ns
[2022-12-27T19:44:10.626+0000][7][safepoint   ] Safepoint "Cleanup", Time since last: 323062093000 ns, Reaching safepoint: 152400 ns, At safepoint: 14900 ns, Total: 167300 ns
[2022-12-27T19:44:16.627+0000][7][safepoint   ] Safepoint "Cleanup", Time since last: 6000620500 ns, Reaching safepoint: 144000 ns, At safepoint: 14300 ns, Total: 158300 ns
[2022-12-27T19:46:47.661+0000][7][safepoint   ] Safepoint "Cleanup", Time since last: 151033679200 ns, Reaching safepoint: 176500 ns, At safepoint: 27700 ns, Total: 204200 ns
[2022-12-27T19:46:48.661+0000][7][safepoint   ] Safepoint "Cleanup", Time since last: 1000248300 ns, Reaching safepoint: 279300 ns, At safepoint: 18300 ns, Total: 297600 ns
[2022-12-27T19:48:45.686+0000][7][safepoint   ] Safepoint "Cleanup", Time since last: 117024122500 ns, Reaching safepoint: 657100 ns, At safepoint: 68000 ns, Total: 725100 ns
[2022-12-27T19:48:47.688+0000][7][safepoint   ] Safepoint "Cleanup", Time since last: 2001767700 ns, Reaching safepoint: 431700 ns, At safepoint: 41200 ns, Total: 472900 ns
[2022-12-27T19:48:48.690+0000][7][safepoint   ] Safepoint "Cleanup", Time since last: 1001111700 ns, Reaching safepoint: 286800 ns, At safepoint: 24100 ns, Total: 310900 ns
[2022-12-27T19:49:17.698+0000][7][safepoint   ] Safepoint "Cleanup", Time since last: 29007854500 ns, Reaching safepoint: 245400 ns, At safepoint: 13400 ns, Total: 258800 ns
[2022-12-27T19:50:06.362+0000][7][gc,heap,exit] Heap
[2022-12-27T19:50:06.362+0000][7][gc,heap,exit]  garbage-first heap   total 524288K, used 264673K [0x00000000e0000000, 0x0000000100000000)
[2022-12-27T19:50:06.362+0000][7][gc,heap,exit]   region size 4096K, 51 young (208896K), 7 survivors (28672K)
[2022-12-27T19:50:06.362+0000][7][gc,heap,exit]  Metaspace       used 90374K, capacity 93778K, committed 94584K, reserved 1130496K
[2022-12-27T19:50:06.363+0000][7][gc,heap,exit]   class space    used 12177K, capacity 13212K, committed 13260K, reserved 1048576K
