[2023-01-08T10:40:17.613+0000][166][gc] Using G1
[2023-01-08T10:40:17.618+0000][166][gc,init] Version: 15.0.1+9 (release)
[2023-01-08T10:40:17.618+0000][166][gc,init] CPUs: 12 total, 12 available
[2023-01-08T10:40:17.618+0000][166][gc,init] Memory: 12647M
[2023-01-08T10:40:17.619+0000][166][gc,init] Large Page Support: Disabled
[2023-01-08T10:40:17.619+0000][166][gc,init] NUMA Support: Disabled
[2023-01-08T10:40:17.620+0000][166][gc,init] Compressed Oops: Enabled (32-bit)
[2023-01-08T10:40:17.620+0000][166][gc,init] Heap Region Size: 1M
[2023-01-08T10:40:17.621+0000][166][gc,init] Heap Min Capacity: 512M
[2023-01-08T10:40:17.621+0000][166][gc,init] Heap Initial Capacity: 512M
[2023-01-08T10:40:17.622+0000][166][gc,init] Heap Max Capacity: 512M
[2023-01-08T10:40:17.622+0000][166][gc,init] Pre-touch: Disabled
[2023-01-08T10:40:17.623+0000][166][gc,init] Parallel Workers: 10
[2023-01-08T10:40:17.623+0000][166][gc,init] Concurrent Workers: 3
[2023-01-08T10:40:17.624+0000][166][gc,init] Concurrent Refinement Workers: 10
[2023-01-08T10:40:17.624+0000][166][gc,init] Periodic GC: Disabled
[2023-01-08T10:40:17.624+0000][166][gc,metaspace] CDS disabled.
[2023-01-08T10:40:17.625+0000][166][gc,metaspace] Compressed class space mapped at: 0x0000000100000000-0x0000000140000000, size: 1073741824
[2023-01-08T10:40:17.625+0000][166][gc,metaspace] Narrow klass base: 0x0000000000000000, Narrow klass shift: 3, Narrow klass range: 0x140000000
[2023-01-08T10:40:17.695+0000][166][gc,heap,exit] Heap
[2023-01-08T10:40:17.695+0000][166][gc,heap,exit]  garbage-first heap   total 524288K, used 1024K [0x00000000e0000000, 0x0000000100000000)
[2023-01-08T10:40:17.696+0000][166][gc,heap,exit]   region size 1024K, 2 young (2048K), 0 survivors (0K)
[2023-01-08T10:40:17.696+0000][166][gc,heap,exit]  Metaspace       used 3403K, capacity 4480K, committed 4480K, reserved 1056768K
[2023-01-08T10:40:17.696+0000][166][gc,heap,exit]   class space    used 278K, capacity 384K, committed 384K, reserved 1048576K
