[2022-12-20T19:14:54.951+0000][7][gc] Using G1
[2022-12-20T19:14:55.062+0000][7][gc,init] Version: 15.0.1+9 (release)
[2022-12-20T19:14:55.062+0000][7][gc,init] CPUs: 12 total, 12 available
[2022-12-20T19:14:55.062+0000][7][gc,init] Memory: 12647M
[2022-12-20T19:14:55.063+0000][7][gc,init] Large Page Support: Disabled
[2022-12-20T19:14:55.063+0000][7][gc,init] NUMA Support: Disabled
[2022-12-20T19:14:55.063+0000][7][gc,init] Compressed Oops: Enabled (32-bit)
[2022-12-20T19:14:55.064+0000][7][gc,init] Heap Region Size: 4M
[2022-12-20T19:14:55.064+0000][7][gc,init] Heap Min Capacity: 512M
[2022-12-20T19:14:55.064+0000][7][gc,init] Heap Initial Capacity: 512M
[2022-12-20T19:14:55.065+0000][7][gc,init] Heap Max Capacity: 512M
[2022-12-20T19:14:55.065+0000][7][gc,init] Pre-touch: Enabled
[2022-12-20T19:14:55.065+0000][7][gc,init] Parallel Workers: 10
[2022-12-20T19:14:55.066+0000][7][gc,init] Concurrent Workers: 3
[2022-12-20T19:14:55.066+0000][7][gc,init] Concurrent Refinement Workers: 10
[2022-12-20T19:14:55.066+0000][7][gc,init] Periodic GC: Disabled
[2022-12-20T19:14:55.067+0000][7][gc,cds ] Mark closed archive regions in map: [0x00000000ffc00000, 0x00000000ffc7bff8]
[2022-12-20T19:14:55.067+0000][7][gc,cds ] Mark open archive regions in map: [0x00000000ffb00000, 0x00000000ffb51ff8]
[2022-12-20T19:14:55.067+0000][7][gc,metaspace] CDS archive(s) mapped at: [0x0000000800000000-0x0000000800b2a000-0x0000000800b2a000), size 11706368, SharedBaseAddress: 0x0000000800000000, ArchiveRelocationMode: 0.
[2022-12-20T19:14:55.067+0000][7][gc,metaspace] Compressed class space mapped at: 0x0000000800b2c000-0x0000000840b2c000, size: 1073741824
[2022-12-20T19:14:55.067+0000][7][gc,metaspace] Narrow klass base: 0x0000000800000000, Narrow klass shift: 3, Narrow klass range: 0x100000000
[2022-12-20T19:14:55.338+0000][7][safepoint   ] Safepoint "ICBufferFull", Time since last: 261485900 ns, Reaching safepoint: 173700 ns, At safepoint: 34900 ns, Total: 208600 ns
[2022-12-20T19:14:55.590+0000][7][gc,start    ] GC(0) Pause Young (Normal) (G1 Evacuation Pause)
[2022-12-20T19:14:55.592+0000][7][gc,task     ] GC(0) Using 10 workers of 10 for evacuation
[2022-12-20T19:14:55.592+0000][7][gc,age      ] GC(0) Desired survivor size 2097152 bytes, new threshold 15 (max threshold 15)
[2022-12-20T19:14:55.595+0000][7][gc,age      ] GC(0) Age table with threshold 15 (max threshold 15)
[2022-12-20T19:14:55.596+0000][7][gc,age      ] GC(0) - age   1:    4169200 bytes,    4169200 total
[2022-12-20T19:14:55.596+0000][7][gc,phases   ] GC(0)   Pre Evacuate Collection Set: 0.1ms
[2022-12-20T19:14:55.596+0000][7][gc,phases   ] GC(0)   Merge Heap Roots: 0.1ms
[2022-12-20T19:14:55.596+0000][7][gc,phases   ] GC(0)   Evacuate Collection Set: 1.7ms
[2022-12-20T19:14:55.596+0000][7][gc,phases   ] GC(0)   Post Evacuate Collection Set: 0.8ms
[2022-12-20T19:14:55.596+0000][7][gc,phases   ] GC(0)   Other: 2.7ms
[2022-12-20T19:14:55.596+0000][7][gc,heap     ] GC(0) Eden regions: 6->0(6)
[2022-12-20T19:14:55.597+0000][7][gc,heap     ] GC(0) Survivor regions: 0->1(1)
[2022-12-20T19:14:55.597+0000][7][gc,heap     ] GC(0) Old regions: 0->1
[2022-12-20T19:14:55.597+0000][7][gc,heap     ] GC(0) Archive regions: 2->2
[2022-12-20T19:14:55.597+0000][7][gc,heap     ] GC(0) Humongous regions: 0->0
[2022-12-20T19:14:55.597+0000][7][gc,metaspace] GC(0) Metaspace: 8391K(9344K)->8391K(9344K) NonClass: 7447K(8192K)->7447K(8192K) Class: 944K(1152K)->944K(1152K)
[2022-12-20T19:14:55.597+0000][7][gc          ] GC(0) Pause Young (Normal) (G1 Evacuation Pause) 27M->7M(512M) 6.862ms
[2022-12-20T19:14:55.597+0000][7][gc,cpu      ] GC(0) User=0.01s Sys=0.02s Real=0.01s
[2022-12-20T19:14:55.598+0000][7][safepoint   ] Safepoint "G1CollectForAllocation", Time since last: 252100400 ns, Reaching safepoint: 203900 ns, At safepoint: 7179600 ns, Total: 7383500 ns
[2022-12-20T19:14:56.148+0000][7][gc,start    ] GC(1) Pause Young (Normal) (G1 Evacuation Pause)
[2022-12-20T19:14:56.148+0000][7][gc,task     ] GC(1) Using 10 workers of 10 for evacuation
[2022-12-20T19:14:56.149+0000][7][gc,age      ] GC(1) Desired survivor size 2097152 bytes, new threshold 1 (max threshold 15)
[2022-12-20T19:14:56.152+0000][7][gc,age      ] GC(1) Age table with threshold 1 (max threshold 15)
[2022-12-20T19:14:56.153+0000][7][gc,age      ] GC(1) - age   1:    2054592 bytes,    2054592 total
[2022-12-20T19:14:56.153+0000][7][gc,phases   ] GC(1)   Pre Evacuate Collection Set: 0.2ms
[2022-12-20T19:14:56.153+0000][7][gc,phases   ] GC(1)   Merge Heap Roots: 0.2ms
[2022-12-20T19:14:56.154+0000][7][gc,phases   ] GC(1)   Evacuate Collection Set: 2.0ms
[2022-12-20T19:14:56.154+0000][7][gc,phases   ] GC(1)   Post Evacuate Collection Set: 0.9ms
[2022-12-20T19:14:56.154+0000][7][gc,phases   ] GC(1)   Other: 1.9ms
[2022-12-20T19:14:56.155+0000][7][gc,heap     ] GC(1) Eden regions: 6->0(13)
[2022-12-20T19:14:56.155+0000][7][gc,heap     ] GC(1) Survivor regions: 1->1(1)
[2022-12-20T19:14:56.155+0000][7][gc,heap     ] GC(1) Old regions: 1->2
[2022-12-20T19:14:56.156+0000][7][gc,heap     ] GC(1) Archive regions: 2->2
[2022-12-20T19:14:56.156+0000][7][gc,heap     ] GC(1) Humongous regions: 0->0
[2022-12-20T19:14:56.156+0000][7][gc,metaspace] GC(1) Metaspace: 12900K(13440K)->12900K(13440K) NonClass: 11384K(11776K)->11384K(11776K) Class: 1515K(1664K)->1515K(1664K)
[2022-12-20T19:14:56.156+0000][7][gc          ] GC(1) Pause Young (Normal) (G1 Evacuation Pause) 31M->9M(512M) 8.520ms
[2022-12-20T19:14:56.157+0000][7][gc,cpu      ] GC(1) User=0.01s Sys=0.02s Real=0.01s
[2022-12-20T19:14:56.157+0000][7][safepoint   ] Safepoint "G1CollectForAllocation", Time since last: 549942800 ns, Reaching safepoint: 182800 ns, At safepoint: 8939500 ns, Total: 9122300 ns
[2022-12-20T19:14:56.694+0000][7][safepoint   ] Safepoint "ICBufferFull", Time since last: 536843700 ns, Reaching safepoint: 194100 ns, At safepoint: 16600 ns, Total: 210700 ns
[2022-12-20T19:14:56.759+0000][7][gc,start    ] GC(2) Pause Young (Normal) (G1 Evacuation Pause)
[2022-12-20T19:14:56.759+0000][7][gc,task     ] GC(2) Using 10 workers of 10 for evacuation
[2022-12-20T19:14:56.760+0000][7][gc,age      ] GC(2) Desired survivor size 4194304 bytes, new threshold 15 (max threshold 15)
[2022-12-20T19:14:56.764+0000][7][gc,age      ] GC(2) Age table with threshold 15 (max threshold 15)
[2022-12-20T19:14:56.764+0000][7][gc,age      ] GC(2) - age   1:    1202160 bytes,    1202160 total
[2022-12-20T19:14:56.764+0000][7][gc,age      ] GC(2) - age   2:    2033632 bytes,    3235792 total
[2022-12-20T19:14:56.764+0000][7][gc,phases   ] GC(2)   Pre Evacuate Collection Set: 0.3ms
[2022-12-20T19:14:56.765+0000][7][gc,phases   ] GC(2)   Merge Heap Roots: 0.2ms
[2022-12-20T19:14:56.765+0000][7][gc,phases   ] GC(2)   Evacuate Collection Set: 1.9ms
[2022-12-20T19:14:56.765+0000][7][gc,phases   ] GC(2)   Post Evacuate Collection Set: 1.5ms
[2022-12-20T19:14:56.765+0000][7][gc,phases   ] GC(2)   Other: 1.7ms
[2022-12-20T19:14:56.765+0000][7][gc,heap     ] GC(2) Eden regions: 13->0(73)
[2022-12-20T19:14:56.765+0000][7][gc,heap     ] GC(2) Survivor regions: 1->1(2)
[2022-12-20T19:14:56.766+0000][7][gc,heap     ] GC(2) Old regions: 2->2
[2022-12-20T19:14:56.766+0000][7][gc,heap     ] GC(2) Archive regions: 2->2
[2022-12-20T19:14:56.766+0000][7][gc,heap     ] GC(2) Humongous regions: 0->0
[2022-12-20T19:14:56.766+0000][7][gc,metaspace] GC(2) Metaspace: 14880K(15488K)->14880K(15488K) NonClass: 13177K(13568K)->13177K(13568K) Class: 1703K(1920K)->1703K(1920K)
[2022-12-20T19:14:56.767+0000][7][gc          ] GC(2) Pause Young (Normal) (G1 Evacuation Pause) 61M->11M(512M) 7.692ms
[2022-12-20T19:14:56.767+0000][7][gc,cpu      ] GC(2) User=0.05s Sys=0.01s Real=0.01s
[2022-12-20T19:14:56.767+0000][7][safepoint   ] Safepoint "G1CollectForAllocation", Time since last: 64817600 ns, Reaching safepoint: 240800 ns, At safepoint: 8178200 ns, Total: 8419000 ns
[2022-12-20T19:14:56.861+0000][7][safepoint   ] Safepoint "ICBufferFull", Time since last: 93571900 ns, Reaching safepoint: 221800 ns, At safepoint: 20600 ns, Total: 242400 ns
[2022-12-20T19:14:56.864+0000][7][safepoint   ] Safepoint "ICBufferFull", Time since last: 3098300 ns, Reaching safepoint: 172400 ns, At safepoint: 17000 ns, Total: 189400 ns
[2022-12-20T19:14:56.868+0000][7][safepoint   ] Safepoint "ICBufferFull", Time since last: 3820700 ns, Reaching safepoint: 153500 ns, At safepoint: 17000 ns, Total: 170500 ns
[2022-12-20T19:14:56.871+0000][7][safepoint   ] Safepoint "ICBufferFull", Time since last: 2865900 ns, Reaching safepoint: 178600 ns, At safepoint: 18300 ns, Total: 196900 ns
[2022-12-20T19:14:56.875+0000][7][safepoint   ] Safepoint "ICBufferFull", Time since last: 4121100 ns, Reaching safepoint: 174600 ns, At safepoint: 17500 ns, Total: 192100 ns
[2022-12-20T19:14:56.879+0000][7][safepoint   ] Safepoint "ICBufferFull", Time since last: 3250800 ns, Reaching safepoint: 164500 ns, At safepoint: 17200 ns, Total: 181700 ns
[2022-12-20T19:14:56.882+0000][7][safepoint   ] Safepoint "ICBufferFull", Time since last: 2879000 ns, Reaching safepoint: 181700 ns, At safepoint: 18800 ns, Total: 200500 ns
[2022-12-20T19:14:56.885+0000][7][safepoint   ] Safepoint "ICBufferFull", Time since last: 2830700 ns, Reaching safepoint: 186700 ns, At safepoint: 18800 ns, Total: 205500 ns
[2022-12-20T19:14:56.888+0000][7][safepoint   ] Safepoint "ICBufferFull", Time since last: 3053600 ns, Reaching safepoint: 209500 ns, At safepoint: 20200 ns, Total: 229700 ns
[2022-12-20T19:14:56.892+0000][7][safepoint   ] Safepoint "ICBufferFull", Time since last: 3667600 ns, Reaching safepoint: 157100 ns, At safepoint: 19100 ns, Total: 176200 ns
[2022-12-20T19:14:56.895+0000][7][safepoint   ] Safepoint "ICBufferFull", Time since last: 2174700 ns, Reaching safepoint: 172600 ns, At safepoint: 19100 ns, Total: 191700 ns
[2022-12-20T19:14:56.898+0000][7][safepoint   ] Safepoint "ICBufferFull", Time since last: 2950100 ns, Reaching safepoint: 297300 ns, At safepoint: 33200 ns, Total: 330500 ns
[2022-12-20T19:14:56.903+0000][7][safepoint   ] Safepoint "ICBufferFull", Time since last: 4743300 ns, Reaching safepoint: 191100 ns, At safepoint: 17900 ns, Total: 209000 ns
[2022-12-20T19:14:56.906+0000][7][safepoint   ] Safepoint "ICBufferFull", Time since last: 3350300 ns, Reaching safepoint: 170700 ns, At safepoint: 16900 ns, Total: 187600 ns
[2022-12-20T19:14:56.910+0000][7][safepoint   ] Safepoint "ICBufferFull", Time since last: 3275500 ns, Reaching safepoint: 180500 ns, At safepoint: 15700 ns, Total: 196200 ns
[2022-12-20T19:14:56.913+0000][7][safepoint   ] Safepoint "ICBufferFull", Time since last: 2862000 ns, Reaching safepoint: 230100 ns, At safepoint: 26000 ns, Total: 256100 ns
[2022-12-20T19:14:56.917+0000][7][safepoint   ] Safepoint "ICBufferFull", Time since last: 4019500 ns, Reaching safepoint: 199500 ns, At safepoint: 32200 ns, Total: 231700 ns
[2022-12-20T19:14:56.921+0000][7][safepoint   ] Safepoint "ICBufferFull", Time since last: 4149400 ns, Reaching safepoint: 195900 ns, At safepoint: 17400 ns, Total: 213300 ns
[2022-12-20T19:14:56.925+0000][7][safepoint   ] Safepoint "ICBufferFull", Time since last: 3321800 ns, Reaching safepoint: 263700 ns, At safepoint: 20200 ns, Total: 283900 ns
[2022-12-20T19:14:56.927+0000][7][safepoint   ] Safepoint "ICBufferFull", Time since last: 1241200 ns, Reaching safepoint: 225700 ns, At safepoint: 15600 ns, Total: 241300 ns
[2022-12-20T19:14:56.928+0000][7][safepoint   ] Safepoint "ICBufferFull", Time since last: 1146700 ns, Reaching safepoint: 247300 ns, At safepoint: 43300 ns, Total: 290600 ns
[2022-12-20T19:14:56.930+0000][7][safepoint   ] Safepoint "ICBufferFull", Time since last: 1482400 ns, Reaching safepoint: 187200 ns, At safepoint: 26800 ns, Total: 214000 ns
[2022-12-20T19:14:56.931+0000][7][safepoint   ] Safepoint "ICBufferFull", Time since last: 767800 ns, Reaching safepoint: 130900 ns, At safepoint: 24800 ns, Total: 155700 ns
[2022-12-20T19:14:56.932+0000][7][safepoint   ] Safepoint "ICBufferFull", Time since last: 810700 ns, Reaching safepoint: 129500 ns, At safepoint: 35300 ns, Total: 164800 ns
[2022-12-20T19:14:56.933+0000][7][safepoint   ] Safepoint "ICBufferFull", Time since last: 764100 ns, Reaching safepoint: 248200 ns, At safepoint: 41500 ns, Total: 289700 ns
[2022-12-20T19:14:57.066+0000][7][safepoint   ] Safepoint "ICBufferFull", Time since last: 133586500 ns, Reaching safepoint: 201900 ns, At safepoint: 35400 ns, Total: 237300 ns
[2022-12-20T19:14:57.255+0000][7][safepoint   ] Safepoint "ICBufferFull", Time since last: 187917300 ns, Reaching safepoint: 160500 ns, At safepoint: 15300 ns, Total: 175800 ns
[2022-12-20T19:14:57.402+0000][7][gc,start    ] GC(3) Pause Young (Normal) (G1 Evacuation Pause)
[2022-12-20T19:14:57.403+0000][7][gc,task     ] GC(3) Using 10 workers of 10 for evacuation
[2022-12-20T19:14:57.403+0000][7][gc,age      ] GC(3) Desired survivor size 20971520 bytes, new threshold 15 (max threshold 15)
[2022-12-20T19:14:57.407+0000][7][gc,age      ] GC(3) Age table with threshold 15 (max threshold 15)
[2022-12-20T19:14:57.408+0000][7][gc,age      ] GC(3) - age   1:    5443984 bytes,    5443984 total
[2022-12-20T19:14:57.408+0000][7][gc,age      ] GC(3) - age   2:    1181368 bytes,    6625352 total
[2022-12-20T19:14:57.408+0000][7][gc,age      ] GC(3) - age   3:    2019288 bytes,    8644640 total
[2022-12-20T19:14:57.408+0000][7][gc,phases   ] GC(3)   Pre Evacuate Collection Set: 0.3ms
[2022-12-20T19:14:57.408+0000][7][gc,phases   ] GC(3)   Merge Heap Roots: 0.2ms
[2022-12-20T19:14:57.409+0000][7][gc,phases   ] GC(3)   Evacuate Collection Set: 2.6ms
[2022-12-20T19:14:57.409+0000][7][gc,phases   ] GC(3)   Post Evacuate Collection Set: 1.0ms
[2022-12-20T19:14:57.409+0000][7][gc,phases   ] GC(3)   Other: 1.9ms
[2022-12-20T19:14:57.409+0000][7][gc,heap     ] GC(3) Eden regions: 73->0(73)
[2022-12-20T19:14:57.410+0000][7][gc,heap     ] GC(3) Survivor regions: 1->3(10)
[2022-12-20T19:14:57.410+0000][7][gc,heap     ] GC(3) Old regions: 2->2
[2022-12-20T19:14:57.410+0000][7][gc,heap     ] GC(3) Archive regions: 2->2
[2022-12-20T19:14:57.410+0000][7][gc,heap     ] GC(3) Humongous regions: 0->0
[2022-12-20T19:14:57.410+0000][7][gc,metaspace] GC(3) Metaspace: 18571K(19328K)->18571K(19328K) NonClass: 16341K(16896K)->16341K(16896K) Class: 2229K(2432K)->2229K(2432K)
[2022-12-20T19:14:57.411+0000][7][gc          ] GC(3) Pause Young (Normal) (G1 Evacuation Pause) 303M->16M(512M) 8.296ms
[2022-12-20T19:14:57.411+0000][7][gc,cpu      ] GC(3) User=0.03s Sys=0.00s Real=0.00s
[2022-12-20T19:14:57.411+0000][7][safepoint   ] Safepoint "G1CollectForAllocation", Time since last: 147494100 ns, Reaching safepoint: 217200 ns, At safepoint: 8750800 ns, Total: 8968000 ns
[2022-12-20T19:14:57.789+0000][7][gc,start    ] GC(4) Pause Young (Normal) (G1 Evacuation Pause)
[2022-12-20T19:14:57.789+0000][7][gc,task     ] GC(4) Using 10 workers of 10 for evacuation
[2022-12-20T19:14:57.789+0000][7][gc,age      ] GC(4) Desired survivor size 20971520 bytes, new threshold 15 (max threshold 15)
[2022-12-20T19:14:57.794+0000][7][gc,age      ] GC(4) Age table with threshold 15 (max threshold 15)
[2022-12-20T19:14:57.794+0000][7][gc,age      ] GC(4) - age   1:    2303576 bytes,    2303576 total
[2022-12-20T19:14:57.795+0000][7][gc,age      ] GC(4) - age   2:    5395016 bytes,    7698592 total
[2022-12-20T19:14:57.795+0000][7][gc,age      ] GC(4) - age   3:    1181368 bytes,    8879960 total
[2022-12-20T19:14:57.795+0000][7][gc,age      ] GC(4) - age   4:    2019288 bytes,   10899248 total
[2022-12-20T19:14:57.795+0000][7][gc,phases   ] GC(4)   Pre Evacuate Collection Set: 0.3ms
[2022-12-20T19:14:57.795+0000][7][gc,phases   ] GC(4)   Merge Heap Roots: 0.2ms
[2022-12-20T19:14:57.796+0000][7][gc,phases   ] GC(4)   Evacuate Collection Set: 3.1ms
[2022-12-20T19:14:57.796+0000][7][gc,phases   ] GC(4)   Post Evacuate Collection Set: 1.1ms
[2022-12-20T19:14:57.796+0000][7][gc,phases   ] GC(4)   Other: 1.9ms
[2022-12-20T19:14:57.796+0000][7][gc,heap     ] GC(4) Eden regions: 73->0(73)
[2022-12-20T19:14:57.796+0000][7][gc,heap     ] GC(4) Survivor regions: 3->3(10)
[2022-12-20T19:14:57.797+0000][7][gc,heap     ] GC(4) Old regions: 2->2
[2022-12-20T19:14:57.797+0000][7][gc,heap     ] GC(4) Archive regions: 2->2
[2022-12-20T19:14:57.797+0000][7][gc,heap     ] GC(4) Humongous regions: 0->0
[2022-12-20T19:14:57.797+0000][7][gc,metaspace] GC(4) Metaspace: 19201K(20224K)->19201K(20224K) NonClass: 16893K(17664K)->16893K(17664K) Class: 2308K(2560K)->2308K(2560K)
[2022-12-20T19:14:57.797+0000][7][gc          ] GC(4) Pause Young (Normal) (G1 Evacuation Pause) 308M->18M(512M) 8.359ms
[2022-12-20T19:14:57.797+0000][7][gc,cpu      ] GC(4) User=0.05s Sys=0.00s Real=0.01s
[2022-12-20T19:14:57.797+0000][7][safepoint   ] Safepoint "G1CollectForAllocation", Time since last: 377535600 ns, Reaching safepoint: 174100 ns, At safepoint: 8683800 ns, Total: 8857900 ns
[2022-12-20T19:14:58.118+0000][7][gc,start    ] GC(5) Pause Young (Normal) (G1 Evacuation Pause)
[2022-12-20T19:14:58.118+0000][7][gc,task     ] GC(5) Using 10 workers of 10 for evacuation
[2022-12-20T19:14:58.119+0000][7][gc,age      ] GC(5) Desired survivor size 20971520 bytes, new threshold 15 (max threshold 15)
[2022-12-20T19:14:58.123+0000][7][gc,age      ] GC(5) Age table with threshold 15 (max threshold 15)
[2022-12-20T19:14:58.123+0000][7][gc,age      ] GC(5) - age   1:     832904 bytes,     832904 total
[2022-12-20T19:14:58.123+0000][7][gc,age      ] GC(5) - age   2:    2010760 bytes,    2843664 total
[2022-12-20T19:14:58.124+0000][7][gc,age      ] GC(5) - age   3:    5390904 bytes,    8234568 total
[2022-12-20T19:14:58.124+0000][7][gc,age      ] GC(5) - age   4:    1181368 bytes,    9415936 total
[2022-12-20T19:14:58.124+0000][7][gc,age      ] GC(5) - age   5:    2019288 bytes,   11435224 total
[2022-12-20T19:14:58.124+0000][7][gc,phases   ] GC(5)   Pre Evacuate Collection Set: 0.2ms
[2022-12-20T19:14:58.124+0000][7][gc,phases   ] GC(5)   Merge Heap Roots: 0.2ms
[2022-12-20T19:14:58.125+0000][7][gc,phases   ] GC(5)   Evacuate Collection Set: 2.9ms
[2022-12-20T19:14:58.125+0000][7][gc,phases   ] GC(5)   Post Evacuate Collection Set: 0.9ms
[2022-12-20T19:14:58.125+0000][7][gc,phases   ] GC(5)   Other: 1.9ms
[2022-12-20T19:14:58.125+0000][7][gc,heap     ] GC(5) Eden regions: 73->0(73)
[2022-12-20T19:14:58.126+0000][7][gc,heap     ] GC(5) Survivor regions: 3->3(10)
[2022-12-20T19:14:58.126+0000][7][gc,heap     ] GC(5) Old regions: 2->2
[2022-12-20T19:14:58.126+0000][7][gc,heap     ] GC(5) Archive regions: 2->2
[2022-12-20T19:14:58.126+0000][7][gc,heap     ] GC(5) Humongous regions: 0->0
[2022-12-20T19:14:58.127+0000][7][gc,metaspace] GC(5) Metaspace: 19589K(20864K)->19589K(20864K) NonClass: 17209K(18176K)->17209K(18176K) Class: 2379K(2688K)->2379K(2688K)
[2022-12-20T19:14:58.127+0000][7][gc          ] GC(5) Pause Young (Normal) (G1 Evacuation Pause) 310M->19M(512M) 8.720ms
[2022-12-20T19:14:58.127+0000][7][gc,cpu      ] GC(5) User=0.04s Sys=0.01s Real=0.01s
[2022-12-20T19:14:58.127+0000][7][safepoint   ] Safepoint "G1CollectForAllocation", Time since last: 320439300 ns, Reaching safepoint: 189500 ns, At safepoint: 9056000 ns, Total: 9245500 ns
[2022-12-20T19:14:58.353+0000][7][gc,start    ] GC(6) Pause Young (Concurrent Start) (Metadata GC Threshold)
[2022-12-20T19:14:58.353+0000][7][gc,task     ] GC(6) Using 10 workers of 10 for evacuation
[2022-12-20T19:14:58.353+0000][7][gc,age      ] GC(6) Desired survivor size 20971520 bytes, new threshold 15 (max threshold 15)
[2022-12-20T19:14:58.359+0000][7][gc,age      ] GC(6) Age table with threshold 15 (max threshold 15)
[2022-12-20T19:14:58.360+0000][7][gc,age      ] GC(6) - age   1:    2006088 bytes,    2006088 total
[2022-12-20T19:14:58.360+0000][7][gc,age      ] GC(6) - age   2:     559304 bytes,    2565392 total
[2022-12-20T19:14:58.360+0000][7][gc,age      ] GC(6) - age   3:    2008984 bytes,    4574376 total
[2022-12-20T19:14:58.360+0000][7][gc,age      ] GC(6) - age   4:    5390384 bytes,    9964760 total
[2022-12-20T19:14:58.361+0000][7][gc,age      ] GC(6) - age   5:    1181192 bytes,   11145952 total
[2022-12-20T19:14:58.361+0000][7][gc,age      ] GC(6) - age   6:    2019288 bytes,   13165240 total
[2022-12-20T19:14:58.361+0000][7][gc,phases   ] GC(6)   Pre Evacuate Collection Set: 0.2ms
[2022-12-20T19:14:58.361+0000][7][gc,phases   ] GC(6)   Merge Heap Roots: 0.2ms
[2022-12-20T19:14:58.362+0000][7][gc,phases   ] GC(6)   Evacuate Collection Set: 3.5ms
[2022-12-20T19:14:58.362+0000][7][gc,phases   ] GC(6)   Post Evacuate Collection Set: 1.6ms
[2022-12-20T19:14:58.362+0000][7][gc,phases   ] GC(6)   Other: 3.0ms
[2022-12-20T19:14:58.362+0000][7][gc,heap     ] GC(6) Eden regions: 61->0(72)
[2022-12-20T19:14:58.362+0000][7][gc,heap     ] GC(6) Survivor regions: 3->4(10)
[2022-12-20T19:14:58.363+0000][7][gc,heap     ] GC(6) Old regions: 2->2
[2022-12-20T19:14:58.363+0000][7][gc,heap     ] GC(6) Archive regions: 2->2
[2022-12-20T19:14:58.363+0000][7][gc,heap     ] GC(6) Humongous regions: 0->0
[2022-12-20T19:14:58.363+0000][7][gc,metaspace] GC(6) Metaspace: 19964K(21248K)->19964K(21248K) NonClass: 17522K(18432K)->17522K(18432K) Class: 2441K(2816K)->2441K(2816K)
[2022-12-20T19:14:58.363+0000][7][gc          ] GC(6) Pause Young (Concurrent Start) (Metadata GC Threshold) 263M->21M(512M) 10.788ms
[2022-12-20T19:14:58.364+0000][7][gc,cpu      ] GC(6) User=0.05s Sys=0.00s Real=0.01s
[2022-12-20T19:14:58.364+0000][7][gc          ] GC(7) Concurrent Cycle
[2022-12-20T19:14:58.364+0000][7][safepoint   ] Safepoint "CollectForMetadataAllocation", Time since last: 225368000 ns, Reaching safepoint: 162100 ns, At safepoint: 11467900 ns, Total: 11630000 ns
[2022-12-20T19:14:58.364+0000][7][gc,marking  ] GC(7) Concurrent Clear Claimed Marks
[2022-12-20T19:14:58.365+0000][7][gc,marking  ] GC(7) Concurrent Clear Claimed Marks 0.510ms
[2022-12-20T19:14:58.365+0000][7][gc,marking  ] GC(7) Concurrent Scan Root Regions
[2022-12-20T19:14:58.368+0000][7][gc,marking  ] GC(7) Concurrent Scan Root Regions 3.391ms
[2022-12-20T19:14:58.369+0000][7][gc,marking  ] GC(7) Concurrent Mark (3.427s)
[2022-12-20T19:14:58.369+0000][7][gc,marking  ] GC(7) Concurrent Mark From Roots
[2022-12-20T19:14:58.369+0000][7][gc,task     ] GC(7) Using 3 workers of 3 for marking
[2022-12-20T19:14:58.375+0000][7][gc,marking  ] GC(7) Concurrent Mark From Roots 5.961ms
[2022-12-20T19:14:58.375+0000][7][gc,marking  ] GC(7) Concurrent Preclean
[2022-12-20T19:14:58.376+0000][7][gc,marking  ] GC(7) Concurrent Preclean 0.333ms
[2022-12-20T19:14:58.376+0000][7][gc,marking  ] GC(7) Concurrent Mark (3.427s, 3.434s) 7.222ms
[2022-12-20T19:14:58.377+0000][7][gc,start    ] GC(7) Pause Remark
[2022-12-20T19:14:58.379+0000][7][gc          ] GC(7) Pause Remark 31M->31M(512M) 2.078ms
[2022-12-20T19:14:58.379+0000][7][gc,cpu      ] GC(7) User=0.01s Sys=0.00s Real=0.00s
[2022-12-20T19:14:58.379+0000][7][safepoint   ] Safepoint "G1Concurrent", Time since last: 12225400 ns, Reaching safepoint: 297900 ns, At safepoint: 2799000 ns, Total: 3096900 ns
[2022-12-20T19:14:58.380+0000][7][gc,marking  ] GC(7) Concurrent Rebuild Remembered Sets
[2022-12-20T19:14:58.382+0000][7][gc,marking  ] GC(7) Concurrent Rebuild Remembered Sets 2.024ms
[2022-12-20T19:14:58.383+0000][7][gc,start    ] GC(7) Pause Cleanup
[2022-12-20T19:14:58.383+0000][7][gc          ] GC(7) Pause Cleanup 35M->35M(512M) 0.497ms
[2022-12-20T19:14:58.383+0000][7][gc,cpu      ] GC(7) User=0.00s Sys=0.00s Real=0.00s
[2022-12-20T19:14:58.384+0000][7][safepoint   ] Safepoint "G1Concurrent", Time since last: 2685900 ns, Reaching safepoint: 577900 ns, At safepoint: 943700 ns, Total: 1521600 ns
[2022-12-20T19:14:58.384+0000][7][gc,marking  ] GC(7) Concurrent Cleanup for Next Mark
[2022-12-20T19:14:58.384+0000][7][gc,marking  ] GC(7) Concurrent Cleanup for Next Mark 0.638ms
[2022-12-20T19:14:58.385+0000][7][gc          ] GC(7) Concurrent Cycle 20.976ms
[2022-12-20T19:14:58.642+0000][7][gc,start    ] GC(8) Pause Young (Normal) (G1 Evacuation Pause)
[2022-12-20T19:14:58.642+0000][7][gc,task     ] GC(8) Using 10 workers of 10 for evacuation
[2022-12-20T19:14:58.642+0000][7][gc,age      ] GC(8) Desired survivor size 20971520 bytes, new threshold 15 (max threshold 15)
[2022-12-20T19:14:58.647+0000][7][gc,age      ] GC(8) Age table with threshold 15 (max threshold 15)
[2022-12-20T19:14:58.648+0000][7][gc,age      ] GC(8) - age   1:    1621496 bytes,    1621496 total
[2022-12-20T19:14:58.648+0000][7][gc,age      ] GC(8) - age   2:    1981728 bytes,    3603224 total
[2022-12-20T19:14:58.648+0000][7][gc,age      ] GC(8) - age   3:     558288 bytes,    4161512 total
[2022-12-20T19:14:58.648+0000][7][gc,age      ] GC(8) - age   4:    2008984 bytes,    6170496 total
[2022-12-20T19:14:58.648+0000][7][gc,age      ] GC(8) - age   5:    5390064 bytes,   11560560 total
[2022-12-20T19:14:58.649+0000][7][gc,age      ] GC(8) - age   6:    1181064 bytes,   12741624 total
[2022-12-20T19:14:58.649+0000][7][gc,age      ] GC(8) - age   7:    2017560 bytes,   14759184 total
[2022-12-20T19:14:58.649+0000][7][gc,phases   ] GC(8)   Pre Evacuate Collection Set: 0.1ms
[2022-12-20T19:14:58.649+0000][7][gc,phases   ] GC(8)   Merge Heap Roots: 0.1ms
[2022-12-20T19:14:58.649+0000][7][gc,phases   ] GC(8)   Evacuate Collection Set: 3.5ms
[2022-12-20T19:14:58.649+0000][7][gc,phases   ] GC(8)   Post Evacuate Collection Set: 1.0ms
[2022-12-20T19:14:58.649+0000][7][gc,phases   ] GC(8)   Other: 2.4ms
[2022-12-20T19:14:58.650+0000][7][gc,heap     ] GC(8) Eden regions: 72->0(72)
[2022-12-20T19:14:58.650+0000][7][gc,heap     ] GC(8) Survivor regions: 4->4(10)
[2022-12-20T19:14:58.650+0000][7][gc,heap     ] GC(8) Old regions: 2->2
[2022-12-20T19:14:58.650+0000][7][gc,heap     ] GC(8) Archive regions: 2->2
[2022-12-20T19:14:58.650+0000][7][gc,heap     ] GC(8) Humongous regions: 0->0
[2022-12-20T19:14:58.650+0000][7][gc,metaspace] GC(8) Metaspace: 20055K(21504K)->20055K(21504K) NonClass: 17593K(18688K)->17593K(18688K) Class: 2462K(2816K)->2462K(2816K)
[2022-12-20T19:14:58.651+0000][7][gc          ] GC(8) Pause Young (Normal) (G1 Evacuation Pause) 309M->22M(512M) 8.667ms
[2022-12-20T19:14:58.651+0000][7][gc,cpu      ] GC(8) User=0.06s Sys=0.01s Real=0.01s
[2022-12-20T19:14:58.651+0000][7][safepoint   ] Safepoint "G1CollectForAllocation", Time since last: 258016200 ns, Reaching safepoint: 166900 ns, At safepoint: 9231300 ns, Total: 9398200 ns
[2022-12-20T19:14:59.034+0000][7][safepoint   ] Safepoint "ICBufferFull", Time since last: 381984100 ns, Reaching safepoint: 410400 ns, At safepoint: 45100 ns, Total: 455500 ns
[2022-12-20T19:14:59.428+0000][7][safepoint   ] Safepoint "ICBufferFull", Time since last: 394262100 ns, Reaching safepoint: 300900 ns, At safepoint: 20300 ns, Total: 321200 ns
[2022-12-20T19:15:00.417+0000][7][gc,start    ] GC(9) Pause Young (Normal) (G1 Evacuation Pause)
[2022-12-20T19:15:00.417+0000][7][gc,task     ] GC(9) Using 10 workers of 10 for evacuation
[2022-12-20T19:15:00.417+0000][7][gc,age      ] GC(9) Desired survivor size 20971520 bytes, new threshold 15 (max threshold 15)
[2022-12-20T19:15:00.433+0000][7][gc,age      ] GC(9) Age table with threshold 15 (max threshold 15)
[2022-12-20T19:15:00.433+0000][7][gc,age      ] GC(9) - age   1:   28025336 bytes,   28025336 total
[2022-12-20T19:15:00.433+0000][7][gc,age      ] GC(9) - age   2:     865600 bytes,   28890936 total
[2022-12-20T19:15:00.434+0000][7][gc,age      ] GC(9) - age   3:    1967008 bytes,   30857944 total
[2022-12-20T19:15:00.434+0000][7][gc,age      ] GC(9) - age   4:     540304 bytes,   31398248 total
[2022-12-20T19:15:00.434+0000][7][gc,age      ] GC(9) - age   5:    1991640 bytes,   33389888 total
[2022-12-20T19:15:00.434+0000][7][gc,age      ] GC(9) - age   6:    5346656 bytes,   38736544 total
[2022-12-20T19:15:00.434+0000][7][gc,age      ] GC(9) - age   7:    1131080 bytes,   39867624 total
[2022-12-20T19:15:00.435+0000][7][gc,age      ] GC(9) - age   8:    2009344 bytes,   41876968 total
[2022-12-20T19:15:00.435+0000][7][gc,phases   ] GC(9)   Pre Evacuate Collection Set: 0.2ms
[2022-12-20T19:15:00.435+0000][7][gc,phases   ] GC(9)   Merge Heap Roots: 0.2ms
[2022-12-20T19:15:00.435+0000][7][gc,phases   ] GC(9)   Evacuate Collection Set: 13.2ms
[2022-12-20T19:15:00.435+0000][7][gc,phases   ] GC(9)   Post Evacuate Collection Set: 1.9ms
[2022-12-20T19:15:00.435+0000][7][gc,phases   ] GC(9)   Other: 2.8ms
[2022-12-20T19:15:00.435+0000][7][gc,heap     ] GC(9) Eden regions: 72->0(66)
[2022-12-20T19:15:00.435+0000][7][gc,heap     ] GC(9) Survivor regions: 4->10(10)
[2022-12-20T19:15:00.436+0000][7][gc,heap     ] GC(9) Old regions: 2->3
[2022-12-20T19:15:00.436+0000][7][gc,heap     ] GC(9) Archive regions: 2->2
[2022-12-20T19:15:00.436+0000][7][gc,heap     ] GC(9) Humongous regions: 0->0
[2022-12-20T19:15:00.436+0000][7][gc,metaspace] GC(9) Metaspace: 29197K(31360K)->29197K(31360K) NonClass: 25516K(27136K)->25516K(27136K) Class: 3681K(4224K)->3681K(4224K)
[2022-12-20T19:15:00.436+0000][7][gc          ] GC(9) Pause Young (Normal) (G1 Evacuation Pause) 310M->52M(512M) 19.344ms
[2022-12-20T19:15:00.436+0000][7][gc,cpu      ] GC(9) User=0.13s Sys=0.01s Real=0.02s
[2022-12-20T19:15:00.436+0000][7][safepoint   ] Safepoint "G1CollectForAllocation", Time since last: 988248400 ns, Reaching safepoint: 199400 ns, At safepoint: 19719800 ns, Total: 19919200 ns
[2022-12-20T19:15:00.683+0000][7][gc,start    ] GC(10) Pause Young (Concurrent Start) (Metadata GC Threshold)
[2022-12-20T19:15:00.684+0000][7][gc,task     ] GC(10) Using 10 workers of 10 for evacuation
[2022-12-20T19:15:00.684+0000][7][gc,age      ] GC(10) Desired survivor size 20971520 bytes, new threshold 1 (max threshold 15)
[2022-12-20T19:15:00.700+0000][7][gc,age      ] GC(10) Age table with threshold 1 (max threshold 15)
[2022-12-20T19:15:00.701+0000][7][gc,age      ] GC(10) - age   1:    5484384 bytes,    5484384 total
[2022-12-20T19:15:00.701+0000][7][gc,phases   ] GC(10)   Pre Evacuate Collection Set: 0.2ms
[2022-12-20T19:15:00.701+0000][7][gc,phases   ] GC(10)   Merge Heap Roots: 0.1ms
[2022-12-20T19:15:00.702+0000][7][gc,phases   ] GC(10)   Evacuate Collection Set: 14.5ms
[2022-12-20T19:15:00.702+0000][7][gc,phases   ] GC(10)   Post Evacuate Collection Set: 1.2ms
[2022-12-20T19:15:00.702+0000][7][gc,phases   ] GC(10)   Other: 1.7ms
[2022-12-20T19:15:00.702+0000][7][gc,heap     ] GC(10) Eden regions: 9->0(73)
[2022-12-20T19:15:00.703+0000][7][gc,heap     ] GC(10) Survivor regions: 10->3(10)
[2022-12-20T19:15:00.703+0000][7][gc,heap     ] GC(10) Old regions: 3->13
[2022-12-20T19:15:00.703+0000][7][gc,heap     ] GC(10) Archive regions: 2->2
[2022-12-20T19:15:00.703+0000][7][gc,heap     ] GC(10) Humongous regions: 0->0
[2022-12-20T19:15:00.704+0000][7][gc,metaspace] GC(10) Metaspace: 33582K(35840K)->33582K(35840K) NonClass: 29233K(30848K)->29233K(30848K) Class: 4348K(4992K)->4348K(4992K)
[2022-12-20T19:15:00.704+0000][7][gc          ] GC(10) Pause Young (Concurrent Start) (Metadata GC Threshold) 88M->61M(512M) 20.341ms
[2022-12-20T19:15:00.704+0000][7][gc,cpu      ] GC(10) User=0.18s Sys=0.00s Real=0.02s
[2022-12-20T19:15:00.704+0000][7][gc          ] GC(11) Concurrent Cycle
[2022-12-20T19:15:00.704+0000][7][safepoint   ] Safepoint "CollectForMetadataAllocation", Time since last: 246792800 ns, Reaching safepoint: 392500 ns, At safepoint: 20930100 ns, Total: 21322600 ns
[2022-12-20T19:15:00.705+0000][7][gc,marking  ] GC(11) Concurrent Clear Claimed Marks
[2022-12-20T19:15:00.705+0000][7][gc,marking  ] GC(11) Concurrent Clear Claimed Marks 0.535ms
[2022-12-20T19:15:00.705+0000][7][gc,marking  ] GC(11) Concurrent Scan Root Regions
[2022-12-20T19:15:00.715+0000][7][gc,marking  ] GC(11) Concurrent Scan Root Regions 10.080ms
[2022-12-20T19:15:00.716+0000][7][gc,marking  ] GC(11) Concurrent Mark (5.774s)
[2022-12-20T19:15:00.716+0000][7][gc,marking  ] GC(11) Concurrent Mark From Roots
[2022-12-20T19:15:00.716+0000][7][gc,task     ] GC(11) Using 3 workers of 3 for marking
[2022-12-20T19:15:00.718+0000][7][safepoint   ] Safepoint "CollectForMetadataAllocation", Time since last: 12561600 ns, Reaching safepoint: 399400 ns, At safepoint: 173300 ns, Total: 572700 ns
[2022-12-20T19:15:00.724+0000][7][gc,marking  ] GC(11) Concurrent Mark From Roots 7.621ms
[2022-12-20T19:15:00.724+0000][7][gc,marking  ] GC(11) Concurrent Preclean
[2022-12-20T19:15:00.724+0000][7][gc,marking  ] GC(11) Concurrent Preclean 0.258ms
[2022-12-20T19:15:00.724+0000][7][gc,marking  ] GC(11) Concurrent Mark (5.774s, 5.783s) 8.714ms
[2022-12-20T19:15:00.725+0000][7][gc,start    ] GC(11) Pause Remark
[2022-12-20T19:15:00.727+0000][7][gc          ] GC(11) Pause Remark 65M->65M(512M) 2.155ms
[2022-12-20T19:15:00.728+0000][7][gc,cpu      ] GC(11) User=0.01s Sys=0.00s Real=0.00s
[2022-12-20T19:15:00.728+0000][7][safepoint   ] Safepoint "G1Concurrent", Time since last: 7274800 ns, Reaching safepoint: 521300 ns, At safepoint: 2641300 ns, Total: 3162600 ns
[2022-12-20T19:15:00.728+0000][7][gc,marking  ] GC(11) Concurrent Rebuild Remembered Sets
[2022-12-20T19:15:00.744+0000][7][gc,marking  ] GC(11) Concurrent Rebuild Remembered Sets 15.559ms
[2022-12-20T19:15:00.745+0000][7][gc,start    ] GC(11) Pause Cleanup
[2022-12-20T19:15:00.745+0000][7][gc          ] GC(11) Pause Cleanup 65M->65M(512M) 0.627ms
[2022-12-20T19:15:00.745+0000][7][gc,cpu      ] GC(11) User=0.01s Sys=0.00s Real=0.00s
[2022-12-20T19:15:00.746+0000][7][safepoint   ] Safepoint "G1Concurrent", Time since last: 16269300 ns, Reaching safepoint: 376200 ns, At safepoint: 1109500 ns, Total: 1485700 ns
[2022-12-20T19:15:00.746+0000][7][gc,marking  ] GC(11) Concurrent Cleanup for Next Mark
[2022-12-20T19:15:00.746+0000][7][gc,marking  ] GC(11) Concurrent Cleanup for Next Mark 0.453ms
[2022-12-20T19:15:00.747+0000][7][gc          ] GC(11) Concurrent Cycle 42.402ms
[2022-12-20T19:15:01.170+0000][7][safepoint   ] Safepoint "ICBufferFull", Time since last: 423892400 ns, Reaching safepoint: 265200 ns, At safepoint: 20300 ns, Total: 285500 ns
[2022-12-20T19:15:01.788+0000][7][safepoint   ] Safepoint "ICBufferFull", Time since last: 617832500 ns, Reaching safepoint: 203300 ns, At safepoint: 18900 ns, Total: 222200 ns
[2022-12-20T19:15:01.890+0000][7][gc,start    ] GC(12) Pause Young (Concurrent Start) (G1 Evacuation Pause)
[2022-12-20T19:15:01.891+0000][7][gc,task     ] GC(12) Using 10 workers of 10 for evacuation
[2022-12-20T19:15:01.891+0000][7][gc,age      ] GC(12) Desired survivor size 20971520 bytes, new threshold 15 (max threshold 15)
[2022-12-20T19:15:01.900+0000][7][gc,age      ] GC(12) Age table with threshold 15 (max threshold 15)
[2022-12-20T19:15:01.900+0000][7][gc,age      ] GC(12) - age   1:    7108800 bytes,    7108800 total
[2022-12-20T19:15:01.901+0000][7][gc,age      ] GC(12) - age   2:    5344184 bytes,   12452984 total
[2022-12-20T19:15:01.901+0000][7][gc,phases   ] GC(12)   Pre Evacuate Collection Set: 0.3ms
[2022-12-20T19:15:01.901+0000][7][gc,phases   ] GC(12)   Merge Heap Roots: 0.2ms
[2022-12-20T19:15:01.902+0000][7][gc,phases   ] GC(12)   Evacuate Collection Set: 6.6ms
[2022-12-20T19:15:01.902+0000][7][gc,phases   ] GC(12)   Post Evacuate Collection Set: 1.7ms
[2022-12-20T19:15:01.902+0000][7][gc,phases   ] GC(12)   Other: 2.0ms
[2022-12-20T19:15:01.902+0000][7][gc,heap     ] GC(12) Eden regions: 73->0(72)
[2022-12-20T19:15:01.903+0000][7][gc,heap     ] GC(12) Survivor regions: 3->4(10)
[2022-12-20T19:15:01.903+0000][7][gc,heap     ] GC(12) Old regions: 13->13
[2022-12-20T19:15:01.903+0000][7][gc,heap     ] GC(12) Archive regions: 2->2
[2022-12-20T19:15:01.904+0000][7][gc,heap     ] GC(12) Humongous regions: 0->0
[2022-12-20T19:15:01.904+0000][7][gc,metaspace] GC(12) Metaspace: 51761K(55168K)->51761K(55168K) NonClass: 44831K(47360K)->44831K(47360K) Class: 6929K(7808K)->6929K(7808K)
[2022-12-20T19:15:01.904+0000][7][gc          ] GC(12) Pause Young (Concurrent Start) (G1 Evacuation Pause) 353M->65M(512M) 13.867ms
[2022-12-20T19:15:01.904+0000][7][gc,cpu      ] GC(12) User=0.12s Sys=0.00s Real=0.02s
[2022-12-20T19:15:01.905+0000][7][gc          ] GC(13) Concurrent Cycle
[2022-12-20T19:15:01.905+0000][7][gc,marking  ] GC(13) Concurrent Clear Claimed Marks
[2022-12-20T19:15:01.905+0000][7][safepoint   ] Safepoint "G1CollectForAllocation", Time since last: 102077000 ns, Reaching safepoint: 227800 ns, At safepoint: 14568400 ns, Total: 14796200 ns
[2022-12-20T19:15:01.905+0000][7][gc,marking  ] GC(13) Concurrent Clear Claimed Marks 0.365ms
[2022-12-20T19:15:01.906+0000][7][gc,marking  ] GC(13) Concurrent Scan Root Regions
[2022-12-20T19:15:01.910+0000][7][gc,marking  ] GC(13) Concurrent Scan Root Regions 4.322ms
[2022-12-20T19:15:01.911+0000][7][gc,marking  ] GC(13) Concurrent Mark (6.969s)
[2022-12-20T19:15:01.911+0000][7][gc,marking  ] GC(13) Concurrent Mark From Roots
[2022-12-20T19:15:01.911+0000][7][gc,task     ] GC(13) Using 3 workers of 3 for marking
[2022-12-20T19:15:01.940+0000][7][gc,marking  ] GC(13) Concurrent Mark From Roots 29.027ms
[2022-12-20T19:15:01.940+0000][7][gc,marking  ] GC(13) Concurrent Preclean
[2022-12-20T19:15:01.941+0000][7][gc,marking  ] GC(13) Concurrent Preclean 0.436ms
[2022-12-20T19:15:01.941+0000][7][gc,marking  ] GC(13) Concurrent Mark (6.969s, 6.999s) 30.361ms
[2022-12-20T19:15:01.941+0000][7][gc,start    ] GC(13) Pause Remark
[2022-12-20T19:15:01.944+0000][7][gc          ] GC(13) Pause Remark 71M->71M(512M) 2.318ms
[2022-12-20T19:15:01.944+0000][7][gc,cpu      ] GC(13) User=0.01s Sys=0.01s Real=0.01s
[2022-12-20T19:15:01.944+0000][7][safepoint   ] Safepoint "G1Concurrent", Time since last: 36403000 ns, Reaching safepoint: 269800 ns, At safepoint: 2858100 ns, Total: 3127900 ns
[2022-12-20T19:15:01.945+0000][7][gc,marking  ] GC(13) Concurrent Rebuild Remembered Sets
[2022-12-20T19:15:01.964+0000][7][gc,marking  ] GC(13) Concurrent Rebuild Remembered Sets 19.841ms
[2022-12-20T19:15:01.966+0000][7][gc,start    ] GC(13) Pause Cleanup
[2022-12-20T19:15:01.966+0000][7][gc          ] GC(13) Pause Cleanup 71M->71M(512M) 0.939ms
[2022-12-20T19:15:01.967+0000][7][gc,cpu      ] GC(13) User=0.00s Sys=0.00s Real=0.00s
[2022-12-20T19:15:01.967+0000][7][safepoint   ] Safepoint "G1Concurrent", Time since last: 20444300 ns, Reaching safepoint: 744900 ns, At safepoint: 1554600 ns, Total: 2299500 ns
[2022-12-20T19:15:01.967+0000][7][gc,marking  ] GC(13) Concurrent Cleanup for Next Mark
[2022-12-20T19:15:01.968+0000][7][gc,marking  ] GC(13) Concurrent Cleanup for Next Mark 1.027ms
[2022-12-20T19:15:01.969+0000][7][gc          ] GC(13) Concurrent Cycle 64.442ms
[2022-12-20T19:15:02.826+0000][7][safepoint   ] Safepoint "ICBufferFull", Time since last: 858198100 ns, Reaching safepoint: 948900 ns, At safepoint: 39300 ns, Total: 988200 ns
[2022-12-20T19:15:03.433+0000][7][safepoint   ] Safepoint "ICBufferFull", Time since last: 606686400 ns, Reaching safepoint: 277300 ns, At safepoint: 19800 ns, Total: 297100 ns
[2022-12-20T19:15:04.170+0000][7][safepoint   ] Safepoint "ICBufferFull", Time since last: 736057000 ns, Reaching safepoint: 432200 ns, At safepoint: 54200 ns, Total: 486400 ns
[2022-12-20T19:15:04.439+0000][7][safepoint   ] Safepoint "ICBufferFull", Time since last: 268435800 ns, Reaching safepoint: 378100 ns, At safepoint: 61400 ns, Total: 439500 ns
[2022-12-20T19:15:04.823+0000][7][safepoint   ] Safepoint "ICBufferFull", Time since last: 384327400 ns, Reaching safepoint: 172400 ns, At safepoint: 16800 ns, Total: 189200 ns
[2022-12-20T19:15:05.348+0000][7][safepoint   ] Safepoint "ICBufferFull", Time since last: 524558100 ns, Reaching safepoint: 188000 ns, At safepoint: 16800 ns, Total: 204800 ns
[2022-12-20T19:15:05.901+0000][7][safepoint   ] Safepoint "ICBufferFull", Time since last: 552978200 ns, Reaching safepoint: 210300 ns, At safepoint: 27700 ns, Total: 238000 ns
[2022-12-20T19:15:06.271+0000][7][gc,start    ] GC(14) Pause Young (Normal) (G1 Evacuation Pause)
[2022-12-20T19:15:06.271+0000][7][gc,task     ] GC(14) Using 10 workers of 10 for evacuation
[2022-12-20T19:15:06.271+0000][7][gc,age      ] GC(14) Desired survivor size 20971520 bytes, new threshold 15 (max threshold 15)
[2022-12-20T19:15:06.285+0000][7][gc,age      ] GC(14) Age table with threshold 15 (max threshold 15)
[2022-12-20T19:15:06.285+0000][7][gc,age      ] GC(14) - age   1:   13738528 bytes,   13738528 total
[2022-12-20T19:15:06.286+0000][7][gc,age      ] GC(14) - age   2:    6682136 bytes,   20420664 total
[2022-12-20T19:15:06.286+0000][7][gc,age      ] GC(14) - age   3:    5324784 bytes,   25745448 total
[2022-12-20T19:15:06.286+0000][7][gc,phases   ] GC(14)   Pre Evacuate Collection Set: 0.2ms
[2022-12-20T19:15:06.286+0000][7][gc,phases   ] GC(14)   Merge Heap Roots: 0.1ms
[2022-12-20T19:15:06.286+0000][7][gc,phases   ] GC(14)   Evacuate Collection Set: 10.6ms
[2022-12-20T19:15:06.287+0000][7][gc,phases   ] GC(14)   Post Evacuate Collection Set: 2.8ms
[2022-12-20T19:15:06.287+0000][7][gc,phases   ] GC(14)   Other: 1.4ms
[2022-12-20T19:15:06.287+0000][7][gc,heap     ] GC(14) Eden regions: 72->0(69)
[2022-12-20T19:15:06.288+0000][7][gc,heap     ] GC(14) Survivor regions: 4->7(10)
[2022-12-20T19:15:06.288+0000][7][gc,heap     ] GC(14) Old regions: 13->13
[2022-12-20T19:15:06.288+0000][7][gc,heap     ] GC(14) Archive regions: 2->2
[2022-12-20T19:15:06.288+0000][7][gc,heap     ] GC(14) Humongous regions: 2->2
[2022-12-20T19:15:06.288+0000][7][gc,metaspace] GC(14) Metaspace: 87663K(92032K)->87663K(92032K) NonClass: 75840K(79104K)->75840K(79104K) Class: 11823K(12928K)->11823K(12928K)
[2022-12-20T19:15:06.288+0000][7][gc          ] GC(14) Pause Young (Normal) (G1 Evacuation Pause) 361M->86M(512M) 17.471ms
[2022-12-20T19:15:06.289+0000][7][gc,cpu      ] GC(14) User=0.08s Sys=0.05s Real=0.02s
[2022-12-20T19:15:06.289+0000][7][safepoint   ] Safepoint "G1CollectForAllocation", Time since last: 369438500 ns, Reaching safepoint: 273800 ns, At safepoint: 18100800 ns, Total: 18374600 ns
[2022-12-20T19:15:07.289+0000][7][safepoint   ] Safepoint "Cleanup", Time since last: 1000313700 ns, Reaching safepoint: 169300 ns, At safepoint: 15000 ns, Total: 184300 ns
[2022-12-20T19:15:07.980+0000][7][safepoint   ] Safepoint "ICBufferFull", Time since last: 690620800 ns, Reaching safepoint: 204200 ns, At safepoint: 21300 ns, Total: 225500 ns
[2022-12-20T19:15:08.981+0000][7][safepoint   ] Safepoint "Cleanup", Time since last: 1000336300 ns, Reaching safepoint: 303700 ns, At safepoint: 26300 ns, Total: 330000 ns
[2022-12-20T19:15:10.983+0000][7][safepoint   ] Safepoint "Cleanup", Time since last: 2001044900 ns, Reaching safepoint: 814200 ns, At safepoint: 92600 ns, Total: 906800 ns
[2022-12-20T19:15:16.986+0000][7][safepoint   ] Safepoint "Cleanup", Time since last: 6002365900 ns, Reaching safepoint: 180300 ns, At safepoint: 15800 ns, Total: 196100 ns
[2022-12-20T19:15:17.037+0000][7][gc,start    ] GC(15) Pause Young (Concurrent Start) (Metadata GC Threshold)
[2022-12-20T19:15:17.038+0000][7][gc,task     ] GC(15) Using 10 workers of 10 for evacuation
[2022-12-20T19:15:17.038+0000][7][gc,age      ] GC(15) Desired survivor size 20971520 bytes, new threshold 3 (max threshold 15)
[2022-12-20T19:15:17.049+0000][7][gc,age      ] GC(15) Age table with threshold 3 (max threshold 15)
[2022-12-20T19:15:17.050+0000][7][gc,age      ] GC(15) - age   1:     364392 bytes,     364392 total
[2022-12-20T19:15:17.050+0000][7][gc,age      ] GC(15) - age   2:   13272096 bytes,   13636488 total
[2022-12-20T19:15:17.050+0000][7][gc,age      ] GC(15) - age   3:    6681888 bytes,   20318376 total
[2022-12-20T19:15:17.050+0000][7][gc,phases   ] GC(15)   Pre Evacuate Collection Set: 0.2ms
[2022-12-20T19:15:17.051+0000][7][gc,phases   ] GC(15)   Merge Heap Roots: 0.1ms
[2022-12-20T19:15:17.051+0000][7][gc,phases   ] GC(15)   Evacuate Collection Set: 9.1ms
[2022-12-20T19:15:17.051+0000][7][gc,phases   ] GC(15)   Post Evacuate Collection Set: 1.7ms
[2022-12-20T19:15:17.052+0000][7][gc,phases   ] GC(15)   Other: 2.0ms
[2022-12-20T19:15:17.052+0000][7][gc,heap     ] GC(15) Eden regions: 21->0(70)
[2022-12-20T19:15:17.052+0000][7][gc,heap     ] GC(15) Survivor regions: 7->6(10)
[2022-12-20T19:15:17.052+0000][7][gc,heap     ] GC(15) Old regions: 13->14
[2022-12-20T19:15:17.053+0000][7][gc,heap     ] GC(15) Archive regions: 2->2
[2022-12-20T19:15:17.053+0000][7][gc,heap     ] GC(15) Humongous regions: 2->2
[2022-12-20T19:15:17.053+0000][7][gc,metaspace] GC(15) Metaspace: 88600K(92928K)->88600K(92928K) NonClass: 76692K(79872K)->76692K(79872K) Class: 11907K(13056K)->11907K(13056K)
[2022-12-20T19:15:17.053+0000][7][gc          ] GC(15) Pause Young (Concurrent Start) (Metadata GC Threshold) 167M->86M(512M) 15.879ms
[2022-12-20T19:15:17.054+0000][7][gc,cpu      ] GC(15) User=0.09s Sys=0.00s Real=0.02s
[2022-12-20T19:15:17.054+0000][7][gc          ] GC(16) Concurrent Cycle
[2022-12-20T19:15:17.054+0000][7][safepoint   ] Safepoint "CollectForMetadataAllocation", Time since last: 51747000 ns, Reaching safepoint: 158500 ns, At safepoint: 16500400 ns, Total: 16658900 ns
[2022-12-20T19:15:17.054+0000][7][gc,marking  ] GC(16) Concurrent Clear Claimed Marks
[2022-12-20T19:15:17.054+0000][7][gc,marking  ] GC(16) Concurrent Clear Claimed Marks 0.360ms
[2022-12-20T19:15:17.055+0000][7][gc,marking  ] GC(16) Concurrent Scan Root Regions
[2022-12-20T19:15:17.060+0000][7][gc,marking  ] GC(16) Concurrent Scan Root Regions 5.121ms
[2022-12-20T19:15:17.060+0000][7][gc,marking  ] GC(16) Concurrent Mark (22.118s)
[2022-12-20T19:15:17.060+0000][7][gc,marking  ] GC(16) Concurrent Mark From Roots
[2022-12-20T19:15:17.061+0000][7][gc,task     ] GC(16) Using 3 workers of 3 for marking
[2022-12-20T19:15:17.066+0000][7][safepoint   ] Safepoint "CollectForMetadataAllocation", Time since last: 11657900 ns, Reaching safepoint: 268500 ns, At safepoint: 116100 ns, Total: 384600 ns
[2022-12-20T19:15:17.079+0000][7][safepoint   ] Safepoint "CollectForMetadataAllocation", Time since last: 12627200 ns, Reaching safepoint: 277400 ns, At safepoint: 113100 ns, Total: 390500 ns
[2022-12-20T19:15:17.083+0000][7][gc,marking  ] GC(16) Concurrent Mark From Roots 23.085ms
[2022-12-20T19:15:17.084+0000][7][gc,marking  ] GC(16) Concurrent Preclean
[2022-12-20T19:15:17.084+0000][7][gc,marking  ] GC(16) Concurrent Preclean 0.499ms
[2022-12-20T19:15:17.085+0000][7][gc,marking  ] GC(16) Concurrent Mark (22.118s, 22.143s) 24.636ms
[2022-12-20T19:15:17.085+0000][7][gc,start    ] GC(16) Pause Remark
[2022-12-20T19:15:17.088+0000][7][gc          ] GC(16) Pause Remark 91M->91M(512M) 2.662ms
[2022-12-20T19:15:17.088+0000][7][gc,cpu      ] GC(16) User=0.02s Sys=0.00s Real=0.00s
[2022-12-20T19:15:17.089+0000][7][safepoint   ] Safepoint "G1Concurrent", Time since last: 6118300 ns, Reaching safepoint: 257800 ns, At safepoint: 3280300 ns, Total: 3538100 ns
[2022-12-20T19:15:17.089+0000][7][gc,marking  ] GC(16) Concurrent Rebuild Remembered Sets
[2022-12-20T19:15:17.108+0000][7][gc,marking  ] GC(16) Concurrent Rebuild Remembered Sets 18.672ms
[2022-12-20T19:15:17.109+0000][7][gc,start    ] GC(16) Pause Cleanup
[2022-12-20T19:15:17.109+0000][7][gc          ] GC(16) Pause Cleanup 92M->92M(512M) 0.412ms
[2022-12-20T19:15:17.109+0000][7][gc,cpu      ] GC(16) User=0.00s Sys=0.00s Real=0.00s
[2022-12-20T19:15:17.110+0000][7][safepoint   ] Safepoint "G1Concurrent", Time since last: 19511200 ns, Reaching safepoint: 574000 ns, At safepoint: 1048000 ns, Total: 1622000 ns
[2022-12-20T19:15:17.110+0000][7][gc,marking  ] GC(16) Concurrent Cleanup for Next Mark
[2022-12-20T19:15:17.111+0000][7][gc,marking  ] GC(16) Concurrent Cleanup for Next Mark 0.635ms
[2022-12-20T19:15:17.111+0000][7][gc          ] GC(16) Concurrent Cycle 57.276ms
[2022-12-20T19:15:18.110+0000][7][safepoint   ] Safepoint "Cleanup", Time since last: 1000411600 ns, Reaching safepoint: 158200 ns, At safepoint: 14600 ns, Total: 172800 ns
[2022-12-20T19:15:19.111+0000][7][safepoint   ] Safepoint "Cleanup", Time since last: 1000448200 ns, Reaching safepoint: 181900 ns, At safepoint: 14800 ns, Total: 196700 ns
[2022-12-20T19:15:22.112+0000][7][safepoint   ] Safepoint "Cleanup", Time since last: 3000759700 ns, Reaching safepoint: 202300 ns, At safepoint: 17000 ns, Total: 219300 ns
[2022-12-20T19:15:24.113+0000][7][safepoint   ] Safepoint "Cleanup", Time since last: 2000418200 ns, Reaching safepoint: 239900 ns, At safepoint: 19900 ns, Total: 259800 ns
[2022-12-20T19:15:35.115+0000][7][safepoint   ] Safepoint "Cleanup", Time since last: 11002010100 ns, Reaching safepoint: 172600 ns, At safepoint: 15300 ns, Total: 187900 ns
[2022-12-20T19:15:38.116+0000][7][safepoint   ] Safepoint "Cleanup", Time since last: 3000807300 ns, Reaching safepoint: 285700 ns, At safepoint: 23200 ns, Total: 308900 ns
[2022-12-20T19:15:47.119+0000][7][safepoint   ] Safepoint "Cleanup", Time since last: 9002392600 ns, Reaching safepoint: 235700 ns, At safepoint: 48600 ns, Total: 284300 ns
[2022-12-20T19:15:50.120+0000][7][safepoint   ] Safepoint "Cleanup", Time since last: 3001188800 ns, Reaching safepoint: 241600 ns, At safepoint: 20600 ns, Total: 262200 ns
[2022-12-20T19:15:52.122+0000][7][safepoint   ] Safepoint "Cleanup", Time since last: 2000813600 ns, Reaching safepoint: 702300 ns, At safepoint: 47200 ns, Total: 749500 ns
[2022-12-20T19:15:54.123+0000][7][safepoint   ] Safepoint "Cleanup", Time since last: 2000888300 ns, Reaching safepoint: 230700 ns, At safepoint: 18700 ns, Total: 249400 ns
[2022-12-20T19:15:58.125+0000][7][safepoint   ] Safepoint "Cleanup", Time since last: 4001162400 ns, Reaching safepoint: 958300 ns, At safepoint: 94800 ns, Total: 1053100 ns
[2022-12-20T19:15:59.127+0000][7][safepoint   ] Safepoint "Cleanup", Time since last: 1001451900 ns, Reaching safepoint: 182100 ns, At safepoint: 16800 ns, Total: 198900 ns
[2022-12-20T19:16:00.128+0000][7][safepoint   ] Safepoint "Cleanup", Time since last: 1000741200 ns, Reaching safepoint: 648900 ns, At safepoint: 101300 ns, Total: 750200 ns
[2022-12-20T19:16:04.130+0000][7][safepoint   ] Safepoint "Cleanup", Time since last: 4002019300 ns, Reaching safepoint: 212200 ns, At safepoint: 21200 ns, Total: 233400 ns
[2022-12-20T19:16:23.134+0000][7][safepoint   ] Safepoint "Cleanup", Time since last: 19003358800 ns, Reaching safepoint: 512100 ns, At safepoint: 56200 ns, Total: 568300 ns
[2022-12-20T19:16:24.136+0000][7][safepoint   ] Safepoint "Cleanup", Time since last: 1000979100 ns, Reaching safepoint: 204800 ns, At safepoint: 20900 ns, Total: 225700 ns
[2022-12-20T19:16:41.140+0000][7][safepoint   ] Safepoint "Cleanup", Time since last: 17003561000 ns, Reaching safepoint: 908400 ns, At safepoint: 72300 ns, Total: 980700 ns
[2022-12-20T19:16:45.142+0000][7][safepoint   ] Safepoint "Cleanup", Time since last: 4001971200 ns, Reaching safepoint: 221700 ns, At safepoint: 15900 ns, Total: 237600 ns
[2022-12-20T19:16:47.143+0000][7][safepoint   ] Safepoint "Cleanup", Time since last: 2000555400 ns, Reaching safepoint: 175200 ns, At safepoint: 15200 ns, Total: 190400 ns
[2022-12-20T19:17:04.147+0000][7][safepoint   ] Safepoint "Cleanup", Time since last: 17003800300 ns, Reaching safepoint: 174000 ns, At safepoint: 15900 ns, Total: 189900 ns
[2022-12-20T19:17:06.148+0000][7][safepoint   ] Safepoint "Cleanup", Time since last: 2000578800 ns, Reaching safepoint: 159600 ns, At safepoint: 14800 ns, Total: 174400 ns
[2022-12-20T19:17:10.149+0000][7][safepoint   ] Safepoint "Cleanup", Time since last: 4000715800 ns, Reaching safepoint: 233500 ns, At safepoint: 15000 ns, Total: 248500 ns
[2022-12-20T19:17:11.149+0000][7][safepoint   ] Safepoint "Cleanup", Time since last: 1000444400 ns, Reaching safepoint: 199700 ns, At safepoint: 14500 ns, Total: 214200 ns
[2022-12-20T19:17:28.153+0000][7][safepoint   ] Safepoint "Cleanup", Time since last: 17003483100 ns, Reaching safepoint: 197400 ns, At safepoint: 4400 ns, Total: 201800 ns
[2022-12-20T19:17:41.156+0000][7][safepoint   ] Safepoint "Cleanup", Time since last: 13002744500 ns, Reaching safepoint: 207400 ns, At safepoint: 15900 ns, Total: 223300 ns
[2022-12-20T19:17:46.157+0000][7][safepoint   ] Safepoint "Cleanup", Time since last: 5001140900 ns, Reaching safepoint: 267400 ns, At safepoint: 16300 ns, Total: 283700 ns
[2022-12-20T19:17:49.158+0000][7][safepoint   ] Safepoint "Cleanup", Time since last: 3000632300 ns, Reaching safepoint: 175600 ns, At safepoint: 15100 ns, Total: 190700 ns
[2022-12-20T19:17:51.159+0000][7][safepoint   ] Safepoint "Cleanup", Time since last: 2000627100 ns, Reaching safepoint: 498000 ns, At safepoint: 48300 ns, Total: 546300 ns
[2022-12-20T19:18:04.163+0000][7][safepoint   ] Safepoint "Cleanup", Time since last: 13003168300 ns, Reaching safepoint: 142300 ns, At safepoint: 14700 ns, Total: 157000 ns
[2022-12-20T19:18:15.165+0000][7][safepoint   ] Safepoint "Cleanup", Time since last: 11002397000 ns, Reaching safepoint: 187400 ns, At safepoint: 14200 ns, Total: 201600 ns
[2022-12-20T19:18:16.167+0000][7][safepoint   ] Safepoint "Cleanup", Time since last: 1000605100 ns, Reaching safepoint: 567800 ns, At safepoint: 62100 ns, Total: 629900 ns
[2022-12-20T19:18:54.176+0000][7][safepoint   ] Safepoint "Cleanup", Time since last: 38009110800 ns, Reaching safepoint: 185100 ns, At safepoint: 14100 ns, Total: 199200 ns
[2022-12-20T19:19:05.179+0000][7][safepoint   ] Safepoint "Cleanup", Time since last: 11002714200 ns, Reaching safepoint: 229500 ns, At safepoint: 20700 ns, Total: 250200 ns
[2022-12-20T19:19:20.183+0000][7][safepoint   ] Safepoint "Cleanup", Time since last: 15004159100 ns, Reaching safepoint: 241800 ns, At safepoint: 30300 ns, Total: 272100 ns
[2022-12-20T19:19:34.186+0000][7][safepoint   ] Safepoint "Cleanup", Time since last: 14002326900 ns, Reaching safepoint: 164300 ns, At safepoint: 14500 ns, Total: 178800 ns
[2022-12-20T19:20:01.621+0000][7][safepoint   ] Safepoint "Cleanup", Time since last: 27434712000 ns, Reaching safepoint: 618400 ns, At safepoint: 52500 ns, Total: 670900 ns
[2022-12-20T19:20:19.628+0000][7][safepoint   ] Safepoint "Cleanup", Time since last: 18006340600 ns, Reaching safepoint: 230800 ns, At safepoint: 16700 ns, Total: 247500 ns
[2022-12-20T19:20:26.630+0000][7][safepoint   ] Safepoint "Cleanup", Time since last: 7001229900 ns, Reaching safepoint: 714400 ns, At safepoint: 75700 ns, Total: 790100 ns
[2022-12-20T19:20:30.632+0000][7][safepoint   ] Safepoint "Cleanup", Time since last: 4001742300 ns, Reaching safepoint: 383700 ns, At safepoint: 35600 ns, Total: 419300 ns
[2022-12-20T19:20:34.633+0000][7][safepoint   ] Safepoint "Cleanup", Time since last: 4001215500 ns, Reaching safepoint: 256700 ns, At safepoint: 23000 ns, Total: 279700 ns
[2022-12-20T19:20:48.636+0000][7][safepoint   ] Safepoint "Cleanup", Time since last: 14002455200 ns, Reaching safepoint: 292800 ns, At safepoint: 22800 ns, Total: 315600 ns
[2022-12-20T19:20:52.638+0000][7][safepoint   ] Safepoint "Cleanup", Time since last: 4001039600 ns, Reaching safepoint: 248200 ns, At safepoint: 38300 ns, Total: 286500 ns
[2022-12-20T19:21:19.644+0000][7][safepoint   ] Safepoint "Cleanup", Time since last: 27005834900 ns, Reaching safepoint: 736300 ns, At safepoint: 72900 ns, Total: 809200 ns
[2022-12-20T19:21:45.540+0000][7][safepoint   ] Safepoint "Cleanup", Time since last: 25895587000 ns, Reaching safepoint: 163400 ns, At safepoint: 35800 ns, Total: 199200 ns
[2022-12-20T19:21:46.100+0000][7][safepoint   ] Safepoint "ICBufferFull", Time since last: 559828600 ns, Reaching safepoint: 214800 ns, At safepoint: 34000 ns, Total: 248800 ns
[2022-12-20T19:21:46.496+0000][7][safepoint   ] Safepoint "ICBufferFull", Time since last: 395798400 ns, Reaching safepoint: 255800 ns, At safepoint: 24200 ns, Total: 280000 ns
[2022-12-20T19:21:47.497+0000][7][safepoint   ] Safepoint "Cleanup", Time since last: 1000466900 ns, Reaching safepoint: 164000 ns, At safepoint: 3600 ns, Total: 167600 ns
[2022-12-20T19:21:48.497+0000][7][safepoint   ] Safepoint "Cleanup", Time since last: 1000489400 ns, Reaching safepoint: 164500 ns, At safepoint: 15600 ns, Total: 180100 ns
[2022-12-20T19:21:49.498+0000][7][safepoint   ] Safepoint "Cleanup", Time since last: 1000348700 ns, Reaching safepoint: 210000 ns, At safepoint: 29700 ns, Total: 239700 ns
[2022-12-20T19:21:52.499+0000][7][safepoint   ] Safepoint "Cleanup", Time since last: 3000836900 ns, Reaching safepoint: 228300 ns, At safepoint: 31700 ns, Total: 260000 ns
[2022-12-20T19:21:53.500+0000][7][safepoint   ] Safepoint "Cleanup", Time since last: 1000478100 ns, Reaching safepoint: 171800 ns, At safepoint: 15700 ns, Total: 187500 ns
[2022-12-20T19:21:55.187+0000][7][safepoint   ] Safepoint "Cleanup", Time since last: 1686409000 ns, Reaching safepoint: 294600 ns, At safepoint: 23800 ns, Total: 318400 ns
[2022-12-20T19:21:56.188+0000][7][safepoint   ] Safepoint "Cleanup", Time since last: 1000766100 ns, Reaching safepoint: 199200 ns, At safepoint: 16100 ns, Total: 215300 ns
[2022-12-20T19:22:04.191+0000][7][safepoint   ] Safepoint "Cleanup", Time since last: 8002351600 ns, Reaching safepoint: 559300 ns, At safepoint: 60400 ns, Total: 619700 ns
[2022-12-20T19:22:12.193+0000][7][safepoint   ] Safepoint "Cleanup", Time since last: 8001805100 ns, Reaching safepoint: 204300 ns, At safepoint: 15600 ns, Total: 219900 ns
[2022-12-20T19:22:15.194+0000][7][safepoint   ] Safepoint "Cleanup", Time since last: 3000775200 ns, Reaching safepoint: 274200 ns, At safepoint: 20900 ns, Total: 295100 ns
[2022-12-20T19:22:17.194+0000][7][safepoint   ] Safepoint "Cleanup", Time since last: 2000688700 ns, Reaching safepoint: 164700 ns, At safepoint: 5000 ns, Total: 169700 ns
[2022-12-20T19:22:20.196+0000][7][safepoint   ] Safepoint "Cleanup", Time since last: 3000920000 ns, Reaching safepoint: 385700 ns, At safepoint: 37800 ns, Total: 423500 ns
[2022-12-20T19:22:22.197+0000][7][safepoint   ] Safepoint "Cleanup", Time since last: 2001167600 ns, Reaching safepoint: 265400 ns, At safepoint: 19700 ns, Total: 285100 ns
[2022-12-20T19:22:42.204+0000][7][safepoint   ] Safepoint "Cleanup", Time since last: 20005535200 ns, Reaching safepoint: 725400 ns, At safepoint: 75400 ns, Total: 800800 ns
[2022-12-20T19:22:54.208+0000][7][safepoint   ] Safepoint "Cleanup", Time since last: 12003820300 ns, Reaching safepoint: 169800 ns, At safepoint: 15200 ns, Total: 185000 ns
[2022-12-20T19:22:59.651+0000][7][gc,heap,exit] Heap
[2022-12-20T19:22:59.651+0000][7][gc,heap,exit]  garbage-first heap   total 524288K, used 199482K [0x00000000e0000000, 0x0000000100000000)
[2022-12-20T19:22:59.651+0000][7][gc,heap,exit]   region size 4096K, 35 young (143360K), 6 survivors (24576K)
[2022-12-20T19:22:59.651+0000][7][gc,heap,exit]  Metaspace       used 95815K, capacity 99276K, committed 100388K, reserved 1136640K
[2022-12-20T19:22:59.651+0000][7][gc,heap,exit]   class space    used 12802K, capacity 13892K, committed 13952K, reserved 1048576K
