[2023-01-08T10:04:18.908+0000][7][gc] Using G1
[2023-01-08T10:04:19.128+0000][7][gc,init] Version: 15.0.1+9 (release)
[2023-01-08T10:04:19.128+0000][7][gc,init] CPUs: 12 total, 12 available
[2023-01-08T10:04:19.129+0000][7][gc,init] Memory: 12647M
[2023-01-08T10:04:19.129+0000][7][gc,init] Large Page Support: Disabled
[2023-01-08T10:04:19.130+0000][7][gc,init] NUMA Support: Disabled
[2023-01-08T10:04:19.130+0000][7][gc,init] Compressed Oops: Enabled (32-bit)
[2023-01-08T10:04:19.130+0000][7][gc,init] Heap Region Size: 4M
[2023-01-08T10:04:19.131+0000][7][gc,init] Heap Min Capacity: 512M
[2023-01-08T10:04:19.131+0000][7][gc,init] Heap Initial Capacity: 512M
[2023-01-08T10:04:19.132+0000][7][gc,init] Heap Max Capacity: 512M
[2023-01-08T10:04:19.133+0000][7][gc,init] Pre-touch: Enabled
[2023-01-08T10:04:19.134+0000][7][gc,init] Parallel Workers: 10
[2023-01-08T10:04:19.134+0000][7][gc,init] Concurrent Workers: 3
[2023-01-08T10:04:19.135+0000][7][gc,init] Concurrent Refinement Workers: 10
[2023-01-08T10:04:19.135+0000][7][gc,init] Periodic GC: Disabled
[2023-01-08T10:04:19.136+0000][7][gc,cds ] Mark closed archive regions in map: [0x00000000ffc00000, 0x00000000ffc7bff8]
[2023-01-08T10:04:19.136+0000][7][gc,cds ] Mark open archive regions in map: [0x00000000ffb00000, 0x00000000ffb51ff8]
[2023-01-08T10:04:19.137+0000][7][gc,metaspace] CDS archive(s) mapped at: [0x0000000800000000-0x0000000800b2a000-0x0000000800b2a000), size 11706368, SharedBaseAddress: 0x0000000800000000, ArchiveRelocationMode: 0.
[2023-01-08T10:04:19.137+0000][7][gc,metaspace] Compressed class space mapped at: 0x0000000800b2c000-0x0000000840b2c000, size: 1073741824
[2023-01-08T10:04:19.137+0000][7][gc,metaspace] Narrow klass base: 0x0000000800000000, Narrow klass shift: 3, Narrow klass range: 0x100000000
[2023-01-08T10:04:19.617+0000][7][safepoint   ] Safepoint "ICBufferFull", Time since last: 465956800 ns, Reaching safepoint: 235500 ns, At safepoint: 103100 ns, Total: 338600 ns
[2023-01-08T10:04:19.983+0000][7][gc,start    ] GC(0) Pause Young (Normal) (G1 Evacuation Pause)
[2023-01-08T10:04:19.986+0000][7][gc,task     ] GC(0) Using 10 workers of 10 for evacuation
[2023-01-08T10:04:19.986+0000][7][gc,age      ] GC(0) Desired survivor size 2097152 bytes, new threshold 15 (max threshold 15)
[2023-01-08T10:04:19.992+0000][7][gc,age      ] GC(0) Age table with threshold 15 (max threshold 15)
[2023-01-08T10:04:19.992+0000][7][gc,age      ] GC(0) - age   1:    4171344 bytes,    4171344 total
[2023-01-08T10:04:19.992+0000][7][gc,phases   ] GC(0)   Pre Evacuate Collection Set: 0.3ms
[2023-01-08T10:04:19.993+0000][7][gc,phases   ] GC(0)   Merge Heap Roots: 0.4ms
[2023-01-08T10:04:19.993+0000][7][gc,phases   ] GC(0)   Evacuate Collection Set: 2.5ms
[2023-01-08T10:04:19.994+0000][7][gc,phases   ] GC(0)   Post Evacuate Collection Set: 1.6ms
[2023-01-08T10:04:19.994+0000][7][gc,phases   ] GC(0)   Other: 5.1ms
[2023-01-08T10:04:19.994+0000][7][gc,heap     ] GC(0) Eden regions: 6->0(6)
[2023-01-08T10:04:19.995+0000][7][gc,heap     ] GC(0) Survivor regions: 0->1(1)
[2023-01-08T10:04:19.995+0000][7][gc,heap     ] GC(0) Old regions: 0->1
[2023-01-08T10:04:19.995+0000][7][gc,heap     ] GC(0) Archive regions: 2->2
[2023-01-08T10:04:19.996+0000][7][gc,heap     ] GC(0) Humongous regions: 0->0
[2023-01-08T10:04:19.996+0000][7][gc,metaspace] GC(0) Metaspace: 8212K(9216K)->8212K(9216K) NonClass: 7289K(8192K)->7289K(8192K) Class: 922K(1024K)->922K(1024K)
[2023-01-08T10:04:19.997+0000][7][gc          ] GC(0) Pause Young (Normal) (G1 Evacuation Pause) 27M->7M(512M) 14.017ms
[2023-01-08T10:04:19.997+0000][7][gc,cpu      ] GC(0) User=0.00s Sys=0.04s Real=0.01s
[2023-01-08T10:04:19.998+0000][7][safepoint   ] Safepoint "G1CollectForAllocation", Time since last: 365228500 ns, Reaching safepoint: 189800 ns, At safepoint: 15012100 ns, Total: 15201900 ns
[2023-01-08T10:04:20.885+0000][7][gc,start    ] GC(1) Pause Young (Normal) (G1 Evacuation Pause)
[2023-01-08T10:04:20.885+0000][7][gc,task     ] GC(1) Using 10 workers of 10 for evacuation
[2023-01-08T10:04:20.885+0000][7][gc,age      ] GC(1) Desired survivor size 2097152 bytes, new threshold 1 (max threshold 15)
[2023-01-08T10:04:20.890+0000][7][gc,age      ] GC(1) Age table with threshold 1 (max threshold 15)
[2023-01-08T10:04:20.890+0000][7][gc,age      ] GC(1) - age   1:    2061136 bytes,    2061136 total
[2023-01-08T10:04:20.891+0000][7][gc,phases   ] GC(1)   Pre Evacuate Collection Set: 0.2ms
[2023-01-08T10:04:20.891+0000][7][gc,phases   ] GC(1)   Merge Heap Roots: 0.2ms
[2023-01-08T10:04:20.891+0000][7][gc,phases   ] GC(1)   Evacuate Collection Set: 3.0ms
[2023-01-08T10:04:20.891+0000][7][gc,phases   ] GC(1)   Post Evacuate Collection Set: 1.0ms
[2023-01-08T10:04:20.891+0000][7][gc,phases   ] GC(1)   Other: 1.3ms
[2023-01-08T10:04:20.892+0000][7][gc,heap     ] GC(1) Eden regions: 6->0(12)
[2023-01-08T10:04:20.892+0000][7][gc,heap     ] GC(1) Survivor regions: 1->1(1)
[2023-01-08T10:04:20.892+0000][7][gc,heap     ] GC(1) Old regions: 1->2
[2023-01-08T10:04:20.892+0000][7][gc,heap     ] GC(1) Archive regions: 2->2
[2023-01-08T10:04:20.892+0000][7][gc,heap     ] GC(1) Humongous regions: 0->0
[2023-01-08T10:04:20.893+0000][7][gc,metaspace] GC(1) Metaspace: 12802K(13184K)->12802K(13184K) NonClass: 11298K(11520K)->11298K(11520K) Class: 1504K(1664K)->1504K(1664K)
[2023-01-08T10:04:20.893+0000][7][gc          ] GC(1) Pause Young (Normal) (G1 Evacuation Pause) 31M->9M(512M) 7.799ms
[2023-01-08T10:04:20.893+0000][7][gc,cpu      ] GC(1) User=0.02s Sys=0.02s Real=0.01s
[2023-01-08T10:04:20.893+0000][7][safepoint   ] Safepoint "G1CollectForAllocation", Time since last: 887170400 ns, Reaching safepoint: 214900 ns, At safepoint: 8252800 ns, Total: 8467700 ns
[2023-01-08T10:04:21.606+0000][7][safepoint   ] Safepoint "ICBufferFull", Time since last: 712607300 ns, Reaching safepoint: 297500 ns, At safepoint: 53200 ns, Total: 350700 ns
[2023-01-08T10:04:21.654+0000][7][gc,start    ] GC(2) Pause Young (Normal) (G1 Evacuation Pause)
[2023-01-08T10:04:21.655+0000][7][gc,task     ] GC(2) Using 10 workers of 10 for evacuation
[2023-01-08T10:04:21.655+0000][7][gc,age      ] GC(2) Desired survivor size 4194304 bytes, new threshold 15 (max threshold 15)
[2023-01-08T10:04:21.660+0000][7][gc,age      ] GC(2) Age table with threshold 15 (max threshold 15)
[2023-01-08T10:04:21.660+0000][7][gc,age      ] GC(2) - age   1:    1173776 bytes,    1173776 total
[2023-01-08T10:04:21.660+0000][7][gc,age      ] GC(2) - age   2:    2039848 bytes,    3213624 total
[2023-01-08T10:04:21.660+0000][7][gc,phases   ] GC(2)   Pre Evacuate Collection Set: 0.2ms
[2023-01-08T10:04:21.661+0000][7][gc,phases   ] GC(2)   Merge Heap Roots: 0.2ms
[2023-01-08T10:04:21.661+0000][7][gc,phases   ] GC(2)   Evacuate Collection Set: 2.3ms
[2023-01-08T10:04:21.661+0000][7][gc,phases   ] GC(2)   Post Evacuate Collection Set: 1.6ms
[2023-01-08T10:04:21.661+0000][7][gc,phases   ] GC(2)   Other: 1.7ms
[2023-01-08T10:04:21.661+0000][7][gc,heap     ] GC(2) Eden regions: 12->0(72)
[2023-01-08T10:04:21.662+0000][7][gc,heap     ] GC(2) Survivor regions: 1->1(2)
[2023-01-08T10:04:21.662+0000][7][gc,heap     ] GC(2) Old regions: 2->2
[2023-01-08T10:04:21.662+0000][7][gc,heap     ] GC(2) Archive regions: 2->2
[2023-01-08T10:04:21.662+0000][7][gc,heap     ] GC(2) Humongous regions: 0->0
[2023-01-08T10:04:21.662+0000][7][gc,metaspace] GC(2) Metaspace: 14734K(15360K)->14734K(15360K) NonClass: 13048K(13568K)->13048K(13568K) Class: 1685K(1792K)->1685K(1792K)
[2023-01-08T10:04:21.663+0000][7][gc          ] GC(2) Pause Young (Normal) (G1 Evacuation Pause) 57M->11M(512M) 8.158ms
[2023-01-08T10:04:21.663+0000][7][gc,cpu      ] GC(2) User=0.02s Sys=0.02s Real=0.01s
[2023-01-08T10:04:21.663+0000][7][safepoint   ] Safepoint "G1CollectForAllocation", Time since last: 48021700 ns, Reaching safepoint: 292200 ns, At safepoint: 8724100 ns, Total: 9016300 ns
[2023-01-08T10:04:21.816+0000][7][safepoint   ] Safepoint "ICBufferFull", Time since last: 152435700 ns, Reaching safepoint: 245600 ns, At safepoint: 26600 ns, Total: 272200 ns
[2023-01-08T10:04:21.824+0000][7][safepoint   ] Safepoint "ICBufferFull", Time since last: 7450900 ns, Reaching safepoint: 256200 ns, At safepoint: 25800 ns, Total: 282000 ns
[2023-01-08T10:04:21.827+0000][7][safepoint   ] Safepoint "ICBufferFull", Time since last: 3457300 ns, Reaching safepoint: 275400 ns, At safepoint: 26500 ns, Total: 301900 ns
[2023-01-08T10:04:21.832+0000][7][safepoint   ] Safepoint "ICBufferFull", Time since last: 4421500 ns, Reaching safepoint: 289900 ns, At safepoint: 26700 ns, Total: 316600 ns
[2023-01-08T10:04:21.839+0000][7][safepoint   ] Safepoint "ICBufferFull", Time since last: 6393600 ns, Reaching safepoint: 234400 ns, At safepoint: 22400 ns, Total: 256800 ns
[2023-01-08T10:04:21.842+0000][7][safepoint   ] Safepoint "ICBufferFull", Time since last: 3415000 ns, Reaching safepoint: 216000 ns, At safepoint: 23500 ns, Total: 239500 ns
[2023-01-08T10:04:21.849+0000][7][safepoint   ] Safepoint "ICBufferFull", Time since last: 6244000 ns, Reaching safepoint: 227000 ns, At safepoint: 21500 ns, Total: 248500 ns
[2023-01-08T10:04:21.853+0000][7][safepoint   ] Safepoint "ICBufferFull", Time since last: 4300000 ns, Reaching safepoint: 227700 ns, At safepoint: 22700 ns, Total: 250400 ns
[2023-01-08T10:04:21.857+0000][7][safepoint   ] Safepoint "ICBufferFull", Time since last: 3752100 ns, Reaching safepoint: 247100 ns, At safepoint: 22600 ns, Total: 269700 ns
[2023-01-08T10:04:21.863+0000][7][safepoint   ] Safepoint "ICBufferFull", Time since last: 5394000 ns, Reaching safepoint: 305700 ns, At safepoint: 26000 ns, Total: 331700 ns
[2023-01-08T10:04:21.866+0000][7][safepoint   ] Safepoint "ICBufferFull", Time since last: 2972200 ns, Reaching safepoint: 204000 ns, At safepoint: 21400 ns, Total: 225400 ns
[2023-01-08T10:04:21.870+0000][7][safepoint   ] Safepoint "ICBufferFull", Time since last: 3774800 ns, Reaching safepoint: 222200 ns, At safepoint: 22200 ns, Total: 244400 ns
[2023-01-08T10:04:21.875+0000][7][safepoint   ] Safepoint "ICBufferFull", Time since last: 4469100 ns, Reaching safepoint: 257500 ns, At safepoint: 23700 ns, Total: 281200 ns
[2023-01-08T10:04:21.880+0000][7][safepoint   ] Safepoint "ICBufferFull", Time since last: 4170000 ns, Reaching safepoint: 206000 ns, At safepoint: 39400 ns, Total: 245400 ns
[2023-01-08T10:04:21.883+0000][7][safepoint   ] Safepoint "ICBufferFull", Time since last: 3376600 ns, Reaching safepoint: 219100 ns, At safepoint: 39300 ns, Total: 258400 ns
[2023-01-08T10:04:22.289+0000][7][safepoint   ] Safepoint "ICBufferFull", Time since last: 405887800 ns, Reaching safepoint: 282600 ns, At safepoint: 46700 ns, Total: 329300 ns
[2023-01-08T10:04:22.761+0000][7][gc,start    ] GC(3) Pause Young (Normal) (G1 Evacuation Pause)
[2023-01-08T10:04:22.762+0000][7][gc,task     ] GC(3) Using 10 workers of 10 for evacuation
[2023-01-08T10:04:22.762+0000][7][gc,age      ] GC(3) Desired survivor size 20971520 bytes, new threshold 15 (max threshold 15)
[2023-01-08T10:04:22.769+0000][7][gc,age      ] GC(3) Age table with threshold 15 (max threshold 15)
[2023-01-08T10:04:22.769+0000][7][gc,age      ] GC(3) - age   1:    6559056 bytes,    6559056 total
[2023-01-08T10:04:22.769+0000][7][gc,age      ] GC(3) - age   2:    1147936 bytes,    7706992 total
[2023-01-08T10:04:22.770+0000][7][gc,age      ] GC(3) - age   3:    2025656 bytes,    9732648 total
[2023-01-08T10:04:22.770+0000][7][gc,phases   ] GC(3)   Pre Evacuate Collection Set: 0.3ms
[2023-01-08T10:04:22.771+0000][7][gc,phases   ] GC(3)   Merge Heap Roots: 0.2ms
[2023-01-08T10:04:22.771+0000][7][gc,phases   ] GC(3)   Evacuate Collection Set: 3.9ms
[2023-01-08T10:04:22.771+0000][7][gc,phases   ] GC(3)   Post Evacuate Collection Set: 1.4ms
[2023-01-08T10:04:22.772+0000][7][gc,phases   ] GC(3)   Other: 3.2ms
[2023-01-08T10:04:22.772+0000][7][gc,heap     ] GC(3) Eden regions: 72->0(73)
[2023-01-08T10:04:22.772+0000][7][gc,heap     ] GC(3) Survivor regions: 1->3(10)
[2023-01-08T10:04:22.772+0000][7][gc,heap     ] GC(3) Old regions: 2->2
[2023-01-08T10:04:22.773+0000][7][gc,heap     ] GC(3) Archive regions: 2->2
[2023-01-08T10:04:22.773+0000][7][gc,heap     ] GC(3) Humongous regions: 0->0
[2023-01-08T10:04:22.773+0000][7][gc,metaspace] GC(3) Metaspace: 18291K(19072K)->18291K(19072K) NonClass: 16107K(16640K)->16107K(16640K) Class: 2183K(2432K)->2183K(2432K)
[2023-01-08T10:04:22.773+0000][7][gc          ] GC(3) Pause Young (Normal) (G1 Evacuation Pause) 299M->17M(512M) 12.010ms
[2023-01-08T10:04:22.774+0000][7][gc,cpu      ] GC(3) User=0.05s Sys=0.00s Real=0.01s
[2023-01-08T10:04:22.774+0000][7][safepoint   ] Safepoint "G1CollectForAllocation", Time since last: 471490500 ns, Reaching safepoint: 378000 ns, At safepoint: 12643100 ns, Total: 13021100 ns
[2023-01-08T10:04:23.376+0000][7][gc,start    ] GC(4) Pause Young (Normal) (G1 Evacuation Pause)
[2023-01-08T10:04:23.376+0000][7][gc,task     ] GC(4) Using 10 workers of 10 for evacuation
[2023-01-08T10:04:23.377+0000][7][gc,age      ] GC(4) Desired survivor size 20971520 bytes, new threshold 15 (max threshold 15)
[2023-01-08T10:04:23.382+0000][7][gc,age      ] GC(4) Age table with threshold 15 (max threshold 15)
[2023-01-08T10:04:23.383+0000][7][gc,age      ] GC(4) - age   1:    2803016 bytes,    2803016 total
[2023-01-08T10:04:23.383+0000][7][gc,age      ] GC(4) - age   2:    4648432 bytes,    7451448 total
[2023-01-08T10:04:23.384+0000][7][gc,age      ] GC(4) - age   3:    1147936 bytes,    8599384 total
[2023-01-08T10:04:23.384+0000][7][gc,age      ] GC(4) - age   4:    2025656 bytes,   10625040 total
[2023-01-08T10:04:23.385+0000][7][gc,phases   ] GC(4)   Pre Evacuate Collection Set: 0.2ms
[2023-01-08T10:04:23.385+0000][7][gc,phases   ] GC(4)   Merge Heap Roots: 0.4ms
[2023-01-08T10:04:23.385+0000][7][gc,phases   ] GC(4)   Evacuate Collection Set: 3.4ms
[2023-01-08T10:04:23.386+0000][7][gc,phases   ] GC(4)   Post Evacuate Collection Set: 1.7ms
[2023-01-08T10:04:23.386+0000][7][gc,phases   ] GC(4)   Other: 3.3ms
[2023-01-08T10:04:23.386+0000][7][gc,heap     ] GC(4) Eden regions: 73->0(73)
[2023-01-08T10:04:23.387+0000][7][gc,heap     ] GC(4) Survivor regions: 3->3(10)
[2023-01-08T10:04:23.387+0000][7][gc,heap     ] GC(4) Old regions: 2->2
[2023-01-08T10:04:23.387+0000][7][gc,heap     ] GC(4) Archive regions: 2->2
[2023-01-08T10:04:23.387+0000][7][gc,heap     ] GC(4) Humongous regions: 0->0
[2023-01-08T10:04:23.388+0000][7][gc,metaspace] GC(4) Metaspace: 19051K(19968K)->19051K(19968K) NonClass: 16761K(17408K)->16761K(17408K) Class: 2289K(2560K)->2289K(2560K)
[2023-01-08T10:04:23.388+0000][7][gc          ] GC(4) Pause Young (Normal) (G1 Evacuation Pause) 309M->18M(512M) 12.405ms
[2023-01-08T10:04:23.388+0000][7][gc,cpu      ] GC(4) User=0.05s Sys=0.00s Real=0.01s
[2023-01-08T10:04:23.389+0000][7][safepoint   ] Safepoint "G1CollectForAllocation", Time since last: 601320700 ns, Reaching safepoint: 376900 ns, At safepoint: 13170400 ns, Total: 13547300 ns
[2023-01-08T10:04:23.858+0000][7][gc,start    ] GC(5) Pause Young (Normal) (G1 Evacuation Pause)
[2023-01-08T10:04:23.858+0000][7][gc,task     ] GC(5) Using 10 workers of 10 for evacuation
[2023-01-08T10:04:23.858+0000][7][gc,age      ] GC(5) Desired survivor size 20971520 bytes, new threshold 15 (max threshold 15)
[2023-01-08T10:04:23.864+0000][7][gc,age      ] GC(5) Age table with threshold 15 (max threshold 15)
[2023-01-08T10:04:23.865+0000][7][gc,age      ] GC(5) - age   1:     581056 bytes,     581056 total
[2023-01-08T10:04:23.865+0000][7][gc,age      ] GC(5) - age   2:    2761504 bytes,    3342560 total
[2023-01-08T10:04:23.865+0000][7][gc,age      ] GC(5) - age   3:    4644544 bytes,    7987104 total
[2023-01-08T10:04:23.866+0000][7][gc,age      ] GC(5) - age   4:    1147936 bytes,    9135040 total
[2023-01-08T10:04:23.866+0000][7][gc,age      ] GC(5) - age   5:    2025656 bytes,   11160696 total
[2023-01-08T10:04:23.866+0000][7][gc,phases   ] GC(5)   Pre Evacuate Collection Set: 0.2ms
[2023-01-08T10:04:23.867+0000][7][gc,phases   ] GC(5)   Merge Heap Roots: 0.2ms
[2023-01-08T10:04:23.867+0000][7][gc,phases   ] GC(5)   Evacuate Collection Set: 4.2ms
[2023-01-08T10:04:23.867+0000][7][gc,phases   ] GC(5)   Post Evacuate Collection Set: 1.4ms
[2023-01-08T10:04:23.868+0000][7][gc,phases   ] GC(5)   Other: 2.8ms
[2023-01-08T10:04:23.868+0000][7][gc,heap     ] GC(5) Eden regions: 73->0(73)
[2023-01-08T10:04:23.868+0000][7][gc,heap     ] GC(5) Survivor regions: 3->3(10)
[2023-01-08T10:04:23.868+0000][7][gc,heap     ] GC(5) Old regions: 2->2
[2023-01-08T10:04:23.869+0000][7][gc,heap     ] GC(5) Archive regions: 2->2
[2023-01-08T10:04:23.869+0000][7][gc,heap     ] GC(5) Humongous regions: 0->0
[2023-01-08T10:04:23.869+0000][7][gc,metaspace] GC(5) Metaspace: 19440K(20608K)->19440K(20608K) NonClass: 17078K(17920K)->17078K(17920K) Class: 2362K(2688K)->2362K(2688K)
[2023-01-08T10:04:23.870+0000][7][gc          ] GC(5) Pause Young (Normal) (G1 Evacuation Pause) 310M->19M(512M) 12.072ms
[2023-01-08T10:04:23.870+0000][7][gc,cpu      ] GC(5) User=0.10s Sys=0.00s Real=0.02s
[2023-01-08T10:04:23.870+0000][7][safepoint   ] Safepoint "G1CollectForAllocation", Time since last: 468369100 ns, Reaching safepoint: 292200 ns, At safepoint: 12709200 ns, Total: 13001400 ns
[2023-01-08T10:04:24.374+0000][7][gc,start    ] GC(6) Pause Young (Normal) (G1 Evacuation Pause)
[2023-01-08T10:04:24.374+0000][7][gc,task     ] GC(6) Using 10 workers of 10 for evacuation
[2023-01-08T10:04:24.375+0000][7][gc,age      ] GC(6) Desired survivor size 20971520 bytes, new threshold 15 (max threshold 15)
[2023-01-08T10:04:24.381+0000][7][gc,age      ] GC(6) Age table with threshold 15 (max threshold 15)
[2023-01-08T10:04:24.382+0000][7][gc,age      ] GC(6) - age   1:    2935040 bytes,    2935040 total
[2023-01-08T10:04:24.382+0000][7][gc,age      ] GC(6) - age   2:     552104 bytes,    3487144 total
[2023-01-08T10:04:24.382+0000][7][gc,age      ] GC(6) - age   3:    2759728 bytes,    6246872 total
[2023-01-08T10:04:24.383+0000][7][gc,age      ] GC(6) - age   4:    4644024 bytes,   10890896 total
[2023-01-08T10:04:24.383+0000][7][gc,age      ] GC(6) - age   5:    1147760 bytes,   12038656 total
[2023-01-08T10:04:24.383+0000][7][gc,age      ] GC(6) - age   6:    2025656 bytes,   14064312 total
[2023-01-08T10:04:24.384+0000][7][gc,phases   ] GC(6)   Pre Evacuate Collection Set: 0.2ms
[2023-01-08T10:04:24.384+0000][7][gc,phases   ] GC(6)   Merge Heap Roots: 0.2ms
[2023-01-08T10:04:24.384+0000][7][gc,phases   ] GC(6)   Evacuate Collection Set: 4.7ms
[2023-01-08T10:04:24.385+0000][7][gc,phases   ] GC(6)   Post Evacuate Collection Set: 1.4ms
[2023-01-08T10:04:24.385+0000][7][gc,phases   ] GC(6)   Other: 3.2ms
[2023-01-08T10:04:24.385+0000][7][gc,heap     ] GC(6) Eden regions: 73->0(72)
[2023-01-08T10:04:24.385+0000][7][gc,heap     ] GC(6) Survivor regions: 3->4(10)
[2023-01-08T10:04:24.386+0000][7][gc,heap     ] GC(6) Old regions: 2->2
[2023-01-08T10:04:24.386+0000][7][gc,heap     ] GC(6) Archive regions: 2->2
[2023-01-08T10:04:24.386+0000][7][gc,heap     ] GC(6) Humongous regions: 0->0
[2023-01-08T10:04:24.386+0000][7][gc,metaspace] GC(6) Metaspace: 19846K(21120K)->19846K(21120K) NonClass: 17416K(18432K)->17416K(18432K) Class: 2430K(2688K)->2430K(2688K)
[2023-01-08T10:04:24.387+0000][7][gc          ] GC(6) Pause Young (Normal) (G1 Evacuation Pause) 311M->22M(512M) 12.567ms
[2023-01-08T10:04:24.387+0000][7][gc,cpu      ] GC(6) User=0.07s Sys=0.00s Real=0.01s
[2023-01-08T10:04:24.387+0000][7][safepoint   ] Safepoint "G1CollectForAllocation", Time since last: 503479900 ns, Reaching safepoint: 295600 ns, At safepoint: 13195600 ns, Total: 13491200 ns
[2023-01-08T10:04:24.699+0000][7][gc,start    ] GC(7) Pause Young (Concurrent Start) (Metadata GC Threshold)
[2023-01-08T10:04:24.700+0000][7][gc,task     ] GC(7) Using 10 workers of 10 for evacuation
[2023-01-08T10:04:24.700+0000][7][gc,age      ] GC(7) Desired survivor size 20971520 bytes, new threshold 15 (max threshold 15)
[2023-01-08T10:04:24.708+0000][7][gc,age      ] GC(7) Age table with threshold 15 (max threshold 15)
[2023-01-08T10:04:24.709+0000][7][gc,age      ] GC(7) - age   1:     747688 bytes,     747688 total
[2023-01-08T10:04:24.709+0000][7][gc,age      ] GC(7) - age   2:    2058272 bytes,    2805960 total
[2023-01-08T10:04:24.710+0000][7][gc,age      ] GC(7) - age   3:     551496 bytes,    3357456 total
[2023-01-08T10:04:24.710+0000][7][gc,age      ] GC(7) - age   4:    2759728 bytes,    6117184 total
[2023-01-08T10:04:24.711+0000][7][gc,age      ] GC(7) - age   5:    4643704 bytes,   10760888 total
[2023-01-08T10:04:24.711+0000][7][gc,age      ] GC(7) - age   6:    1147760 bytes,   11908648 total
[2023-01-08T10:04:24.711+0000][7][gc,age      ] GC(7) - age   7:    2025656 bytes,   13934304 total
[2023-01-08T10:04:24.712+0000][7][gc,phases   ] GC(7)   Pre Evacuate Collection Set: 0.3ms
[2023-01-08T10:04:24.712+0000][7][gc,phases   ] GC(7)   Merge Heap Roots: 0.3ms
[2023-01-08T10:04:24.713+0000][7][gc,phases   ] GC(7)   Evacuate Collection Set: 5.4ms
[2023-01-08T10:04:24.713+0000][7][gc,phases   ] GC(7)   Post Evacuate Collection Set: 1.9ms
[2023-01-08T10:04:24.713+0000][7][gc,phases   ] GC(7)   Other: 4.8ms
[2023-01-08T10:04:24.714+0000][7][gc,heap     ] GC(7) Eden regions: 52->0(72)
[2023-01-08T10:04:24.714+0000][7][gc,heap     ] GC(7) Survivor regions: 4->4(10)
[2023-01-08T10:04:24.715+0000][7][gc,heap     ] GC(7) Old regions: 2->2
[2023-01-08T10:04:24.715+0000][7][gc,heap     ] GC(7) Archive regions: 2->2
[2023-01-08T10:04:24.715+0000][7][gc,heap     ] GC(7) Humongous regions: 0->0
[2023-01-08T10:04:24.716+0000][7][gc,metaspace] GC(7) Metaspace: 19910K(21248K)->19910K(21248K) NonClass: 17466K(18432K)->17466K(18432K) Class: 2443K(2816K)->2443K(2816K)
[2023-01-08T10:04:24.716+0000][7][gc          ] GC(7) Pause Young (Concurrent Start) (Metadata GC Threshold) 228M->21M(512M) 16.790ms
[2023-01-08T10:04:24.716+0000][7][gc,cpu      ] GC(7) User=0.06s Sys=0.01s Real=0.02s
[2023-01-08T10:04:24.717+0000][7][gc          ] GC(8) Concurrent Cycle
[2023-01-08T10:04:24.717+0000][7][safepoint   ] Safepoint "CollectForMetadataAllocation", Time since last: 311747700 ns, Reaching safepoint: 256300 ns, At safepoint: 17529300 ns, Total: 17785600 ns
[2023-01-08T10:04:24.717+0000][7][gc,marking  ] GC(8) Concurrent Clear Claimed Marks
[2023-01-08T10:04:24.717+0000][7][gc,marking  ] GC(8) Concurrent Clear Claimed Marks 0.564ms
[2023-01-08T10:04:24.718+0000][7][gc,marking  ] GC(8) Concurrent Scan Root Regions
[2023-01-08T10:04:24.721+0000][7][gc,marking  ] GC(8) Concurrent Scan Root Regions 3.659ms
[2023-01-08T10:04:24.722+0000][7][gc,marking  ] GC(8) Concurrent Mark (5.935s)
[2023-01-08T10:04:24.722+0000][7][gc,marking  ] GC(8) Concurrent Mark From Roots
[2023-01-08T10:04:24.722+0000][7][gc,task     ] GC(8) Using 3 workers of 3 for marking
[2023-01-08T10:04:24.728+0000][7][gc,marking  ] GC(8) Concurrent Mark From Roots 6.002ms
[2023-01-08T10:04:24.728+0000][7][gc,marking  ] GC(8) Concurrent Preclean
[2023-01-08T10:04:24.729+0000][7][gc,marking  ] GC(8) Concurrent Preclean 0.393ms
[2023-01-08T10:04:24.729+0000][7][gc,marking  ] GC(8) Concurrent Mark (5.935s, 5.942s) 7.255ms
[2023-01-08T10:04:24.730+0000][7][gc,start    ] GC(8) Pause Remark
[2023-01-08T10:04:24.732+0000][7][gc          ] GC(8) Pause Remark 29M->29M(512M) 2.658ms
[2023-01-08T10:04:24.733+0000][7][gc,cpu      ] GC(8) User=0.01s Sys=0.01s Real=0.00s
[2023-01-08T10:04:24.733+0000][7][safepoint   ] Safepoint "G1Concurrent", Time since last: 12483200 ns, Reaching safepoint: 392200 ns, At safepoint: 3499100 ns, Total: 3891300 ns
[2023-01-08T10:04:24.734+0000][7][gc,marking  ] GC(8) Concurrent Rebuild Remembered Sets
[2023-01-08T10:04:24.738+0000][7][gc,marking  ] GC(8) Concurrent Rebuild Remembered Sets 4.014ms
[2023-01-08T10:04:24.739+0000][7][gc,start    ] GC(8) Pause Cleanup
[2023-01-08T10:04:24.740+0000][7][gc          ] GC(8) Pause Cleanup 33M->33M(512M) 0.718ms
[2023-01-08T10:04:24.740+0000][7][gc,cpu      ] GC(8) User=0.01s Sys=0.00s Real=0.01s
[2023-01-08T10:04:24.740+0000][7][safepoint   ] Safepoint "G1Concurrent", Time since last: 4908900 ns, Reaching safepoint: 933900 ns, At safepoint: 1473900 ns, Total: 2407800 ns
[2023-01-08T10:04:24.741+0000][7][gc,marking  ] GC(8) Concurrent Cleanup for Next Mark
[2023-01-08T10:04:24.742+0000][7][gc,marking  ] GC(8) Concurrent Cleanup for Next Mark 0.876ms
[2023-01-08T10:04:24.742+0000][7][gc          ] GC(8) Concurrent Cycle 25.670ms
[2023-01-08T10:04:25.741+0000][7][safepoint   ] Safepoint "Cleanup", Time since last: 1000542800 ns, Reaching safepoint: 327900 ns, At safepoint: 59200 ns, Total: 387100 ns
[2023-01-08T10:04:26.914+0000][7][safepoint   ] Safepoint "ICBufferFull", Time since last: 1171963200 ns, Reaching safepoint: 381800 ns, At safepoint: 75900 ns, Total: 457700 ns
[2023-01-08T10:04:27.986+0000][7][gc,start    ] GC(9) Pause Young (Normal) (G1 Evacuation Pause)
[2023-01-08T10:04:27.986+0000][7][gc,task     ] GC(9) Using 10 workers of 10 for evacuation
[2023-01-08T10:04:27.987+0000][7][gc,age      ] GC(9) Desired survivor size 20971520 bytes, new threshold 15 (max threshold 15)
[2023-01-08T10:04:28.004+0000][7][gc,age      ] GC(9) Age table with threshold 15 (max threshold 15)
[2023-01-08T10:04:28.004+0000][7][gc,age      ] GC(9) - age   1:   26412752 bytes,   26412752 total
[2023-01-08T10:04:28.005+0000][7][gc,age      ] GC(9) - age   2:     708216 bytes,   27120968 total
[2023-01-08T10:04:28.005+0000][7][gc,age      ] GC(9) - age   3:    2040232 bytes,   29161200 total
[2023-01-08T10:04:28.005+0000][7][gc,age      ] GC(9) - age   4:     533712 bytes,   29694912 total
[2023-01-08T10:04:28.006+0000][7][gc,age      ] GC(9) - age   5:    2742688 bytes,   32437600 total
[2023-01-08T10:04:28.006+0000][7][gc,age      ] GC(9) - age   6:    4594144 bytes,   37031744 total
[2023-01-08T10:04:28.006+0000][7][gc,age      ] GC(9) - age   7:    1104048 bytes,   38135792 total
[2023-01-08T10:04:28.006+0000][7][gc,age      ] GC(9) - age   8:    2015072 bytes,   40150864 total
[2023-01-08T10:04:28.007+0000][7][gc,phases   ] GC(9)   Pre Evacuate Collection Set: 0.3ms
[2023-01-08T10:04:28.007+0000][7][gc,phases   ] GC(9)   Merge Heap Roots: 0.2ms
[2023-01-08T10:04:28.007+0000][7][gc,phases   ] GC(9)   Evacuate Collection Set: 14.3ms
[2023-01-08T10:04:28.007+0000][7][gc,phases   ] GC(9)   Post Evacuate Collection Set: 1.8ms
[2023-01-08T10:04:28.008+0000][7][gc,phases   ] GC(9)   Other: 4.3ms
[2023-01-08T10:04:28.008+0000][7][gc,heap     ] GC(9) Eden regions: 72->0(66)
[2023-01-08T10:04:28.008+0000][7][gc,heap     ] GC(9) Survivor regions: 4->10(10)
[2023-01-08T10:04:28.009+0000][7][gc,heap     ] GC(9) Old regions: 2->2
[2023-01-08T10:04:28.009+0000][7][gc,heap     ] GC(9) Archive regions: 2->2
[2023-01-08T10:04:28.009+0000][7][gc,heap     ] GC(9) Humongous regions: 0->0
[2023-01-08T10:04:28.010+0000][7][gc,metaspace] GC(9) Metaspace: 29948K(32000K)->29948K(32000K) NonClass: 26200K(27648K)->26200K(27648K) Class: 3748K(4352K)->3748K(4352K)
[2023-01-08T10:04:28.010+0000][7][gc          ] GC(9) Pause Young (Normal) (G1 Evacuation Pause) 309M->47M(512M) 24.114ms
[2023-01-08T10:04:28.010+0000][7][gc,cpu      ] GC(9) User=0.20s Sys=0.00s Real=0.03s
[2023-01-08T10:04:28.011+0000][7][safepoint   ] Safepoint "G1CollectForAllocation", Time since last: 1071808900 ns, Reaching safepoint: 304600 ns, At safepoint: 24989100 ns, Total: 25293700 ns
[2023-01-08T10:04:28.671+0000][7][gc,start    ] GC(10) Pause Young (Concurrent Start) (Metadata GC Threshold)
[2023-01-08T10:04:28.672+0000][7][gc,task     ] GC(10) Using 10 workers of 10 for evacuation
[2023-01-08T10:04:28.672+0000][7][gc,age      ] GC(10) Desired survivor size 20971520 bytes, new threshold 1 (max threshold 15)
[2023-01-08T10:04:28.699+0000][7][gc,age      ] GC(10) Age table with threshold 1 (max threshold 15)
[2023-01-08T10:04:28.700+0000][7][gc,age      ] GC(10) - age   1:   12845208 bytes,   12845208 total
[2023-01-08T10:04:28.700+0000][7][gc,phases   ] GC(10)   Pre Evacuate Collection Set: 0.4ms
[2023-01-08T10:04:28.701+0000][7][gc,phases   ] GC(10)   Merge Heap Roots: 0.4ms
[2023-01-08T10:04:28.701+0000][7][gc,phases   ] GC(10)   Evacuate Collection Set: 23.4ms
[2023-01-08T10:04:28.702+0000][7][gc,phases   ] GC(10)   Post Evacuate Collection Set: 1.9ms
[2023-01-08T10:04:28.702+0000][7][gc,phases   ] GC(10)   Other: 3.3ms
[2023-01-08T10:04:28.703+0000][7][gc,heap     ] GC(10) Eden regions: 21->0(68)
[2023-01-08T10:04:28.703+0000][7][gc,heap     ] GC(10) Survivor regions: 10->4(10)
[2023-01-08T10:04:28.703+0000][7][gc,heap     ] GC(10) Old regions: 2->11
[2023-01-08T10:04:28.704+0000][7][gc,heap     ] GC(10) Archive regions: 2->2
[2023-01-08T10:04:28.704+0000][7][gc,heap     ] GC(10) Humongous regions: 0->0
[2023-01-08T10:04:28.704+0000][7][gc,metaspace] GC(10) Metaspace: 33848K(35840K)->33848K(35840K) NonClass: 29476K(30848K)->29476K(30848K) Class: 4371K(4992K)->4371K(4992K)
[2023-01-08T10:04:28.705+0000][7][gc          ] GC(10) Pause Young (Concurrent Start) (Metadata GC Threshold) 129M->61M(512M) 33.696ms
[2023-01-08T10:04:28.705+0000][7][gc,cpu      ] GC(10) User=0.26s Sys=0.01s Real=0.03s
[2023-01-08T10:04:28.705+0000][7][gc          ] GC(11) Concurrent Cycle
[2023-01-08T10:04:28.706+0000][7][safepoint   ] Safepoint "CollectForMetadataAllocation", Time since last: 659668600 ns, Reaching safepoint: 310700 ns, At safepoint: 34858400 ns, Total: 35169100 ns
[2023-01-08T10:04:28.706+0000][7][gc,marking  ] GC(11) Concurrent Clear Claimed Marks
[2023-01-08T10:04:28.707+0000][7][gc,marking  ] GC(11) Concurrent Clear Claimed Marks 0.871ms
[2023-01-08T10:04:28.707+0000][7][gc,marking  ] GC(11) Concurrent Scan Root Regions
[2023-01-08T10:04:28.727+0000][7][gc,marking  ] GC(11) Concurrent Scan Root Regions 19.316ms
[2023-01-08T10:04:28.727+0000][7][gc,marking  ] GC(11) Concurrent Mark (9.941s)
[2023-01-08T10:04:28.728+0000][7][gc,marking  ] GC(11) Concurrent Mark From Roots
[2023-01-08T10:04:28.728+0000][7][gc,task     ] GC(11) Using 3 workers of 3 for marking
[2023-01-08T10:04:28.728+0000][7][safepoint   ] Safepoint "CollectForMetadataAllocation", Time since last: 21494200 ns, Reaching safepoint: 391300 ns, At safepoint: 576500 ns, Total: 967800 ns
[2023-01-08T10:04:28.735+0000][7][gc,marking  ] GC(11) Concurrent Mark From Roots 7.433ms
[2023-01-08T10:04:28.735+0000][7][gc,marking  ] GC(11) Concurrent Preclean
[2023-01-08T10:04:28.736+0000][7][gc,marking  ] GC(11) Concurrent Preclean 0.402ms
[2023-01-08T10:04:28.736+0000][7][gc,marking  ] GC(11) Concurrent Mark (9.941s, 9.950s) 8.927ms
[2023-01-08T10:04:28.737+0000][7][gc,start    ] GC(11) Pause Remark
[2023-01-08T10:04:28.741+0000][7][gc          ] GC(11) Pause Remark 63M->63M(512M) 4.025ms
[2023-01-08T10:04:28.741+0000][7][gc,cpu      ] GC(11) User=0.03s Sys=0.00s Real=0.01s
[2023-01-08T10:04:28.742+0000][7][safepoint   ] Safepoint "G1Concurrent", Time since last: 8320300 ns, Reaching safepoint: 386600 ns, At safepoint: 5096600 ns, Total: 5483200 ns
[2023-01-08T10:04:28.742+0000][7][gc,marking  ] GC(11) Concurrent Rebuild Remembered Sets
[2023-01-08T10:04:28.764+0000][7][gc,marking  ] GC(11) Concurrent Rebuild Remembered Sets 21.865ms
[2023-01-08T10:04:28.766+0000][7][gc,start    ] GC(11) Pause Cleanup
[2023-01-08T10:04:28.766+0000][7][gc          ] GC(11) Pause Cleanup 65M->65M(512M) 0.670ms
[2023-01-08T10:04:28.767+0000][7][gc,cpu      ] GC(11) User=0.00s Sys=0.00s Real=0.00s
[2023-01-08T10:04:28.767+0000][7][safepoint   ] Safepoint "G1Concurrent", Time since last: 22835000 ns, Reaching safepoint: 728300 ns, At safepoint: 1410300 ns, Total: 2138600 ns
[2023-01-08T10:04:28.767+0000][7][gc,marking  ] GC(11) Concurrent Cleanup for Next Mark
[2023-01-08T10:04:28.769+0000][7][gc,marking  ] GC(11) Concurrent Cleanup for Next Mark 1.163ms
[2023-01-08T10:04:28.769+0000][7][gc          ] GC(11) Concurrent Cycle 63.731ms
[2023-01-08T10:04:29.769+0000][7][safepoint   ] Safepoint "ICBufferFull", Time since last: 1001349900 ns, Reaching safepoint: 426200 ns, At safepoint: 43100 ns, Total: 469300 ns
[2023-01-08T10:04:30.711+0000][7][safepoint   ] Safepoint "ICBufferFull", Time since last: 942057800 ns, Reaching safepoint: 395300 ns, At safepoint: 73500 ns, Total: 468800 ns
[2023-01-08T10:04:30.811+0000][7][gc,start    ] GC(12) Pause Young (Concurrent Start) (G1 Evacuation Pause)
[2023-01-08T10:04:30.811+0000][7][gc,task     ] GC(12) Using 10 workers of 10 for evacuation
[2023-01-08T10:04:30.811+0000][7][gc,age      ] GC(12) Desired survivor size 18874368 bytes, new threshold 15 (max threshold 15)
[2023-01-08T10:04:30.823+0000][7][gc,age      ] GC(12) Age table with threshold 15 (max threshold 15)
[2023-01-08T10:04:30.823+0000][7][gc,age      ] GC(12) - age   1:    6369128 bytes,    6369128 total
[2023-01-08T10:04:30.824+0000][7][gc,age      ] GC(12) - age   2:   12704072 bytes,   19073200 total
[2023-01-08T10:04:30.824+0000][7][gc,phases   ] GC(12)   Pre Evacuate Collection Set: 0.3ms
[2023-01-08T10:04:30.825+0000][7][gc,phases   ] GC(12)   Merge Heap Roots: 0.2ms
[2023-01-08T10:04:30.825+0000][7][gc,phases   ] GC(12)   Evacuate Collection Set: 8.2ms
[2023-01-08T10:04:30.825+0000][7][gc,phases   ] GC(12)   Post Evacuate Collection Set: 2.1ms
[2023-01-08T10:04:30.826+0000][7][gc,phases   ] GC(12)   Other: 2.6ms
[2023-01-08T10:04:30.826+0000][7][gc,heap     ] GC(12) Eden regions: 68->0(71)
[2023-01-08T10:04:30.827+0000][7][gc,heap     ] GC(12) Survivor regions: 4->5(9)
[2023-01-08T10:04:30.827+0000][7][gc,heap     ] GC(12) Old regions: 11->11
[2023-01-08T10:04:30.828+0000][7][gc,heap     ] GC(12) Archive regions: 2->2
[2023-01-08T10:04:30.828+0000][7][gc,heap     ] GC(12) Humongous regions: 0->0
[2023-01-08T10:04:30.829+0000][7][gc,metaspace] GC(12) Metaspace: 51656K(54656K)->51656K(54656K) NonClass: 44747K(46848K)->44747K(46848K) Class: 6908K(7808K)->6908K(7808K)
[2023-01-08T10:04:30.829+0000][7][gc          ] GC(12) Pause Young (Concurrent Start) (G1 Evacuation Pause) 333M->65M(512M) 18.312ms
[2023-01-08T10:04:30.829+0000][7][gc,cpu      ] GC(12) User=0.11s Sys=0.00s Real=0.02s
[2023-01-08T10:04:30.830+0000][7][gc          ] GC(13) Concurrent Cycle
[2023-01-08T10:04:30.830+0000][7][gc,marking  ] GC(13) Concurrent Clear Claimed Marks
[2023-01-08T10:04:30.830+0000][7][safepoint   ] Safepoint "G1CollectForAllocation", Time since last: 99037200 ns, Reaching safepoint: 284300 ns, At safepoint: 19298600 ns, Total: 19582900 ns
[2023-01-08T10:04:30.831+0000][7][gc,marking  ] GC(13) Concurrent Clear Claimed Marks 0.394ms
[2023-01-08T10:04:30.831+0000][7][gc,marking  ] GC(13) Concurrent Scan Root Regions
[2023-01-08T10:04:30.839+0000][7][gc,marking  ] GC(13) Concurrent Scan Root Regions 7.390ms
[2023-01-08T10:04:30.839+0000][7][gc,marking  ] GC(13) Concurrent Mark (12.052s)
[2023-01-08T10:04:30.839+0000][7][gc,marking  ] GC(13) Concurrent Mark From Roots
[2023-01-08T10:04:30.840+0000][7][gc,task     ] GC(13) Using 3 workers of 3 for marking
[2023-01-08T10:04:30.880+0000][7][gc,marking  ] GC(13) Concurrent Mark From Roots 40.752ms
[2023-01-08T10:04:30.881+0000][7][gc,marking  ] GC(13) Concurrent Preclean
[2023-01-08T10:04:30.882+0000][7][gc,marking  ] GC(13) Concurrent Preclean 0.823ms
[2023-01-08T10:04:30.882+0000][7][gc,marking  ] GC(13) Concurrent Mark (12.052s, 12.095s) 42.904ms
[2023-01-08T10:04:30.883+0000][7][gc,start    ] GC(13) Pause Remark
[2023-01-08T10:04:30.886+0000][7][gc          ] GC(13) Pause Remark 81M->81M(512M) 3.378ms
[2023-01-08T10:04:30.887+0000][7][gc,cpu      ] GC(13) User=0.02s Sys=0.00s Real=0.00s
[2023-01-08T10:04:30.887+0000][7][safepoint   ] Safepoint "G1Concurrent", Time since last: 52401500 ns, Reaching safepoint: 490600 ns, At safepoint: 4362700 ns, Total: 4853300 ns
[2023-01-08T10:04:30.888+0000][7][gc,marking  ] GC(13) Concurrent Rebuild Remembered Sets
[2023-01-08T10:04:30.913+0000][7][gc,marking  ] GC(13) Concurrent Rebuild Remembered Sets 25.255ms
[2023-01-08T10:04:30.914+0000][7][gc,start    ] GC(13) Pause Cleanup
[2023-01-08T10:04:30.915+0000][7][gc          ] GC(13) Pause Cleanup 85M->85M(512M) 0.825ms
[2023-01-08T10:04:30.915+0000][7][gc,cpu      ] GC(13) User=0.00s Sys=0.00s Real=0.00s
[2023-01-08T10:04:30.916+0000][7][safepoint   ] Safepoint "G1Concurrent", Time since last: 26277400 ns, Reaching safepoint: 824400 ns, At safepoint: 1606400 ns, Total: 2430800 ns
[2023-01-08T10:04:30.916+0000][7][gc,marking  ] GC(13) Concurrent Cleanup for Next Mark
[2023-01-08T10:04:30.917+0000][7][gc,marking  ] GC(13) Concurrent Cleanup for Next Mark 0.779ms
[2023-01-08T10:04:30.917+0000][7][gc          ] GC(13) Concurrent Cycle 87.592ms
[2023-01-08T10:04:31.876+0000][7][safepoint   ] Safepoint "ICBufferFull", Time since last: 959442400 ns, Reaching safepoint: 571700 ns, At safepoint: 26900 ns, Total: 598600 ns
[2023-01-08T10:04:32.956+0000][7][safepoint   ] Safepoint "ICBufferFull", Time since last: 1079500300 ns, Reaching safepoint: 971200 ns, At safepoint: 24500 ns, Total: 995700 ns
[2023-01-08T10:04:33.915+0000][7][safepoint   ] Safepoint "ICBufferFull", Time since last: 958669200 ns, Reaching safepoint: 341100 ns, At safepoint: 53900 ns, Total: 395000 ns
[2023-01-08T10:04:34.821+0000][7][safepoint   ] Safepoint "ICBufferFull", Time since last: 905235400 ns, Reaching safepoint: 367300 ns, At safepoint: 64400 ns, Total: 431700 ns
[2023-01-08T10:04:35.454+0000][7][gc,start    ] GC(14) Pause Young (Concurrent Start) (Metadata GC Threshold)
[2023-01-08T10:04:35.454+0000][7][gc,task     ] GC(14) Using 10 workers of 10 for evacuation
[2023-01-08T10:04:35.455+0000][7][gc,age      ] GC(14) Desired survivor size 20971520 bytes, new threshold 15 (max threshold 15)
[2023-01-08T10:04:35.475+0000][7][gc,age      ] GC(14) Age table with threshold 15 (max threshold 15)
[2023-01-08T10:04:35.475+0000][7][gc,age      ] GC(14) - age   1:   13850032 bytes,   13850032 total
[2023-01-08T10:04:35.475+0000][7][gc,age      ] GC(14) - age   2:    6015872 bytes,   19865904 total
[2023-01-08T10:04:35.476+0000][7][gc,age      ] GC(14) - age   3:   12685168 bytes,   32551072 total
[2023-01-08T10:04:35.476+0000][7][gc,phases   ] GC(14)   Pre Evacuate Collection Set: 0.4ms
[2023-01-08T10:04:35.476+0000][7][gc,phases   ] GC(14)   Merge Heap Roots: 0.4ms
[2023-01-08T10:04:35.477+0000][7][gc,phases   ] GC(14)   Evacuate Collection Set: 14.5ms
[2023-01-08T10:04:35.477+0000][7][gc,phases   ] GC(14)   Post Evacuate Collection Set: 4.0ms
[2023-01-08T10:04:35.477+0000][7][gc,phases   ] GC(14)   Other: 2.8ms
[2023-01-08T10:04:35.477+0000][7][gc,heap     ] GC(14) Eden regions: 62->0(67)
[2023-01-08T10:04:35.478+0000][7][gc,heap     ] GC(14) Survivor regions: 5->9(10)
[2023-01-08T10:04:35.478+0000][7][gc,heap     ] GC(14) Old regions: 11->11
[2023-01-08T10:04:35.478+0000][7][gc,heap     ] GC(14) Archive regions: 2->2
[2023-01-08T10:04:35.479+0000][7][gc,heap     ] GC(14) Humongous regions: 2->2
[2023-01-08T10:04:35.479+0000][7][gc,metaspace] GC(14) Metaspace: 87017K(91096K)->87017K(91096K) NonClass: 75246K(78296K)->75246K(78296K) Class: 11770K(12800K)->11770K(12800K)
[2023-01-08T10:04:35.480+0000][7][gc          ] GC(14) Pause Young (Concurrent Start) (Metadata GC Threshold) 321M->86M(512M) 25.685ms
[2023-01-08T10:04:35.480+0000][7][gc,cpu      ] GC(14) User=0.16s Sys=0.01s Real=0.03s
[2023-01-08T10:04:35.480+0000][7][gc          ] GC(15) Concurrent Cycle
[2023-01-08T10:04:35.481+0000][7][safepoint   ] Safepoint "CollectForMetadataAllocation", Time since last: 632439900 ns, Reaching safepoint: 323100 ns, At safepoint: 26732300 ns, Total: 27055400 ns
[2023-01-08T10:04:35.481+0000][7][gc,marking  ] GC(15) Concurrent Clear Claimed Marks
[2023-01-08T10:04:35.481+0000][7][gc,marking  ] GC(15) Concurrent Clear Claimed Marks 0.620ms
[2023-01-08T10:04:35.482+0000][7][gc,marking  ] GC(15) Concurrent Scan Root Regions
[2023-01-08T10:04:35.495+0000][7][gc,marking  ] GC(15) Concurrent Scan Root Regions 12.842ms
[2023-01-08T10:04:35.495+0000][7][gc,marking  ] GC(15) Concurrent Mark (16.709s)
[2023-01-08T10:04:35.495+0000][7][gc,marking  ] GC(15) Concurrent Mark From Roots
[2023-01-08T10:04:35.496+0000][7][gc,task     ] GC(15) Using 3 workers of 3 for marking
[2023-01-08T10:04:35.513+0000][7][safepoint   ] Safepoint "CollectForMetadataAllocation", Time since last: 31962700 ns, Reaching safepoint: 499600 ns, At safepoint: 353100 ns, Total: 852700 ns
[2023-01-08T10:04:35.532+0000][7][gc,marking  ] GC(15) Concurrent Mark From Roots 36.563ms
[2023-01-08T10:04:35.533+0000][7][gc,marking  ] GC(15) Concurrent Preclean
[2023-01-08T10:04:35.534+0000][7][gc,marking  ] GC(15) Concurrent Preclean 1.119ms
[2023-01-08T10:04:35.534+0000][7][gc,marking  ] GC(15) Concurrent Mark (16.709s, 16.747s) 38.913ms
[2023-01-08T10:04:35.535+0000][7][gc,start    ] GC(15) Pause Remark
[2023-01-08T10:04:35.539+0000][7][gc          ] GC(15) Pause Remark 92M->92M(512M) 4.208ms
[2023-01-08T10:04:35.540+0000][7][gc,cpu      ] GC(15) User=0.03s Sys=0.00s Real=0.01s
[2023-01-08T10:04:35.540+0000][7][safepoint   ] Safepoint "G1Concurrent", Time since last: 21005700 ns, Reaching safepoint: 476200 ns, At safepoint: 5136800 ns, Total: 5613000 ns
[2023-01-08T10:04:35.540+0000][7][gc,marking  ] GC(15) Concurrent Rebuild Remembered Sets
[2023-01-08T10:04:35.570+0000][7][gc,marking  ] GC(15) Concurrent Rebuild Remembered Sets 29.742ms
[2023-01-08T10:04:35.571+0000][7][gc,start    ] GC(15) Pause Cleanup
[2023-01-08T10:04:35.572+0000][7][gc          ] GC(15) Pause Cleanup 92M->92M(512M) 0.646ms
[2023-01-08T10:04:35.572+0000][7][gc,cpu      ] GC(15) User=0.00s Sys=0.00s Real=0.00s
[2023-01-08T10:04:35.573+0000][7][safepoint   ] Safepoint "G1Concurrent", Time since last: 30415000 ns, Reaching safepoint: 600900 ns, At safepoint: 1768800 ns, Total: 2369700 ns
[2023-01-08T10:04:35.573+0000][7][gc,marking  ] GC(15) Concurrent Cleanup for Next Mark
[2023-01-08T10:04:35.574+0000][7][gc,marking  ] GC(15) Concurrent Cleanup for Next Mark 0.731ms
[2023-01-08T10:04:35.574+0000][7][gc          ] GC(15) Concurrent Cycle 93.927ms
[2023-01-08T10:04:36.574+0000][7][safepoint   ] Safepoint "Cleanup", Time since last: 1000338400 ns, Reaching safepoint: 315700 ns, At safepoint: 32900 ns, Total: 348600 ns
[2023-01-08T10:04:37.574+0000][7][safepoint   ] Safepoint "Cleanup", Time since last: 1000439200 ns, Reaching safepoint: 359800 ns, At safepoint: 61700 ns, Total: 421500 ns
[2023-01-08T10:04:38.576+0000][7][safepoint   ] Safepoint "Cleanup", Time since last: 1000836200 ns, Reaching safepoint: 727000 ns, At safepoint: 105300 ns, Total: 832300 ns
[2023-01-08T10:04:39.578+0000][7][safepoint   ] Safepoint "Cleanup", Time since last: 1001283000 ns, Reaching safepoint: 297600 ns, At safepoint: 27200 ns, Total: 324800 ns
[2023-01-08T10:04:40.579+0000][7][safepoint   ] Safepoint "Cleanup", Time since last: 1000715200 ns, Reaching safepoint: 312300 ns, At safepoint: 40900 ns, Total: 353200 ns
[2023-01-08T10:04:41.580+0000][7][safepoint   ] Safepoint "Cleanup", Time since last: 1000523200 ns, Reaching safepoint: 418900 ns, At safepoint: 26600 ns, Total: 445500 ns
[2023-01-08T10:04:44.581+0000][7][safepoint   ] Safepoint "Cleanup", Time since last: 3001326500 ns, Reaching safepoint: 337800 ns, At safepoint: 30500 ns, Total: 368300 ns
[2023-01-08T10:04:51.584+0000][7][safepoint   ] Safepoint "Cleanup", Time since last: 7002153200 ns, Reaching safepoint: 761400 ns, At safepoint: 84100 ns, Total: 845500 ns
[2023-01-08T10:04:56.588+0000][7][safepoint   ] Safepoint "Cleanup", Time since last: 5002090400 ns, Reaching safepoint: 997200 ns, At safepoint: 96400 ns, Total: 1093600 ns
[2023-01-08T10:04:57.590+0000][7][safepoint   ] Safepoint "Cleanup", Time since last: 1001477300 ns, Reaching safepoint: 442300 ns, At safepoint: 10100 ns, Total: 452400 ns
[2023-01-08T10:05:05.592+0000][7][safepoint   ] Safepoint "Cleanup", Time since last: 8001986200 ns, Reaching safepoint: 498400 ns, At safepoint: 6200 ns, Total: 504600 ns
[2023-01-08T10:05:07.594+0000][7][safepoint   ] Safepoint "Cleanup", Time since last: 2001095000 ns, Reaching safepoint: 479500 ns, At safepoint: 23400 ns, Total: 502900 ns
[2023-01-08T10:05:10.595+0000][7][safepoint   ] Safepoint "Cleanup", Time since last: 3001226400 ns, Reaching safepoint: 313700 ns, At safepoint: 37000 ns, Total: 350700 ns
[2023-01-08T10:05:20.598+0000][7][safepoint   ] Safepoint "Cleanup", Time since last: 10002509800 ns, Reaching safepoint: 469500 ns, At safepoint: 26500 ns, Total: 496000 ns
[2023-01-08T10:05:21.599+0000][7][safepoint   ] Safepoint "Cleanup", Time since last: 1000735500 ns, Reaching safepoint: 450600 ns, At safepoint: 41900 ns, Total: 492500 ns
[2023-01-08T10:05:27.602+0000][7][safepoint   ] Safepoint "Cleanup", Time since last: 6001788700 ns, Reaching safepoint: 311900 ns, At safepoint: 27400 ns, Total: 339300 ns
[2023-01-08T10:05:29.603+0000][7][safepoint   ] Safepoint "Cleanup", Time since last: 2000793900 ns, Reaching safepoint: 430400 ns, At safepoint: 37100 ns, Total: 467500 ns
[2023-01-08T10:05:35.605+0000][7][safepoint   ] Safepoint "Cleanup", Time since last: 6001498700 ns, Reaching safepoint: 322500 ns, At safepoint: 22800 ns, Total: 345300 ns
[2023-01-08T10:05:36.606+0000][7][safepoint   ] Safepoint "Cleanup", Time since last: 1000793100 ns, Reaching safepoint: 792000 ns, At safepoint: 85300 ns, Total: 877300 ns
[2023-01-08T10:05:39.609+0000][7][safepoint   ] Safepoint "Cleanup", Time since last: 3002006600 ns, Reaching safepoint: 975000 ns, At safepoint: 69800 ns, Total: 1044800 ns
[2023-01-08T10:05:41.611+0000][7][safepoint   ] Safepoint "Cleanup", Time since last: 2001618600 ns, Reaching safepoint: 244000 ns, At safepoint: 22600 ns, Total: 266600 ns
[2023-01-08T10:05:43.613+0000][7][safepoint   ] Safepoint "Cleanup", Time since last: 2000994700 ns, Reaching safepoint: 780900 ns, At safepoint: 75800 ns, Total: 856700 ns
[2023-01-08T10:05:44.615+0000][7][safepoint   ] Safepoint "Cleanup", Time since last: 1001303800 ns, Reaching safepoint: 552300 ns, At safepoint: 55500 ns, Total: 607800 ns
[2023-01-08T10:05:49.617+0000][7][safepoint   ] Safepoint "Cleanup", Time since last: 5001686500 ns, Reaching safepoint: 468000 ns, At safepoint: 32000 ns, Total: 500000 ns
[2023-01-08T10:05:55.619+0000][7][safepoint   ] Safepoint "Cleanup", Time since last: 6001652900 ns, Reaching safepoint: 552100 ns, At safepoint: 60600 ns, Total: 612700 ns
[2023-01-08T10:06:05.622+0000][7][safepoint   ] Safepoint "Cleanup", Time since last: 10002333400 ns, Reaching safepoint: 325500 ns, At safepoint: 24200 ns, Total: 349700 ns
[2023-01-08T10:06:11.624+0000][7][safepoint   ] Safepoint "Cleanup", Time since last: 6001690200 ns, Reaching safepoint: 507300 ns, At safepoint: 37600 ns, Total: 544900 ns
[2023-01-08T10:06:16.627+0000][7][safepoint   ] Safepoint "Cleanup", Time since last: 5001700300 ns, Reaching safepoint: 486900 ns, At safepoint: 63000 ns, Total: 549900 ns
[2023-01-08T10:06:17.628+0000][7][safepoint   ] Safepoint "Cleanup", Time since last: 1000694800 ns, Reaching safepoint: 555700 ns, At safepoint: 49500 ns, Total: 605200 ns
[2023-01-08T10:06:18.629+0000][7][safepoint   ] Safepoint "Cleanup", Time since last: 1000813400 ns, Reaching safepoint: 376900 ns, At safepoint: 55800 ns, Total: 432700 ns
[2023-01-08T10:06:21.631+0000][7][safepoint   ] Safepoint "Cleanup", Time since last: 3001029800 ns, Reaching safepoint: 458500 ns, At safepoint: 78200 ns, Total: 536700 ns
[2023-01-08T10:06:30.634+0000][7][safepoint   ] Safepoint "Cleanup", Time since last: 9002676000 ns, Reaching safepoint: 863200 ns, At safepoint: 92200 ns, Total: 955400 ns
[2023-01-08T10:06:39.637+0000][7][safepoint   ] Safepoint "Cleanup", Time since last: 9002753700 ns, Reaching safepoint: 345000 ns, At safepoint: 26900 ns, Total: 371900 ns
[2023-01-08T10:06:40.638+0000][7][safepoint   ] Safepoint "Cleanup", Time since last: 1000591800 ns, Reaching safepoint: 325400 ns, At safepoint: 28800 ns, Total: 354200 ns
[2023-01-08T10:07:01.645+0000][7][safepoint   ] Safepoint "Cleanup", Time since last: 21005897400 ns, Reaching safepoint: 747800 ns, At safepoint: 89800 ns, Total: 837600 ns
[2023-01-08T10:07:04.647+0000][7][safepoint   ] Safepoint "Cleanup", Time since last: 3001643800 ns, Reaching safepoint: 461600 ns, At safepoint: 61700 ns, Total: 523300 ns
[2023-01-08T10:07:10.650+0000][7][safepoint   ] Safepoint "Cleanup", Time since last: 6001843300 ns, Reaching safepoint: 555500 ns, At safepoint: 52200 ns, Total: 607700 ns
[2023-01-08T10:07:33.655+0000][7][safepoint   ] Safepoint "Cleanup", Time since last: 23004822900 ns, Reaching safepoint: 649100 ns, At safepoint: 106100 ns, Total: 755200 ns
[2023-01-08T10:07:43.658+0000][7][safepoint   ] Safepoint "Cleanup", Time since last: 10002609300 ns, Reaching safepoint: 477800 ns, At safepoint: 34600 ns, Total: 512400 ns
[2023-01-08T10:07:44.660+0000][7][safepoint   ] Safepoint "Cleanup", Time since last: 1000841000 ns, Reaching safepoint: 424800 ns, At safepoint: 58800 ns, Total: 483600 ns
[2023-01-08T10:08:03.664+0000][7][safepoint   ] Safepoint "Cleanup", Time since last: 19003880300 ns, Reaching safepoint: 467100 ns, At safepoint: 47900 ns, Total: 515000 ns
[2023-01-08T10:08:05.666+0000][7][safepoint   ] Safepoint "Cleanup", Time since last: 2000899600 ns, Reaching safepoint: 383700 ns, At safepoint: 30400 ns, Total: 414100 ns
[2023-01-08T10:08:12.668+0000][7][safepoint   ] Safepoint "Cleanup", Time since last: 7001479200 ns, Reaching safepoint: 504200 ns, At safepoint: 100300 ns, Total: 604500 ns
[2023-01-08T10:08:30.673+0000][7][safepoint   ] Safepoint "Cleanup", Time since last: 18004821000 ns, Reaching safepoint: 492700 ns, At safepoint: 38100 ns, Total: 530800 ns
[2023-01-08T10:08:33.675+0000][7][safepoint   ] Safepoint "Cleanup", Time since last: 3001279300 ns, Reaching safepoint: 494400 ns, At safepoint: 71000 ns, Total: 565400 ns
[2023-01-08T10:08:34.676+0000][7][safepoint   ] Safepoint "Cleanup", Time since last: 1000936300 ns, Reaching safepoint: 500200 ns, At safepoint: 38800 ns, Total: 539000 ns
[2023-01-08T10:08:35.677+0000][7][safepoint   ] Safepoint "Cleanup", Time since last: 1000641300 ns, Reaching safepoint: 427000 ns, At safepoint: 27900 ns, Total: 454900 ns
[2023-01-08T10:08:44.680+0000][7][safepoint   ] Safepoint "Cleanup", Time since last: 9002299200 ns, Reaching safepoint: 595500 ns, At safepoint: 25000 ns, Total: 620500 ns
[2023-01-08T10:08:45.682+0000][7][safepoint   ] Safepoint "Cleanup", Time since last: 1000758000 ns, Reaching safepoint: 471200 ns, At safepoint: 28000 ns, Total: 499200 ns
[2023-01-08T10:08:46.683+0000][7][safepoint   ] Safepoint "Cleanup", Time since last: 1000876700 ns, Reaching safepoint: 503100 ns, At safepoint: 49400 ns, Total: 552500 ns
[2023-01-08T10:08:50.685+0000][7][safepoint   ] Safepoint "Cleanup", Time since last: 4001540100 ns, Reaching safepoint: 285600 ns, At safepoint: 27400 ns, Total: 313000 ns
[2023-01-08T10:08:51.687+0000][7][safepoint   ] Safepoint "Cleanup", Time since last: 1000678700 ns, Reaching safepoint: 923800 ns, At safepoint: 90800 ns, Total: 1014600 ns
[2023-01-08T10:08:52.689+0000][7][safepoint   ] Safepoint "Cleanup", Time since last: 1001297200 ns, Reaching safepoint: 690300 ns, At safepoint: 69600 ns, Total: 759900 ns
[2023-01-08T10:09:04.694+0000][7][safepoint   ] Safepoint "Cleanup", Time since last: 12004787400 ns, Reaching safepoint: 506200 ns, At safepoint: 53500 ns, Total: 559700 ns
[2023-01-08T10:09:14.697+0000][7][safepoint   ] Safepoint "Cleanup", Time since last: 10002781100 ns, Reaching safepoint: 486700 ns, At safepoint: 52300 ns, Total: 539000 ns
[2023-01-08T10:09:36.703+0000][7][safepoint   ] Safepoint "Cleanup", Time since last: 22005677300 ns, Reaching safepoint: 372300 ns, At safepoint: 22800 ns, Total: 395100 ns
[2023-01-08T10:09:41.705+0000][7][safepoint   ] Safepoint "Cleanup", Time since last: 5001321300 ns, Reaching safepoint: 417700 ns, At safepoint: 29100 ns, Total: 446800 ns
[2023-01-08T10:09:46.707+0000][7][safepoint   ] Safepoint "Cleanup", Time since last: 5001601500 ns, Reaching safepoint: 310400 ns, At safepoint: 42300 ns, Total: 352700 ns
[2023-01-08T10:09:56.710+0000][7][safepoint   ] Safepoint "Cleanup", Time since last: 10002463400 ns, Reaching safepoint: 446900 ns, At safepoint: 73300 ns, Total: 520200 ns
[2023-01-08T10:10:06.713+0000][7][safepoint   ] Safepoint "Cleanup", Time since last: 10002685900 ns, Reaching safepoint: 368600 ns, At safepoint: 55600 ns, Total: 424200 ns
[2023-01-08T10:10:07.715+0000][7][safepoint   ] Safepoint "Cleanup", Time since last: 1000748800 ns, Reaching safepoint: 942500 ns, At safepoint: 101200 ns, Total: 1043700 ns
[2023-01-08T10:10:11.718+0000][7][safepoint   ] Safepoint "Cleanup", Time since last: 4002085800 ns, Reaching safepoint: 692400 ns, At safepoint: 66600 ns, Total: 759000 ns
[2023-01-08T10:10:34.724+0000][7][safepoint   ] Safepoint "Cleanup", Time since last: 23005183200 ns, Reaching safepoint: 815900 ns, At safepoint: 81100 ns, Total: 897000 ns
[2023-01-08T10:10:59.730+0000][7][safepoint   ] Safepoint "Cleanup", Time since last: 25005688000 ns, Reaching safepoint: 358800 ns, At safepoint: 78700 ns, Total: 437500 ns
[2023-01-08T10:11:00.731+0000][7][safepoint   ] Safepoint "Cleanup", Time since last: 1000840700 ns, Reaching safepoint: 438400 ns, At safepoint: 48600 ns, Total: 487000 ns
[2023-01-08T10:11:33.741+0000][7][safepoint   ] Safepoint "Cleanup", Time since last: 33008818200 ns, Reaching safepoint: 717100 ns, At safepoint: 71500 ns, Total: 788600 ns
[2023-01-08T10:11:41.745+0000][7][safepoint   ] Safepoint "Cleanup", Time since last: 8002717000 ns, Reaching safepoint: 852200 ns, At safepoint: 76100 ns, Total: 928300 ns
[2023-01-08T10:12:05.753+0000][7][safepoint   ] Safepoint "Cleanup", Time since last: 24006914500 ns, Reaching safepoint: 1060000 ns, At safepoint: 19300 ns, Total: 1079300 ns
[2023-01-08T10:12:47.766+0000][7][safepoint   ] Safepoint "Cleanup", Time since last: 42013373000 ns, Reaching safepoint: 495900 ns, At safepoint: 25500 ns, Total: 521400 ns
[2023-01-08T10:12:48.768+0000][7][safepoint   ] Safepoint "Cleanup", Time since last: 1000799200 ns, Reaching safepoint: 280600 ns, At safepoint: 28900 ns, Total: 309500 ns
[2023-01-08T10:13:04.772+0000][7][safepoint   ] Safepoint "Cleanup", Time since last: 16004178900 ns, Reaching safepoint: 382000 ns, At safepoint: 28900 ns, Total: 410900 ns
[2023-01-08T10:13:07.774+0000][7][safepoint   ] Safepoint "Cleanup", Time since last: 3001482300 ns, Reaching safepoint: 256700 ns, At safepoint: 24800 ns, Total: 281500 ns
[2023-01-08T10:13:09.775+0000][7][safepoint   ] Safepoint "Cleanup", Time since last: 2000879400 ns, Reaching safepoint: 516600 ns, At safepoint: 24000 ns, Total: 540600 ns
[2023-01-08T10:13:21.780+0000][7][safepoint   ] Safepoint "Cleanup", Time since last: 12003539500 ns, Reaching safepoint: 799500 ns, At safepoint: 70400 ns, Total: 869900 ns
[2023-01-08T10:14:09.794+0000][7][safepoint   ] Safepoint "Cleanup", Time since last: 48014012100 ns, Reaching safepoint: 553700 ns, At safepoint: 58400 ns, Total: 612100 ns
[2023-01-08T10:14:34.802+0000][7][safepoint   ] Safepoint "Cleanup", Time since last: 25007428900 ns, Reaching safepoint: 531900 ns, At safepoint: 61700 ns, Total: 593600 ns
[2023-01-08T10:14:35.804+0000][7][safepoint   ] Safepoint "Cleanup", Time since last: 1000859900 ns, Reaching safepoint: 304900 ns, At safepoint: 4400 ns, Total: 309300 ns
[2023-01-08T10:15:03.812+0000][7][safepoint   ] Safepoint "Cleanup", Time since last: 28008120900 ns, Reaching safepoint: 670000 ns, At safepoint: 68900 ns, Total: 738900 ns
[2023-01-08T10:15:04.814+0000][7][safepoint   ] Safepoint "Cleanup", Time since last: 1001442500 ns, Reaching safepoint: 410500 ns, At safepoint: 21500 ns, Total: 432000 ns
[2023-01-08T10:15:47.829+0000][7][safepoint   ] Safepoint "Cleanup", Time since last: 43014141800 ns, Reaching safepoint: 460600 ns, At safepoint: 25600 ns, Total: 486200 ns
[2023-01-08T10:16:02.834+0000][7][safepoint   ] Safepoint "Cleanup", Time since last: 15004134300 ns, Reaching safepoint: 601200 ns, At safepoint: 66700 ns, Total: 667900 ns
[2023-01-08T10:16:05.835+0000][7][safepoint   ] Safepoint "Cleanup", Time since last: 3001152200 ns, Reaching safepoint: 587900 ns, At safepoint: 9300 ns, Total: 597200 ns
[2023-01-08T10:16:35.846+0000][7][safepoint   ] Safepoint "Cleanup", Time since last: 30009482800 ns, Reaching safepoint: 745900 ns, At safepoint: 72000 ns, Total: 817900 ns
[2023-01-08T10:16:41.849+0000][7][safepoint   ] Safepoint "Cleanup", Time since last: 6002743800 ns, Reaching safepoint: 706700 ns, At safepoint: 118000 ns, Total: 824700 ns
[2023-01-08T10:17:05.857+0000][7][safepoint   ] Safepoint "Cleanup", Time since last: 24006806600 ns, Reaching safepoint: 707100 ns, At safepoint: 76100 ns, Total: 783200 ns
[2023-01-08T10:18:35.883+0000][7][safepoint   ] Safepoint "Cleanup", Time since last: 90025508500 ns, Reaching safepoint: 766800 ns, At safepoint: 76600 ns, Total: 843400 ns
[2023-01-08T10:19:05.891+0000][7][safepoint   ] Safepoint "Cleanup", Time since last: 30007462400 ns, Reaching safepoint: 535400 ns, At safepoint: 64500 ns, Total: 599900 ns
[2023-01-08T10:19:34.898+0000][7][safepoint   ] Safepoint "Cleanup", Time since last: 29006299000 ns, Reaching safepoint: 479700 ns, At safepoint: 51000 ns, Total: 530700 ns
[2023-01-08T10:19:41.902+0000][7][safepoint   ] Safepoint "Cleanup", Time since last: 7002959200 ns, Reaching safepoint: 663800 ns, At safepoint: 66700 ns, Total: 730500 ns
[2023-01-08T10:19:44.904+0000][7][safepoint   ] Safepoint "Cleanup", Time since last: 3001691900 ns, Reaching safepoint: 306500 ns, At safepoint: 27100 ns, Total: 333600 ns
[2023-01-08T10:20:25.913+0000][7][safepoint   ] Safepoint "Cleanup", Time since last: 41008501900 ns, Reaching safepoint: 896500 ns, At safepoint: 86900 ns, Total: 983400 ns
[2023-01-08T10:20:56.922+0000][7][safepoint   ] Safepoint "Cleanup", Time since last: 31007967300 ns, Reaching safepoint: 427600 ns, At safepoint: 39400 ns, Total: 467000 ns
[2023-01-08T10:21:04.925+0000][7][safepoint   ] Safepoint "Cleanup", Time since last: 8001968300 ns, Reaching safepoint: 940700 ns, At safepoint: 91800 ns, Total: 1032500 ns
[2023-01-08T10:22:30.945+0000][7][safepoint   ] Safepoint "Cleanup", Time since last: 86019148700 ns, Reaching safepoint: 692800 ns, At safepoint: 67600 ns, Total: 760400 ns
[2023-01-08T10:22:34.947+0000][7][safepoint   ] Safepoint "Cleanup", Time since last: 4001709600 ns, Reaching safepoint: 319400 ns, At safepoint: 30800 ns, Total: 350200 ns
[2023-01-08T10:23:04.955+0000][7][safepoint   ] Safepoint "Cleanup", Time since last: 30007436000 ns, Reaching safepoint: 334900 ns, At safepoint: 31600 ns, Total: 366500 ns
[2023-01-08T10:23:31.962+0000][7][safepoint   ] Safepoint "Cleanup", Time since last: 27007154100 ns, Reaching safepoint: 275100 ns, At safepoint: 26700 ns, Total: 301800 ns
[2023-01-08T10:23:45.966+0000][7][safepoint   ] Safepoint "Cleanup", Time since last: 14003437300 ns, Reaching safepoint: 304900 ns, At safepoint: 24000 ns, Total: 328900 ns
[2023-01-08T10:24:16.973+0000][7][safepoint   ] Safepoint "Cleanup", Time since last: 31005971200 ns, Reaching safepoint: 727400 ns, At safepoint: 85500 ns, Total: 812900 ns
[2023-01-08T10:24:27.818+0000][7][safepoint   ] Safepoint "Cleanup", Time since last: 10845477700 ns, Reaching safepoint: 336700 ns, At safepoint: 31500 ns, Total: 368200 ns
[2023-01-08T10:24:31.820+0000][7][safepoint   ] Safepoint "Cleanup", Time since last: 4001217000 ns, Reaching safepoint: 255700 ns, At safepoint: 41600 ns, Total: 297300 ns
[2023-01-08T10:25:05.828+0000][7][safepoint   ] Safepoint "Cleanup", Time since last: 34007995400 ns, Reaching safepoint: 318000 ns, At safepoint: 36500 ns, Total: 354500 ns
[2023-01-08T10:25:23.833+0000][7][safepoint   ] Safepoint "Cleanup", Time since last: 18004279700 ns, Reaching safepoint: 452700 ns, At safepoint: 40800 ns, Total: 493500 ns
[2023-01-08T10:25:33.836+0000][7][safepoint   ] Safepoint "Cleanup", Time since last: 10002964900 ns, Reaching safepoint: 326600 ns, At safepoint: 27500 ns, Total: 354100 ns
[2023-01-08T10:25:56.842+0000][7][safepoint   ] Safepoint "Cleanup", Time since last: 23005101200 ns, Reaching safepoint: 494200 ns, At safepoint: 28500 ns, Total: 522700 ns
[2023-01-08T10:26:01.844+0000][7][safepoint   ] Safepoint "Cleanup", Time since last: 5001321700 ns, Reaching safepoint: 386600 ns, At safepoint: 22500 ns, Total: 409100 ns
[2023-01-08T10:28:35.878+0000][7][safepoint   ] Safepoint "Cleanup", Time since last: 154033985500 ns, Reaching safepoint: 489900 ns, At safepoint: 26400 ns, Total: 516300 ns
[2023-01-08T10:28:40.880+0000][7][safepoint   ] Safepoint "Cleanup", Time since last: 5001401200 ns, Reaching safepoint: 502900 ns, At safepoint: 39300 ns, Total: 542200 ns
[2023-01-08T10:28:43.882+0000][7][safepoint   ] Safepoint "Cleanup", Time since last: 3000917700 ns, Reaching safepoint: 386700 ns, At safepoint: 39100 ns, Total: 425800 ns
[2023-01-08T10:29:05.887+0000][7][safepoint   ] Safepoint "Cleanup", Time since last: 22005356600 ns, Reaching safepoint: 446700 ns, At safepoint: 63500 ns, Total: 510200 ns
[2023-01-08T10:29:35.896+0000][7][safepoint   ] Safepoint "Cleanup", Time since last: 30008164200 ns, Reaching safepoint: 459600 ns, At safepoint: 28300 ns, Total: 487900 ns
[2023-01-08T10:30:05.905+0000][7][safepoint   ] Safepoint "Cleanup", Time since last: 30007904600 ns, Reaching safepoint: 731700 ns, At safepoint: 77000 ns, Total: 808700 ns
[2023-01-08T10:30:35.912+0000][7][safepoint   ] Safepoint "Cleanup", Time since last: 30006953400 ns, Reaching safepoint: 288400 ns, At safepoint: 25400 ns, Total: 313800 ns
[2023-01-08T10:31:17.923+0000][7][safepoint   ] Safepoint "Cleanup", Time since last: 42010566400 ns, Reaching safepoint: 410400 ns, At safepoint: 26500 ns, Total: 436900 ns
[2023-01-08T10:31:36.928+0000][7][safepoint   ] Safepoint "Cleanup", Time since last: 19004865300 ns, Reaching safepoint: 455200 ns, At safepoint: 35500 ns, Total: 490700 ns
[2023-01-08T10:31:38.667+0000][7][gc,heap,exit] Heap
[2023-01-08T10:31:38.668+0000][7][gc,heap,exit]  garbage-first heap   total 524288K, used 178998K [0x00000000e0000000, 0x0000000100000000)
[2023-01-08T10:31:38.668+0000][7][gc,heap,exit]   region size 4096K, 32 young (131072K), 9 survivors (36864K)
[2023-01-08T10:31:38.668+0000][7][gc,heap,exit]  Metaspace       used 90147K, capacity 93458K, committed 94320K, reserved 1130496K
[2023-01-08T10:31:38.669+0000][7][gc,heap,exit]   class space    used 12176K, capacity 13212K, committed 13260K, reserved 1048576K
